000 (45739870.006.000) 2026-04-30 16:04:24 Job submitted from host: <10.5.0.107:9618?addrs=10.5.0.107-9618&alias=sugwg-login.syr.edu&noUDP&sock=schedd_1361_1c7c>
...
001 (45739870.006.000) 2026-04-30 16:05:35 Job executing on host: <10.5.206.61:9618?addrs=10.5.206.61-9618&alias=OG-NODE-10-5-206-61&noUDP&sock=startd_1482_1b72>
...
006 (45739870.006.000) 2026-04-30 16:05:43 Image size of job updated: 360396
	62  -  MemoryUsage of job (MB)
	63220  -  ResidentSetSize of job (KB)
...
006 (45739870.006.000) 2026-04-30 16:10:43 Image size of job updated: 1673632
	362  -  MemoryUsage of job (MB)
	370404  -  ResidentSetSize of job (KB)
...
006 (45739870.006.000) 2026-04-30 16:35:46 Image size of job updated: 1673632
	402  -  MemoryUsage of job (MB)
	410952  -  ResidentSetSize of job (KB)
...
006 (45739870.006.000) 2026-04-30 16:40:47 Image size of job updated: 1673632
	402  -  MemoryUsage of job (MB)
	411224  -  ResidentSetSize of job (KB)
...
005 (45739870.006.000) 2026-04-30 16:41:03 Job terminated.
	(1) Normal termination (return value 0)
		Usr 0 00:32:58, Sys 0 00:03:19  -  Run Remote Usage
		Usr 0 00:00:00, Sys 0 00:00:00  -  Run Local Usage
		Usr 0 00:32:58, Sys 0 00:03:19  -  Total Remote Usage
		Usr 0 00:00:00, Sys 0 00:00:00  -  Total Local Usage
	0  -  Run Bytes Sent By Job
	0  -  Run Bytes Received By Job
	0  -  Total Bytes Sent By Job
	0  -  Total Bytes Received By Job
	Partitionable Resources :    Usage  Request Allocated 
	   Cpus                 :     1.00        6         6 
	   Disk (KB)            :     1           1     14015 
	   Memory (MB)          :   402        2048      2048 

	Job terminated of its own accord at 2026-04-30T20:41:03Z with exit-code 0.
...
