000 (45739870.009.000) 2026-04-30 16:04:24 Job submitted from host: <10.5.0.107:9618?addrs=10.5.0.107-9618&alias=sugwg-login.syr.edu&noUDP&sock=schedd_1361_1c7c>
...
001 (45739870.009.000) 2026-04-30 16:05:29 Job executing on host: <10.5.255.98:9618?addrs=10.5.255.98-9618&alias=OG-NODE-10-5-255-98&noUDP&sock=startd_1487_896b>
...
006 (45739870.009.000) 2026-04-30 16:05:38 Image size of job updated: 283528
	49  -  MemoryUsage of job (MB)
	49200  -  ResidentSetSize of job (KB)
...
006 (45739870.009.000) 2026-04-30 16:10:38 Image size of job updated: 1680076
	282  -  MemoryUsage of job (MB)
	288696  -  ResidentSetSize of job (KB)
...
006 (45739870.009.000) 2026-04-30 16:15:38 Image size of job updated: 1680076
	889  -  MemoryUsage of job (MB)
	909740  -  ResidentSetSize of job (KB)
...
005 (45739870.009.000) 2026-04-30 16:41:35 Job terminated.
	(1) Normal termination (return value 0)
		Usr 0 00:33:27, Sys 0 00:03:25  -  Run Remote Usage
		Usr 0 00:00:00, Sys 0 00:00:00  -  Run Local Usage
		Usr 0 00:33:27, Sys 0 00:03:25  -  Total Remote Usage
		Usr 0 00:00:00, Sys 0 00:00:00  -  Total Local Usage
	0  -  Run Bytes Sent By Job
	0  -  Run Bytes Received By Job
	0  -  Total Bytes Sent By Job
	0  -  Total Bytes Received By Job
	Partitionable Resources :    Usage  Request Allocated 
	   Cpus                 :     1.00        6         6 
	   Disk (KB)            :     1           1     15719 
	   Memory (MB)          :   889        2048      2048 

	Job terminated of its own accord at 2026-04-30T20:41:35Z with exit-code 0.
...
