000 (45739870.007.000) 2026-04-30 16:04:24 Job submitted from host: <10.5.0.107:9618?addrs=10.5.0.107-9618&alias=sugwg-login.syr.edu&noUDP&sock=schedd_1361_1c7c>
...
001 (45739870.007.000) 2026-04-30 16:05:35 Job executing on host: <10.5.213.5:9618?addrs=10.5.213.5-9618&alias=OG-NODE-10-5-213-5&noUDP&sock=startd_1493_a6fc>
...
006 (45739870.007.000) 2026-04-30 16:05:43 Image size of job updated: 339644
	41  -  MemoryUsage of job (MB)
	41552  -  ResidentSetSize of job (KB)
...
006 (45739870.007.000) 2026-04-30 16:10:43 Image size of job updated: 1546216
	228  -  MemoryUsage of job (MB)
	233232  -  ResidentSetSize of job (KB)
...
006 (45739870.007.000) 2026-04-30 16:15:44 Image size of job updated: 1607660
	279  -  MemoryUsage of job (MB)
	285400  -  ResidentSetSize of job (KB)
...
006 (45739870.007.000) 2026-04-30 16:20:45 Image size of job updated: 1607660
	713  -  MemoryUsage of job (MB)
	729884  -  ResidentSetSize of job (KB)
...
006 (45739870.007.000) 2026-04-30 16:35:46 Image size of job updated: 1609776
	713  -  MemoryUsage of job (MB)
	729884  -  ResidentSetSize of job (KB)
...
006 (45739870.007.000) 2026-04-30 16:40:47 Image size of job updated: 1614648
	713  -  MemoryUsage of job (MB)
	729884  -  ResidentSetSize of job (KB)
...
005 (45739870.007.000) 2026-04-30 16:41:30 Job terminated.
	(1) Normal termination (return value 0)
		Usr 0 00:33:08, Sys 0 00:03:27  -  Run Remote Usage
		Usr 0 00:00:00, Sys 0 00:00:00  -  Run Local Usage
		Usr 0 00:33:08, Sys 0 00:03:27  -  Total Remote Usage
		Usr 0 00:00:00, Sys 0 00:00:00  -  Total Local Usage
	0  -  Run Bytes Sent By Job
	0  -  Run Bytes Received By Job
	0  -  Total Bytes Sent By Job
	0  -  Total Bytes Received By Job
	Partitionable Resources :    Usage  Request Allocated 
	   Cpus                 :     1.01        6         6 
	   Disk (KB)            :     1           1     14052 
	   Memory (MB)          :   713        2048      2048 

	Job terminated of its own accord at 2026-04-30T20:41:30Z with exit-code 0.
...
