000 (45739870.004.000) 2026-04-30 16:04:24 Job submitted from host: <10.5.0.107:9618?addrs=10.5.0.107-9618&alias=sugwg-login.syr.edu&noUDP&sock=schedd_1361_1c7c>
...
001 (45739870.004.000) 2026-04-30 16:05:40 Job executing on host: <10.5.210.157:9618?addrs=10.5.210.157-9618&alias=CRUSH-OG-10-5-210-157&noUDP&sock=startd_1535_75f7>
...
006 (45739870.004.000) 2026-04-30 16:05:48 Image size of job updated: 70788
	42  -  MemoryUsage of job (MB)
	42276  -  ResidentSetSize of job (KB)
...
006 (45739870.004.000) 2026-04-30 16:10:48 Image size of job updated: 1579112
	400  -  MemoryUsage of job (MB)
	408992  -  ResidentSetSize of job (KB)
...
006 (45739870.004.000) 2026-04-30 16:25:50 Image size of job updated: 1579112
	488  -  MemoryUsage of job (MB)
	499572  -  ResidentSetSize of job (KB)
...
006 (45739870.004.000) 2026-04-30 16:30:50 Image size of job updated: 1610284
	488  -  MemoryUsage of job (MB)
	499572  -  ResidentSetSize of job (KB)
...
005 (45739870.004.000) 2026-04-30 16:45:13 Job terminated.
	(1) Normal termination (return value 0)
		Usr 0 00:36:53, Sys 0 00:03:40  -  Run Remote Usage
		Usr 0 00:00:00, Sys 0 00:00:00  -  Run Local Usage
		Usr 0 00:36:53, Sys 0 00:03:40  -  Total Remote Usage
		Usr 0 00:00:00, Sys 0 00:00:00  -  Total Local Usage
	0  -  Run Bytes Sent By Job
	0  -  Run Bytes Received By Job
	0  -  Total Bytes Sent By Job
	0  -  Total Bytes Received By Job
	Partitionable Resources :    Usage  Request Allocated 
	   Cpus                 :     1.04        6         6 
	   Disk (KB)            :     1           1     27435 
	   Memory (MB)          :   488        2048      2048 

	Job terminated of its own accord at 2026-04-30T20:45:13Z with exit-code 0.
...
