000 (45739870.000.000) 2026-04-30 16:04:23 Job submitted from host: <10.5.0.107:9618?addrs=10.5.0.107-9618&alias=sugwg-login.syr.edu&noUDP&sock=schedd_1361_1c7c>
...
001 (45739870.000.000) 2026-04-30 16:05:35 Job executing on host: <10.5.219.182:9618?addrs=10.5.219.182-9618&alias=OG-NODE-10-5-219-182&noUDP&sock=startd_1243_2c4f>
...
006 (45739870.000.000) 2026-04-30 16:05:43 Image size of job updated: 60760
	33  -  MemoryUsage of job (MB)
	33568  -  ResidentSetSize of job (KB)
...
006 (45739870.000.000) 2026-04-30 16:10:43 Image size of job updated: 1607772
	422  -  MemoryUsage of job (MB)
	431464  -  ResidentSetSize of job (KB)
...
006 (45739870.000.000) 2026-04-30 16:30:45 Image size of job updated: 1607772
	784  -  MemoryUsage of job (MB)
	802044  -  ResidentSetSize of job (KB)
...
006 (45739870.000.000) 2026-04-30 16:35:46 Image size of job updated: 1607772
	853  -  MemoryUsage of job (MB)
	873180  -  ResidentSetSize of job (KB)
...
006 (45739870.000.000) 2026-04-30 16:50:47 Image size of job updated: 1618172
	853  -  MemoryUsage of job (MB)
	873180  -  ResidentSetSize of job (KB)
...
005 (45739870.000.000) 2026-04-30 16:53:30 Job terminated.
	(1) Normal termination (return value 0)
		Usr 0 00:45:01, Sys 0 00:03:58  -  Run Remote Usage
		Usr 0 00:00:00, Sys 0 00:00:00  -  Run Local Usage
		Usr 0 00:45:01, Sys 0 00:03:58  -  Total Remote Usage
		Usr 0 00:00:00, Sys 0 00:00:00  -  Total Local Usage
	0  -  Run Bytes Sent By Job
	0  -  Run Bytes Received By Job
	0  -  Total Bytes Sent By Job
	0  -  Total Bytes Received By Job
	Partitionable Resources :    Usage  Request Allocated 
	   Cpus                 :     1.00        6         6 
	   Disk (KB)            :     1           1     18549 
	   Memory (MB)          :   853        2048      2048 

	Job terminated of its own accord at 2026-04-30T20:53:29Z with exit-code 0.
...
