000 (45739870.002.000) 2026-04-30 16:04:24 Job submitted from host: <10.5.0.107:9618?addrs=10.5.0.107-9618&alias=sugwg-login.syr.edu&noUDP&sock=schedd_1361_1c7c>
...
001 (45739870.002.000) 2026-04-30 16:05:40 Job executing on host: <10.5.233.141:9618?addrs=10.5.233.141-9618&alias=CRUSH-OG-10-5-233-141&noUDP&sock=startd_1543_f2b8>
...
006 (45739870.002.000) 2026-04-30 16:05:48 Image size of job updated: 338992
	40  -  MemoryUsage of job (MB)
	40564  -  ResidentSetSize of job (KB)
...
006 (45739870.002.000) 2026-04-30 16:10:48 Image size of job updated: 1609912
	316  -  MemoryUsage of job (MB)
	322872  -  ResidentSetSize of job (KB)
...
006 (45739870.002.000) 2026-04-30 16:15:48 Image size of job updated: 1609912
	751  -  MemoryUsage of job (MB)
	768132  -  ResidentSetSize of job (KB)
...
006 (45739870.002.000) 2026-04-30 16:35:50 Image size of job updated: 1611960
	751  -  MemoryUsage of job (MB)
	768132  -  ResidentSetSize of job (KB)
...
006 (45739870.002.000) 2026-04-30 16:45:51 Image size of job updated: 1612028
	751  -  MemoryUsage of job (MB)
	768132  -  ResidentSetSize of job (KB)
...
005 (45739870.002.000) 2026-04-30 16:46:36 Job terminated.
	(1) Normal termination (return value 0)
		Usr 0 00:38:02, Sys 0 00:03:47  -  Run Remote Usage
		Usr 0 00:00:00, Sys 0 00:00:00  -  Run Local Usage
		Usr 0 00:38:02, Sys 0 00:03:47  -  Total Remote Usage
		Usr 0 00:00:00, Sys 0 00:00:00  -  Total Local Usage
	0  -  Run Bytes Sent By Job
	0  -  Run Bytes Received By Job
	0  -  Total Bytes Sent By Job
	0  -  Total Bytes Received By Job
	Partitionable Resources :    Usage  Request Allocated 
	   Cpus                 :     1.06        6         6 
	   Disk (KB)            :     1           1     27237 
	   Memory (MB)          :   751        2048      2048 

	Job terminated of its own accord at 2026-04-30T20:46:36Z with exit-code 0.
...
