000 (45739870.008.000) 2026-04-30 16:04:24 Job submitted from host: <10.5.0.107:9618?addrs=10.5.0.107-9618&alias=sugwg-login.syr.edu&noUDP&sock=schedd_1361_1c7c>
...
001 (45739870.008.000) 2026-04-30 16:05:35 Job executing on host: <10.5.159.36:9618?addrs=10.5.159.36-9618&alias=OG-NODE-10-5-159-36&noUDP&sock=startd_1498_14f5>
...
006 (45739870.008.000) 2026-04-30 16:05:43 Image size of job updated: 343256
	70  -  MemoryUsage of job (MB)
	70800  -  ResidentSetSize of job (KB)
...
006 (45739870.008.000) 2026-04-30 16:10:43 Image size of job updated: 1607784
	230  -  MemoryUsage of job (MB)
	234860  -  ResidentSetSize of job (KB)
...
006 (45739870.008.000) 2026-04-30 16:15:44 Image size of job updated: 1607784
	490  -  MemoryUsage of job (MB)
	500972  -  ResidentSetSize of job (KB)
...
006 (45739870.008.000) 2026-04-30 16:20:45 Image size of job updated: 1614124
	495  -  MemoryUsage of job (MB)
	506252  -  ResidentSetSize of job (KB)
...
006 (45739870.008.000) 2026-04-30 16:30:45 Image size of job updated: 1616236
	495  -  MemoryUsage of job (MB)
	506252  -  ResidentSetSize of job (KB)
...
006 (45739870.008.000) 2026-04-30 16:35:46 Image size of job updated: 1616236
	713  -  MemoryUsage of job (MB)
	729672  -  ResidentSetSize of job (KB)
...
006 (45739870.008.000) 2026-04-30 16:40:18 Image size of job updated: 1616236
	721  -  MemoryUsage of job (MB)
	737864  -  ResidentSetSize of job (KB)
...
005 (45739870.008.000) 2026-04-30 16:40:18 Job terminated.
	(1) Normal termination (return value 0)
		Usr 0 00:32:15, Sys 0 00:03:27  -  Run Remote Usage
		Usr 0 00:00:00, Sys 0 00:00:00  -  Run Local Usage
		Usr 0 00:32:15, Sys 0 00:03:27  -  Total Remote Usage
		Usr 0 00:00:00, Sys 0 00:00:00  -  Total Local Usage
	0  -  Run Bytes Sent By Job
	0  -  Run Bytes Received By Job
	0  -  Total Bytes Sent By Job
	0  -  Total Bytes Received By Job
	Partitionable Resources :    Usage  Request Allocated 
	   Cpus                 :     1.05        6         6 
	   Disk (KB)            :     1           1     13444 
	   Memory (MB)          :   721        2048      2048 

	Job terminated of its own accord at 2026-04-30T20:40:18Z with exit-code 0.
...
