000 (45924178.006.000) 2026-05-07 23:02:12 Job submitted from host: <10.5.0.107:9618?addrs=10.5.0.107-9618&alias=sugwg-login.syr.edu&noUDP&sock=schedd_1361_1c7c>
...
001 (45924178.006.000) 2026-05-07 23:02:32 Job executing on host: <10.5.223.46:9618?addrs=10.5.223.46-9618&alias=OG-NODE-10-5-223-46&noUDP&sock=startd_1508_f0e8>
...
006 (45924178.006.000) 2026-05-07 23:02:41 Image size of job updated: 363160
	65  -  MemoryUsage of job (MB)
	66300  -  ResidentSetSize of job (KB)
...
006 (45924178.006.000) 2026-05-07 23:07:42 Image size of job updated: 1615500
	457  -  MemoryUsage of job (MB)
	467512  -  ResidentSetSize of job (KB)
...
006 (45924178.006.000) 2026-05-07 23:12:42 Image size of job updated: 1615500
	458  -  MemoryUsage of job (MB)
	468040  -  ResidentSetSize of job (KB)
...
006 (45924178.006.000) 2026-05-07 23:27:44 Image size of job updated: 1615500
	856  -  MemoryUsage of job (MB)
	876324  -  ResidentSetSize of job (KB)
...
005 (45924178.006.000) 2026-05-07 23:38:17 Job terminated.
	(1) Normal termination (return value 0)
		Usr 0 00:33:32, Sys 0 00:03:29  -  Run Remote Usage
		Usr 0 00:00:00, Sys 0 00:00:00  -  Run Local Usage
		Usr 0 00:33:32, Sys 0 00:03:29  -  Total Remote Usage
		Usr 0 00:00:00, Sys 0 00:00:00  -  Total Local Usage
	0  -  Run Bytes Sent By Job
	0  -  Run Bytes Received By Job
	0  -  Total Bytes Sent By Job
	0  -  Total Bytes Received By Job
	Partitionable Resources :    Usage  Request Allocated 
	   Cpus                 :     1.05        6         6 
	   Disk (KB)            :     1           1     16278 
	   Memory (MB)          :   856        2048      2048 

	Job terminated of its own accord at 2026-05-08T03:38:17Z with exit-code 0.
...
