000 (45924178.009.000) 2026-05-07 23:02:12 Job submitted from host: <10.5.0.107:9618?addrs=10.5.0.107-9618&alias=sugwg-login.syr.edu&noUDP&sock=schedd_1361_1c7c>
...
001 (45924178.009.000) 2026-05-07 23:02:32 Job executing on host: <10.5.200.60:9618?addrs=10.5.200.60-9618&alias=OG-NODE-10-5-200-60&noUDP&sock=startd_1689_178c>
...
006 (45924178.009.000) 2026-05-07 23:02:41 Image size of job updated: 149408
	95  -  MemoryUsage of job (MB)
	96344  -  ResidentSetSize of job (KB)
...
006 (45924178.009.000) 2026-05-07 23:07:41 Image size of job updated: 1612088
	378  -  MemoryUsage of job (MB)
	386264  -  ResidentSetSize of job (KB)
...
006 (45924178.009.000) 2026-05-07 23:27:41 Image size of job updated: 1652604
	378  -  MemoryUsage of job (MB)
	386264  -  ResidentSetSize of job (KB)
...
005 (45924178.009.000) 2026-05-07 23:27:41 Job terminated.
	(1) Normal termination (return value 0)
		Usr 0 00:23:11, Sys 0 00:02:41  -  Run Remote Usage
		Usr 0 00:00:00, Sys 0 00:00:00  -  Run Local Usage
		Usr 0 00:23:11, Sys 0 00:02:41  -  Total Remote Usage
		Usr 0 00:00:00, Sys 0 00:00:00  -  Total Local Usage
	0  -  Run Bytes Sent By Job
	0  -  Run Bytes Received By Job
	0  -  Total Bytes Sent By Job
	0  -  Total Bytes Received By Job
	Partitionable Resources :    Usage  Request Allocated 
	   Cpus                 :     1.03        6         6 
	   Disk (KB)            :     1           1     13180 
	   Memory (MB)          :   378        2048      2048 

	Job terminated of its own accord at 2026-05-08T03:27:41Z with exit-code 0.
...
