000 (45924178.008.000) 2026-05-07 23:02:12 Job submitted from host: <10.5.0.107:9618?addrs=10.5.0.107-9618&alias=sugwg-login.syr.edu&noUDP&sock=schedd_1361_1c7c>
...
001 (45924178.008.000) 2026-05-07 23:02:32 Job executing on host: <10.5.206.149:9618?addrs=10.5.206.149-9618&alias=OG-NODE-10-5-206-149&noUDP&sock=startd_1260_d56b>
...
006 (45924178.008.000) 2026-05-07 23:02:41 Image size of job updated: 336356
	48  -  MemoryUsage of job (MB)
	48828  -  ResidentSetSize of job (KB)
...
006 (45924178.008.000) 2026-05-07 23:07:42 Image size of job updated: 1615552
	646  -  MemoryUsage of job (MB)
	661112  -  ResidentSetSize of job (KB)
...
006 (45924178.008.000) 2026-05-07 23:12:42 Image size of job updated: 1615552
	655  -  MemoryUsage of job (MB)
	669832  -  ResidentSetSize of job (KB)
...
005 (45924178.008.000) 2026-05-07 23:43:18 Job terminated.
	(1) Normal termination (return value 0)
		Usr 0 00:38:36, Sys 0 00:03:20  -  Run Remote Usage
		Usr 0 00:00:00, Sys 0 00:00:00  -  Run Local Usage
		Usr 0 00:38:36, Sys 0 00:03:20  -  Total Remote Usage
		Usr 0 00:00:00, Sys 0 00:00:00  -  Total Local Usage
	0  -  Run Bytes Sent By Job
	0  -  Run Bytes Received By Job
	0  -  Total Bytes Sent By Job
	0  -  Total Bytes Received By Job
	Partitionable Resources :    Usage  Request Allocated 
	   Cpus                 :     1.00        6         6 
	   Disk (KB)            :     1           1     18190 
	   Memory (MB)          :   655        2048      2048 

	Job terminated of its own accord at 2026-05-08T03:43:18Z with exit-code 0.
...
