000 (45924178.007.000) 2026-05-07 23:02:12 Job submitted from host: <10.5.0.107:9618?addrs=10.5.0.107-9618&alias=sugwg-login.syr.edu&noUDP&sock=schedd_1361_1c7c>
...
001 (45924178.007.000) 2026-05-07 23:02:32 Job executing on host: <10.5.221.175:9618?addrs=10.5.221.175-9618&alias=OG-NODE-10-5-221-175&noUDP&sock=startd_1242_7cb7>
...
006 (45924178.007.000) 2026-05-07 23:02:42 Image size of job updated: 294496
	34  -  MemoryUsage of job (MB)
	34368  -  ResidentSetSize of job (KB)
...
006 (45924178.007.000) 2026-05-07 23:07:42 Image size of job updated: 1636336
	942  -  MemoryUsage of job (MB)
	964028  -  ResidentSetSize of job (KB)
...
005 (45924178.007.000) 2026-05-07 23:42:32 Job terminated.
	(1) Normal termination (return value 0)
		Usr 0 00:37:39, Sys 0 00:03:19  -  Run Remote Usage
		Usr 0 00:00:00, Sys 0 00:00:00  -  Run Local Usage
		Usr 0 00:37:39, Sys 0 00:03:19  -  Total Remote Usage
		Usr 0 00:00:00, Sys 0 00:00:00  -  Total Local Usage
	0  -  Run Bytes Sent By Job
	0  -  Run Bytes Received By Job
	0  -  Total Bytes Sent By Job
	0  -  Total Bytes Received By Job
	Partitionable Resources :    Usage  Request Allocated 
	   Cpus                 :     1.06        6         6 
	   Disk (KB)            :     1           1     20113 
	   Memory (MB)          :   942        2048      2048 

	Job terminated of its own accord at 2026-05-08T03:42:32Z with exit-code 0.
...
