000 (45926352.004.000) 2026-05-07 23:30:02 Job submitted from host: <10.5.0.107:9618?addrs=10.5.0.107-9618&alias=sugwg-login.syr.edu&noUDP&sock=schedd_1361_1c7c>
...
001 (45926352.004.000) 2026-05-07 23:30:29 Job executing on host: <10.5.174.131:9618?addrs=10.5.174.131-9618&alias=OG-NODE-10-5-174-131&noUDP&sock=startd_1497_655d>
...
006 (45926352.004.000) 2026-05-07 23:30:39 Image size of job updated: 279828
	56  -  MemoryUsage of job (MB)
	57008  -  ResidentSetSize of job (KB)
...
006 (45926352.004.000) 2026-05-07 23:35:38 Image size of job updated: 1616408
	268  -  MemoryUsage of job (MB)
	273588  -  ResidentSetSize of job (KB)
...
006 (45926352.004.000) 2026-05-07 23:40:38 Image size of job updated: 1646108
	387  -  MemoryUsage of job (MB)
	395680  -  ResidentSetSize of job (KB)
...
006 (45926352.004.000) 2026-05-07 23:45:39 Image size of job updated: 1646108
	390  -  MemoryUsage of job (MB)
	398724  -  ResidentSetSize of job (KB)
...
006 (45926352.004.000) 2026-05-07 23:50:40 Image size of job updated: 1646108
	463  -  MemoryUsage of job (MB)
	474096  -  ResidentSetSize of job (KB)
...
006 (45926352.004.000) 2026-05-07 23:55:40 Image size of job updated: 1646108
	471  -  MemoryUsage of job (MB)
	481356  -  ResidentSetSize of job (KB)
...
005 (45926352.004.000) 2026-05-08 00:03:27 Job terminated.
	(1) Normal termination (return value 0)
		Usr 0 00:30:41, Sys 0 00:03:03  -  Run Remote Usage
		Usr 0 00:00:00, Sys 0 00:00:00  -  Run Local Usage
		Usr 0 00:30:41, Sys 0 00:03:03  -  Total Remote Usage
		Usr 0 00:00:00, Sys 0 00:00:00  -  Total Local Usage
	0  -  Run Bytes Sent By Job
	0  -  Run Bytes Received By Job
	0  -  Total Bytes Sent By Job
	0  -  Total Bytes Received By Job
	Partitionable Resources :    Usage  Request Allocated 
	   Cpus                 :     1.05        6         6 
	   Disk (KB)            :     1           1     22033 
	   Memory (MB)          :   471        2048      2048 

	Job terminated of its own accord at 2026-05-08T04:03:26Z with exit-code 0.
...
