000 (45926352.008.000) 2026-05-07 23:30:03 Job submitted from host: <10.5.0.107:9618?addrs=10.5.0.107-9618&alias=sugwg-login.syr.edu&noUDP&sock=schedd_1361_1c7c>
...
001 (45926352.008.000) 2026-05-07 23:30:30 Job executing on host: <10.5.217.118:9618?addrs=10.5.217.118-9618&alias=OG-NODE-10-5-217-118&noUDP&sock=startd_1535_75f7>
...
006 (45926352.008.000) 2026-05-07 23:30:38 Image size of job updated: 105604
	66  -  MemoryUsage of job (MB)
	67192  -  ResidentSetSize of job (KB)
...
006 (45926352.008.000) 2026-05-07 23:35:38 Image size of job updated: 1616224
	374  -  MemoryUsage of job (MB)
	382620  -  ResidentSetSize of job (KB)
...
006 (45926352.008.000) 2026-05-07 23:45:38 Image size of job updated: 1647968
	888  -  MemoryUsage of job (MB)
	909284  -  ResidentSetSize of job (KB)
...
005 (45926352.008.000) 2026-05-08 00:01:52 Job terminated.
	(1) Normal termination (return value 0)
		Usr 0 00:28:43, Sys 0 00:03:23  -  Run Remote Usage
		Usr 0 00:00:00, Sys 0 00:00:00  -  Run Local Usage
		Usr 0 00:28:43, Sys 0 00:03:23  -  Total Remote Usage
		Usr 0 00:00:00, Sys 0 00:00:00  -  Total Local Usage
	0  -  Run Bytes Sent By Job
	0  -  Run Bytes Received By Job
	0  -  Total Bytes Sent By Job
	0  -  Total Bytes Received By Job
	Partitionable Resources :    Usage  Request Allocated 
	   Cpus                 :     1.04        6         6 
	   Disk (KB)            :     1           1     23543 
	   Memory (MB)          :   888        2048      2048 

	Job terminated of its own accord at 2026-05-08T04:01:51Z with exit-code 0.
...
