000 (45926352.006.000) 2026-05-07 23:30:03 Job submitted from host: <10.5.0.107:9618?addrs=10.5.0.107-9618&alias=sugwg-login.syr.edu&noUDP&sock=schedd_1361_1c7c>
...
001 (45926352.006.000) 2026-05-07 23:30:29 Job executing on host: <10.5.229.154:9618?addrs=10.5.229.154-9618&alias=OG-NODE-10-5-229-154&noUDP&sock=startd_1476_fde0>
...
006 (45926352.006.000) 2026-05-07 23:30:38 Image size of job updated: 283528
	69  -  MemoryUsage of job (MB)
	70128  -  ResidentSetSize of job (KB)
...
006 (45926352.006.000) 2026-05-07 23:35:39 Image size of job updated: 1552232
	368  -  MemoryUsage of job (MB)
	376396  -  ResidentSetSize of job (KB)
...
006 (45926352.006.000) 2026-05-07 23:40:39 Image size of job updated: 1586536
	368  -  MemoryUsage of job (MB)
	376396  -  ResidentSetSize of job (KB)
...
006 (45926352.006.000) 2026-05-07 23:45:39 Image size of job updated: 1586536
	459  -  MemoryUsage of job (MB)
	469980  -  ResidentSetSize of job (KB)
...
006 (45926352.006.000) 2026-05-07 23:50:40 Image size of job updated: 1586536
	464  -  MemoryUsage of job (MB)
	475000  -  ResidentSetSize of job (KB)
...
006 (45926352.006.000) 2026-05-07 23:55:41 Image size of job updated: 1647980
	464  -  MemoryUsage of job (MB)
	475000  -  ResidentSetSize of job (KB)
...
005 (45926352.006.000) 2026-05-08 00:01:46 Job terminated.
	(1) Normal termination (return value 0)
		Usr 0 00:28:49, Sys 0 00:03:13  -  Run Remote Usage
		Usr 0 00:00:00, Sys 0 00:00:00  -  Run Local Usage
		Usr 0 00:28:49, Sys 0 00:03:13  -  Total Remote Usage
		Usr 0 00:00:00, Sys 0 00:00:00  -  Total Local Usage
	0  -  Run Bytes Sent By Job
	0  -  Run Bytes Received By Job
	0  -  Total Bytes Sent By Job
	0  -  Total Bytes Received By Job
	Partitionable Resources :    Usage  Request Allocated 
	   Cpus                 :     1.04        6         6 
	   Disk (KB)            :     1           1      9705 
	   Memory (MB)          :   464        2048      2048 

	Job terminated of its own accord at 2026-05-08T04:01:46Z with exit-code 0.
...
