000 (45926352.002.000) 2026-05-07 23:30:02 Job submitted from host: <10.5.0.107:9618?addrs=10.5.0.107-9618&alias=sugwg-login.syr.edu&noUDP&sock=schedd_1361_1c7c>
...
001 (45926352.002.000) 2026-05-07 23:30:34 Job executing on host: <10.5.151.233:9618?addrs=10.5.151.233-9618&alias=CRUSH-OG-10-5-151-233&noUDP&sock=startd_1547_b119>
...
006 (45926352.002.000) 2026-05-07 23:30:43 Image size of job updated: 694024
	84  -  MemoryUsage of job (MB)
	85532  -  ResidentSetSize of job (KB)
...
006 (45926352.002.000) 2026-05-07 23:35:44 Image size of job updated: 1514832
	418  -  MemoryUsage of job (MB)
	427044  -  ResidentSetSize of job (KB)
...
006 (45926352.002.000) 2026-05-07 23:45:44 Image size of job updated: 1615700
	560  -  MemoryUsage of job (MB)
	572940  -  ResidentSetSize of job (KB)
...
006 (45926352.002.000) 2026-05-07 23:50:45 Image size of job updated: 1615700
	566  -  MemoryUsage of job (MB)
	578748  -  ResidentSetSize of job (KB)
...
005 (45926352.002.000) 2026-05-08 00:07:06 Job terminated.
	(1) Normal termination (return value 0)
		Usr 0 00:36:10, Sys 0 00:03:13  -  Run Remote Usage
		Usr 0 00:00:00, Sys 0 00:00:00  -  Run Local Usage
		Usr 0 00:36:10, Sys 0 00:03:13  -  Total Remote Usage
		Usr 0 00:00:00, Sys 0 00:00:00  -  Total Local Usage
	0  -  Run Bytes Sent By Job
	0  -  Run Bytes Received By Job
	0  -  Total Bytes Sent By Job
	0  -  Total Bytes Received By Job
	Partitionable Resources :    Usage  Request Allocated 
	   Cpus                 :     1.07        6         6 
	   Disk (KB)            :     1           1     27233 
	   Memory (MB)          :   566        2048      2048 

	Job terminated of its own accord at 2026-05-08T04:07:06Z with exit-code 0.
...
