000 (45926352.009.000) 2026-05-07 23:30:03 Job submitted from host: <10.5.0.107:9618?addrs=10.5.0.107-9618&alias=sugwg-login.syr.edu&noUDP&sock=schedd_1361_1c7c>
...
001 (45926352.009.000) 2026-05-07 23:30:29 Job executing on host: <10.5.210.184:9618?addrs=10.5.210.184-9618&alias=OG-NODE-10-5-210-184&noUDP&sock=startd_1494_5694>
...
006 (45926352.009.000) 2026-05-07 23:30:38 Image size of job updated: 226276
	155  -  MemoryUsage of job (MB)
	158560  -  ResidentSetSize of job (KB)
...
006 (45926352.009.000) 2026-05-07 23:35:39 Image size of job updated: 1551760
	203  -  MemoryUsage of job (MB)
	206924  -  ResidentSetSize of job (KB)
...
006 (45926352.009.000) 2026-05-07 23:40:40 Image size of job updated: 1551760
	364  -  MemoryUsage of job (MB)
	372252  -  ResidentSetSize of job (KB)
...
006 (45926352.009.000) 2026-05-07 23:45:40 Image size of job updated: 1553804
	364  -  MemoryUsage of job (MB)
	372252  -  ResidentSetSize of job (KB)
...
006 (45926352.009.000) 2026-05-07 23:50:40 Image size of job updated: 1553804
	916  -  MemoryUsage of job (MB)
	937880  -  ResidentSetSize of job (KB)
...
006 (45926352.009.000) 2026-05-08 00:00:41 Image size of job updated: 1615248
	916  -  MemoryUsage of job (MB)
	937880  -  ResidentSetSize of job (KB)
...
005 (45926352.009.000) 2026-05-08 00:03:14 Job terminated.
	(1) Normal termination (return value 0)
		Usr 0 00:29:46, Sys 0 00:03:55  -  Run Remote Usage
		Usr 0 00:00:00, Sys 0 00:00:00  -  Run Local Usage
		Usr 0 00:29:46, Sys 0 00:03:55  -  Total Remote Usage
		Usr 0 00:00:00, Sys 0 00:00:00  -  Total Local Usage
	0  -  Run Bytes Sent By Job
	0  -  Run Bytes Received By Job
	0  -  Total Bytes Sent By Job
	0  -  Total Bytes Received By Job
	Partitionable Resources :    Usage  Request Allocated 
	   Cpus                 :     1.03        6         6 
	   Disk (KB)            :     1           1     16692 
	   Memory (MB)          :   916        2048      2048 

	Job terminated of its own accord at 2026-05-08T04:03:14Z with exit-code 0.
...
