000 (45926352.007.000) 2026-05-07 23:30:03 Job submitted from host: <10.5.0.107:9618?addrs=10.5.0.107-9618&alias=sugwg-login.syr.edu&noUDP&sock=schedd_1361_1c7c>
...
001 (45926352.007.000) 2026-05-07 23:30:29 Job executing on host: <10.5.210.118:9618?addrs=10.5.210.118-9618&alias=OG-NODE-10-5-210-118&noUDP&sock=startd_1509_a080>
...
006 (45926352.007.000) 2026-05-07 23:30:39 Image size of job updated: 278128
	50  -  MemoryUsage of job (MB)
	50764  -  ResidentSetSize of job (KB)
...
006 (45926352.007.000) 2026-05-07 23:35:39 Image size of job updated: 1590152
	350  -  MemoryUsage of job (MB)
	358024  -  ResidentSetSize of job (KB)
...
006 (45926352.007.000) 2026-05-07 23:40:39 Image size of job updated: 1617580
	852  -  MemoryUsage of job (MB)
	872304  -  ResidentSetSize of job (KB)
...
006 (45926352.007.000) 2026-05-07 23:45:40 Image size of job updated: 1617580
	857  -  MemoryUsage of job (MB)
	877188  -  ResidentSetSize of job (KB)
...
006 (45926352.007.000) 2026-05-07 23:50:41 Image size of job updated: 1630380
	857  -  MemoryUsage of job (MB)
	877188  -  ResidentSetSize of job (KB)
...
006 (45926352.007.000) 2026-05-08 00:00:41 Image size of job updated: 1630380
	886  -  MemoryUsage of job (MB)
	907256  -  ResidentSetSize of job (KB)
...
005 (45926352.007.000) 2026-05-08 00:12:33 Job terminated.
	(1) Normal termination (return value 0)
		Usr 0 00:38:00, Sys 0 00:04:52  -  Run Remote Usage
		Usr 0 00:00:00, Sys 0 00:00:00  -  Run Local Usage
		Usr 0 00:38:00, Sys 0 00:04:52  -  Total Remote Usage
		Usr 0 00:00:00, Sys 0 00:00:00  -  Total Local Usage
	0  -  Run Bytes Sent By Job
	0  -  Run Bytes Received By Job
	0  -  Total Bytes Sent By Job
	0  -  Total Bytes Received By Job
	Partitionable Resources :    Usage  Request Allocated 
	   Cpus                 :     1.00        6         6 
	   Disk (KB)            :     1           1     16176 
	   Memory (MB)          :   886        2048      2048 

	Job terminated of its own accord at 2026-05-08T04:12:33Z with exit-code 0.
...
