000 (45926352.003.000) 2026-05-07 23:30:02 Job submitted from host: <10.5.0.107:9618?addrs=10.5.0.107-9618&alias=sugwg-login.syr.edu&noUDP&sock=schedd_1361_1c7c>
...
001 (45926352.003.000) 2026-05-07 23:30:24 Job executing on host: <10.5.199.117:9618?addrs=10.5.199.117-9618&alias=OG-NODE-10-5-199-117&noUDP&sock=startd_1516_6daa>
...
006 (45926352.003.000) 2026-05-07 23:30:33 Image size of job updated: 829688
	280  -  MemoryUsage of job (MB)
	286496  -  ResidentSetSize of job (KB)
...
006 (45926352.003.000) 2026-05-07 23:35:34 Image size of job updated: 1643456
	458  -  MemoryUsage of job (MB)
	468548  -  ResidentSetSize of job (KB)
...
005 (45926352.003.000) 2026-05-08 00:02:22 Job terminated.
	(1) Normal termination (return value 0)
		Usr 0 00:29:56, Sys 0 00:03:01  -  Run Remote Usage
		Usr 0 00:00:00, Sys 0 00:00:00  -  Run Local Usage
		Usr 0 00:29:56, Sys 0 00:03:01  -  Total Remote Usage
		Usr 0 00:00:00, Sys 0 00:00:00  -  Total Local Usage
	0  -  Run Bytes Sent By Job
	0  -  Run Bytes Received By Job
	0  -  Total Bytes Sent By Job
	0  -  Total Bytes Received By Job
	Partitionable Resources :    Usage  Request Allocated 
	   Cpus                 :     1.00        6         6 
	   Disk (KB)            :     1           1     11668 
	   Memory (MB)          :   458        2048      2048 

	Job terminated of its own accord at 2026-05-08T04:02:22Z with exit-code 0.
...
