000 (45926352.005.000) 2026-05-07 23:30:03 Job submitted from host: <10.5.0.107:9618?addrs=10.5.0.107-9618&alias=sugwg-login.syr.edu&noUDP&sock=schedd_1361_1c7c>
...
001 (45926352.005.000) 2026-05-07 23:30:34 Job executing on host: <10.5.193.242:9618?addrs=10.5.193.242-9618&alias=CRUSH-OG-10-5-193-242&noUDP&sock=startd_1264_93cc>
...
006 (45926352.005.000) 2026-05-07 23:30:43 Image size of job updated: 706960
	99  -  MemoryUsage of job (MB)
	101304  -  ResidentSetSize of job (KB)
...
006 (45926352.005.000) 2026-05-07 23:35:44 Image size of job updated: 1644120
	884  -  MemoryUsage of job (MB)
	904868  -  ResidentSetSize of job (KB)
...
005 (45926352.005.000) 2026-05-08 00:09:26 Job terminated.
	(1) Normal termination (return value 0)
		Usr 0 00:36:32, Sys 0 00:03:37  -  Run Remote Usage
		Usr 0 00:00:00, Sys 0 00:00:00  -  Run Local Usage
		Usr 0 00:36:32, Sys 0 00:03:37  -  Total Remote Usage
		Usr 0 00:00:00, Sys 0 00:00:00  -  Total Local Usage
	0  -  Run Bytes Sent By Job
	0  -  Run Bytes Received By Job
	0  -  Total Bytes Sent By Job
	0  -  Total Bytes Received By Job
	Partitionable Resources :    Usage  Request Allocated 
	   Cpus                 :     1.00        6         6 
	   Disk (KB)            :     1           1     27305 
	   Memory (MB)          :   884        2048      2048 

	Job terminated of its own accord at 2026-05-08T04:09:26Z with exit-code 0.
...
