000 (45926352.000.000) 2026-05-07 23:30:02 Job submitted from host: <10.5.0.107:9618?addrs=10.5.0.107-9618&alias=sugwg-login.syr.edu&noUDP&sock=schedd_1361_1c7c>
...
001 (45926352.000.000) 2026-05-07 23:30:24 Job executing on host: <10.5.211.137:9618?addrs=10.5.211.137-9618&alias=OG-NODE-10-5-211-137&noUDP&sock=startd_1492_f764>
...
006 (45926352.000.000) 2026-05-07 23:30:33 Image size of job updated: 52688
	52  -  MemoryUsage of job (MB)
	52688  -  ResidentSetSize of job (KB)
...
006 (45926352.000.000) 2026-05-07 23:35:33 Image size of job updated: 1511560
	475  -  MemoryUsage of job (MB)
	485832  -  ResidentSetSize of job (KB)
...
006 (45926352.000.000) 2026-05-07 23:40:33 Image size of job updated: 1607308
	475  -  MemoryUsage of job (MB)
	486360  -  ResidentSetSize of job (KB)
...
006 (45926352.000.000) 2026-05-08 00:00:35 Image size of job updated: 1613516
	915  -  MemoryUsage of job (MB)
	936908  -  ResidentSetSize of job (KB)
...
005 (45926352.000.000) 2026-05-08 00:03:18 Job terminated.
	(1) Normal termination (return value 0)
		Usr 0 00:31:05, Sys 0 00:02:52  -  Run Remote Usage
		Usr 0 00:00:00, Sys 0 00:00:00  -  Run Local Usage
		Usr 0 00:31:05, Sys 0 00:02:52  -  Total Remote Usage
		Usr 0 00:00:00, Sys 0 00:00:00  -  Total Local Usage
	0  -  Run Bytes Sent By Job
	0  -  Run Bytes Received By Job
	0  -  Total Bytes Sent By Job
	0  -  Total Bytes Received By Job
	Partitionable Resources :    Usage  Request Allocated 
	   Cpus                 :     1.00        6         6 
	   Disk (KB)            :     1           1     18490 
	   Memory (MB)          :   915        2048      2048 

	Job terminated of its own accord at 2026-05-08T04:03:18Z with exit-code 0.
...
