000 (45924168.001.000) 2026-05-07 22:56:41 Job submitted from host: <10.5.0.107:9618?addrs=10.5.0.107-9618&alias=sugwg-login.syr.edu&noUDP&sock=schedd_1361_1c7c>
...
001 (45924168.001.000) 2026-05-07 22:56:56 Job executing on host: <10.5.199.45:9618?addrs=10.5.199.45-9618&alias=OG-NODE-10-5-199-45&noUDP&sock=startd_1235_af8d>
...
006 (45924168.001.000) 2026-05-07 22:57:05 Image size of job updated: 281792
	79  -  MemoryUsage of job (MB)
	80068  -  ResidentSetSize of job (KB)
...
006 (45924168.001.000) 2026-05-07 23:02:06 Image size of job updated: 1116464
	442  -  MemoryUsage of job (MB)
	452596  -  ResidentSetSize of job (KB)
...
006 (45924168.001.000) 2026-05-07 23:07:07 Image size of job updated: 1550652
	448  -  MemoryUsage of job (MB)
	458272  -  ResidentSetSize of job (KB)
...
006 (45924168.001.000) 2026-05-07 23:12:07 Image size of job updated: 1552192
	757  -  MemoryUsage of job (MB)
	774160  -  ResidentSetSize of job (KB)
...
006 (45924168.001.000) 2026-05-07 23:32:09 Image size of job updated: 1617728
	757  -  MemoryUsage of job (MB)
	774160  -  ResidentSetSize of job (KB)
...
005 (45924168.001.000) 2026-05-07 23:35:10 Job terminated.
	(1) Normal termination (return value 0)
		Usr 0 00:35:52, Sys 0 00:03:25  -  Run Remote Usage
		Usr 0 00:00:00, Sys 0 00:00:00  -  Run Local Usage
		Usr 0 00:35:52, Sys 0 00:03:25  -  Total Remote Usage
		Usr 0 00:00:00, Sys 0 00:00:00  -  Total Local Usage
	0  -  Run Bytes Sent By Job
	0  -  Run Bytes Received By Job
	0  -  Total Bytes Sent By Job
	0  -  Total Bytes Received By Job
	Partitionable Resources :    Usage  Request Allocated 
	   Cpus                 :     1.00        6         6 
	   Disk (KB)            :     1           1     19131 
	   Memory (MB)          :   757        2048      2048 

	Job terminated of its own accord at 2026-05-08T03:35:10Z with exit-code 0.
...
