000 (45924168.008.000) 2026-05-07 22:56:41 Job submitted from host: <10.5.0.107:9618?addrs=10.5.0.107-9618&alias=sugwg-login.syr.edu&noUDP&sock=schedd_1361_1c7c>
...
001 (45924168.008.000) 2026-05-07 22:57:01 Job executing on host: <10.5.152.194:9618?addrs=10.5.152.194-9618&alias=CRUSH-OG-10-5-152-194&noUDP&sock=startd_1518_ccda>
...
006 (45924168.008.000) 2026-05-07 22:57:10 Image size of job updated: 71888
	41  -  MemoryUsage of job (MB)
	41924  -  ResidentSetSize of job (KB)
...
006 (45924168.008.000) 2026-05-07 23:02:11 Image size of job updated: 1612436
	231  -  MemoryUsage of job (MB)
	236292  -  ResidentSetSize of job (KB)
...
006 (45924168.008.000) 2026-05-07 23:07:11 Image size of job updated: 1612436
	314  -  MemoryUsage of job (MB)
	320696  -  ResidentSetSize of job (KB)
...
006 (45924168.008.000) 2026-05-07 23:12:12 Image size of job updated: 1612436
	366  -  MemoryUsage of job (MB)
	373836  -  ResidentSetSize of job (KB)
...
006 (45924168.008.000) 2026-05-07 23:17:13 Image size of job updated: 1612436
	399  -  MemoryUsage of job (MB)
	407608  -  ResidentSetSize of job (KB)
...
006 (45924168.008.000) 2026-05-07 23:37:15 Image size of job updated: 1612436
	429  -  MemoryUsage of job (MB)
	438764  -  ResidentSetSize of job (KB)
...
006 (45924168.008.000) 2026-05-07 23:47:16 Image size of job updated: 1612436
	557  -  MemoryUsage of job (MB)
	569956  -  ResidentSetSize of job (KB)
...
006 (45924168.008.000) 2026-05-07 23:52:17 Image size of job updated: 1614548
	564  -  MemoryUsage of job (MB)
	576972  -  ResidentSetSize of job (KB)
...
006 (45924168.008.000) 2026-05-08 00:02:17 Image size of job updated: 1614548
	901  -  MemoryUsage of job (MB)
	921800  -  ResidentSetSize of job (KB)
...
005 (45924168.008.000) 2026-05-08 00:03:04 Job terminated.
	(1) Normal termination (return value 0)
		Usr 0 01:01:44, Sys 0 00:05:56  -  Run Remote Usage
		Usr 0 00:00:00, Sys 0 00:00:00  -  Run Local Usage
		Usr 0 01:01:44, Sys 0 00:05:56  -  Total Remote Usage
		Usr 0 00:00:00, Sys 0 00:00:00  -  Total Local Usage
	0  -  Run Bytes Sent By Job
	0  -  Run Bytes Received By Job
	0  -  Total Bytes Sent By Job
	0  -  Total Bytes Received By Job
	Partitionable Resources :    Usage  Request Allocated 
	   Cpus                 :     1.02        6         6 
	   Disk (KB)            :     1           1     27452 
	   Memory (MB)          :   901        2048      2048 

	Job terminated of its own accord at 2026-05-08T04:03:04Z with exit-code 0.
...
