000 (45924168.005.000) 2026-05-07 22:56:41 Job submitted from host: <10.5.0.107:9618?addrs=10.5.0.107-9618&alias=sugwg-login.syr.edu&noUDP&sock=schedd_1361_1c7c>
...
001 (45924168.005.000) 2026-05-07 22:56:56 Job executing on host: <10.5.221.179:9618?addrs=10.5.221.179-9618&alias=OG-NODE-10-5-221-179&noUDP&sock=startd_1510_5018>
...
006 (45924168.005.000) 2026-05-07 22:57:05 Image size of job updated: 666060
	85  -  MemoryUsage of job (MB)
	86920  -  ResidentSetSize of job (KB)
...
006 (45924168.005.000) 2026-05-07 23:02:06 Image size of job updated: 1553116
	235  -  MemoryUsage of job (MB)
	240192  -  ResidentSetSize of job (KB)
...
006 (45924168.005.000) 2026-05-07 23:07:07 Image size of job updated: 1616604
	737  -  MemoryUsage of job (MB)
	754012  -  ResidentSetSize of job (KB)
...
006 (45924168.005.000) 2026-05-07 23:12:07 Image size of job updated: 1616604
	856  -  MemoryUsage of job (MB)
	876000  -  ResidentSetSize of job (KB)
...
006 (45924168.005.000) 2026-05-07 23:17:07 Image size of job updated: 1616604
	919  -  MemoryUsage of job (MB)
	940792  -  ResidentSetSize of job (KB)
...
005 (45924168.005.000) 2026-05-07 23:27:31 Job terminated.
	(1) Normal termination (return value 0)
		Usr 0 00:28:43, Sys 0 00:02:45  -  Run Remote Usage
		Usr 0 00:00:00, Sys 0 00:00:00  -  Run Local Usage
		Usr 0 00:28:43, Sys 0 00:02:45  -  Total Remote Usage
		Usr 0 00:00:00, Sys 0 00:00:00  -  Total Local Usage
	0  -  Run Bytes Sent By Job
	0  -  Run Bytes Received By Job
	0  -  Total Bytes Sent By Job
	0  -  Total Bytes Received By Job
	Partitionable Resources :    Usage  Request Allocated 
	   Cpus                 :     1.00        6         6 
	   Disk (KB)            :     1           1     15678 
	   Memory (MB)          :   919        2048      2048 

	Job terminated of its own accord at 2026-05-08T03:27:31Z with exit-code 0.
...
