000 (45924168.007.000) 2026-05-07 22:56:41 Job submitted from host: <10.5.0.107:9618?addrs=10.5.0.107-9618&alias=sugwg-login.syr.edu&noUDP&sock=schedd_1361_1c7c>
...
001 (45924168.007.000) 2026-05-07 22:57:01 Job executing on host: <10.5.160.54:9618?addrs=10.5.160.54-9618&alias=CRUSH-OG-10-5-160-54&noUDP&sock=startd_623430_b42b>
...
006 (45924168.007.000) 2026-05-07 22:57:10 Image size of job updated: 190064
	40  -  MemoryUsage of job (MB)
	40376  -  ResidentSetSize of job (KB)
...
006 (45924168.007.000) 2026-05-07 23:02:11 Image size of job updated: 1449768
	786  -  MemoryUsage of job (MB)
	804552  -  ResidentSetSize of job (KB)
...
006 (45924168.007.000) 2026-05-07 23:07:11 Image size of job updated: 1482888
	786  -  MemoryUsage of job (MB)
	804552  -  ResidentSetSize of job (KB)
...
006 (45924168.007.000) 2026-05-07 23:12:12 Image size of job updated: 1511048
	786  -  MemoryUsage of job (MB)
	804552  -  ResidentSetSize of job (KB)
...
006 (45924168.007.000) 2026-05-07 23:17:14 Image size of job updated: 1611404
	786  -  MemoryUsage of job (MB)
	804552  -  ResidentSetSize of job (KB)
...
005 (45924168.007.000) 2026-05-08 00:04:02 Job terminated.
	(1) Normal termination (return value 0)
		Usr 0 01:02:23, Sys 0 00:06:17  -  Run Remote Usage
		Usr 0 00:00:00, Sys 0 00:00:00  -  Run Local Usage
		Usr 0 01:02:23, Sys 0 00:06:17  -  Total Remote Usage
		Usr 0 00:00:00, Sys 0 00:00:00  -  Total Local Usage
	0  -  Run Bytes Sent By Job
	0  -  Run Bytes Received By Job
	0  -  Total Bytes Sent By Job
	0  -  Total Bytes Received By Job
	Partitionable Resources :    Usage  Request Allocated 
	   Cpus                 :     1.07        6         6 
	   Disk (KB)            :     1           1     27385 
	   Memory (MB)          :   786        2048      2048 

	Job terminated of its own accord at 2026-05-08T04:04:02Z with exit-code 0.
...
