000 (45924168.006.000) 2026-05-07 22:56:41 Job submitted from host: <10.5.0.107:9618?addrs=10.5.0.107-9618&alias=sugwg-login.syr.edu&noUDP&sock=schedd_1361_1c7c>
...
001 (45924168.006.000) 2026-05-07 22:56:56 Job executing on host: <10.5.199.42:9618?addrs=10.5.199.42-9618&alias=OG-NODE-10-5-199-42&noUDP&sock=startd_1251_a911>
...
006 (45924168.006.000) 2026-05-07 22:57:05 Image size of job updated: 92100
	60  -  MemoryUsage of job (MB)
	60948  -  ResidentSetSize of job (KB)
...
006 (45924168.006.000) 2026-05-07 23:02:06 Image size of job updated: 1549464
	433  -  MemoryUsage of job (MB)
	443196  -  ResidentSetSize of job (KB)
...
006 (45924168.006.000) 2026-05-07 23:07:07 Image size of job updated: 1648764
	436  -  MemoryUsage of job (MB)
	446364  -  ResidentSetSize of job (KB)
...
006 (45924168.006.000) 2026-05-07 23:12:07 Image size of job updated: 1648764
	495  -  MemoryUsage of job (MB)
	506072  -  ResidentSetSize of job (KB)
...
006 (45924168.006.000) 2026-05-07 23:17:07 Image size of job updated: 1648764
	495  -  MemoryUsage of job (MB)
	506336  -  ResidentSetSize of job (KB)
...
006 (45924168.006.000) 2026-05-07 23:27:08 Image size of job updated: 1648764
	930  -  MemoryUsage of job (MB)
	951908  -  ResidentSetSize of job (KB)
...
006 (45924168.006.000) 2026-05-07 23:37:09 Image size of job updated: 1648764
	939  -  MemoryUsage of job (MB)
	960904  -  ResidentSetSize of job (KB)
...
006 (45924168.006.000) 2026-05-07 23:38:08 Image size of job updated: 1648764
	942  -  MemoryUsage of job (MB)
	964204  -  ResidentSetSize of job (KB)
...
005 (45924168.006.000) 2026-05-07 23:38:08 Job terminated.
	(1) Normal termination (return value 0)
		Usr 0 00:38:19, Sys 0 00:03:40  -  Run Remote Usage
		Usr 0 00:00:00, Sys 0 00:00:00  -  Run Local Usage
		Usr 0 00:38:19, Sys 0 00:03:40  -  Total Remote Usage
		Usr 0 00:00:00, Sys 0 00:00:00  -  Total Local Usage
	0  -  Run Bytes Sent By Job
	0  -  Run Bytes Received By Job
	0  -  Total Bytes Sent By Job
	0  -  Total Bytes Received By Job
	Partitionable Resources :    Usage  Request Allocated 
	   Cpus                 :     1.04        6         6 
	   Disk (KB)            :     1           1     15547 
	   Memory (MB)          :   942        2048      2048 

	Job terminated of its own accord at 2026-05-08T03:38:08Z with exit-code 0.
...
