000 (45924168.002.000) 2026-05-07 22:56:41 Job submitted from host: <10.5.0.107:9618?addrs=10.5.0.107-9618&alias=sugwg-login.syr.edu&noUDP&sock=schedd_1361_1c7c>
...
001 (45924168.002.000) 2026-05-07 22:56:56 Job executing on host: <10.5.213.12:9618?addrs=10.5.213.12-9618&alias=OG-NODE-10-5-213-12&noUDP&sock=startd_1242_7cb7>
...
006 (45924168.002.000) 2026-05-07 22:57:05 Image size of job updated: 325740
	44  -  MemoryUsage of job (MB)
	44908  -  ResidentSetSize of job (KB)
...
006 (45924168.002.000) 2026-05-07 23:02:06 Image size of job updated: 1155388
	398  -  MemoryUsage of job (MB)
	407096  -  ResidentSetSize of job (KB)
...
006 (45924168.002.000) 2026-05-07 23:07:06 Image size of job updated: 1582788
	398  -  MemoryUsage of job (MB)
	407096  -  ResidentSetSize of job (KB)
...
006 (45924168.002.000) 2026-05-07 23:12:06 Image size of job updated: 1646276
	398  -  MemoryUsage of job (MB)
	407096  -  ResidentSetSize of job (KB)
...
005 (45924168.002.000) 2026-05-07 23:36:24 Job terminated.
	(1) Normal termination (return value 0)
		Usr 0 00:36:55, Sys 0 00:03:29  -  Run Remote Usage
		Usr 0 00:00:00, Sys 0 00:00:00  -  Run Local Usage
		Usr 0 00:36:55, Sys 0 00:03:29  -  Total Remote Usage
		Usr 0 00:00:00, Sys 0 00:00:00  -  Total Local Usage
	0  -  Run Bytes Sent By Job
	0  -  Run Bytes Received By Job
	0  -  Total Bytes Sent By Job
	0  -  Total Bytes Received By Job
	Partitionable Resources :    Usage  Request Allocated 
	   Cpus                 :     1.00        6         6 
	   Disk (KB)            :     1           1     19208 
	   Memory (MB)          :   398        2048      2048 

	Job terminated of its own accord at 2026-05-08T03:36:24Z with exit-code 0.
...
