000 (45924168.004.000) 2026-05-07 22:56:41 Job submitted from host: <10.5.0.107:9618?addrs=10.5.0.107-9618&alias=sugwg-login.syr.edu&noUDP&sock=schedd_1361_1c7c>
...
001 (45924168.004.000) 2026-05-07 22:56:56 Job executing on host: <10.5.224.133:9618?addrs=10.5.224.133-9618&alias=OG-NODE-10-5-224-133&noUDP&sock=startd_1503_82ef>
...
006 (45924168.004.000) 2026-05-07 22:57:05 Image size of job updated: 138884
	86  -  MemoryUsage of job (MB)
	88064  -  ResidentSetSize of job (KB)
...
006 (45924168.004.000) 2026-05-07 23:02:06 Image size of job updated: 1611500
	230  -  MemoryUsage of job (MB)
	234660  -  ResidentSetSize of job (KB)
...
006 (45924168.004.000) 2026-05-07 23:07:06 Image size of job updated: 1611500
	251  -  MemoryUsage of job (MB)
	256168  -  ResidentSetSize of job (KB)
...
006 (45924168.004.000) 2026-05-07 23:12:06 Image size of job updated: 1611500
	385  -  MemoryUsage of job (MB)
	394148  -  ResidentSetSize of job (KB)
...
005 (45924168.004.000) 2026-05-07 23:28:25 Job terminated.
	(1) Normal termination (return value 0)
		Usr 0 00:29:32, Sys 0 00:02:57  -  Run Remote Usage
		Usr 0 00:00:00, Sys 0 00:00:00  -  Run Local Usage
		Usr 0 00:29:32, Sys 0 00:02:57  -  Total Remote Usage
		Usr 0 00:00:00, Sys 0 00:00:00  -  Total Local Usage
	0  -  Run Bytes Sent By Job
	0  -  Run Bytes Received By Job
	0  -  Total Bytes Sent By Job
	0  -  Total Bytes Received By Job
	Partitionable Resources :    Usage  Request Allocated 
	   Cpus                 :     1.06        6         6 
	   Disk (KB)            :     1           1     17252 
	   Memory (MB)          :   385        2048      2048 

	Job terminated of its own accord at 2026-05-08T03:28:24Z with exit-code 0.
...
