000 (45924168.009.000) 2026-05-07 22:56:41 Job submitted from host: <10.5.0.107:9618?addrs=10.5.0.107-9618&alias=sugwg-login.syr.edu&noUDP&sock=schedd_1361_1c7c>
...
001 (45924168.009.000) 2026-05-07 22:57:01 Job executing on host: <10.5.238.67:9618?addrs=10.5.238.67-9618&alias=CRUSH-OG-10-5-238-67&noUDP&sock=startd_1097960_d067>
...
006 (45924168.009.000) 2026-05-07 22:57:10 Image size of job updated: 67308
	34  -  MemoryUsage of job (MB)
	34176  -  ResidentSetSize of job (KB)
...
006 (45924168.009.000) 2026-05-07 23:02:10 Image size of job updated: 1550240
	383  -  MemoryUsage of job (MB)
	392084  -  ResidentSetSize of job (KB)
...
006 (45924168.009.000) 2026-05-07 23:07:10 Image size of job updated: 1611684
	383  -  MemoryUsage of job (MB)
	392084  -  ResidentSetSize of job (KB)
...
006 (45924168.009.000) 2026-05-07 23:12:11 Image size of job updated: 1611684
	457  -  MemoryUsage of job (MB)
	467656  -  ResidentSetSize of job (KB)
...
006 (45924168.009.000) 2026-05-08 00:02:15 Image size of job updated: 1611684
	851  -  MemoryUsage of job (MB)
	871104  -  ResidentSetSize of job (KB)
...
005 (45924168.009.000) 2026-05-08 00:05:54 Job terminated.
	(1) Normal termination (return value 0)
		Usr 0 01:04:15, Sys 0 00:06:19  -  Run Remote Usage
		Usr 0 00:00:00, Sys 0 00:00:00  -  Run Local Usage
		Usr 0 01:04:15, Sys 0 00:06:19  -  Total Remote Usage
		Usr 0 00:00:00, Sys 0 00:00:00  -  Total Local Usage
	0  -  Run Bytes Sent By Job
	0  -  Run Bytes Received By Job
	0  -  Total Bytes Sent By Job
	0  -  Total Bytes Received By Job
	Partitionable Resources :    Usage  Request Allocated 
	   Cpus                 :     1.00        6         6 
	   Disk (KB)            :     1           1     27397 
	   Memory (MB)          :   851        2048      2048 

	Job terminated of its own accord at 2026-05-08T04:05:54Z with exit-code 0.
...
