using all peaks
using numerical
time : 0.00972618255764246
abserror : 3.8063016242508194e-06
using all peaks
using numerical
time : 0.0007826145738363266
abserror : 3.635941739591743e-27
using all peaks
using numerical
time : 0.006601824425160885
abserror : 1.0866188048659773e-08
using all peaks
using numerical
time : 0.004409182816743851
abserror : 0.00018115780287617823
using all peaks
using numerical
time : 0.005501803942024708
abserror : 2.3865977488810464e-09
using all peaks
using numerical
time : 0.005708807148039341
abserror : 1.3093343315548543e-08
using all peaks
using numerical
time : 0.0016079312190413475
abserror : 5.806303512889997e-10
using all peaks
using numerical
time : 0.005801709368824959
abserror : 2.1872596282322186e-09
using all peaks
using numerical
time : 0.006215916946530342
abserror : 1.0687714025957014e-07
using all peaks
using numerical
time : 0.007106534205377102
abserror : 1.0036076220305073e-10
using all peaks
using numerical
time : 0.004504485055804253
abserror : 1.1825132404373679e-08
using all peaks
using numerical
time : 0.005977013148367405
abserror : 1.3653148949049898e-06
using all peaks
using numerical
time : 0.006536723114550114
abserror : 8.457726080546316e-09
using all peaks
using numerical
time : 0.0033620642498135567
abserror : 1.165317209610737e-08
using all peaks
using numerical
time : 0.0033927634358406067
abserror : 1.0665568317943359e-05
using all peaks
using numerical
time : 0.004582986235618591
abserror : 9.278705112976621e-09
using all peaks
using numerical
time : 0.007355638779699802
abserror : 3.397344944404643e-11
using all peaks
using numerical
time : 0.006276118569076061
abserror : 2.7226294915867063e-10
using all peaks
using numerical
time : 0.007513642311096191
abserror : 0.4338322348985457
using all peaks
using numerical
time : 0.006429322063922882
abserror : 7.268303803535418e-07
using all peaks
using numerical
time : 0.005587506107985973
abserror : 3.8480972063730895e-09
using all peaks
using numerical
time : 0.006976332515478134
abserror : 9.935589582222676e-10
using all peaks
using numerical
time : 0.0033858641982078552
abserror : 1.1260286498456819e-05
using all peaks
using numerical
time : 0.0036724694073200226
abserror : 12.627774229005787
using all peaks
using numerical
time : 0.003784271888434887
abserror : 8.421525567570143e-06
using all peaks
using numerical
time : 0.005416202358901501
abserror : 5.265359400707936e-07
using all peaks
using numerical
time : 0.006068214774131775
abserror : 1.4075349890311931e-08
using all peaks
using numerical
time : 0.0029371557757258415
abserror : 0.00035675357485231984
using all peaks
using numerical
time : 0.0038549723103642464
abserror : 0.27270176267484203
using all peaks
using numerical
time : 0.006489222869277
abserror : 7.404029262888395e-08
using all peaks
using numerical
time : 0.007520043291151524
abserror : 9.116356474345817e-09
using all peaks
using numerical
time : 0.006809629499912262
abserror : 1.2573661906120859e-08
using all peaks
using numerical
time : 0.005610406398773193
abserror : 1.7774030169438817e-08
using all peaks
using numerical
time : 0.0043890830129384995
abserror : 0.002268252413628602
using all peaks
using numerical
time : 0.005639207549393177
abserror : 7.665503986492095e-07
using all peaks
using numerical
time : 0.004330982454121113
abserror : 0.003151036143379679
using all peaks
using numerical
time : 0.008283056318759918
abserror : 2.2100561601045887e-11
using all peaks
using numerical
time : 0.003842173144221306
abserror : 1.07743606918488e-05
using all peaks
using numerical
time : 0.006599525921046734
abserror : 6.761789946255987e-09
using all peaks
using numerical
time : 0.006426520645618439
abserror : 6.464369815633422e-09
using all peaks
using numerical
time : 0.011041809804737568
abserror : inf
using all peaks
using numerical
time : 0.0037864716723561287
abserror : 8.52387091078476e-06
using all peaks
using numerical
time : 0.005030794069170952
abserror : 4.6282260763501424e-07
using all peaks
using numerical
time : 0.006415920332074165
abserror : 1.8277110005994257e-07
using all peaks
using numerical
time : 0.0034166648983955383
abserror : 0.0036908117475550617
using all peaks
using numerical
time : 0.00789674837142229
abserror : 3.6350172494399016e-09
using all peaks
using numerical
time : 0.0072991373017430305
abserror : 4.973074429307722e-09
using all peaks
using numerical
time : 0.004561185836791992
abserror : 14586433603712.0
using all peaks
using numerical
time : 0.005567704327404499
abserror : 1.213782869900244e-07
using all peaks
using numerical
time : 0.008482660166919231
abserror : 2.062864295940811e-12
