using all peaks
using numerical
time : 0.010346543043851852
abserror : 3.445611050988586e-11
using all peaks
using numerical
time : 0.0204809894785285
abserror : 0.0
using all peaks
using numerical
time : 0.008981063030660152
abserror : 1.5729302347919187e-05
using all peaks
using numerical
time : 0.008185376413166523
abserror : 7.082115407268612e-11
using all peaks
using numerical
time : 0.013276297599077225
abserror : 4.845578348912664e-09
using all peaks
using numerical
time : 0.010061047039926052
abserror : 0.009645004129122878
using all peaks
using numerical
time : 0.011570524424314499
abserror : 6.8272793224549e-11
using all peaks
using numerical
time : 0.009230258874595165
abserror : 0.19845875401139706
using all peaks
using numerical
time : 0.010888534598052502
abserror : 7.053459421492895e-09
using all peaks
using numerical
time : 0.007425686344504356
abserror : 1.7328642897580853e-07
using all peaks
using numerical
time : 0.006630999036133289
abserror : 1.8545145739909744e-05
using all peaks
using numerical
time : 0.028657863847911358
abserror : 1.1295136243345717e-08
using all peaks
using numerical
time : 0.007040292955935001
abserror : 0.9590314014640171
using all peaks
using numerical
time : 0.01246321015059948
abserror : 1.2437832313320637e-07
using all peaks
using numerical
time : 0.019541402347385883
abserror : 3.1632321536470198e-09
using all peaks
using numerical
time : 0.006668498739600182
abserror : 0.0002444127363645521
using all peaks
using numerical
time : 0.009392257779836655
abserror : 1.3610578751472937e-08
using all peaks
using numerical
time : 0.014694376848638058
abserror : 2.3233645570491173e-09
using all peaks
using numerical
time : 0.011912519112229347
abserror : 3.73057567937772e-09
using all peaks
using numerical
time : 0.0071930913254618645
abserror : 4.90900734714981
using all peaks
using numerical
time : 0.013701907359063625
abserror : 1.0638005816597084e-07
using all peaks
using numerical
time : 0.010343153029680252
abserror : 2.7616318695167685e-10
using all peaks
using numerical
time : 0.007231696508824825
abserror : 0.00019026806602491508
using all peaks
using numerical
time : 0.007167696952819824
abserror : 7.348791629582319e-06
using all peaks
using numerical
time : 0.018312335945665836
abserror : 8.813889906591761e-09
using all peaks
using numerical
time : 0.015057082287967205
abserror : 1.394174438502116e-09
using all peaks
using numerical
time : 0.010507446713745594
abserror : 2.8573694130048678e-08
using all peaks
using numerical
time : 0.013538203202188015
abserror : 9.001215216649417e-07
using all peaks
using numerical
time : 0.0144472885876894
abserror : 3.7349064450366326e-09
using all peaks
using numerical
time : 0.0076239872723817825
abserror : 4861157223.828125
using all peaks
using numerical
time : 0.016494656912982464
abserror : 1.139855986429079e-09
using all peaks
using numerical
time : 0.036515661515295506
abserror : 1.2208610841830655e-08
using all peaks
using numerical
time : 0.011650928296148777
abserror : 2.4156074615448023e-09
using all peaks
using numerical
time : 0.011500329710543156
abserror : 3.352715093029776e-08
using all peaks
using numerical
time : 0.008430475369095802
abserror : 3573826861364160.0
using all peaks
using numerical
time : 0.013830993324518204
abserror : 7.026002000302252e-09
using all peaks
using numerical
time : 0.013758494518697262
abserror : 2.206033432144696e-11
using all peaks
using numerical
time : 0.012063020840287209
abserror : 5.4492901103208895e-08
using all peaks
using numerical
time : 0.010194147936999798
abserror : 2.6108076219119505e-08
using all peaks
using numerical
time : 0.009526656940579414
abserror : 1.478200876558188e-08
using all peaks
using numerical
time : 0.010746238753199577
abserror : 2.6075584672055965e-06
using all peaks
using numerical
time : 0.009875553660094738
abserror : 2.0957278556131892e-09
using all peaks
using numerical
time : 0.0315457284450531
abserror : 8.360522306296708e-08
using all peaks
using numerical
time : 0.022557062096893787
abserror : 123690.29387140274
using all peaks
using numerical
time : 0.005843811668455601
abserror : 0.001189932175634567
using all peaks
using numerical
time : 0.007497488521039486
abserror : 1.327697579761285e-07
using all peaks
using numerical
time : 0.013996990397572517
abserror : 8.12817861908745e-11
using all peaks
using numerical
time : 0.0063918037340044975
abserror : 6.597475837111233e-05
using all peaks
using numerical
time : 0.006691399030387402
abserror : 0.7093284228267294
using all peaks
using numerical
time : 0.010980934835970402
abserror : 9.800079959057077e-09
