using all peaks
using numerical
time : 0.002939232999779051
abserror : 1.3027793191090136e-08
using all peaks
using numerical
time : 0.0020519799982139375
abserror : 2.6220322986946304e+16
using all peaks
using numerical
time : 0.002962801001558546
abserror : 0.27002865860555403
using all peaks
using numerical
time : 0.0025245259967050515
abserror : 9.751017399465702e-09
using all peaks
using numerical
time : 0.003075358999922173
abserror : 1.3379572768104049e-09
using all peaks
using numerical
time : 0.0037089420002303086
abserror : 4.162082340322643e-08
using all peaks
using numerical
time : 0.002763734999462031
abserror : 1.2603903033172835e-08
using all peaks
using numerical
time : 0.002772764997644117
abserror : 1.398524771634672e-09
using all peaks
using numerical
time : 0.0025759570016816724
abserror : 7.461663906469447e-09
using all peaks
using numerical
time : 0.0032733440020820126
abserror : 1.0018852744243445e-08
using all peaks
using numerical
time : 0.002527778000512626
abserror : 1.3868807221518615e-08
using all peaks
using numerical
time : 0.001919490001455415
abserror : 1.0773173565715131e-07
using all peaks
using numerical
time : 0.002380709000135539
abserror : 2.429334754840113e-09
using all peaks
using numerical
time : 0.0022046400008548517
abserror : 8.704122349510734e-07
using all peaks
using numerical
time : 0.0023944090025906917
abserror : 4.2357825488858186e-06
using all peaks
using numerical
time : 0.00320599999758997
abserror : 1.0587934540359706e-09
using all peaks
using numerical
time : 0.0033058760018320754
abserror : 1.835231545739166e-09
using all peaks
using numerical
time : 0.003069710001000203
abserror : 3.997325372360574e-09
using all peaks
using numerical
time : 0.002671792997716693
abserror : 9.702541081795657e-08
using all peaks
using numerical
time : 0.0028763820009771734
abserror : 1.6026561141282473e-09
using all peaks
using numerical
time : 0.002984701997775119
abserror : 3.5402634897460774e-09
using all peaks
using numerical
time : 0.004108189001271967
abserror : 2.453562244592916e-12
using all peaks
using numerical
time : 0.003577868999855127
abserror : 6.4715011129472425e-09
using all peaks
using numerical
time : 0.004480400999455014
abserror : 4.926421232015525e-09
using all peaks
using numerical
time : 0.0019115899995085783
abserror : 7.6676561845266935
using all peaks
using numerical
time : 0.0026573639988782816
abserror : 1.430225140297189e-08
using all peaks
using numerical
time : 0.0020277549992897548
abserror : 4.763544651413483e-09
using all peaks
using numerical
time : 0.002666568998392904
abserror : 0.004095868933629822
using all peaks
using numerical
time : 0.0018946290001622401
abserror : 2228088869.720398
using all peaks
using numerical
time : 0.0021668580011464655
abserror : 5.509041456643419e-09
using all peaks
using numerical
time : 0.0028291710004850756
abserror : 4.578788203830805e-09
using all peaks
using numerical
time : 0.0022178789986355696
abserror : 1.0254344724227484e-08
using all peaks
using numerical
time : 0.0019088139997620601
abserror : 0.0002451032120736052
using all peaks
using numerical
time : 0.002818836997903418
abserror : 7.163704209205129e-10
using all peaks
using numerical
time : 0.002359362002607668
abserror : 37406.32178313774
using all peaks
using numerical
time : 0.0025642410000727978
abserror : 1.6635663258461581e-09
using all peaks
using numerical
time : 0.002831670000887243
abserror : 4.494698442527624e-06
using all peaks
using numerical
time : 0.0029797000024700537
abserror : 225501.96927937865
using all peaks
using numerical
time : 0.003724907001014799
abserror : 1.2706013434526634e-09
using all peaks
using numerical
time : 0.0019139049982186407
abserror : 3.794301571117189e+17
using all peaks
using numerical
time : 0.0025508940016152337
abserror : 1.3223707550704515e-08
using all peaks
using numerical
time : 0.001041857001837343
abserror : 7.23544524562195e-09
using all peaks
using numerical
time : 0.0033043520015780814
abserror : 5.897920857034222e-05
using all peaks
using numerical
time : 0.0022423139998863917
abserror : 7.784958865477136e-10
using all peaks
using numerical
time : 0.0030613519993494265
abserror : 3.1852213409662368e-09
using all peaks
using numerical
time : 0.00035683099849848077
abserror : 9.961298436285404e-09
using all peaks
using numerical
time : 0.0034840869993786328
abserror : 1.607814927545848e-12
using all peaks
using numerical
time : 0.0025620030028221663
abserror : 1.4334351598296512e-09
using all peaks
using numerical
time : 0.0019999969990749378
abserror : 26.60720838420093
using all peaks
using numerical
time : 0.003077426001254935
abserror : 0.00022633211706542256
