using all peaks
using numerical
time : 0.003383667999969475
abserror : 1.290955996281215e-09
using all peaks
using numerical
time : 0.0022457509999185277
abserror : 4.098453234692358e-06
using all peaks
using numerical
time : 0.0026476109997020103
abserror : 7.842195086024684e-09
using all peaks
using numerical
time : 0.0026385989999653248
abserror : 2.8749427339125895e-10
using all peaks
using numerical
time : 0.0033754119999684917
abserror : 3.64314781205298e-09
using all peaks
using numerical
time : 0.0024269410000670177
abserror : 3.691521182375146e-06
using all peaks
using numerical
time : 0.002190414000324381
abserror : 4.6990006489500136e-05
using all peaks
using numerical
time : 0.001731379999910132
abserror : 4.915444758703735e-05
using all peaks
using numerical
time : 0.00175559700028316
abserror : 0.00012600480291612495
using all peaks
using numerical
time : 0.0024426099998891004
abserror : 7.156831834472886e+65
using all peaks
using numerical
time : 0.0030600439999943774
abserror : 9.909931259922464e-11
using all peaks
using numerical
time : 0.0028619800000342366
abserror : 1.740800843548437e-09
using all peaks
using numerical
time : 0.00037198299969531945
abserror : 1.8140277311184328e-09
using all peaks
using numerical
time : 0.0030509449998135096
abserror : 1.005974448918407e-07
using all peaks
using numerical
time : 0.0026197030001640087
abserror : 1.577847613351291e-09
using all peaks
using numerical
time : 0.0019419969999034947
abserror : 1.1864868528375862e+31
using all peaks
using numerical
time : 0.003580005000003439
abserror : 6.629795971018081e-10
using all peaks
using numerical
time : 0.001817657000174222
abserror : 10532.437801307533
using all peaks
using numerical
time : 0.003081179000218981
abserror : 1.254749383529593e-09
using all peaks
using numerical
time : 0.0020041980001224147
abserror : 1.5580270926364672e+16
using all peaks
using numerical
time : 0.0034902999996120343
abserror : 1.2503092074963348e-09
using all peaks
using numerical
time : 0.0003926360000150453
abserror : 0.0
using all peaks
using numerical
time : 0.0035604190002231917
abserror : 7.017100975832755e-09
using all peaks
using numerical
time : 0.002676586999768915
abserror : 6.016381222699565e-09
using all peaks
using numerical
time : 0.002679275999980746
abserror : 6.599623309371776e-07
using all peaks
using numerical
time : 0.0026620160001584736
abserror : 6.82606985936236e-07
using all peaks
using numerical
time : 0.0017461739998907433
abserror : 0.0003600345218286449
using all peaks
using numerical
time : 0.0021850779999113
abserror : 1.9769553956112962e-05
using all peaks
using numerical
time : 0.0024681190002411313
abserror : 9.672029554386619e-09
using all peaks
using numerical
time : 0.002943079000033322
abserror : 8.205523337395252e-09
using all peaks
using numerical
time : 0.00200465499983693
abserror : 1.1723462005360343e-06
using all peaks
using numerical
time : 0.003066649000174948
abserror : 3.8231283677026355e-09
using all peaks
using numerical
time : 0.00037852299965379643
abserror : 2.750232874487584e-11
using all peaks
using numerical
time : 0.002464049999616691
abserror : 1.0250290685465839e-07
using all peaks
using numerical
time : 0.0033390679996045947
abserror : 1.2689409744228274e-08
using all peaks
using numerical
time : 0.003595605000100477
abserror : 1.713990832838364e-10
using all peaks
using numerical
time : 0.0030756249998376006
abserror : 3.3943848261582707e-09
using all peaks
using numerical
time : 0.0012860630004070117
abserror : 8.96856197532853e-09
using all peaks
using numerical
time : 0.0017447309996896365
abserror : 6.538567949657516e-06
using all peaks
using numerical
time : 0.0003841199995804345
abserror : 0.0
using all peaks
using numerical
time : 0.002160085000014078
abserror : 1.238051420049402e-06
using all peaks
using numerical
time : 0.0024507070002073306
abserror : 2.1593140468040255e+195
using all peaks
using numerical
time : 0.003577195000161737
abserror : 1.533189125660569e-10
using all peaks
using numerical
time : 0.0024075070000435517
abserror : 5.548604322871571e-09
using all peaks
using numerical
time : 0.0035329960001035943
abserror : 8.718450247972234e-09
using all peaks
using numerical
time : 0.0019139139999424515
abserror : 4799752510255952.0
using all peaks
using numerical
time : 0.0028797560003113176
abserror : 5.942551141961982e-10
using all peaks
using numerical
time : 0.0026371200001449324
abserror : 1.3758810559822772e-09
using all peaks
using numerical
time : 0.0030671559998154407
abserror : 1.6084581561206566e-11
using all peaks
using numerical
time : 0.0023271120003300894
abserror : 3.289953485036384e-09
