using all peaks
using numerical
time : 0.03415278531610966
abserror : 1.972611701426761e-08
using all peaks
using numerical
time : 0.011172560043632984
abserror : 7.021743049397151e-09
using all peaks
using numerical
time : 0.01330697350203991
abserror : 6.21541767351597e-09
using all peaks
using numerical
time : 0.010884459130465984
abserror : 3.37045931758824e-08
using all peaks
using numerical
time : 0.012144065462052822
abserror : 5.4678345939456645e-08
using all peaks
using numerical
time : 0.010454156436026096
abserror : 1.179642705289011e-07
using all peaks
using numerical
time : 0.010188055224716663
abserror : 3110.866050720215
using all peaks
using numerical
time : 0.01605008728802204
abserror : 7.70204110625016e-10
using all peaks
using numerical
time : 0.016509990207850933
abserror : 5.074983086292913e-09
using all peaks
using numerical
time : 0.010623058304190636
abserror : 4.437067600642716e-09
using all peaks
using numerical
time : 0.012858469970524311
abserror : 1.3371865793718009e-08
using all peaks
using numerical
time : 0.00973365269601345
abserror : 6.7775570959416706e-09
using all peaks
using numerical
time : 0.012454566545784473
abserror : 2.4191682112371434e-10
using all peaks
using numerical
time : 0.010778958909213543
abserror : 3.722797068037357e-10
using all peaks
using numerical
time : 0.001480807550251484
abserror : 5.4055067713609795e-14
using all peaks
using numerical
time : 0.009630352258682251
abserror : 0.06218858231030744
using all peaks
using numerical
time : 0.01657248940318823
abserror : 7.256482999909156e-11
using all peaks
using numerical
time : 0.009383050724864006
abserror : 4.842975609538542e-09
using all peaks
using numerical
time : 0.008584846742451191
abserror : 2.716667314895879e-06
using all peaks
using numerical
time : 0.014942274428904057
abserror : 2.0752852432065074e-09
using all peaks
using numerical
time : 0.031715658493340015
abserror : 4.0362871551505016e-10
using all peaks
using numerical
time : 0.009755149483680725
abserror : 6.827282898049819e-08
using all peaks
using numerical
time : 0.012009461410343647
abserror : 2.0508873710914323e-07
using all peaks
using numerical
time : 0.027151538990437984
abserror : 7.808516970466751e-06
using all peaks
using numerical
time : 0.027781142853200436
abserror : 7.578162630732937e-07
using all peaks
using numerical
time : 0.008761544711887836
abserror : 2.1530634580578913e-09
using all peaks
using numerical
time : 0.019764602184295654
abserror : 1.4589128741400514e-09
using all peaks
using numerical
time : 0.01218666322529316
abserror : 1.078850786334492e-08
using all peaks
using numerical
time : 0.010662656277418137
abserror : 1.1294015365287402e-08
using all peaks
using numerical
time : 0.018380096182227135
abserror : 5.595102381118052e-09
using all peaks
using numerical
time : 0.014708677306771278
abserror : 1.0843429053797638e-08
using all peaks
using numerical
time : 0.022233616560697556
abserror : 1.7435564044737239e-06
using all peaks
using numerical
time : 0.00407562218606472
abserror : 3.829632438051871e-15
using all peaks
using numerical
time : 0.009700951166450977
abserror : 8.216240423242205e-06
using all peaks
using numerical
time : 0.009438849985599518
abserror : 0.0021326341233611976
using all peaks
using numerical
time : 0.011114758439362049
abserror : 6.187378017449933e-11
using all peaks
using numerical
time : 0.008792247623205185
abserror : 725057.9756918997
using all peaks
using numerical
time : 0.011582662351429462
abserror : 6.34270992603137e-08
using all peaks
using numerical
time : 0.008982147090137005
abserror : 6.902072965941919e-08
using all peaks
using numerical
time : 0.01022285409271717
abserror : 5.180488706173214e-07
using all peaks
using numerical
time : 0.009798552840948105
abserror : 1.1427421819990407e-09
using all peaks
using numerical
time : 0.008257944136857986
abserror : 0.01021814033811097
using all peaks
using numerical
time : 0.00926824938505888
abserror : 1.0445159182280757e+26
using all peaks
using numerical
time : 0.006936636753380299
abserror : 0.0010747313126879977
using all peaks
using numerical
time : 0.008769947104156017
abserror : 2.3287199171426187e-07
using all peaks
using numerical
time : 0.012279066257178783
abserror : 1.3780296748935385e-09
using all peaks
using numerical
time : 0.022300919517874718
abserror : 7.476262498537736e-09
using all peaks
using numerical
time : 0.014124776236712933
abserror : 1.7928259857589135e-12
using all peaks
using numerical
time : 0.03432828467339277
abserror : 1.8875920017349475e-09
using all peaks
using numerical
time : 0.009292149916291237
abserror : 361584.5138428211
