using all peaks
using numerical
time : 0.03312212508171797
abserror : 1.5012624253232268e-09
using all peaks
using numerical
time : 0.02410807181149721
abserror : 0.00091582989933503
using all peaks
using numerical
time : 0.006983363069593906
abserror : 0.00016375763254158736
using all peaks
using numerical
time : 0.004459875635802746
abserror : 1.7821326378595487e-09
using all peaks
using numerical
time : 0.05074722599238157
abserror : 2.029476234884829e-08
using all peaks
using numerical
time : 0.011267038993537426
abserror : 6.946314809198489e-10
using all peaks
using numerical
time : 0.03696979861706495
abserror : 1.035916259416771e-06
using all peaks
using numerical
time : 0.011088140308856964
abserror : 1.2315276183459088e-09
using all peaks
using numerical
time : 0.0076814573258161545
abserror : 0.9962746805395
using all peaks
using numerical
time : 0.006916861981153488
abserror : 0.19291478875811663
using all peaks
using numerical
time : 0.010446642525494099
abserror : 2.3133915410387393e-09
using all peaks
using numerical
time : 0.030982104130089283
abserror : 8.165389968870783e-08
using all peaks
using numerical
time : 0.025728040374815464
abserror : 8.122861052658865e-09
using all peaks
using numerical
time : 0.047626106068491936
abserror : 6.114466951056052e-11
using all peaks
using numerical
time : 0.03756967093795538
abserror : 9.785901041413443e-10
using all peaks
using numerical
time : 0.012872821651399136
abserror : 1.1834578206704313e-09
using all peaks
using numerical
time : 0.03997636027634144
abserror : 2.2351862501490584e-10
using all peaks
using numerical
time : 0.011277132667601109
abserror : 6.648880778656514e-10
using all peaks
using numerical
time : 0.026849741116166115
abserror : 0.015069204540850478
using all peaks
using numerical
time : 0.036741784773766994
abserror : 3.322316886251469e-09
using all peaks
using numerical
time : 0.03129291534423828
abserror : 3.3938872459749806e-09
using all peaks
using numerical
time : 0.019314288161695004
abserror : 5.094972890529181e-06
using all peaks
using numerical
time : 0.02583554945886135
abserror : 7.228117582790692e-07
using all peaks
using numerical
time : 0.02961762808263302
abserror : 1.4580841666109352e-08
using all peaks
using numerical
time : 0.02073078043758869
abserror : 2.9403918194716334e-05
using all peaks
using numerical
time : 0.0095588443800807
abserror : 7.898155484797126e-09
using all peaks
using numerical
time : 0.001315993256866932
abserror : 2.139535852896029e-17
using all peaks
using numerical
time : 0.033768306486308575
abserror : 2.3165686943675154e-10
using all peaks
using numerical
time : 0.023019767366349697
abserror : 11.900936630281421
using all peaks
using numerical
time : 0.00859025027602911
abserror : 6.7932422715479725e-09
using all peaks
using numerical
time : 0.011078337207436562
abserror : 1.207234832742136e-08
using all peaks
using numerical
time : 0.028358938172459602
abserror : 1.366849733877555e-07
using all peaks
using numerical
time : 0.013079124502837658
abserror : 9.011067828544606e-09
using all peaks
using numerical
time : 0.03411990497261286
abserror : 9.866914142124188e-09
using all peaks
using numerical
time : 0.006882061250507832
abserror : 1.4962812048614387e+30
using all peaks
using numerical
time : 0.029551630839705467
abserror : 3.5337700069188793e-12
using all peaks
using numerical
time : 0.009686645120382309
abserror : 5.458993791798773e-09
using all peaks
using numerical
time : 0.009589144960045815
abserror : 6.6321709259917546e-09
using all peaks
using numerical
time : 0.011527935042977333
abserror : 7.019954410020775e-09
using all peaks
using numerical
time : 0.03440610412508249
abserror : 7.337966690464034e-10
using all peaks
using numerical
time : 0.007697755470871925
abserror : 1.3328453354888303e-08
using all peaks
using numerical
time : 0.018631983548402786
abserror : 0.0004614854127321941
using all peaks
using numerical
time : 0.013009718619287014
abserror : 2.4892744429273235e-09
using all peaks
using numerical
time : 0.016437198966741562
abserror : 2.151510041161276e-13
using all peaks
using numerical
time : 0.021268771030008793
abserror : 0.0004326475034078098
using all peaks
using numerical
time : 0.021317170932888985
abserror : 6.251209107144107e-09
using all peaks
using numerical
time : 0.024145654402673244
abserror : 1.1109724451813571e-08
using all peaks
using numerical
time : 0.007692753337323666
abserror : 76453428004864.0
using all peaks
using numerical
time : 0.0038076788187026978
abserror : 2.66857170527501e-15
using all peaks
using numerical
time : 0.036345585249364376
abserror : 9.657599540455613e-09
