using all peaks
using numerical
time : 0.02773889247328043
abserror : 7.209224815886739e-10
using all peaks
using numerical
time : 0.012104964815080166
abserror : 3.2906791867772444e-08
using all peaks
using numerical
time : 0.031014252454042435
abserror : 1.1284151957006625e-08
using all peaks
using numerical
time : 0.02185545489192009
abserror : 9.688648014861442e-07
using all peaks
using numerical
time : 0.0536059970036149
abserror : 2.129018254623151e-10
using all peaks
using numerical
time : 0.022845043800771236
abserror : 1.5866682723155584e-07
using all peaks
using numerical
time : 0.012871555052697659
abserror : 9.282834715906875e-09
using all peaks
using numerical
time : 0.0369392829015851
abserror : 5.596542863073313e-09
using all peaks
using numerical
time : 0.003917055204510689
abserror : 3.1682889929518023e-10
using all peaks
using numerical
time : 0.017833298072218895
abserror : 0.3078023573361861
using all peaks
using numerical
time : 0.009167296811938286
abserror : 9.834604325102734e-11
using all peaks
using numerical
time : 0.04792245663702488
abserror : 9.708628419522013e-09
using all peaks
using numerical
time : 0.02801438234746456
abserror : 1.6432201356856788e-07
using all peaks
using numerical
time : 0.031585341319441795
abserror : 4.9285405380958145e-09
using all peaks
using numerical
time : 0.009745988994836807
abserror : 1.4568114227690071e-09
using all peaks
using numerical
time : 0.012368259951472282
abserror : 9.130371306234702e-10
using all peaks
using numerical
time : 0.008165907114744186
abserror : 1.787687286898727e-06
using all peaks
using numerical
time : 0.03162564057856798
abserror : 7.374168293493664e-07
using all peaks
using numerical
time : 0.02928156778216362
abserror : 7.544818828910069e-09
using all peaks
using numerical
time : 0.012189261615276337
abserror : 9.735550663514323e-10
using all peaks
using numerical
time : 0.03262032847851515
abserror : 2.2199086530840147e-10
using all peaks
using numerical
time : 0.0072073182091116905
abserror : 7.685213005773073e-07
using all peaks
using numerical
time : 0.03193533606827259
abserror : 5.4690156275007834e-11
using all peaks
using numerical
time : 0.04838164895772934
abserror : 4.0312280484761966e-09
using all peaks
using numerical
time : 0.014773031696677208
abserror : 2.1589734938172115e-09
using all peaks
using numerical
time : 0.010884776711463928
abserror : 1.5927334232330525e-07
using all peaks
using numerical
time : 0.03565939236432314
abserror : 2.017373833177946e-06
using all peaks
using numerical
time : 0.009159395471215248
abserror : 1.5500673516546002e-08
using all peaks
using numerical
time : 0.033662717789411545
abserror : 1.352626155122347e-08
using all peaks
using numerical
time : 0.02320773620158434
abserror : 4.639816792864442e-05
using all peaks
using numerical
time : 0.04750645998865366
abserror : 1.7255866113507731e-09
using all peaks
using numerical
time : 0.012225260958075523
abserror : 5.442155963577557e-09
using all peaks
using numerical
time : 0.013178649358451366
abserror : 6.188616172168539e-11
using all peaks
using numerical
time : 0.016849707812070847
abserror : 2.3511834243872265e-05
using all peaks
using numerical
time : 0.012715455144643784
abserror : 1.2702817898791586e-11
using all peaks
using numerical
time : 0.004061352461576462
abserror : 0.0
using all peaks
using numerical
time : 0.02018017042428255
abserror : 158688.56176948547
using all peaks
using numerical
time : 0.018236491829156876
abserror : 6.315113079607564e+22
using all peaks
using numerical
time : 0.011590368114411831
abserror : 1.180424500820368e-08
using all peaks
using numerical
time : 0.03924005292356014
abserror : 2.7715390508687376e-10
using all peaks
using numerical
time : 0.04205112066119909
abserror : 4.305904294924704e-12
using all peaks
using numerical
time : 0.06265678536146879
abserror : 2.747202176811255e-10
using all peaks
using numerical
time : 0.009905887767672539
abserror : 5.386030653834525e-07
using all peaks
using numerical
time : 0.012708954513072968
abserror : 1.955207673841283e-08
using all peaks
using numerical
time : 0.03944425005465746
abserror : 4.716370375250015e-10
using all peaks
using numerical
time : 0.009382292628288269
abserror : 3.6935428518584704e+28
using all peaks
using numerical
time : 0.030244755558669567
abserror : 9.955164944751727e-08
using all peaks
using numerical
time : 0.008683101274073124
abserror : 0.00018399193483958725
using all peaks
using numerical
time : 0.02830817736685276
abserror : 6.46174154184402e-10
using all peaks
using numerical
time : 0.03105764649808407
abserror : 1.0782921051128447e-08
