using all peaks
using numerical
time : 0.004999151453375816
abserror : 2.6970241632739392e-08
using all peaks
using numerical
time : 0.0047585489228367805
abserror : 1.5014349293602335e-07
using all peaks
using numerical
time : 0.0043630450963974
abserror : 7.890207692389887e-09
using all peaks
using numerical
time : 0.005096351727843285
abserror : 9.42123090253714e-09
using all peaks
using numerical
time : 0.005329755134880543
abserror : 1.3534817927331902e-08
using all peaks
using numerical
time : 0.006989572197198868
abserror : 7.520592279847138e-06
using all peaks
using numerical
time : 0.005208152346313
abserror : 11247430.416455984
using all peaks
using numerical
time : 0.004750148393213749
abserror : 6.607279962114345e-10
using all peaks
using numerical
time : 0.006992671638727188
abserror : 4.7276283232895944e-09
using all peaks
using numerical
time : 0.005466156639158726
abserror : 6.540175956757594
using all peaks
using numerical
time : 0.006382765248417854
abserror : 2.5267849343889017e-12
using all peaks
using numerical
time : 0.0037669390439987183
abserror : 3.849893148947172e-08
using all peaks
using numerical
time : 0.00435494352132082
abserror : 3.705170050882348e-10
using all peaks
using numerical
time : 0.006016561761498451
abserror : 1.9977700301532895e-09
using all peaks
using numerical
time : 0.006535566411912441
abserror : 1.3023138923170034e-08
using all peaks
using numerical
time : 0.005591057240962982
abserror : 3.6586838988127146e-09
using all peaks
using numerical
time : 0.007761978544294834
abserror : 4.3051701076356587e-10
using all peaks
using numerical
time : 0.005258255638182163
abserror : 1.7398934980920877e-06
using all peaks
using numerical
time : 0.004710949957370758
abserror : 9.591015457965358e-09
using all peaks
using numerical
time : 0.006559268571436405
abserror : 3.111280544522294e-09
using all peaks
using numerical
time : 0.006616768427193165
abserror : 1.2934050950017487e-08
using all peaks
using numerical
time : 0.007055574096739292
abserror : 1.0899821927452911e-08
using all peaks
using numerical
time : 0.011065014638006687
abserror : 2.1114039061566903e-08
using all peaks
using numerical
time : 0.007330775260925293
abserror : 3.13675979451926e-09
using all peaks
using numerical
time : 0.005594458431005478
abserror : 1.1431040225808051e-07
using all peaks
using numerical
time : 0.005240653641521931
abserror : 5.6484246667766084e-11
using all peaks
using numerical
time : 0.004615948535501957
abserror : 0.0015962443709388353
using all peaks
using numerical
time : 0.006119164638221264
abserror : 5.708434222957389e-10
using all peaks
using numerical
time : 0.004653147421777248
abserror : 9.090310259461192e-08
using all peaks
using numerical
time : 0.007135974243283272
abserror : 4.158213081589636e-09
using all peaks
using numerical
time : 0.00623516459017992
abserror : 2.765527414832353e-07
using all peaks
using numerical
time : 0.007113573141396046
abserror : 8.66818422817989e-09
using all peaks
using numerical
time : 0.007918882183730602
abserror : 3.001577275598916e-08
using all peaks
using numerical
time : 0.0062523651868104935
abserror : 5.511327754867455e-07
using all peaks
using numerical
time : 0.00436264555901289
abserror : 4.02138511681712e-09
using all peaks
using numerical
time : 0.005118653178215027
abserror : 8.14392803183621e-09
using all peaks
using numerical
time : 0.0059412624686956406
abserror : 7.452860929839446e-13
using all peaks
using numerical
time : 0.007070772349834442
abserror : 1.3134208670317658e-08
using all peaks
using numerical
time : 0.00840578693896532
abserror : 8.375948057729999e-11
using all peaks
using numerical
time : 0.005787258967757225
abserror : 3.098421595661126e-09
using all peaks
using numerical
time : 0.005236153490841389
abserror : 1.487876437972286e-08
using all peaks
using numerical
time : 0.006552967242896557
abserror : 3.9657320556837453e-10
using all peaks
using numerical
time : 0.005227053537964821
abserror : 8.171436044793982e-09
using all peaks
using numerical
time : 0.0092391949146986
abserror : 5.3523513969108874e-11
using all peaks
using numerical
time : 0.007522876374423504
abserror : 1.0222846583034101e-08
using all peaks
using numerical
time : 0.006909271702170372
abserror : 1.2582283997446627e-08
using all peaks
using numerical
time : 0.00343183521181345
abserror : 2.234373950305013e-06
using all peaks
using numerical
time : 0.006641767919063568
abserror : 8.604088453227336e-09
using all peaks
using numerical
time : 0.00704767182469368
abserror : 4.195737557301932e-09
using all peaks
using numerical
time : 0.005767159163951874
abserror : 1.4653031793253805e-08
