using all peaks
using numerical
time : 0.0029878390014346223
abserror : 1.2918254811551363e-08
using all peaks
using numerical
time : 0.0031511229972238652
abserror : 1.0394829786900407e-08
using all peaks
using numerical
time : 0.003118059001280926
abserror : 2.7312035944972423e-11
using all peaks
using numerical
time : 0.002864969999791356
abserror : 8.899955927545268e-08
using all peaks
using numerical
time : 0.003179531999194296
abserror : 4.5415610432452416e-09
using all peaks
using numerical
time : 0.003603383000154281
abserror : 2.15286147555453e-10
using all peaks
using numerical
time : 0.002917082001658855
abserror : 1.4176079458710629e-08
using all peaks
using numerical
time : 0.003172475000610575
abserror : 3.088757308715399e-10
using all peaks
using numerical
time : 0.002195675999246305
abserror : 3.375406197597686e-05
using all peaks
using numerical
time : 0.004269109998858767
abserror : 6.423023542101041e-10
using all peaks
using numerical
time : 0.004653231997508556
abserror : 9.145288801896685e-10
using all peaks
using numerical
time : 0.001962997997907223
abserror : 1.5542474149704208e-06
using all peaks
using numerical
time : 0.0021786690012959298
abserror : 3.29043524212695e-09
using all peaks
using numerical
time : 0.00035432399818091653
abserror : 3.997026617597445e-10
using all peaks
using numerical
time : 0.002380898000410525
abserror : 3.818539491717328e-10
using all peaks
using numerical
time : 0.003620927996962564
abserror : 1.378790179847218e-11
using all peaks
using numerical
time : 0.000358643002982717
abserror : 1.0367414944819346e-11
using all peaks
using numerical
time : 0.0038732979992346372
abserror : 3.497651198433377e-10
using all peaks
using numerical
time : 0.002657771998201497
abserror : 4.107231934535675e-10
using all peaks
using numerical
time : 0.0019751989966607653
abserror : 1.2643686418834886e-08
using all peaks
using numerical
time : 0.0024510459988960065
abserror : 1.3134010652587058e-09
using all peaks
using numerical
time : 0.003171304000716191
abserror : 1.2194763982176761e-12
using all peaks
using numerical
time : 0.00312092799867969
abserror : 1.3261802934355215e-08
using all peaks
using numerical
time : 0.0025742780017026234
abserror : 7.073363244637878e-10
using all peaks
using numerical
time : 0.002164741999877151
abserror : 8.45832452907257
using all peaks
using numerical
time : 0.0017676079987722915
abserror : 8.424623141201765e-08
using all peaks
using numerical
time : 0.0021535309970204253
abserror : 4.096704897743218e+19
using all peaks
using numerical
time : 0.003117103002296062
abserror : 1.679528603548543e-07
using all peaks
using numerical
time : 0.003155472000798909
abserror : 1.9190915945399875e-11
using all peaks
using numerical
time : 0.002524912000808399
abserror : 7.675964650344047e-08
using all peaks
using numerical
time : 0.0026516139987506904
abserror : 1.296427878120087e-08
using all peaks
using numerical
time : 0.001975932998902863
abserror : 8.38588363166924e-09
using all peaks
using numerical
time : 0.004180053001618944
abserror : 4.7201756141400255e-09
using all peaks
using numerical
time : 0.0031182099992292933
abserror : 6.365545677393327e-09
using all peaks
using numerical
time : 0.003338735998113407
abserror : 1.6191105634403722e-09
using all peaks
using numerical
time : 0.00172381200172822
abserror : 102.46931509417755
using all peaks
using numerical
time : 0.0022263079990807455
abserror : 2.5496812687817262e-09
using all peaks
using numerical
time : 0.002320391999091953
abserror : 1.2764042755097488e-10
using all peaks
using numerical
time : 0.003132562000246253
abserror : 4.450832017058467e-09
using all peaks
using numerical
time : 0.0029575280022982042
abserror : 1.4420639916946975e-09
using all peaks
using numerical
time : 0.002009296000323957
abserror : 11346.07665348053
using all peaks
using numerical
time : 0.0022428189986385405
abserror : 2.4055700858878675
using all peaks
using numerical
time : 0.003798495999944862
abserror : 1.2390119500670703e-07
using all peaks
using numerical
time : 0.00452472899996792
abserror : 9.89946818454003e-12
using all peaks
using numerical
time : 0.0022237160010263324
abserror : 1.519405515696411e-09
using all peaks
using numerical
time : 0.0029027249984210357
abserror : 4.113744773631273e-09
using all peaks
using numerical
time : 0.0022419340020860545
abserror : 7.176040311414734e-09
using all peaks
using numerical
time : 0.0031332540020230226
abserror : 4.847126959207424e-12
using all peaks
using numerical
time : 0.0024631980013509747
abserror : 7.948811567070628e-09
using all peaks
using numerical
time : 0.0022992029989836738
abserror : 8.350054611594828e-06
