using all peaks
using numerical
time : 0.016600321047008038
abserror : 3.564296816143536e-05
using all peaks
using numerical
time : 0.0066716670989990234
abserror : 5.749792494486039e-06
using all peaks
using numerical
time : 0.04012920055538416
abserror : 8.419443440510442e-08
using all peaks
using numerical
time : 0.009305175393819809
abserror : 2.2500895684132565e-06
using all peaks
using numerical
time : 0.03791397716850042
abserror : 3.0567777498027075e-13
using all peaks
using numerical
time : 0.02428975235670805
abserror : 2.593620311847067e-05
using all peaks
using numerical
time : 0.012872250750660896
abserror : 1.9976533374941378e-10
using all peaks
using numerical
time : 0.019257628358900547
abserror : 4.819860612006644e-11
using all peaks
using numerical
time : 0.008496303111314774
abserror : 9.94789855572863e-09
using all peaks
using numerical
time : 0.008575300686061382
abserror : 9.593428049000184e-09
using all peaks
using numerical
time : 0.008306408300995827
abserror : 0.18001891006804271
using all peaks
using numerical
time : 0.023540476337075233
abserror : 2.20815645315751e-05
using all peaks
using numerical
time : 0.02376026939600706
abserror : 3.69851874378258e-08
using all peaks
using numerical
time : 0.012094576843082905
abserror : 9.956150169985035e-09
using all peaks
using numerical
time : 0.024133557453751564
abserror : 5.117837226445759e-10
using all peaks
using numerical
time : 0.040188996121287346
abserror : 1.0662158218947545e-08
using all peaks
using numerical
time : 0.028723396360874176
abserror : 5.084575864625943e-09
using all peaks
using numerical
time : 0.02835820894688368
abserror : 9.648410804398467e-06
using all peaks
using numerical
time : 0.011028215289115906
abserror : 7.997850204476521e-09
using all peaks
using numerical
time : 0.020487483590841293
abserror : 1.2750862848931442e-07
using all peaks
using numerical
time : 0.014046309515833855
abserror : 6.255590556600803e-10
using all peaks
using numerical
time : 0.030436336062848568
abserror : 6.87765587295198e-10
using all peaks
using numerical
time : 0.010787922888994217
abserror : 1.1358294493936804e-09
using all peaks
using numerical
time : 0.008412506431341171
abserror : 1.0505521889611668e-06
using all peaks
using numerical
time : 0.01967211440205574
abserror : 0.05079458610322263
using all peaks
using numerical
time : 0.010574430227279663
abserror : 2.554444861567473e-05
using all peaks
using numerical
time : 0.03092542104423046
abserror : 1.4385150005602588e-08
using all peaks
using numerical
time : 0.013648822903633118
abserror : 4.996073608136424e-09
using all peaks
using numerical
time : 0.011727890931069851
abserror : 2.2865070157623675e-08
using all peaks
using numerical
time : 0.007641533389687538
abserror : 0.019835442526272118
using all peaks
using numerical
time : 0.025315115228295326
abserror : 4.672643191867263e-09
using all peaks
using numerical
time : 0.021635345183312893
abserror : 8.21880014176599e-10
using all peaks
using numerical
time : 0.010075747966766357
abserror : 5.472787543931339e+18
using all peaks
using numerical
time : 0.032377468422055244
abserror : 8.039710899409266e-09
using all peaks
using numerical
time : 0.009681961499154568
abserror : 8.625455857647377e-09
using all peaks
using numerical
time : 0.006872960366308689
abserror : 9.057386349471805e-05
using all peaks
using numerical
time : 0.0014887480065226555
abserror : 1.3091906135881833e-09
using all peaks
using numerical
time : 0.01733009424060583
abserror : 9.883666232431284e-09
using all peaks
using numerical
time : 0.01597204152494669
abserror : 1.5967763313975845e-08
using all peaks
using numerical
time : 0.010340937413275242
abserror : 2.243534336721233e-10
using all peaks
using numerical
time : 0.01370182167738676
abserror : 2.492286556220621e-09
using all peaks
using numerical
time : 0.02280560415238142
abserror : 1.088930169526256e-06
using all peaks
using numerical
time : 0.02456344198435545
abserror : 2.15406136592275e-09
using all peaks
using numerical
time : 0.015606855042278767
abserror : 1.5179077474201e-09
using all peaks
using numerical
time : 0.01862414926290512
abserror : 1.0808873478771255e-08
using all peaks
using numerical
time : 0.0080519188195467
abserror : 3234053.178276062
using all peaks
using numerical
time : 0.02429515216499567
abserror : 6.984647629025128e-08
using all peaks
using numerical
time : 0.001542746089398861
abserror : 9.664926096040925e-14
using all peaks
using numerical
time : 0.009660361334681511
abserror : 1.602499832874596e-05
using all peaks
using numerical
time : 0.018997836858034134
abserror : 3.779801203627717e-12
