000 (45926347.009.000) 2026-05-07 23:27:45 Job submitted from host: <10.5.0.107:9618?addrs=10.5.0.107-9618&alias=sugwg-login.syr.edu&noUDP&sock=schedd_1361_1c7c>
...
001 (45926347.009.000) 2026-05-07 23:28:02 Job executing on host: <10.5.244.37:9618?addrs=10.5.244.37-9618&alias=CRUSH-OG-10-5-244-37&noUDP&sock=startd_2172495_72b6>
...
006 (45926347.009.000) 2026-05-07 23:28:11 Image size of job updated: 67248
	38  -  MemoryUsage of job (MB)
	38340  -  ResidentSetSize of job (KB)
...
006 (45926347.009.000) 2026-05-07 23:33:12 Image size of job updated: 1641820
	314  -  MemoryUsage of job (MB)
	320568  -  ResidentSetSize of job (KB)
...
006 (45926347.009.000) 2026-05-07 23:38:13 Image size of job updated: 1641820
	329  -  MemoryUsage of job (MB)
	336616  -  ResidentSetSize of job (KB)
...
006 (45926347.009.000) 2026-05-07 23:58:14 Image size of job updated: 1641820
	426  -  MemoryUsage of job (MB)
	435420  -  ResidentSetSize of job (KB)
...
006 (45926347.009.000) 2026-05-08 00:08:15 Image size of job updated: 1641820
	857  -  MemoryUsage of job (MB)
	876724  -  ResidentSetSize of job (KB)
...
006 (45926347.009.000) 2026-05-08 00:53:19 Image size of job updated: 1641820
	857  -  MemoryUsage of job (MB)
	877380  -  ResidentSetSize of job (KB)
...
005 (45926347.009.000) 2026-05-08 01:11:24 Job terminated.
	(1) Normal termination (return value 0)
		Usr 0 01:34:52, Sys 0 00:09:36  -  Run Remote Usage
		Usr 0 00:00:00, Sys 0 00:00:00  -  Run Local Usage
		Usr 0 01:34:52, Sys 0 00:09:36  -  Total Remote Usage
		Usr 0 00:00:00, Sys 0 00:00:00  -  Total Local Usage
	0  -  Run Bytes Sent By Job
	0  -  Run Bytes Received By Job
	0  -  Total Bytes Sent By Job
	0  -  Total Bytes Received By Job
	Partitionable Resources :    Usage  Request Allocated 
	   Cpus                 :     1.00        6         6 
	   Disk (KB)            :     1           1     27378 
	   Memory (MB)          :   857        2048      2048 

	Job terminated of its own accord at 2026-05-08T05:11:24Z with exit-code 0.
...
