000 (45926347.004.000) 2026-05-07 23:27:45 Job submitted from host: <10.5.0.107:9618?addrs=10.5.0.107-9618&alias=sugwg-login.syr.edu&noUDP&sock=schedd_1361_1c7c>
...
001 (45926347.004.000) 2026-05-07 23:27:57 Job executing on host: <10.5.207.48:9618?addrs=10.5.207.48-9618&alias=CRUSH-OG-10-5-207-48&noUDP&sock=startd_1528_a8cd>
...
006 (45926347.004.000) 2026-05-07 23:28:06 Image size of job updated: 367256
	148  -  MemoryUsage of job (MB)
	150604  -  ResidentSetSize of job (KB)
...
006 (45926347.004.000) 2026-05-07 23:33:07 Image size of job updated: 1613232
	294  -  MemoryUsage of job (MB)
	300328  -  ResidentSetSize of job (KB)
...
006 (45926347.004.000) 2026-05-07 23:38:08 Image size of job updated: 1613232
	454  -  MemoryUsage of job (MB)
	464396  -  ResidentSetSize of job (KB)
...
006 (45926347.004.000) 2026-05-07 23:43:08 Image size of job updated: 1646128
	454  -  MemoryUsage of job (MB)
	464396  -  ResidentSetSize of job (KB)
...
005 (45926347.004.000) 2026-05-07 23:51:35 Job terminated.
	(1) Normal termination (return value 0)
		Usr 0 00:21:59, Sys 0 00:02:40  -  Run Remote Usage
		Usr 0 00:00:00, Sys 0 00:00:00  -  Run Local Usage
		Usr 0 00:21:59, Sys 0 00:02:40  -  Total Remote Usage
		Usr 0 00:00:00, Sys 0 00:00:00  -  Total Local Usage
	0  -  Run Bytes Sent By Job
	0  -  Run Bytes Received By Job
	0  -  Total Bytes Sent By Job
	0  -  Total Bytes Received By Job
	Partitionable Resources :    Usage  Request Allocated 
	   Cpus                 :     1.04        6         6 
	   Disk (KB)            :     1           1     27203 
	   Memory (MB)          :   454        2048      2048 

	Job terminated of its own accord at 2026-05-08T03:51:34Z with exit-code 0.
...
