000 (45926347.008.000) 2026-05-07 23:27:45 Job submitted from host: <10.5.0.107:9618?addrs=10.5.0.107-9618&alias=sugwg-login.syr.edu&noUDP&sock=schedd_1361_1c7c>
...
001 (45926347.008.000) 2026-05-07 23:27:57 Job executing on host: <10.5.215.177:9618?addrs=10.5.215.177-9618&alias=OG-NODE-10-5-215-177&noUDP&sock=startd_1228_e263>
...
006 (45926347.008.000) 2026-05-07 23:28:06 Image size of job updated: 138364
	86  -  MemoryUsage of job (MB)
	87940  -  ResidentSetSize of job (KB)
...
006 (45926347.008.000) 2026-05-07 23:33:07 Image size of job updated: 1578324
	425  -  MemoryUsage of job (MB)
	434340  -  ResidentSetSize of job (KB)
...
006 (45926347.008.000) 2026-05-07 23:38:08 Image size of job updated: 1578324
	442  -  MemoryUsage of job (MB)
	452468  -  ResidentSetSize of job (KB)
...
006 (45926347.008.000) 2026-05-07 23:43:09 Image size of job updated: 1642008
	442  -  MemoryUsage of job (MB)
	452468  -  ResidentSetSize of job (KB)
...
006 (45926347.008.000) 2026-05-07 23:58:10 Image size of job updated: 1644056
	442  -  MemoryUsage of job (MB)
	452468  -  ResidentSetSize of job (KB)
...
005 (45926347.008.000) 2026-05-08 00:06:51 Job terminated.
	(1) Normal termination (return value 0)
		Usr 0 00:36:01, Sys 0 00:03:47  -  Run Remote Usage
		Usr 0 00:00:00, Sys 0 00:00:00  -  Run Local Usage
		Usr 0 00:36:01, Sys 0 00:03:47  -  Total Remote Usage
		Usr 0 00:00:00, Sys 0 00:00:00  -  Total Local Usage
	0  -  Run Bytes Sent By Job
	0  -  Run Bytes Received By Job
	0  -  Total Bytes Sent By Job
	0  -  Total Bytes Received By Job
	Partitionable Resources :    Usage  Request Allocated 
	   Cpus                 :     1.00        6         6 
	   Disk (KB)            :     1           1     13657 
	   Memory (MB)          :   442        2048      2048 

	Job terminated of its own accord at 2026-05-08T04:06:51Z with exit-code 0.
...
