000 (45926347.006.000) 2026-05-07 23:27:45 Job submitted from host: <10.5.0.107:9618?addrs=10.5.0.107-9618&alias=sugwg-login.syr.edu&noUDP&sock=schedd_1361_1c7c>
...
001 (45926347.006.000) 2026-05-07 23:28:02 Job executing on host: <10.5.212.224:9618?addrs=10.5.212.224-9618&alias=CRUSH-OG-10-5-212-224&noUDP&sock=startd_1398707_3db3>
...
006 (45926347.006.000) 2026-05-07 23:28:10 Image size of job updated: 361588
	59  -  MemoryUsage of job (MB)
	60144  -  ResidentSetSize of job (KB)
...
006 (45926347.006.000) 2026-05-07 23:33:10 Image size of job updated: 1550608
	337  -  MemoryUsage of job (MB)
	344960  -  ResidentSetSize of job (KB)
...
006 (45926347.006.000) 2026-05-07 23:38:11 Image size of job updated: 1554192
	476  -  MemoryUsage of job (MB)
	487008  -  ResidentSetSize of job (KB)
...
006 (45926347.006.000) 2026-05-07 23:43:12 Image size of job updated: 1554192
	484  -  MemoryUsage of job (MB)
	495200  -  ResidentSetSize of job (KB)
...
005 (45926347.006.000) 2026-05-07 23:55:01 Job terminated.
	(1) Normal termination (return value 0)
		Usr 0 00:25:42, Sys 0 00:02:49  -  Run Remote Usage
		Usr 0 00:00:00, Sys 0 00:00:00  -  Run Local Usage
		Usr 0 00:25:42, Sys 0 00:02:49  -  Total Remote Usage
		Usr 0 00:00:00, Sys 0 00:00:00  -  Total Local Usage
	0  -  Run Bytes Sent By Job
	0  -  Run Bytes Received By Job
	0  -  Total Bytes Sent By Job
	0  -  Total Bytes Received By Job
	Partitionable Resources :    Usage  Request Allocated 
	   Cpus                 :     1.03        6         6 
	   Disk (KB)            :     1           1     27747 
	   Memory (MB)          :   484        2048      2048 

	Job terminated of its own accord at 2026-05-08T03:55:01Z with exit-code 0.
...
