000 (45926347.000.000) 2026-05-07 23:27:45 Job submitted from host: <10.5.0.107:9618?addrs=10.5.0.107-9618&alias=sugwg-login.syr.edu&noUDP&sock=schedd_1361_1c7c>
...
001 (45926347.000.000) 2026-05-07 23:27:57 Job executing on host: <10.5.190.252:9618?addrs=10.5.190.252-9618&alias=CRUSH-OG-10-5-190-252&noUDP&sock=startd_1535_75f7>
...
006 (45926347.000.000) 2026-05-07 23:28:06 Image size of job updated: 95044
	93  -  MemoryUsage of job (MB)
	95044  -  ResidentSetSize of job (KB)
...
006 (45926347.000.000) 2026-05-07 23:33:07 Image size of job updated: 1553628
	334  -  MemoryUsage of job (MB)
	341748  -  ResidentSetSize of job (KB)
...
006 (45926347.000.000) 2026-05-07 23:38:08 Image size of job updated: 1615072
	485  -  MemoryUsage of job (MB)
	495956  -  ResidentSetSize of job (KB)
...
006 (45926347.000.000) 2026-05-07 23:43:08 Image size of job updated: 1615072
	508  -  MemoryUsage of job (MB)
	520172  -  ResidentSetSize of job (KB)
...
006 (45926347.000.000) 2026-05-07 23:48:08 Image size of job updated: 1615072
	515  -  MemoryUsage of job (MB)
	526772  -  ResidentSetSize of job (KB)
...
005 (45926347.000.000) 2026-05-08 00:03:25 Job terminated.
	(1) Normal termination (return value 0)
		Usr 0 00:33:54, Sys 0 00:03:15  -  Run Remote Usage
		Usr 0 00:00:00, Sys 0 00:00:00  -  Run Local Usage
		Usr 0 00:33:54, Sys 0 00:03:15  -  Total Remote Usage
		Usr 0 00:00:00, Sys 0 00:00:00  -  Total Local Usage
	0  -  Run Bytes Sent By Job
	0  -  Run Bytes Received By Job
	0  -  Total Bytes Sent By Job
	0  -  Total Bytes Received By Job
	Partitionable Resources :    Usage  Request Allocated 
	   Cpus                 :     1.11        6         6 
	   Disk (KB)            :     1           1     27251 
	   Memory (MB)          :   515        2048      2048 

	Job terminated of its own accord at 2026-05-08T04:03:25Z with exit-code 0.
...
