000 (45926347.005.000) 2026-05-07 23:27:45 Job submitted from host: <10.5.0.107:9618?addrs=10.5.0.107-9618&alias=sugwg-login.syr.edu&noUDP&sock=schedd_1361_1c7c>
...
001 (45926347.005.000) 2026-05-07 23:27:57 Job executing on host: <10.5.170.92:9618?addrs=10.5.170.92-9618&alias=OG-NODE-10-5-170-92&noUDP&sock=startd_1525_9a04>
...
006 (45926347.005.000) 2026-05-07 23:28:06 Image size of job updated: 344072
	58  -  MemoryUsage of job (MB)
	59148  -  ResidentSetSize of job (KB)
...
006 (45926347.005.000) 2026-05-07 23:33:07 Image size of job updated: 1586512
	324  -  MemoryUsage of job (MB)
	331772  -  ResidentSetSize of job (KB)
...
006 (45926347.005.000) 2026-05-07 23:43:08 Image size of job updated: 1621332
	426  -  MemoryUsage of job (MB)
	435208  -  ResidentSetSize of job (KB)
...
006 (45926347.005.000) 2026-05-07 23:48:08 Image size of job updated: 1621332
	698  -  MemoryUsage of job (MB)
	714260  -  ResidentSetSize of job (KB)
...
006 (45926347.005.000) 2026-05-07 23:53:09 Image size of job updated: 1621332
	860  -  MemoryUsage of job (MB)
	879684  -  ResidentSetSize of job (KB)
...
006 (45926347.005.000) 2026-05-07 23:58:09 Image size of job updated: 1625428
	860  -  MemoryUsage of job (MB)
	879684  -  ResidentSetSize of job (KB)
...
005 (45926347.005.000) 2026-05-08 00:02:53 Job terminated.
	(1) Normal termination (return value 0)
		Usr 0 00:32:12, Sys 0 00:03:33  -  Run Remote Usage
		Usr 0 00:00:00, Sys 0 00:00:00  -  Run Local Usage
		Usr 0 00:32:12, Sys 0 00:03:33  -  Total Remote Usage
		Usr 0 00:00:00, Sys 0 00:00:00  -  Total Local Usage
	0  -  Run Bytes Sent By Job
	0  -  Run Bytes Received By Job
	0  -  Total Bytes Sent By Job
	0  -  Total Bytes Received By Job
	Partitionable Resources :    Usage  Request Allocated 
	   Cpus                 :     1.03        6         6 
	   Disk (KB)            :     1           1     23543 
	   Memory (MB)          :   860        2048      2048 

	Job terminated of its own accord at 2026-05-08T04:02:53Z with exit-code 0.
...
