000 (45926347.003.000) 2026-05-07 23:27:45 Job submitted from host: <10.5.0.107:9618?addrs=10.5.0.107-9618&alias=sugwg-login.syr.edu&noUDP&sock=schedd_1361_1c7c>
...
001 (45926347.003.000) 2026-05-07 23:27:52 Job executing on host: <10.5.200.60:9618?addrs=10.5.200.60-9618&alias=OG-NODE-10-5-200-60&noUDP&sock=startd_1689_178c>
...
006 (45926347.003.000) 2026-05-07 23:28:00 Image size of job updated: 340156
	158  -  MemoryUsage of job (MB)
	160848  -  ResidentSetSize of job (KB)
...
006 (45926347.003.000) 2026-05-07 23:33:00 Image size of job updated: 1673496
	459  -  MemoryUsage of job (MB)
	469176  -  ResidentSetSize of job (KB)
...
006 (45926347.003.000) 2026-05-07 23:38:00 Image size of job updated: 1673496
	459  -  MemoryUsage of job (MB)
	469836  -  ResidentSetSize of job (KB)
...
005 (45926347.003.000) 2026-05-07 23:52:18 Job terminated.
	(1) Normal termination (return value 0)
		Usr 0 00:22:32, Sys 0 00:02:42  -  Run Remote Usage
		Usr 0 00:00:00, Sys 0 00:00:00  -  Run Local Usage
		Usr 0 00:22:32, Sys 0 00:02:42  -  Total Remote Usage
		Usr 0 00:00:00, Sys 0 00:00:00  -  Total Local Usage
	0  -  Run Bytes Sent By Job
	0  -  Run Bytes Received By Job
	0  -  Total Bytes Sent By Job
	0  -  Total Bytes Received By Job
	Partitionable Resources :    Usage  Request Allocated 
	   Cpus                 :     1.03        6         6 
	   Disk (KB)            :     1           1     13180 
	   Memory (MB)          :   459        2048      2048 

	Job terminated of its own accord at 2026-05-08T03:52:18Z with exit-code 0.
...
