000 (45924162.006.000) 2026-05-07 22:54:08 Job submitted from host: <10.5.0.107:9618?addrs=10.5.0.107-9618&alias=sugwg-login.syr.edu&noUDP&sock=schedd_1361_1c7c>
...
001 (45924162.006.000) 2026-05-07 22:54:26 Job executing on host: <10.5.203.11:9618?addrs=10.5.203.11-9618&alias=OG-NODE-10-5-203-11&noUDP&sock=startd_1496_b5c5>
...
006 (45924162.006.000) 2026-05-07 22:54:34 Image size of job updated: 135016
	83  -  MemoryUsage of job (MB)
	84724  -  ResidentSetSize of job (KB)
...
006 (45924162.006.000) 2026-05-07 22:59:34 Image size of job updated: 1625552
	393  -  MemoryUsage of job (MB)
	401628  -  ResidentSetSize of job (KB)
...
006 (45924162.006.000) 2026-05-07 23:04:35 Image size of job updated: 1625552
	837  -  MemoryUsage of job (MB)
	856068  -  ResidentSetSize of job (KB)
...
006 (45924162.006.000) 2026-05-07 23:19:37 Image size of job updated: 1629648
	837  -  MemoryUsage of job (MB)
	856068  -  ResidentSetSize of job (KB)
...
005 (45924162.006.000) 2026-05-07 23:28:43 Job terminated.
	(1) Normal termination (return value 0)
		Usr 0 00:32:42, Sys 0 00:03:06  -  Run Remote Usage
		Usr 0 00:00:00, Sys 0 00:00:00  -  Run Local Usage
		Usr 0 00:32:42, Sys 0 00:03:06  -  Total Remote Usage
		Usr 0 00:00:00, Sys 0 00:00:00  -  Total Local Usage
	0  -  Run Bytes Sent By Job
	0  -  Run Bytes Received By Job
	0  -  Total Bytes Sent By Job
	0  -  Total Bytes Received By Job
	Partitionable Resources :    Usage  Request Allocated 
	   Cpus                 :     1.01        6         6 
	   Disk (KB)            :     1           1     18410 
	   Memory (MB)          :   837        2048      2048 

	Job terminated of its own accord at 2026-05-08T03:28:43Z with exit-code 0.
...
