000 (45924162.009.000) 2026-05-07 22:54:08 Job submitted from host: <10.5.0.107:9618?addrs=10.5.0.107-9618&alias=sugwg-login.syr.edu&noUDP&sock=schedd_1361_1c7c>
...
001 (45924162.009.000) 2026-05-07 22:54:26 Job executing on host: <10.5.199.49:9618?addrs=10.5.199.49-9618&alias=OG-NODE-10-5-199-49&noUDP&sock=startd_1499_c48e>
...
006 (45924162.009.000) 2026-05-07 22:54:35 Image size of job updated: 360184
	41  -  MemoryUsage of job (MB)
	41888  -  ResidentSetSize of job (KB)
...
006 (45924162.009.000) 2026-05-07 22:59:36 Image size of job updated: 1500468
	248  -  MemoryUsage of job (MB)
	253140  -  ResidentSetSize of job (KB)
...
006 (45924162.009.000) 2026-05-07 23:04:37 Image size of job updated: 1500468
	359  -  MemoryUsage of job (MB)
	367112  -  ResidentSetSize of job (KB)
...
006 (45924162.009.000) 2026-05-07 23:09:37 Image size of job updated: 1611676
	759  -  MemoryUsage of job (MB)
	776408  -  ResidentSetSize of job (KB)
...
005 (45924162.009.000) 2026-05-07 23:34:42 Job terminated.
	(1) Normal termination (return value 0)
		Usr 0 00:38:30, Sys 0 00:03:35  -  Run Remote Usage
		Usr 0 00:00:00, Sys 0 00:00:00  -  Run Local Usage
		Usr 0 00:38:30, Sys 0 00:03:35  -  Total Remote Usage
		Usr 0 00:00:00, Sys 0 00:00:00  -  Total Local Usage
	0  -  Run Bytes Sent By Job
	0  -  Run Bytes Received By Job
	0  -  Total Bytes Sent By Job
	0  -  Total Bytes Received By Job
	Partitionable Resources :    Usage  Request Allocated 
	   Cpus                 :     1.07        6         6 
	   Disk (KB)            :     1           1     17613 
	   Memory (MB)          :   759        2048      2048 

	Job terminated of its own accord at 2026-05-08T03:34:42Z with exit-code 0.
...
