000 (45924162.007.000) 2026-05-07 22:54:08 Job submitted from host: <10.5.0.107:9618?addrs=10.5.0.107-9618&alias=sugwg-login.syr.edu&noUDP&sock=schedd_1361_1c7c>
...
001 (45924162.007.000) 2026-05-07 22:54:26 Job executing on host: <10.5.211.38:9618?addrs=10.5.211.38-9618&alias=OG-NODE-10-5-211-38&noUDP&sock=startd_1250_f979>
...
006 (45924162.007.000) 2026-05-07 22:54:34 Image size of job updated: 79984
	50  -  MemoryUsage of job (MB)
	50284  -  ResidentSetSize of job (KB)
...
006 (45924162.007.000) 2026-05-07 22:59:34 Image size of job updated: 1611716
	453  -  MemoryUsage of job (MB)
	463524  -  ResidentSetSize of job (KB)
...
006 (45924162.007.000) 2026-05-07 23:04:35 Image size of job updated: 1638084
	453  -  MemoryUsage of job (MB)
	463524  -  ResidentSetSize of job (KB)
...
006 (45924162.007.000) 2026-05-07 23:09:36 Image size of job updated: 1640772
	453  -  MemoryUsage of job (MB)
	463524  -  ResidentSetSize of job (KB)
...
006 (45924162.007.000) 2026-05-07 23:34:38 Image size of job updated: 1657544
	576  -  MemoryUsage of job (MB)
	589208  -  ResidentSetSize of job (KB)
...
006 (45924162.007.000) 2026-05-07 23:35:37 Image size of job updated: 1657544
	584  -  MemoryUsage of job (MB)
	597400  -  ResidentSetSize of job (KB)
...
005 (45924162.007.000) 2026-05-07 23:35:37 Job terminated.
	(1) Normal termination (return value 0)
		Usr 0 00:38:51, Sys 0 00:03:29  -  Run Remote Usage
		Usr 0 00:00:00, Sys 0 00:00:00  -  Run Local Usage
		Usr 0 00:38:51, Sys 0 00:03:29  -  Total Remote Usage
		Usr 0 00:00:00, Sys 0 00:00:00  -  Total Local Usage
	0  -  Run Bytes Sent By Job
	0  -  Run Bytes Received By Job
	0  -  Total Bytes Sent By Job
	0  -  Total Bytes Received By Job
	Partitionable Resources :    Usage  Request Allocated 
	   Cpus                 :     1.01        6         6 
	   Disk (KB)            :     1           1     15757 
	   Memory (MB)          :   584        2048      2048 

	Job terminated of its own accord at 2026-05-08T03:35:37Z with exit-code 0.
...
