000 (45924162.005.000) 2026-05-07 22:54:08 Job submitted from host: <10.5.0.107:9618?addrs=10.5.0.107-9618&alias=sugwg-login.syr.edu&noUDP&sock=schedd_1361_1c7c>
...
001 (45924162.005.000) 2026-05-07 22:54:26 Job executing on host: <10.5.231.71:9618?addrs=10.5.231.71-9618&alias=OG-NODE-10-5-231-71&noUDP&sock=startd_1490_9833>
...
006 (45924162.005.000) 2026-05-07 22:54:34 Image size of job updated: 281824
	46  -  MemoryUsage of job (MB)
	46180  -  ResidentSetSize of job (KB)
...
006 (45924162.005.000) 2026-05-07 22:59:34 Image size of job updated: 1615544
	227  -  MemoryUsage of job (MB)
	231440  -  ResidentSetSize of job (KB)
...
006 (45924162.005.000) 2026-05-07 23:04:35 Image size of job updated: 1615544
	421  -  MemoryUsage of job (MB)
	430824  -  ResidentSetSize of job (KB)
...
006 (45924162.005.000) 2026-05-07 23:09:36 Image size of job updated: 1615544
	422  -  MemoryUsage of job (MB)
	431484  -  ResidentSetSize of job (KB)
...
005 (45924162.005.000) 2026-05-07 23:28:49 Job terminated.
	(1) Normal termination (return value 0)
		Usr 0 00:32:48, Sys 0 00:03:18  -  Run Remote Usage
		Usr 0 00:00:00, Sys 0 00:00:00  -  Run Local Usage
		Usr 0 00:32:48, Sys 0 00:03:18  -  Total Remote Usage
		Usr 0 00:00:00, Sys 0 00:00:00  -  Total Local Usage
	0  -  Run Bytes Sent By Job
	0  -  Run Bytes Received By Job
	0  -  Total Bytes Sent By Job
	0  -  Total Bytes Received By Job
	Partitionable Resources :    Usage  Request Allocated 
	   Cpus                 :     1.05        6         6 
	   Disk (KB)            :     1           1     15567 
	   Memory (MB)          :   422        2048      2048 

	Job terminated of its own accord at 2026-05-08T03:28:49Z with exit-code 0.
...
