000 (45924162.000.000) 2026-05-07 22:54:08 Job submitted from host: <10.5.0.107:9618?addrs=10.5.0.107-9618&alias=sugwg-login.syr.edu&noUDP&sock=schedd_1361_1c7c>
...
001 (45924162.000.000) 2026-05-07 22:54:21 Job executing on host: <10.5.43.4:9618?addrs=10.5.43.4-9618&alias=AS-CSD1209D-S1-its-u20-nfs-20210413&noUDP&sock=startd_894_c9c2>
...
006 (45924162.000.000) 2026-05-07 22:54:29 Image size of job updated: 37352
	19  -  MemoryUsage of job (MB)
	18740  -  ResidentSetSize of job (KB)
...
006 (45924162.000.000) 2026-05-07 22:59:29 Image size of job updated: 1677992
	322  -  MemoryUsage of job (MB)
	329348  -  ResidentSetSize of job (KB)
...
006 (45924162.000.000) 2026-05-07 23:04:29 Image size of job updated: 1677992
	432  -  MemoryUsage of job (MB)
	441892  -  ResidentSetSize of job (KB)
...
006 (45924162.000.000) 2026-05-07 23:09:30 Image size of job updated: 1677992
	438  -  MemoryUsage of job (MB)
	448360  -  ResidentSetSize of job (KB)
...
005 (45924162.000.000) 2026-05-07 23:14:16 Job terminated.
	(1) Normal termination (return value 0)
		Usr 0 00:24:23, Sys 0 00:01:02  -  Run Remote Usage
		Usr 0 00:00:00, Sys 0 00:00:00  -  Run Local Usage
		Usr 0 00:24:23, Sys 0 00:01:02  -  Total Remote Usage
		Usr 0 00:00:00, Sys 0 00:00:00  -  Total Local Usage
	0  -  Run Bytes Sent By Job
	0  -  Run Bytes Received By Job
	0  -  Total Bytes Sent By Job
	0  -  Total Bytes Received By Job
	Partitionable Resources :    Usage  Request Allocated 
	   Cpus                 :     1.27        6         6 
	   Disk (KB)            :     1           1     31084 
	   Memory (MB)          :   438        2048      2048 

	Job terminated of its own accord at 2026-05-08T03:14:16Z with exit-code 0.
...
