000 (45924162.004.000) 2026-05-07 22:54:08 Job submitted from host: <10.5.0.107:9618?addrs=10.5.0.107-9618&alias=sugwg-login.syr.edu&noUDP&sock=schedd_1361_1c7c>
...
001 (45924162.004.000) 2026-05-07 22:54:26 Job executing on host: <10.5.212.201:9618?addrs=10.5.212.201-9618&alias=OG-NODE-10-5-212-201&noUDP&sock=startd_1238_be56>
...
006 (45924162.004.000) 2026-05-07 22:54:34 Image size of job updated: 76112
	46  -  MemoryUsage of job (MB)
	46148  -  ResidentSetSize of job (KB)
...
006 (45924162.004.000) 2026-05-07 22:59:34 Image size of job updated: 1482544
	230  -  MemoryUsage of job (MB)
	235084  -  ResidentSetSize of job (KB)
...
006 (45924162.004.000) 2026-05-07 23:04:35 Image size of job updated: 1612012
	686  -  MemoryUsage of job (MB)
	701692  -  ResidentSetSize of job (KB)
...
006 (45924162.004.000) 2026-05-07 23:19:36 Image size of job updated: 1612012
	850  -  MemoryUsage of job (MB)
	870032  -  ResidentSetSize of job (KB)
...
005 (45924162.004.000) 2026-05-07 23:33:49 Job terminated.
	(1) Normal termination (return value 0)
		Usr 0 00:36:57, Sys 0 00:03:28  -  Run Remote Usage
		Usr 0 00:00:00, Sys 0 00:00:00  -  Run Local Usage
		Usr 0 00:36:57, Sys 0 00:03:28  -  Total Remote Usage
		Usr 0 00:00:00, Sys 0 00:00:00  -  Total Local Usage
	0  -  Run Bytes Sent By Job
	0  -  Run Bytes Received By Job
	0  -  Total Bytes Sent By Job
	0  -  Total Bytes Received By Job
	Partitionable Resources :    Usage  Request Allocated 
	   Cpus                 :     1.00        6         6 
	   Disk (KB)            :     1           1     13775 
	   Memory (MB)          :   850        2048      2048 

	Job terminated of its own accord at 2026-05-08T03:33:49Z with exit-code 0.
...
