000 (45924162.002.000) 2026-05-07 22:54:08 Job submitted from host: <10.5.0.107:9618?addrs=10.5.0.107-9618&alias=sugwg-login.syr.edu&noUDP&sock=schedd_1361_1c7c>
...
001 (45924162.002.000) 2026-05-07 22:54:21 Job executing on host: <10.5.24.3:9618?addrs=10.5.24.3-9618&alias=AS-TOLLEY-304-S1-its-u20-nfs-20210413&noUDP&sock=startd_870_537c>
...
006 (45924162.002.000) 2026-05-07 22:54:29 Image size of job updated: 44824
	22  -  MemoryUsage of job (MB)
	22120  -  ResidentSetSize of job (KB)
...
006 (45924162.002.000) 2026-05-07 22:59:29 Image size of job updated: 1508812
	249  -  MemoryUsage of job (MB)
	254012  -  ResidentSetSize of job (KB)
...
006 (45924162.002.000) 2026-05-07 23:04:29 Image size of job updated: 1554380
	249  -  MemoryUsage of job (MB)
	254012  -  ResidentSetSize of job (KB)
...
006 (45924162.002.000) 2026-05-07 23:09:30 Image size of job updated: 1615824
	922  -  MemoryUsage of job (MB)
	943896  -  ResidentSetSize of job (KB)
...
005 (45924162.002.000) 2026-05-07 23:23:55 Job terminated.
	(1) Normal termination (return value 0)
		Usr 0 00:34:01, Sys 0 00:01:06  -  Run Remote Usage
		Usr 0 00:00:00, Sys 0 00:00:00  -  Run Local Usage
		Usr 0 00:34:01, Sys 0 00:01:06  -  Total Remote Usage
		Usr 0 00:00:00, Sys 0 00:00:00  -  Total Local Usage
	0  -  Run Bytes Sent By Job
	0  -  Run Bytes Received By Job
	0  -  Total Bytes Sent By Job
	0  -  Total Bytes Received By Job
	Partitionable Resources :    Usage  Request Allocated 
	   Cpus                 :     1.25        6         6 
	   Disk (KB)            :     1           1     31084 
	   Memory (MB)          :   922        2048      2048 

	Job terminated of its own accord at 2026-05-08T03:23:55Z with exit-code 0.
...
