000 (45924162.003.000) 2026-05-07 22:54:08 Job submitted from host: <10.5.0.107:9618?addrs=10.5.0.107-9618&alias=sugwg-login.syr.edu&noUDP&sock=schedd_1361_1c7c>
...
001 (45924162.003.000) 2026-05-07 22:54:26 Job executing on host: <10.5.215.96:9618?addrs=10.5.215.96-9618&alias=OG-NODE-10-5-215-96&noUDP&sock=startd_1236_5f25>
...
006 (45924162.003.000) 2026-05-07 22:54:34 Image size of job updated: 285440
	42  -  MemoryUsage of job (MB)
	42008  -  ResidentSetSize of job (KB)
...
006 (45924162.003.000) 2026-05-07 22:59:34 Image size of job updated: 1571308
	444  -  MemoryUsage of job (MB)
	454296  -  ResidentSetSize of job (KB)
...
006 (45924162.003.000) 2026-05-07 23:04:35 Image size of job updated: 1640652
	444  -  MemoryUsage of job (MB)
	454296  -  ResidentSetSize of job (KB)
...
006 (45924162.003.000) 2026-05-07 23:24:38 Image size of job updated: 1640652
	840  -  MemoryUsage of job (MB)
	859828  -  ResidentSetSize of job (KB)
...
005 (45924162.003.000) 2026-05-07 23:42:55 Job terminated.
	(1) Normal termination (return value 0)
		Usr 0 00:45:55, Sys 0 00:03:50  -  Run Remote Usage
		Usr 0 00:00:00, Sys 0 00:00:00  -  Run Local Usage
		Usr 0 00:45:55, Sys 0 00:03:50  -  Total Remote Usage
		Usr 0 00:00:00, Sys 0 00:00:00  -  Total Local Usage
	0  -  Run Bytes Sent By Job
	0  -  Run Bytes Received By Job
	0  -  Total Bytes Sent By Job
	0  -  Total Bytes Received By Job
	Partitionable Resources :    Usage  Request Allocated 
	   Cpus                 :     1.16        6         6 
	   Disk (KB)            :     1           1     19228 
	   Memory (MB)          :   840        2048      2048 

	Job terminated of its own accord at 2026-05-08T03:42:55Z with exit-code 0.
...
