000 (45924162.008.000) 2026-05-07 22:54:08 Job submitted from host: <10.5.0.107:9618?addrs=10.5.0.107-9618&alias=sugwg-login.syr.edu&noUDP&sock=schedd_1361_1c7c>
...
001 (45924162.008.000) 2026-05-07 22:54:26 Job executing on host: <10.5.194.182:9618?addrs=10.5.194.182-9618&alias=OG-NODE-10-5-194-182&noUDP&sock=startd_1244_dbe7>
...
006 (45924162.008.000) 2026-05-07 22:54:34 Image size of job updated: 73876
	44  -  MemoryUsage of job (MB)
	44308  -  ResidentSetSize of job (KB)
...
006 (45924162.008.000) 2026-05-07 22:59:34 Image size of job updated: 1611688
	334  -  MemoryUsage of job (MB)
	341840  -  ResidentSetSize of job (KB)
...
006 (45924162.008.000) 2026-05-07 23:14:36 Image size of job updated: 1611688
	624  -  MemoryUsage of job (MB)
	638124  -  ResidentSetSize of job (KB)
...
006 (45924162.008.000) 2026-05-07 23:19:36 Image size of job updated: 1611688
	634  -  MemoryUsage of job (MB)
	648816  -  ResidentSetSize of job (KB)
...
005 (45924162.008.000) 2026-05-07 23:32:59 Job terminated.
	(1) Normal termination (return value 0)
		Usr 0 00:36:05, Sys 0 00:03:24  -  Run Remote Usage
		Usr 0 00:00:00, Sys 0 00:00:00  -  Run Local Usage
		Usr 0 00:36:05, Sys 0 00:03:24  -  Total Remote Usage
		Usr 0 00:00:00, Sys 0 00:00:00  -  Total Local Usage
	0  -  Run Bytes Sent By Job
	0  -  Run Bytes Received By Job
	0  -  Total Bytes Sent By Job
	0  -  Total Bytes Received By Job
	Partitionable Resources :    Usage  Request Allocated 
	   Cpus                 :     1.01        6         6 
	   Disk (KB)            :     1           1     23511 
	   Memory (MB)          :   634        2048      2048 

	Job terminated of its own accord at 2026-05-08T03:32:59Z with exit-code 0.
...
