000 (45926343.000.000) 2026-05-07 23:25:48 Job submitted from host: <10.5.0.107:9618?addrs=10.5.0.107-9618&alias=sugwg-login.syr.edu&noUDP&sock=schedd_1361_1c7c>
...
001 (45926343.000.000) 2026-05-07 23:26:09 Job executing on host: <10.5.210.217:9618?addrs=10.5.210.217-9618&alias=CRUSH-OG-10-5-210-217&noUDP&sock=startd_1272_108e>
...
006 (45926343.000.000) 2026-05-07 23:26:17 Image size of job updated: 276004
	41  -  MemoryUsage of job (MB)
	41832  -  ResidentSetSize of job (KB)
...
006 (45926343.000.000) 2026-05-07 23:31:17 Image size of job updated: 1500468
	314  -  MemoryUsage of job (MB)
	321488  -  ResidentSetSize of job (KB)
...
006 (45926343.000.000) 2026-05-07 23:36:18 Image size of job updated: 1616240
	314  -  MemoryUsage of job (MB)
	321488  -  ResidentSetSize of job (KB)
...
006 (45926343.000.000) 2026-05-07 23:41:19 Image size of job updated: 1616240
	318  -  MemoryUsage of job (MB)
	325520  -  ResidentSetSize of job (KB)
...
006 (45926343.000.000) 2026-05-08 00:01:20 Image size of job updated: 1616240
	586  -  MemoryUsage of job (MB)
	599712  -  ResidentSetSize of job (KB)
...
006 (45926343.000.000) 2026-05-08 00:06:20 Image size of job updated: 1616240
	592  -  MemoryUsage of job (MB)
	605388  -  ResidentSetSize of job (KB)
...
006 (45926343.000.000) 2026-05-08 00:16:22 Image size of job updated: 1616240
	855  -  MemoryUsage of job (MB)
	874824  -  ResidentSetSize of job (KB)
...
005 (45926343.000.000) 2026-05-08 00:19:48 Job terminated.
	(1) Normal termination (return value 0)
		Usr 0 00:51:14, Sys 0 00:03:48  -  Run Remote Usage
		Usr 0 00:00:00, Sys 0 00:00:00  -  Run Local Usage
		Usr 0 00:51:14, Sys 0 00:03:48  -  Total Remote Usage
		Usr 0 00:00:00, Sys 0 00:00:00  -  Total Local Usage
	0  -  Run Bytes Sent By Job
	0  -  Run Bytes Received By Job
	0  -  Total Bytes Sent By Job
	0  -  Total Bytes Received By Job
	Partitionable Resources :    Usage  Request Allocated 
	   Cpus                 :     1.05        6         6 
	   Disk (KB)            :     1           1     27097 
	   Memory (MB)          :   855        2048      2048 

	Job terminated of its own accord at 2026-05-08T04:19:48Z with exit-code 0.
...
