000 (45926343.007.000) 2026-05-07 23:25:48 Job submitted from host: <10.5.0.107:9618?addrs=10.5.0.107-9618&alias=sugwg-login.syr.edu&noUDP&sock=schedd_1361_1c7c>
...
001 (45926343.007.000) 2026-05-07 23:26:09 Job executing on host: <10.5.141.106:9618?addrs=10.5.141.106-9618&alias=CRUSH-OG-10-5-141-106&noUDP&sock=startd_127388_269a>
...
006 (45926343.007.000) 2026-05-07 23:26:18 Image size of job updated: 280044
	42  -  MemoryUsage of job (MB)
	42100  -  ResidentSetSize of job (KB)
...
006 (45926343.007.000) 2026-05-07 23:31:19 Image size of job updated: 1642064
	383  -  MemoryUsage of job (MB)
	391580  -  ResidentSetSize of job (KB)
...
006 (45926343.007.000) 2026-05-07 23:56:21 Image size of job updated: 1642064
	782  -  MemoryUsage of job (MB)
	800584  -  ResidentSetSize of job (KB)
...
005 (45926343.007.000) 2026-05-08 00:33:44 Job terminated.
	(1) Normal termination (return value 0)
		Usr 0 01:03:25, Sys 0 00:06:08  -  Run Remote Usage
		Usr 0 00:00:00, Sys 0 00:00:00  -  Run Local Usage
		Usr 0 01:03:25, Sys 0 00:06:08  -  Total Remote Usage
		Usr 0 00:00:00, Sys 0 00:00:00  -  Total Local Usage
	0  -  Run Bytes Sent By Job
	0  -  Run Bytes Received By Job
	0  -  Total Bytes Sent By Job
	0  -  Total Bytes Received By Job
	Partitionable Resources :    Usage  Request Allocated 
	   Cpus                 :     1.02        6         6 
	   Disk (KB)            :     1           1     27953 
	   Memory (MB)          :   782        2048      2048 

	Job terminated of its own accord at 2026-05-08T04:33:44Z with exit-code 0.
...
