000 (45926343.009.000) 2026-05-07 23:25:48 Job submitted from host: <10.5.0.107:9618?addrs=10.5.0.107-9618&alias=sugwg-login.syr.edu&noUDP&sock=schedd_1361_1c7c>
...
001 (45926343.009.000) 2026-05-07 23:26:09 Job executing on host: <10.5.212.172:9618?addrs=10.5.212.172-9618&alias=CRUSH-OG-10-5-212-172&noUDP&sock=startd_1534_c65e>
...
006 (45926343.009.000) 2026-05-07 23:26:17 Image size of job updated: 329168
	63  -  MemoryUsage of job (MB)
	64144  -  ResidentSetSize of job (KB)
...
006 (45926343.009.000) 2026-05-07 23:31:17 Image size of job updated: 1610252
	372  -  MemoryUsage of job (MB)
	380908  -  ResidentSetSize of job (KB)
...
006 (45926343.009.000) 2026-05-07 23:36:18 Image size of job updated: 1616396
	380  -  MemoryUsage of job (MB)
	389100  -  ResidentSetSize of job (KB)
...
005 (45926343.009.000) 2026-05-07 23:58:45 Job terminated.
	(1) Normal termination (return value 0)
		Usr 0 00:30:26, Sys 0 00:03:04  -  Run Remote Usage
		Usr 0 00:00:00, Sys 0 00:00:00  -  Run Local Usage
		Usr 0 00:30:26, Sys 0 00:03:04  -  Total Remote Usage
		Usr 0 00:00:00, Sys 0 00:00:00  -  Total Local Usage
	0  -  Run Bytes Sent By Job
	0  -  Run Bytes Received By Job
	0  -  Total Bytes Sent By Job
	0  -  Total Bytes Received By Job
	Partitionable Resources :    Usage  Request Allocated 
	   Cpus                 :     1.04        6         6 
	   Disk (KB)            :     1           1     27246 
	   Memory (MB)          :   380        2048      2048 

	Job terminated of its own accord at 2026-05-08T03:58:45Z with exit-code 0.
...
