000 (45926343.005.000) 2026-05-07 23:25:48 Job submitted from host: <10.5.0.107:9618?addrs=10.5.0.107-9618&alias=sugwg-login.syr.edu&noUDP&sock=schedd_1361_1c7c>
...
001 (45926343.005.000) 2026-05-07 23:26:09 Job executing on host: <10.5.215.244:9618?addrs=10.5.215.244-9618&alias=CRUSH-OG-10-5-215-244&noUDP&sock=startd_1536_258f>
...
006 (45926343.005.000) 2026-05-07 23:26:17 Image size of job updated: 353688
	55  -  MemoryUsage of job (MB)
	55940  -  ResidentSetSize of job (KB)
...
006 (45926343.005.000) 2026-05-07 23:31:17 Image size of job updated: 1519436
	267  -  MemoryUsage of job (MB)
	272556  -  ResidentSetSize of job (KB)
...
006 (45926343.005.000) 2026-05-07 23:36:18 Image size of job updated: 1621328
	279  -  MemoryUsage of job (MB)
	284932  -  ResidentSetSize of job (KB)
...
006 (45926343.005.000) 2026-05-07 23:46:18 Image size of job updated: 1621328
	697  -  MemoryUsage of job (MB)
	713220  -  ResidentSetSize of job (KB)
...
005 (45926343.005.000) 2026-05-08 00:02:03 Job terminated.
	(1) Normal termination (return value 0)
		Usr 0 00:34:43, Sys 0 00:03:14  -  Run Remote Usage
		Usr 0 00:00:00, Sys 0 00:00:00  -  Run Local Usage
		Usr 0 00:34:43, Sys 0 00:03:14  -  Total Remote Usage
		Usr 0 00:00:00, Sys 0 00:00:00  -  Total Local Usage
	0  -  Run Bytes Sent By Job
	0  -  Run Bytes Received By Job
	0  -  Total Bytes Sent By Job
	0  -  Total Bytes Received By Job
	Partitionable Resources :    Usage  Request Allocated 
	   Cpus                 :     1.05        6         6 
	   Disk (KB)            :     1           1     27056 
	   Memory (MB)          :   697        2048      2048 

	Job terminated of its own accord at 2026-05-08T04:02:03Z with exit-code 0.
...
