000 (45926343.002.000) 2026-05-07 23:25:48 Job submitted from host: <10.5.0.107:9618?addrs=10.5.0.107-9618&alias=sugwg-login.syr.edu&noUDP&sock=schedd_1361_1c7c>
...
001 (45926343.002.000) 2026-05-07 23:26:09 Job executing on host: <10.5.233.190:9618?addrs=10.5.233.190-9618&alias=CRUSH-OG-10-5-233-190&noUDP&sock=startd_1537_d527>
...
006 (45926343.002.000) 2026-05-07 23:26:17 Image size of job updated: 376136
	58  -  MemoryUsage of job (MB)
	58380  -  ResidentSetSize of job (KB)
...
006 (45926343.002.000) 2026-05-07 23:31:17 Image size of job updated: 1625388
	229  -  MemoryUsage of job (MB)
	234048  -  ResidentSetSize of job (KB)
...
006 (45926343.002.000) 2026-05-07 23:36:18 Image size of job updated: 1625388
	923  -  MemoryUsage of job (MB)
	944144  -  ResidentSetSize of job (KB)
...
005 (45926343.002.000) 2026-05-07 23:59:14 Job terminated.
	(1) Normal termination (return value 0)
		Usr 0 00:31:02, Sys 0 00:03:04  -  Run Remote Usage
		Usr 0 00:00:00, Sys 0 00:00:00  -  Run Local Usage
		Usr 0 00:31:02, Sys 0 00:03:04  -  Total Remote Usage
		Usr 0 00:00:00, Sys 0 00:00:00  -  Total Local Usage
	0  -  Run Bytes Sent By Job
	0  -  Run Bytes Received By Job
	0  -  Total Bytes Sent By Job
	0  -  Total Bytes Received By Job
	Partitionable Resources :    Usage  Request Allocated 
	   Cpus                 :     1.00        6         6 
	   Disk (KB)            :     1           1     27246 
	   Memory (MB)          :   923        2048      2048 

	Job terminated of its own accord at 2026-05-08T03:59:14Z with exit-code 0.
...
