000 (45924166.005.000) 2026-05-07 22:56:02 Job submitted from host: <10.5.0.107:9618?addrs=10.5.0.107-9618&alias=sugwg-login.syr.edu&noUDP&sock=schedd_1361_1c7c>
...
001 (45924166.005.000) 2026-05-07 22:56:23 Job executing on host: <10.5.199.111:9618?addrs=10.5.199.111-9618&alias=OG-NODE-10-5-199-111&noUDP&sock=startd_1224_2402>
...
006 (45924166.005.000) 2026-05-07 22:56:32 Image size of job updated: 112444
	70  -  MemoryUsage of job (MB)
	70732  -  ResidentSetSize of job (KB)
...
006 (45924166.005.000) 2026-05-07 23:01:33 Image size of job updated: 1674020
	430  -  MemoryUsage of job (MB)
	439696  -  ResidentSetSize of job (KB)
...
006 (45924166.005.000) 2026-05-07 23:06:34 Image size of job updated: 1674020
	434  -  MemoryUsage of job (MB)
	443792  -  ResidentSetSize of job (KB)
...
006 (45924166.005.000) 2026-05-07 23:16:35 Image size of job updated: 1683880
	434  -  MemoryUsage of job (MB)
	443792  -  ResidentSetSize of job (KB)
...
006 (45924166.005.000) 2026-05-07 23:26:36 Image size of job updated: 1687164
	693  -  MemoryUsage of job (MB)
	708660  -  ResidentSetSize of job (KB)
...
005 (45924166.005.000) 2026-05-07 23:34:10 Job terminated.
	(1) Normal termination (return value 0)
		Usr 0 00:35:35, Sys 0 00:03:16  -  Run Remote Usage
		Usr 0 00:00:00, Sys 0 00:00:00  -  Run Local Usage
		Usr 0 00:35:35, Sys 0 00:03:16  -  Total Remote Usage
		Usr 0 00:00:00, Sys 0 00:00:00  -  Total Local Usage
	0  -  Run Bytes Sent By Job
	0  -  Run Bytes Received By Job
	0  -  Total Bytes Sent By Job
	0  -  Total Bytes Received By Job
	Partitionable Resources :    Usage  Request Allocated 
	   Cpus                 :     1.06        6         6 
	   Disk (KB)            :     1           1     13657 
	   Memory (MB)          :   693        2048      2048 

	Job terminated of its own accord at 2026-05-08T03:34:10Z with exit-code 0.
...
