000 (45924166.000.000) 2026-05-07 22:56:02 Job submitted from host: <10.5.0.107:9618?addrs=10.5.0.107-9618&alias=sugwg-login.syr.edu&noUDP&sock=schedd_1361_1c7c>
...
001 (45924166.000.000) 2026-05-07 22:56:23 Job executing on host: <10.5.211.137:9618?addrs=10.5.211.137-9618&alias=OG-NODE-10-5-211-137&noUDP&sock=startd_1492_f764>
...
006 (45924166.000.000) 2026-05-07 22:56:32 Image size of job updated: 274132
	42  -  MemoryUsage of job (MB)
	42260  -  ResidentSetSize of job (KB)
...
006 (45924166.000.000) 2026-05-07 23:01:33 Image size of job updated: 1638496
	238  -  MemoryUsage of job (MB)
	243556  -  ResidentSetSize of job (KB)
...
006 (45924166.000.000) 2026-05-07 23:06:34 Image size of job updated: 1638496
	853  -  MemoryUsage of job (MB)
	873260  -  ResidentSetSize of job (KB)
...
005 (45924166.000.000) 2026-05-07 23:29:05 Job terminated.
	(1) Normal termination (return value 0)
		Usr 0 00:30:44, Sys 0 00:02:48  -  Run Remote Usage
		Usr 0 00:00:00, Sys 0 00:00:00  -  Run Local Usage
		Usr 0 00:30:44, Sys 0 00:02:48  -  Total Remote Usage
		Usr 0 00:00:00, Sys 0 00:00:00  -  Total Local Usage
	0  -  Run Bytes Sent By Job
	0  -  Run Bytes Received By Job
	0  -  Total Bytes Sent By Job
	0  -  Total Bytes Received By Job
	Partitionable Resources :    Usage  Request Allocated 
	   Cpus                 :     1.05        6         6 
	   Disk (KB)            :     1           1     18490 
	   Memory (MB)          :   853        2048      2048 

	Job terminated of its own accord at 2026-05-08T03:29:05Z with exit-code 0.
...
