000 (45924166.003.000) 2026-05-07 22:56:02 Job submitted from host: <10.5.0.107:9618?addrs=10.5.0.107-9618&alias=sugwg-login.syr.edu&noUDP&sock=schedd_1361_1c7c>
...
001 (45924166.003.000) 2026-05-07 22:56:23 Job executing on host: <10.5.199.20:9618?addrs=10.5.199.20-9618&alias=OG-NODE-10-5-199-20&noUDP&sock=startd_1231_f12c>
...
006 (45924166.003.000) 2026-05-07 22:56:32 Image size of job updated: 361840
	81  -  MemoryUsage of job (MB)
	82476  -  ResidentSetSize of job (KB)
...
006 (45924166.003.000) 2026-05-07 23:01:33 Image size of job updated: 1173560
	322  -  MemoryUsage of job (MB)
	329636  -  ResidentSetSize of job (KB)
...
006 (45924166.003.000) 2026-05-07 23:11:34 Image size of job updated: 1173560
	437  -  MemoryUsage of job (MB)
	447200  -  ResidentSetSize of job (KB)
...
006 (45924166.003.000) 2026-05-07 23:16:34 Image size of job updated: 1173560
	609  -  MemoryUsage of job (MB)
	623224  -  ResidentSetSize of job (KB)
...
006 (45924166.003.000) 2026-05-07 23:21:35 Image size of job updated: 1173560
	613  -  MemoryUsage of job (MB)
	627448  -  ResidentSetSize of job (KB)
...
006 (45924166.003.000) 2026-05-07 23:26:36 Image size of job updated: 1543008
	613  -  MemoryUsage of job (MB)
	627448  -  ResidentSetSize of job (KB)
...
006 (45924166.003.000) 2026-05-07 23:31:36 Image size of job updated: 1620836
	613  -  MemoryUsage of job (MB)
	627448  -  ResidentSetSize of job (KB)
...
005 (45924166.003.000) 2026-05-07 23:34:02 Job terminated.
	(1) Normal termination (return value 0)
		Usr 0 00:35:33, Sys 0 00:03:16  -  Run Remote Usage
		Usr 0 00:00:00, Sys 0 00:00:00  -  Run Local Usage
		Usr 0 00:35:33, Sys 0 00:03:16  -  Total Remote Usage
		Usr 0 00:00:00, Sys 0 00:00:00  -  Total Local Usage
	0  -  Run Bytes Sent By Job
	0  -  Run Bytes Received By Job
	0  -  Total Bytes Sent By Job
	0  -  Total Bytes Received By Job
	Partitionable Resources :    Usage  Request Allocated 
	   Cpus                 :     1.01        6         6 
	   Disk (KB)            :     1           1     13184 
	   Memory (MB)          :   613        2048      2048 

	Job terminated of its own accord at 2026-05-08T03:34:02Z with exit-code 0.
...
