000 (45924166.006.000) 2026-05-07 22:56:02 Job submitted from host: <10.5.0.107:9618?addrs=10.5.0.107-9618&alias=sugwg-login.syr.edu&noUDP&sock=schedd_1361_1c7c>
...
001 (45924166.006.000) 2026-05-07 22:56:23 Job executing on host: <10.5.200.214:9618?addrs=10.5.200.214-9618&alias=OG-NODE-10-5-200-214&noUDP&sock=startd_1235_af8d>
...
006 (45924166.006.000) 2026-05-07 22:56:32 Image size of job updated: 276004
	52  -  MemoryUsage of job (MB)
	52548  -  ResidentSetSize of job (KB)
...
006 (45924166.006.000) 2026-05-07 23:01:33 Image size of job updated: 1219044
	477  -  MemoryUsage of job (MB)
	488276  -  ResidentSetSize of job (KB)
...
006 (45924166.006.000) 2026-05-07 23:06:34 Image size of job updated: 1219044
	478  -  MemoryUsage of job (MB)
	489332  -  ResidentSetSize of job (KB)
...
006 (45924166.006.000) 2026-05-07 23:11:34 Image size of job updated: 1579168
	478  -  MemoryUsage of job (MB)
	489332  -  ResidentSetSize of job (KB)
...
006 (45924166.006.000) 2026-05-07 23:16:34 Image size of job updated: 1646308
	478  -  MemoryUsage of job (MB)
	489332  -  ResidentSetSize of job (KB)
...
006 (45924166.006.000) 2026-05-07 23:31:36 Image size of job updated: 1646308
	856  -  MemoryUsage of job (MB)
	875680  -  ResidentSetSize of job (KB)
...
005 (45924166.006.000) 2026-05-07 23:34:45 Job terminated.
	(1) Normal termination (return value 0)
		Usr 0 00:36:01, Sys 0 00:03:18  -  Run Remote Usage
		Usr 0 00:00:00, Sys 0 00:00:00  -  Run Local Usage
		Usr 0 00:36:01, Sys 0 00:03:18  -  Total Remote Usage
		Usr 0 00:00:00, Sys 0 00:00:00  -  Total Local Usage
	0  -  Run Bytes Sent By Job
	0  -  Run Bytes Received By Job
	0  -  Total Bytes Sent By Job
	0  -  Total Bytes Received By Job
	Partitionable Resources :    Usage  Request Allocated 
	   Cpus                 :     1.05        6         6 
	   Disk (KB)            :     1           1     18395 
	   Memory (MB)          :   856        2048      2048 

	Job terminated of its own accord at 2026-05-08T03:34:45Z with exit-code 0.
...
