000 (45924166.002.000) 2026-05-07 22:56:02 Job submitted from host: <10.5.0.107:9618?addrs=10.5.0.107-9618&alias=sugwg-login.syr.edu&noUDP&sock=schedd_1361_1c7c>
...
001 (45924166.002.000) 2026-05-07 22:56:28 Job executing on host: <10.5.153.41:9618?addrs=10.5.153.41-9618&alias=CRUSH-OG-10-5-153-41&noUDP&sock=startd_3260531_a527>
...
006 (45924166.002.000) 2026-05-07 22:56:37 Image size of job updated: 430308
	73  -  MemoryUsage of job (MB)
	74712  -  ResidentSetSize of job (KB)
...
006 (45924166.002.000) 2026-05-07 23:01:38 Image size of job updated: 1578276
	383  -  MemoryUsage of job (MB)
	391696  -  ResidentSetSize of job (KB)
...
006 (45924166.002.000) 2026-05-07 23:06:39 Image size of job updated: 1578276
	469  -  MemoryUsage of job (MB)
	479296  -  ResidentSetSize of job (KB)
...
006 (45924166.002.000) 2026-05-07 23:11:39 Image size of job updated: 1578276
	766  -  MemoryUsage of job (MB)
	783580  -  ResidentSetSize of job (KB)
...
006 (45924166.002.000) 2026-05-07 23:26:41 Image size of job updated: 1597864
	766  -  MemoryUsage of job (MB)
	783580  -  ResidentSetSize of job (KB)
...
005 (45924166.002.000) 2026-05-07 23:30:14 Job terminated.
	(1) Normal termination (return value 0)
		Usr 0 00:31:34, Sys 0 00:03:14  -  Run Remote Usage
		Usr 0 00:00:00, Sys 0 00:00:00  -  Run Local Usage
		Usr 0 00:31:34, Sys 0 00:03:14  -  Total Remote Usage
		Usr 0 00:00:00, Sys 0 00:00:00  -  Total Local Usage
	0  -  Run Bytes Sent By Job
	0  -  Run Bytes Received By Job
	0  -  Total Bytes Sent By Job
	0  -  Total Bytes Received By Job
	Partitionable Resources :    Usage  Request Allocated 
	   Cpus                 :     1.05        6         6 
	   Disk (KB)            :     1           1     27402 
	   Memory (MB)          :   766        2048      2048 

	Job terminated of its own accord at 2026-05-08T03:30:14Z with exit-code 0.
...
