000 (45924166.001.000) 2026-05-07 22:56:02 Job submitted from host: <10.5.0.107:9618?addrs=10.5.0.107-9618&alias=sugwg-login.syr.edu&noUDP&sock=schedd_1361_1c7c>
...
001 (45924166.001.000) 2026-05-07 22:56:23 Job executing on host: <10.5.211.109:9618?addrs=10.5.211.109-9618&alias=OG-NODE-10-5-211-109&noUDP&sock=startd_1232_a0c4>
...
006 (45924166.001.000) 2026-05-07 22:56:32 Image size of job updated: 342764
	40  -  MemoryUsage of job (MB)
	40240  -  ResidentSetSize of job (KB)
...
006 (45924166.001.000) 2026-05-07 23:01:33 Image size of job updated: 1578992
	211  -  MemoryUsage of job (MB)
	215696  -  ResidentSetSize of job (KB)
...
006 (45924166.001.000) 2026-05-07 23:06:34 Image size of job updated: 1616560
	694  -  MemoryUsage of job (MB)
	710192  -  ResidentSetSize of job (KB)
...
006 (45924166.001.000) 2026-05-07 23:11:34 Image size of job updated: 1616596
	694  -  MemoryUsage of job (MB)
	710192  -  ResidentSetSize of job (KB)
...
005 (45924166.001.000) 2026-05-07 23:35:31 Job terminated.
	(1) Normal termination (return value 0)
		Usr 0 00:36:35, Sys 0 00:03:31  -  Run Remote Usage
		Usr 0 00:00:00, Sys 0 00:00:00  -  Run Local Usage
		Usr 0 00:36:35, Sys 0 00:03:31  -  Total Remote Usage
		Usr 0 00:00:00, Sys 0 00:00:00  -  Total Local Usage
	0  -  Run Bytes Sent By Job
	0  -  Run Bytes Received By Job
	0  -  Total Bytes Sent By Job
	0  -  Total Bytes Received By Job
	Partitionable Resources :    Usage  Request Allocated 
	   Cpus                 :     1.00        6         6 
	   Disk (KB)            :     1           1     14294 
	   Memory (MB)          :   694        2048      2048 

	Job terminated of its own accord at 2026-05-08T03:35:31Z with exit-code 0.
...
