000 (45924166.009.000) 2026-05-07 22:56:02 Job submitted from host: <10.5.0.107:9618?addrs=10.5.0.107-9618&alias=sugwg-login.syr.edu&noUDP&sock=schedd_1361_1c7c>
...
001 (45924166.009.000) 2026-05-07 22:56:28 Job executing on host: <10.5.207.204:9618?addrs=10.5.207.204-9618&alias=CRUSH-OG-10-5-207-204&noUDP&sock=startd_1523_3ad4>
...
006 (45924166.009.000) 2026-05-07 22:56:37 Image size of job updated: 290496
	45  -  MemoryUsage of job (MB)
	45284  -  ResidentSetSize of job (KB)
...
006 (45924166.009.000) 2026-05-07 23:01:38 Image size of job updated: 1554224
	548  -  MemoryUsage of job (MB)
	561108  -  ResidentSetSize of job (KB)
...
006 (45924166.009.000) 2026-05-07 23:06:39 Image size of job updated: 1608500
	549  -  MemoryUsage of job (MB)
	561636  -  ResidentSetSize of job (KB)
...
006 (45924166.009.000) 2026-05-07 23:16:40 Image size of job updated: 1621300
	549  -  MemoryUsage of job (MB)
	561636  -  ResidentSetSize of job (KB)
...
005 (45924166.009.000) 2026-05-07 23:30:16 Job terminated.
	(1) Normal termination (return value 0)
		Usr 0 00:31:37, Sys 0 00:03:07  -  Run Remote Usage
		Usr 0 00:00:00, Sys 0 00:00:00  -  Run Local Usage
		Usr 0 00:31:37, Sys 0 00:03:07  -  Total Remote Usage
		Usr 0 00:00:00, Sys 0 00:00:00  -  Total Local Usage
	0  -  Run Bytes Sent By Job
	0  -  Run Bytes Received By Job
	0  -  Total Bytes Sent By Job
	0  -  Total Bytes Received By Job
	Partitionable Resources :    Usage  Request Allocated 
	   Cpus                 :     1.01        6         6 
	   Disk (KB)            :     1           1     27452 
	   Memory (MB)          :   549        2048      2048 

	Job terminated of its own accord at 2026-05-08T03:30:16Z with exit-code 0.
...
