000 (45924166.008.000) 2026-05-07 22:56:02 Job submitted from host: <10.5.0.107:9618?addrs=10.5.0.107-9618&alias=sugwg-login.syr.edu&noUDP&sock=schedd_1361_1c7c>
...
001 (45924166.008.000) 2026-05-07 22:56:23 Job executing on host: <10.5.220.234:9618?addrs=10.5.220.234-9618&alias=OG-NODE-10-5-220-234&noUDP&sock=startd_1247_eab0>
...
006 (45924166.008.000) 2026-05-07 22:56:31 Image size of job updated: 103180
	65  -  MemoryUsage of job (MB)
	66220  -  ResidentSetSize of job (KB)
...
006 (45924166.008.000) 2026-05-07 23:01:32 Image size of job updated: 1137532
	345  -  MemoryUsage of job (MB)
	352364  -  ResidentSetSize of job (KB)
...
006 (45924166.008.000) 2026-05-07 23:06:33 Image size of job updated: 1604636
	799  -  MemoryUsage of job (MB)
	817372  -  ResidentSetSize of job (KB)
...
006 (45924166.008.000) 2026-05-07 23:11:33 Image size of job updated: 1604636
	801  -  MemoryUsage of job (MB)
	819616  -  ResidentSetSize of job (KB)
...
006 (45924166.008.000) 2026-05-07 23:16:33 Image size of job updated: 1609436
	801  -  MemoryUsage of job (MB)
	819616  -  ResidentSetSize of job (KB)
...
006 (45924166.008.000) 2026-05-07 23:26:35 Image size of job updated: 1611552
	801  -  MemoryUsage of job (MB)
	819616  -  ResidentSetSize of job (KB)
...
005 (45924166.008.000) 2026-05-07 23:33:08 Job terminated.
	(1) Normal termination (return value 0)
		Usr 0 00:34:29, Sys 0 00:03:08  -  Run Remote Usage
		Usr 0 00:00:00, Sys 0 00:00:00  -  Run Local Usage
		Usr 0 00:34:29, Sys 0 00:03:08  -  Total Remote Usage
		Usr 0 00:00:00, Sys 0 00:00:00  -  Total Local Usage
	0  -  Run Bytes Sent By Job
	0  -  Run Bytes Received By Job
	0  -  Total Bytes Sent By Job
	0  -  Total Bytes Received By Job
	Partitionable Resources :    Usage  Request Allocated 
	   Cpus                 :     1.04        6         6 
	   Disk (KB)            :     1           1     15244 
	   Memory (MB)          :   801        2048      2048 

	Job terminated of its own accord at 2026-05-08T03:33:08Z with exit-code 0.
...
