000 (45924166.004.000) 2026-05-07 22:56:02 Job submitted from host: <10.5.0.107:9618?addrs=10.5.0.107-9618&alias=sugwg-login.syr.edu&noUDP&sock=schedd_1361_1c7c>
...
001 (45924166.004.000) 2026-05-07 22:56:23 Job executing on host: <10.5.202.56:9618?addrs=10.5.202.56-9618&alias=OG-NODE-10-5-202-56&noUDP&sock=startd_1243_2c4f>
...
006 (45924166.004.000) 2026-05-07 22:56:31 Image size of job updated: 290320
	52  -  MemoryUsage of job (MB)
	52356  -  ResidentSetSize of job (KB)
...
006 (45924166.004.000) 2026-05-07 23:01:31 Image size of job updated: 1612692
	230  -  MemoryUsage of job (MB)
	234648  -  ResidentSetSize of job (KB)
...
006 (45924166.004.000) 2026-05-07 23:06:32 Image size of job updated: 1612692
	349  -  MemoryUsage of job (MB)
	356600  -  ResidentSetSize of job (KB)
...
005 (45924166.004.000) 2026-05-07 23:36:15 Job terminated.
	(1) Normal termination (return value 0)
		Usr 0 00:37:30, Sys 0 00:03:24  -  Run Remote Usage
		Usr 0 00:00:00, Sys 0 00:00:00  -  Run Local Usage
		Usr 0 00:37:30, Sys 0 00:03:24  -  Total Remote Usage
		Usr 0 00:00:00, Sys 0 00:00:00  -  Total Local Usage
	0  -  Run Bytes Sent By Job
	0  -  Run Bytes Received By Job
	0  -  Total Bytes Sent By Job
	0  -  Total Bytes Received By Job
	Partitionable Resources :    Usage  Request Allocated 
	   Cpus                 :     1.05        6         6 
	   Disk (KB)            :     1           1     14041 
	   Memory (MB)          :   349        2048      2048 

	Job terminated of its own accord at 2026-05-08T03:36:15Z with exit-code 0.
...
