000 (45924166.007.000) 2026-05-07 22:56:02 Job submitted from host: <10.5.0.107:9618?addrs=10.5.0.107-9618&alias=sugwg-login.syr.edu&noUDP&sock=schedd_1361_1c7c>
...
001 (45924166.007.000) 2026-05-07 22:56:23 Job executing on host: <10.5.185.150:9618?addrs=10.5.185.150-9618&alias=OG-NODE-10-5-185-150&noUDP&sock=startd_1505_e21f>
...
006 (45924166.007.000) 2026-05-07 22:56:32 Image size of job updated: 80108
	50  -  MemoryUsage of job (MB)
	51068  -  ResidentSetSize of job (KB)
...
006 (45924166.007.000) 2026-05-07 23:01:33 Image size of job updated: 1638144
	386  -  MemoryUsage of job (MB)
	394356  -  ResidentSetSize of job (KB)
...
006 (45924166.007.000) 2026-05-07 23:06:34 Image size of job updated: 1638144
	753  -  MemoryUsage of job (MB)
	771004  -  ResidentSetSize of job (KB)
...
006 (45924166.007.000) 2026-05-07 23:26:36 Image size of job updated: 1638144
	817  -  MemoryUsage of job (MB)
	835904  -  ResidentSetSize of job (KB)
...
005 (45924166.007.000) 2026-05-07 23:29:20 Job terminated.
	(1) Normal termination (return value 0)
		Usr 0 00:30:49, Sys 0 00:02:57  -  Run Remote Usage
		Usr 0 00:00:00, Sys 0 00:00:00  -  Run Local Usage
		Usr 0 00:30:49, Sys 0 00:02:57  -  Total Remote Usage
		Usr 0 00:00:00, Sys 0 00:00:00  -  Total Local Usage
	0  -  Run Bytes Sent By Job
	0  -  Run Bytes Received By Job
	0  -  Total Bytes Sent By Job
	0  -  Total Bytes Received By Job
	Partitionable Resources :    Usage  Request Allocated 
	   Cpus                 :     1.05        6         6 
	   Disk (KB)            :     1           1     13167 
	   Memory (MB)          :   817        2048      2048 

	Job terminated of its own accord at 2026-05-08T03:29:20Z with exit-code 0.
...
