000 (45926345.004.000) 2026-05-07 23:26:26 Job submitted from host: <10.5.0.107:9618?addrs=10.5.0.107-9618&alias=sugwg-login.syr.edu&noUDP&sock=schedd_1361_1c7c>
...
001 (45926345.004.000) 2026-05-07 23:26:49 Job executing on host: <10.5.206.201:9618?addrs=10.5.206.201-9618&alias=CRUSH-OG-10-5-206-201&noUDP&sock=startd_1520_2c0b>
...
006 (45926345.004.000) 2026-05-07 23:26:58 Image size of job updated: 96408
	62  -  MemoryUsage of job (MB)
	63408  -  ResidentSetSize of job (KB)
...
006 (45926345.004.000) 2026-05-07 23:31:59 Image size of job updated: 1580368
	208  -  MemoryUsage of job (MB)
	212556  -  ResidentSetSize of job (KB)
...
006 (45926345.004.000) 2026-05-07 23:37:00 Image size of job updated: 1616212
	743  -  MemoryUsage of job (MB)
	760520  -  ResidentSetSize of job (KB)
...
006 (45926345.004.000) 2026-05-07 23:42:00 Image size of job updated: 1616212
	757  -  MemoryUsage of job (MB)
	774856  -  ResidentSetSize of job (KB)
...
006 (45926345.004.000) 2026-05-07 23:52:01 Image size of job updated: 1616212
	922  -  MemoryUsage of job (MB)
	943292  -  ResidentSetSize of job (KB)
...
005 (45926345.004.000) 2026-05-08 00:00:55 Job terminated.
	(1) Normal termination (return value 0)
		Usr 0 00:31:59, Sys 0 00:03:03  -  Run Remote Usage
		Usr 0 00:00:00, Sys 0 00:00:00  -  Run Local Usage
		Usr 0 00:31:59, Sys 0 00:03:03  -  Total Remote Usage
		Usr 0 00:00:00, Sys 0 00:00:00  -  Total Local Usage
	0  -  Run Bytes Sent By Job
	0  -  Run Bytes Received By Job
	0  -  Total Bytes Sent By Job
	0  -  Total Bytes Received By Job
	Partitionable Resources :    Usage  Request Allocated 
	   Cpus                 :     1.05        6         6 
	   Disk (KB)            :     1           1     28329 
	   Memory (MB)          :   922        2048      2048 

	Job terminated of its own accord at 2026-05-08T04:00:55Z with exit-code 0.
...
