000 (45926345.009.000) 2026-05-07 23:26:26 Job submitted from host: <10.5.0.107:9618?addrs=10.5.0.107-9618&alias=sugwg-login.syr.edu&noUDP&sock=schedd_1361_1c7c>
...
001 (45926345.009.000) 2026-05-07 23:26:49 Job executing on host: <10.5.202.21:9618?addrs=10.5.202.21-9618&alias=CRUSH-OG-10-5-202-21&noUDP&sock=startd_3298988_f2cb>
...
006 (45926345.009.000) 2026-05-07 23:26:58 Image size of job updated: 298896
	53  -  MemoryUsage of job (MB)
	54108  -  ResidentSetSize of job (KB)
...
006 (45926345.009.000) 2026-05-07 23:31:59 Image size of job updated: 1615276
	267  -  MemoryUsage of job (MB)
	273244  -  ResidentSetSize of job (KB)
...
006 (45926345.009.000) 2026-05-07 23:37:00 Image size of job updated: 1615276
	330  -  MemoryUsage of job (MB)
	337800  -  ResidentSetSize of job (KB)
...
006 (45926345.009.000) 2026-05-07 23:42:00 Image size of job updated: 1615276
	353  -  MemoryUsage of job (MB)
	360620  -  ResidentSetSize of job (KB)
...
006 (45926345.009.000) 2026-05-07 23:47:01 Image size of job updated: 1615276
	365  -  MemoryUsage of job (MB)
	373512  -  ResidentSetSize of job (KB)
...
006 (45926345.009.000) 2026-05-07 23:57:02 Image size of job updated: 1615276
	397  -  MemoryUsage of job (MB)
	406092  -  ResidentSetSize of job (KB)
...
006 (45926345.009.000) 2026-05-08 00:00:52 Image size of job updated: 1617324
	401  -  MemoryUsage of job (MB)
	410316  -  ResidentSetSize of job (KB)
...
005 (45926345.009.000) 2026-05-08 00:00:52 Job terminated.
	(1) Normal termination (return value 0)
		Usr 0 00:32:17, Sys 0 00:03:05  -  Run Remote Usage
		Usr 0 00:00:00, Sys 0 00:00:00  -  Run Local Usage
		Usr 0 00:32:17, Sys 0 00:03:05  -  Total Remote Usage
		Usr 0 00:00:00, Sys 0 00:00:00  -  Total Local Usage
	0  -  Run Bytes Sent By Job
	0  -  Run Bytes Received By Job
	0  -  Total Bytes Sent By Job
	0  -  Total Bytes Received By Job
	Partitionable Resources :    Usage  Request Allocated 
	   Cpus                 :     1.05        6         6 
	   Disk (KB)            :     1           1     27460 
	   Memory (MB)          :   401        2048      2048 

	Job terminated of its own accord at 2026-05-08T04:00:52Z with exit-code 0.
...
