000 (45926345.007.000) 2026-05-07 23:26:26 Job submitted from host: <10.5.0.107:9618?addrs=10.5.0.107-9618&alias=sugwg-login.syr.edu&noUDP&sock=schedd_1361_1c7c>
...
001 (45926345.007.000) 2026-05-07 23:26:49 Job executing on host: <10.5.153.51:9618?addrs=10.5.153.51-9618&alias=CRUSH-OG-10-5-153-51&noUDP&sock=startd_1539_3457>
...
006 (45926345.007.000) 2026-05-07 23:26:58 Image size of job updated: 276004
	58  -  MemoryUsage of job (MB)
	58880  -  ResidentSetSize of job (KB)
...
006 (45926345.007.000) 2026-05-07 23:31:59 Image size of job updated: 1612596
	360  -  MemoryUsage of job (MB)
	368248  -  ResidentSetSize of job (KB)
...
006 (45926345.007.000) 2026-05-07 23:42:00 Image size of job updated: 1612596
	944  -  MemoryUsage of job (MB)
	966576  -  ResidentSetSize of job (KB)
...
006 (45926345.007.000) 2026-05-07 23:57:02 Image size of job updated: 1646008
	944  -  MemoryUsage of job (MB)
	966576  -  ResidentSetSize of job (KB)
...
005 (45926345.007.000) 2026-05-08 00:03:02 Job terminated.
	(1) Normal termination (return value 0)
		Usr 0 00:33:59, Sys 0 00:03:15  -  Run Remote Usage
		Usr 0 00:00:00, Sys 0 00:00:00  -  Run Local Usage
		Usr 0 00:33:59, Sys 0 00:03:15  -  Total Remote Usage
		Usr 0 00:00:00, Sys 0 00:00:00  -  Total Local Usage
	0  -  Run Bytes Sent By Job
	0  -  Run Bytes Received By Job
	0  -  Total Bytes Sent By Job
	0  -  Total Bytes Received By Job
	Partitionable Resources :    Usage  Request Allocated 
	   Cpus                 :     1.05        6         6 
	   Disk (KB)            :     1           1     27228 
	   Memory (MB)          :   944        2048      2048 

	Job terminated of its own accord at 2026-05-08T04:03:02Z with exit-code 0.
...
