000 (45926345.001.000) 2026-05-07 23:26:26 Job submitted from host: <10.5.0.107:9618?addrs=10.5.0.107-9618&alias=sugwg-login.syr.edu&noUDP&sock=schedd_1361_1c7c>
...
001 (45926345.001.000) 2026-05-07 23:26:47 Job executing on host: <10.5.245.109:9618?addrs=10.5.245.109-9618&alias=CRUSH-OG-10-5-245-109&noUDP&sock=startd_1538_84bf>
...
006 (45926345.001.000) 2026-05-07 23:26:55 Image size of job updated: 63940
	35  -  MemoryUsage of job (MB)
	35428  -  ResidentSetSize of job (KB)
...
006 (45926345.001.000) 2026-05-07 23:31:55 Image size of job updated: 1579480
	262  -  MemoryUsage of job (MB)
	268192  -  ResidentSetSize of job (KB)
...
006 (45926345.001.000) 2026-05-07 23:36:55 Image size of job updated: 1581020
	666  -  MemoryUsage of job (MB)
	681468  -  ResidentSetSize of job (KB)
...
006 (45926345.001.000) 2026-05-07 23:41:56 Image size of job updated: 1581020
	671  -  MemoryUsage of job (MB)
	686616  -  ResidentSetSize of job (KB)
...
006 (45926345.001.000) 2026-05-07 23:46:57 Image size of job updated: 1613788
	671  -  MemoryUsage of job (MB)
	686616  -  ResidentSetSize of job (KB)
...
006 (45926345.001.000) 2026-05-08 00:11:59 Image size of job updated: 1613788
	852  -  MemoryUsage of job (MB)
	871788  -  ResidentSetSize of job (KB)
...
005 (45926345.001.000) 2026-05-08 00:35:52 Job terminated.
	(1) Normal termination (return value 0)
		Usr 0 01:05:31, Sys 0 00:06:08  -  Run Remote Usage
		Usr 0 00:00:00, Sys 0 00:00:00  -  Run Local Usage
		Usr 0 01:05:31, Sys 0 00:06:08  -  Total Remote Usage
		Usr 0 00:00:00, Sys 0 00:00:00  -  Total Local Usage
	0  -  Run Bytes Sent By Job
	0  -  Run Bytes Received By Job
	0  -  Total Bytes Sent By Job
	0  -  Total Bytes Received By Job
	Partitionable Resources :    Usage  Request Allocated 
	   Cpus                 :     1.10        6         6 
	   Disk (KB)            :     1           1     27280 
	   Memory (MB)          :   852        2048      2048 

	Job terminated of its own accord at 2026-05-08T04:35:52Z with exit-code 0.
...
