000 (45926345.008.000) 2026-05-07 23:26:26 Job submitted from host: <10.5.0.107:9618?addrs=10.5.0.107-9618&alias=sugwg-login.syr.edu&noUDP&sock=schedd_1361_1c7c>
...
001 (45926345.008.000) 2026-05-07 23:26:49 Job executing on host: <10.5.222.251:9618?addrs=10.5.222.251-9618&alias=CRUSH-OG-10-5-222-251&noUDP&sock=startd_540976_1e36>
...
006 (45926345.008.000) 2026-05-07 23:26:58 Image size of job updated: 118688
	61  -  MemoryUsage of job (MB)
	62060  -  ResidentSetSize of job (KB)
...
006 (45926345.008.000) 2026-05-07 23:31:59 Image size of job updated: 1621320
	420  -  MemoryUsage of job (MB)
	429932  -  ResidentSetSize of job (KB)
...
006 (45926345.008.000) 2026-05-07 23:36:59 Image size of job updated: 1621320
	427  -  MemoryUsage of job (MB)
	437060  -  ResidentSetSize of job (KB)
...
005 (45926345.008.000) 2026-05-08 00:00:25 Job terminated.
	(1) Normal termination (return value 0)
		Usr 0 00:31:36, Sys 0 00:03:03  -  Run Remote Usage
		Usr 0 00:00:00, Sys 0 00:00:00  -  Run Local Usage
		Usr 0 00:31:36, Sys 0 00:03:03  -  Total Remote Usage
		Usr 0 00:00:00, Sys 0 00:00:00  -  Total Local Usage
	0  -  Run Bytes Sent By Job
	0  -  Run Bytes Received By Job
	0  -  Total Bytes Sent By Job
	0  -  Total Bytes Received By Job
	Partitionable Resources :    Usage  Request Allocated 
	   Cpus                 :     1.01        6         6 
	   Disk (KB)            :     1           1     27427 
	   Memory (MB)          :   427        2048      2048 

	Job terminated of its own accord at 2026-05-08T04:00:25Z with exit-code 0.
...
