000 (45926348.002.000) 2026-05-07 23:28:55 Job submitted from host: <10.5.0.107:9618?addrs=10.5.0.107-9618&alias=sugwg-login.syr.edu&noUDP&sock=schedd_1361_1c7c>
...
001 (45926348.002.000) 2026-05-07 23:29:05 Job executing on host: <10.5.224.133:9618?addrs=10.5.224.133-9618&alias=OG-NODE-10-5-224-133&noUDP&sock=startd_1503_82ef>
...
006 (45926348.002.000) 2026-05-07 23:29:13 Image size of job updated: 721236
	114  -  MemoryUsage of job (MB)
	116068  -  ResidentSetSize of job (KB)
...
006 (45926348.002.000) 2026-05-07 23:34:13 Image size of job updated: 1557752
	357  -  MemoryUsage of job (MB)
	364824  -  ResidentSetSize of job (KB)
...
006 (45926348.002.000) 2026-05-07 23:39:13 Image size of job updated: 1621240
	357  -  MemoryUsage of job (MB)
	364824  -  ResidentSetSize of job (KB)
...
006 (45926348.002.000) 2026-05-07 23:49:15 Image size of job updated: 1621240
	395  -  MemoryUsage of job (MB)
	403512  -  ResidentSetSize of job (KB)
...
006 (45926348.002.000) 2026-05-07 23:54:15 Image size of job updated: 1621240
	414  -  MemoryUsage of job (MB)
	423740  -  ResidentSetSize of job (KB)
...
006 (45926348.002.000) 2026-05-07 23:59:16 Image size of job updated: 1621240
	415  -  MemoryUsage of job (MB)
	424268  -  ResidentSetSize of job (KB)
...
005 (45926348.002.000) 2026-05-08 00:00:19 Job terminated.
	(1) Normal termination (return value 0)
		Usr 0 00:29:25, Sys 0 00:02:51  -  Run Remote Usage
		Usr 0 00:00:00, Sys 0 00:00:00  -  Run Local Usage
		Usr 0 00:29:25, Sys 0 00:02:51  -  Total Remote Usage
		Usr 0 00:00:00, Sys 0 00:00:00  -  Total Local Usage
	0  -  Run Bytes Sent By Job
	0  -  Run Bytes Received By Job
	0  -  Total Bytes Sent By Job
	0  -  Total Bytes Received By Job
	Partitionable Resources :    Usage  Request Allocated 
	   Cpus                 :     1.05        6         6 
	   Disk (KB)            :     1           1     17252 
	   Memory (MB)          :   415        2048      2048 

	Job terminated of its own accord at 2026-05-08T04:00:19Z with exit-code 0.
...
