000 (45926348.003.000) 2026-05-07 23:28:55 Job submitted from host: <10.5.0.107:9618?addrs=10.5.0.107-9618&alias=sugwg-login.syr.edu&noUDP&sock=schedd_1361_1c7c>
...
001 (45926348.003.000) 2026-05-07 23:29:05 Job executing on host: <10.5.198.243:9618?addrs=10.5.198.243-9618&alias=OG-NODE-10-5-198-243&noUDP&sock=startd_1504_3287>
...
006 (45926348.003.000) 2026-05-07 23:29:13 Image size of job updated: 159248
	156  -  MemoryUsage of job (MB)
	159248  -  ResidentSetSize of job (KB)
...
006 (45926348.003.000) 2026-05-07 23:34:13 Image size of job updated: 1578272
	343  -  MemoryUsage of job (MB)
	350356  -  ResidentSetSize of job (KB)
...
006 (45926348.003.000) 2026-05-07 23:49:14 Image size of job updated: 1578272
	464  -  MemoryUsage of job (MB)
	474452  -  ResidentSetSize of job (KB)
...
006 (45926348.003.000) 2026-05-07 23:54:14 Image size of job updated: 1615160
	854  -  MemoryUsage of job (MB)
	874300  -  ResidentSetSize of job (KB)
...
005 (45926348.003.000) 2026-05-08 00:01:44 Job terminated.
	(1) Normal termination (return value 0)
		Usr 0 00:30:32, Sys 0 00:03:10  -  Run Remote Usage
		Usr 0 00:00:00, Sys 0 00:00:00  -  Run Local Usage
		Usr 0 00:30:32, Sys 0 00:03:10  -  Total Remote Usage
		Usr 0 00:00:00, Sys 0 00:00:00  -  Total Local Usage
	0  -  Run Bytes Sent By Job
	0  -  Run Bytes Received By Job
	0  -  Total Bytes Sent By Job
	0  -  Total Bytes Received By Job
	Partitionable Resources :    Usage  Request Allocated 
	   Cpus                 :     1.06        6         6 
	   Disk (KB)            :     1           1     13560 
	   Memory (MB)          :   854        2048      2048 

	Job terminated of its own accord at 2026-05-08T04:01:44Z with exit-code 0.
...
