000 (45926348.008.000) 2026-05-07 23:28:55 Job submitted from host: <10.5.0.107:9618?addrs=10.5.0.107-9618&alias=sugwg-login.syr.edu&noUDP&sock=schedd_1361_1c7c>
...
001 (45926348.008.000) 2026-05-07 23:29:15 Job executing on host: <10.5.210.8:9618?addrs=10.5.210.8-9618&alias=CRUSH-OG-10-5-210-8&noUDP&sock=startd_1885082_093c>
...
006 (45926348.008.000) 2026-05-07 23:29:23 Image size of job updated: 706868
	147  -  MemoryUsage of job (MB)
	150452  -  ResidentSetSize of job (KB)
...
006 (45926348.008.000) 2026-05-07 23:34:23 Image size of job updated: 1578896
	251  -  MemoryUsage of job (MB)
	256788  -  ResidentSetSize of job (KB)
...
006 (45926348.008.000) 2026-05-07 23:39:24 Image size of job updated: 1614228
	318  -  MemoryUsage of job (MB)
	324860  -  ResidentSetSize of job (KB)
...
006 (45926348.008.000) 2026-05-07 23:49:25 Image size of job updated: 1614228
	388  -  MemoryUsage of job (MB)
	396988  -  ResidentSetSize of job (KB)
...
005 (45926348.008.000) 2026-05-07 23:52:30 Job terminated.
	(1) Normal termination (return value 0)
		Usr 0 00:25:13, Sys 0 00:02:14  -  Run Remote Usage
		Usr 0 00:00:00, Sys 0 00:00:00  -  Run Local Usage
		Usr 0 00:25:13, Sys 0 00:02:14  -  Total Remote Usage
		Usr 0 00:00:00, Sys 0 00:00:00  -  Total Local Usage
	0  -  Run Bytes Sent By Job
	0  -  Run Bytes Received By Job
	0  -  Total Bytes Sent By Job
	0  -  Total Bytes Received By Job
	Partitionable Resources :    Usage  Request Allocated 
	   Cpus                 :     1.30        6         6 
	   Disk (KB)            :     1           1     27444 
	   Memory (MB)          :   388        2048      2048 

	Job terminated of its own accord at 2026-05-08T03:52:30Z with exit-code 0.
...
