000 (45926348.004.000) 2026-05-07 23:28:55 Job submitted from host: <10.5.0.107:9618?addrs=10.5.0.107-9618&alias=sugwg-login.syr.edu&noUDP&sock=schedd_1361_1c7c>
...
001 (45926348.004.000) 2026-05-07 23:29:10 Job executing on host: <10.5.200.92:9618?addrs=10.5.200.92-9618&alias=OG-NODE-10-5-200-92&noUDP&sock=startd_1496_b5c5>
...
006 (45926348.004.000) 2026-05-07 23:29:18 Image size of job updated: 353392
	63  -  MemoryUsage of job (MB)
	64452  -  ResidentSetSize of job (KB)
...
006 (45926348.004.000) 2026-05-07 23:34:18 Image size of job updated: 1674480
	384  -  MemoryUsage of job (MB)
	392620  -  ResidentSetSize of job (KB)
...
006 (45926348.004.000) 2026-05-07 23:39:18 Image size of job updated: 1674480
	817  -  MemoryUsage of job (MB)
	835688  -  ResidentSetSize of job (KB)
...
006 (45926348.004.000) 2026-05-07 23:44:19 Image size of job updated: 1674480
	946  -  MemoryUsage of job (MB)
	968180  -  ResidentSetSize of job (KB)
...
005 (45926348.004.000) 2026-05-08 00:03:49 Job terminated.
	(1) Normal termination (return value 0)
		Usr 0 00:31:40, Sys 0 00:03:51  -  Run Remote Usage
		Usr 0 00:00:00, Sys 0 00:00:00  -  Run Local Usage
		Usr 0 00:31:40, Sys 0 00:03:51  -  Total Remote Usage
		Usr 0 00:00:00, Sys 0 00:00:00  -  Total Local Usage
	0  -  Run Bytes Sent By Job
	0  -  Run Bytes Received By Job
	0  -  Total Bytes Sent By Job
	0  -  Total Bytes Received By Job
	Partitionable Resources :    Usage  Request Allocated 
	   Cpus                 :     1.04        6         6 
	   Disk (KB)            :     1           1     16694 
	   Memory (MB)          :   946        2048      2048 

	Job terminated of its own accord at 2026-05-08T04:03:49Z with exit-code 0.
...
