000 (45926348.006.000) 2026-05-07 23:28:55 Job submitted from host: <10.5.0.107:9618?addrs=10.5.0.107-9618&alias=sugwg-login.syr.edu&noUDP&sock=schedd_1361_1c7c>
...
001 (45926348.006.000) 2026-05-07 23:29:10 Job executing on host: <10.5.216.9:9618?addrs=10.5.216.9-9618&alias=OG-NODE-10-5-216-9&noUDP&sock=startd_1236_5f25>
...
006 (45926348.006.000) 2026-05-07 23:29:18 Image size of job updated: 168172
	109  -  MemoryUsage of job (MB)
	110884  -  ResidentSetSize of job (KB)
...
006 (45926348.006.000) 2026-05-07 23:34:18 Image size of job updated: 1078348
	360  -  MemoryUsage of job (MB)
	368332  -  ResidentSetSize of job (KB)
...
006 (45926348.006.000) 2026-05-07 23:44:20 Image size of job updated: 1140148
	397  -  MemoryUsage of job (MB)
	405692  -  ResidentSetSize of job (KB)
...
006 (45926348.006.000) 2026-05-07 23:59:21 Image size of job updated: 1584576
	397  -  MemoryUsage of job (MB)
	405692  -  ResidentSetSize of job (KB)
...
006 (45926348.006.000) 2026-05-08 00:04:22 Image size of job updated: 1586620
	485  -  MemoryUsage of job (MB)
	495912  -  ResidentSetSize of job (KB)
...
006 (45926348.006.000) 2026-05-08 00:07:27 Image size of job updated: 1588732
	485  -  MemoryUsage of job (MB)
	495912  -  ResidentSetSize of job (KB)
...
005 (45926348.006.000) 2026-05-08 00:07:27 Job terminated.
	(1) Normal termination (return value 0)
		Usr 0 00:35:39, Sys 0 00:03:44  -  Run Remote Usage
		Usr 0 00:00:00, Sys 0 00:00:00  -  Run Local Usage
		Usr 0 00:35:39, Sys 0 00:03:44  -  Total Remote Usage
		Usr 0 00:00:00, Sys 0 00:00:00  -  Total Local Usage
	0  -  Run Bytes Sent By Job
	0  -  Run Bytes Received By Job
	0  -  Total Bytes Sent By Job
	0  -  Total Bytes Received By Job
	Partitionable Resources :    Usage  Request Allocated 
	   Cpus                 :     1.04        6         6 
	   Disk (KB)            :     1           1     11815 
	   Memory (MB)          :   485        2048      2048 

	Job terminated of its own accord at 2026-05-08T04:07:27Z with exit-code 0.
...
