000 (45926348.007.000) 2026-05-07 23:28:55 Job submitted from host: <10.5.0.107:9618?addrs=10.5.0.107-9618&alias=sugwg-login.syr.edu&noUDP&sock=schedd_1361_1c7c>
...
001 (45926348.007.000) 2026-05-07 23:29:10 Job executing on host: <10.5.231.181:9618?addrs=10.5.231.181-9618&alias=OG-NODE-10-5-231-181&noUDP&sock=startd_1238_be56>
...
006 (45926348.007.000) 2026-05-07 23:29:18 Image size of job updated: 345552
	60  -  MemoryUsage of job (MB)
	60900  -  ResidentSetSize of job (KB)
...
006 (45926348.007.000) 2026-05-07 23:34:18 Image size of job updated: 1170516
	265  -  MemoryUsage of job (MB)
	270904  -  ResidentSetSize of job (KB)
...
006 (45926348.007.000) 2026-05-07 23:39:19 Image size of job updated: 1608664
	362  -  MemoryUsage of job (MB)
	370176  -  ResidentSetSize of job (KB)
...
006 (45926348.007.000) 2026-05-07 23:44:20 Image size of job updated: 1608664
	406  -  MemoryUsage of job (MB)
	414924  -  ResidentSetSize of job (KB)
...
006 (45926348.007.000) 2026-05-07 23:54:20 Image size of job updated: 1608664
	422  -  MemoryUsage of job (MB)
	431948  -  ResidentSetSize of job (KB)
...
006 (45926348.007.000) 2026-05-07 23:59:21 Image size of job updated: 1608664
	853  -  MemoryUsage of job (MB)
	873056  -  ResidentSetSize of job (KB)
...
006 (45926348.007.000) 2026-05-08 00:07:36 Image size of job updated: 1614876
	853  -  MemoryUsage of job (MB)
	873056  -  ResidentSetSize of job (KB)
...
005 (45926348.007.000) 2026-05-08 00:07:36 Job terminated.
	(1) Normal termination (return value 0)
		Usr 0 00:36:13, Sys 0 00:03:05  -  Run Remote Usage
		Usr 0 00:00:00, Sys 0 00:00:00  -  Run Local Usage
		Usr 0 00:36:13, Sys 0 00:03:05  -  Total Remote Usage
		Usr 0 00:00:00, Sys 0 00:00:00  -  Total Local Usage
	0  -  Run Bytes Sent By Job
	0  -  Run Bytes Received By Job
	0  -  Total Bytes Sent By Job
	0  -  Total Bytes Received By Job
	Partitionable Resources :    Usage  Request Allocated 
	   Cpus                 :     1.00        6         6 
	   Disk (KB)            :     1           1     11410 
	   Memory (MB)          :   853        2048      2048 

	Job terminated of its own accord at 2026-05-08T04:07:36Z with exit-code 0.
...
