000 (45926348.000.000) 2026-05-07 23:28:55 Job submitted from host: <10.5.0.107:9618?addrs=10.5.0.107-9618&alias=sugwg-login.syr.edu&noUDP&sock=schedd_1361_1c7c>
...
001 (45926348.000.000) 2026-05-07 23:29:05 Job executing on host: <10.5.231.71:9618?addrs=10.5.231.71-9618&alias=OG-NODE-10-5-231-71&noUDP&sock=startd_1490_9833>
...
006 (45926348.000.000) 2026-05-07 23:29:13 Image size of job updated: 122452
	120  -  MemoryUsage of job (MB)
	122452  -  ResidentSetSize of job (KB)
...
006 (45926348.000.000) 2026-05-07 23:34:13 Image size of job updated: 1616208
	353  -  MemoryUsage of job (MB)
	360844  -  ResidentSetSize of job (KB)
...
006 (45926348.000.000) 2026-05-07 23:44:14 Image size of job updated: 1616208
	918  -  MemoryUsage of job (MB)
	939812  -  ResidentSetSize of job (KB)
...
006 (45926348.000.000) 2026-05-08 00:04:17 Image size of job updated: 1616208
	921  -  MemoryUsage of job (MB)
	942100  -  ResidentSetSize of job (KB)
...
005 (45926348.000.000) 2026-05-08 00:05:14 Job terminated.
	(1) Normal termination (return value 0)
		Usr 0 00:34:24, Sys 0 00:03:40  -  Run Remote Usage
		Usr 0 00:00:00, Sys 0 00:00:00  -  Run Local Usage
		Usr 0 00:34:24, Sys 0 00:03:40  -  Total Remote Usage
		Usr 0 00:00:00, Sys 0 00:00:00  -  Total Local Usage
	0  -  Run Bytes Sent By Job
	0  -  Run Bytes Received By Job
	0  -  Total Bytes Sent By Job
	0  -  Total Bytes Received By Job
	Partitionable Resources :    Usage  Request Allocated 
	   Cpus                 :     1.00        6         6 
	   Disk (KB)            :     1           1     15567 
	   Memory (MB)          :   921        2048      2048 

	Job terminated of its own accord at 2026-05-08T04:05:14Z with exit-code 0.
...
