000 (45924173.004.000) 2026-05-07 22:59:04 Job submitted from host: <10.5.0.107:9618?addrs=10.5.0.107-9618&alias=sugwg-login.syr.edu&noUDP&sock=schedd_1361_1c7c>
...
001 (45924173.004.000) 2026-05-07 22:59:27 Job executing on host: <10.5.198.206:9618?addrs=10.5.198.206-9618&alias=OG-NODE-10-5-198-206&noUDP&sock=startd_1500_7426>
...
006 (45924173.004.000) 2026-05-07 22:59:36 Image size of job updated: 376292
	61  -  MemoryUsage of job (MB)
	62280  -  ResidentSetSize of job (KB)
...
006 (45924173.004.000) 2026-05-07 23:04:37 Image size of job updated: 1551360
	231  -  MemoryUsage of job (MB)
	235808  -  ResidentSetSize of job (KB)
...
006 (45924173.004.000) 2026-05-07 23:09:38 Image size of job updated: 1612804
	914  -  MemoryUsage of job (MB)
	935892  -  ResidentSetSize of job (KB)
...
005 (45924173.004.000) 2026-05-07 23:44:53 Job terminated.
	(1) Normal termination (return value 0)
		Usr 0 00:41:58, Sys 0 00:04:18  -  Run Remote Usage
		Usr 0 00:00:00, Sys 0 00:00:00  -  Run Local Usage
		Usr 0 00:41:58, Sys 0 00:04:18  -  Total Remote Usage
		Usr 0 00:00:00, Sys 0 00:00:00  -  Total Local Usage
	0  -  Run Bytes Sent By Job
	0  -  Run Bytes Received By Job
	0  -  Total Bytes Sent By Job
	0  -  Total Bytes Received By Job
	Partitionable Resources :    Usage  Request Allocated 
	   Cpus                 :     1.04        6         6 
	   Disk (KB)            :     1           1     16254 
	   Memory (MB)          :   914        2048      2048 

	Job terminated of its own accord at 2026-05-08T03:44:52Z with exit-code 0.
...
