000 (45924173.005.000) 2026-05-07 22:59:04 Job submitted from host: <10.5.0.107:9618?addrs=10.5.0.107-9618&alias=sugwg-login.syr.edu&noUDP&sock=schedd_1361_1c7c>
...
001 (45924173.005.000) 2026-05-07 22:59:32 Job executing on host: <10.5.204.225:9618?addrs=10.5.204.225-9618&alias=CRUSH-OG-10-5-204-225&noUDP&sock=startd_1493009_91be>
...
006 (45924173.005.000) 2026-05-07 22:59:41 Image size of job updated: 294936
	36  -  MemoryUsage of job (MB)
	36484  -  ResidentSetSize of job (KB)
...
006 (45924173.005.000) 2026-05-07 23:04:42 Image size of job updated: 1509080
	340  -  MemoryUsage of job (MB)
	347660  -  ResidentSetSize of job (KB)
...
006 (45924173.005.000) 2026-05-07 23:09:42 Image size of job updated: 1608800
	341  -  MemoryUsage of job (MB)
	348584  -  ResidentSetSize of job (KB)
...
006 (45924173.005.000) 2026-05-07 23:14:42 Image size of job updated: 1608924
	341  -  MemoryUsage of job (MB)
	348584  -  ResidentSetSize of job (KB)
...
006 (45924173.005.000) 2026-05-07 23:29:44 Image size of job updated: 1615188
	341  -  MemoryUsage of job (MB)
	348584  -  ResidentSetSize of job (KB)
...
005 (45924173.005.000) 2026-05-07 23:34:50 Job terminated.
	(1) Normal termination (return value 0)
		Usr 0 00:32:48, Sys 0 00:03:17  -  Run Remote Usage
		Usr 0 00:00:00, Sys 0 00:00:00  -  Run Local Usage
		Usr 0 00:32:48, Sys 0 00:03:17  -  Total Remote Usage
		Usr 0 00:00:00, Sys 0 00:00:00  -  Total Local Usage
	0  -  Run Bytes Sent By Job
	0  -  Run Bytes Received By Job
	0  -  Total Bytes Sent By Job
	0  -  Total Bytes Received By Job
	Partitionable Resources :    Usage  Request Allocated 
	   Cpus                 :     1.03        6         6 
	   Disk (KB)            :     1           1     27261 
	   Memory (MB)          :   341        2048      2048 

	Job terminated of its own accord at 2026-05-08T03:34:50Z with exit-code 0.
...
