000 (45924173.001.000) 2026-05-07 22:59:04 Job submitted from host: <10.5.0.107:9618?addrs=10.5.0.107-9618&alias=sugwg-login.syr.edu&noUDP&sock=schedd_1361_1c7c>
...
001 (45924173.001.000) 2026-05-07 22:59:33 Job executing on host: <10.5.207.61:9618?addrs=10.5.207.61-9618&alias=CRUSH-OG-10-5-207-61&noUDP&sock=startd_1519_7c73>
...
006 (45924173.001.000) 2026-05-07 22:59:41 Image size of job updated: 42372
	20  -  MemoryUsage of job (MB)
	20460  -  ResidentSetSize of job (KB)
...
006 (45924173.001.000) 2026-05-07 23:04:41 Image size of job updated: 1642172
	285  -  MemoryUsage of job (MB)
	291088  -  ResidentSetSize of job (KB)
...
006 (45924173.001.000) 2026-05-07 23:09:42 Image size of job updated: 1642172
	314  -  MemoryUsage of job (MB)
	321116  -  ResidentSetSize of job (KB)
...
006 (45924173.001.000) 2026-05-07 23:14:43 Image size of job updated: 1642172
	315  -  MemoryUsage of job (MB)
	322064  -  ResidentSetSize of job (KB)
...
006 (45924173.001.000) 2026-05-07 23:29:44 Image size of job updated: 1642172
	318  -  MemoryUsage of job (MB)
	325060  -  ResidentSetSize of job (KB)
...
006 (45924173.001.000) 2026-05-07 23:59:47 Image size of job updated: 1642172
	343  -  MemoryUsage of job (MB)
	350412  -  ResidentSetSize of job (KB)
...
006 (45924173.001.000) 2026-05-08 00:04:48 Image size of job updated: 1642172
	351  -  MemoryUsage of job (MB)
	358692  -  ResidentSetSize of job (KB)
...
005 (45924173.001.000) 2026-05-08 00:24:01 Job terminated.
	(1) Normal termination (return value 0)
		Usr 0 01:17:37, Sys 0 00:07:46  -  Run Remote Usage
		Usr 0 00:00:00, Sys 0 00:00:00  -  Run Local Usage
		Usr 0 01:17:37, Sys 0 00:07:46  -  Total Remote Usage
		Usr 0 00:00:00, Sys 0 00:00:00  -  Total Local Usage
	0  -  Run Bytes Sent By Job
	0  -  Run Bytes Received By Job
	0  -  Total Bytes Sent By Job
	0  -  Total Bytes Received By Job
	Partitionable Resources :    Usage  Request Allocated 
	   Cpus                 :     1.04        6         6 
	   Disk (KB)            :     1           1     27376 
	   Memory (MB)          :   351        2048      2048 

	Job terminated of its own accord at 2026-05-08T04:24:01Z with exit-code 0.
...
