000 (45924173.002.000) 2026-05-07 22:59:04 Job submitted from host: <10.5.0.107:9618?addrs=10.5.0.107-9618&alias=sugwg-login.syr.edu&noUDP&sock=schedd_1361_1c7c>
...
001 (45924173.002.000) 2026-05-07 22:59:27 Job executing on host: <10.5.213.89:9618?addrs=10.5.213.89-9618&alias=OG-NODE-10-5-213-89&noUDP&sock=startd_1506_91b7>
...
006 (45924173.002.000) 2026-05-07 22:59:35 Image size of job updated: 275444
	60  -  MemoryUsage of job (MB)
	60712  -  ResidentSetSize of job (KB)
...
006 (45924173.002.000) 2026-05-07 23:04:35 Image size of job updated: 1676020
	313  -  MemoryUsage of job (MB)
	320368  -  ResidentSetSize of job (KB)
...
006 (45924173.002.000) 2026-05-07 23:09:36 Image size of job updated: 1676020
	381  -  MemoryUsage of job (MB)
	390044  -  ResidentSetSize of job (KB)
...
006 (45924173.002.000) 2026-05-07 23:14:36 Image size of job updated: 1676020
	475  -  MemoryUsage of job (MB)
	485596  -  ResidentSetSize of job (KB)
...
006 (45924173.002.000) 2026-05-07 23:29:38 Image size of job updated: 1676020
	657  -  MemoryUsage of job (MB)
	672600  -  ResidentSetSize of job (KB)
...
006 (45924173.002.000) 2026-05-07 23:31:41 Image size of job updated: 1676020
	660  -  MemoryUsage of job (MB)
	675372  -  ResidentSetSize of job (KB)
...
005 (45924173.002.000) 2026-05-07 23:31:41 Job terminated.
	(1) Normal termination (return value 0)
		Usr 0 00:29:57, Sys 0 00:03:05  -  Run Remote Usage
		Usr 0 00:00:00, Sys 0 00:00:00  -  Run Local Usage
		Usr 0 00:29:57, Sys 0 00:03:05  -  Total Remote Usage
		Usr 0 00:00:00, Sys 0 00:00:00  -  Total Local Usage
	0  -  Run Bytes Sent By Job
	0  -  Run Bytes Received By Job
	0  -  Total Bytes Sent By Job
	0  -  Total Bytes Received By Job
	Partitionable Resources :    Usage  Request Allocated 
	   Cpus                 :     1.04        6         6 
	   Disk (KB)            :     1           1     19178 
	   Memory (MB)          :   660        2048      2048 

	Job terminated of its own accord at 2026-05-08T03:31:41Z with exit-code 0.
...
