000 (45924173.006.000) 2026-05-07 22:59:04 Job submitted from host: <10.5.0.107:9618?addrs=10.5.0.107-9618&alias=sugwg-login.syr.edu&noUDP&sock=schedd_1361_1c7c>
...
001 (45924173.006.000) 2026-05-07 22:59:27 Job executing on host: <10.5.189.111:9618?addrs=10.5.189.111-9618&alias=OG-NODE-10-5-189-111&noUDP&sock=startd_1603_1a67>
...
006 (45924173.006.000) 2026-05-07 22:59:36 Image size of job updated: 178492
	117  -  MemoryUsage of job (MB)
	118828  -  ResidentSetSize of job (KB)
...
006 (45924173.006.000) 2026-05-07 23:04:37 Image size of job updated: 1615552
	819  -  MemoryUsage of job (MB)
	837704  -  ResidentSetSize of job (KB)
...
006 (45924173.006.000) 2026-05-07 23:14:38 Image size of job updated: 1615552
	916  -  MemoryUsage of job (MB)
	937880  -  ResidentSetSize of job (KB)
...
005 (45924173.006.000) 2026-05-07 23:25:20 Job terminated.
	(1) Normal termination (return value 0)
		Usr 0 00:23:54, Sys 0 00:02:55  -  Run Remote Usage
		Usr 0 00:00:00, Sys 0 00:00:00  -  Run Local Usage
		Usr 0 00:23:54, Sys 0 00:02:55  -  Total Remote Usage
		Usr 0 00:00:00, Sys 0 00:00:00  -  Total Local Usage
	0  -  Run Bytes Sent By Job
	0  -  Run Bytes Received By Job
	0  -  Total Bytes Sent By Job
	0  -  Total Bytes Received By Job
	Partitionable Resources :    Usage  Request Allocated 
	   Cpus                 :     1.04        6         6 
	   Disk (KB)            :     1           1     23543 
	   Memory (MB)          :   916        2048      2048 

	Job terminated of its own accord at 2026-05-08T03:25:20Z with exit-code 0.
...
