000 (45924173.009.000) 2026-05-07 22:59:04 Job submitted from host: <10.5.0.107:9618?addrs=10.5.0.107-9618&alias=sugwg-login.syr.edu&noUDP&sock=schedd_1361_1c7c>
...
001 (45924173.009.000) 2026-05-07 22:59:27 Job executing on host: <10.5.213.219:9618?addrs=10.5.213.219-9618&alias=OG-NODE-10-5-213-219&noUDP&sock=startd_1509_a080>
...
006 (45924173.009.000) 2026-05-07 22:59:36 Image size of job updated: 204152
	136  -  MemoryUsage of job (MB)
	138680  -  ResidentSetSize of job (KB)
...
006 (45924173.009.000) 2026-05-07 23:04:37 Image size of job updated: 1618704
	370  -  MemoryUsage of job (MB)
	378872  -  ResidentSetSize of job (KB)
...
006 (45924173.009.000) 2026-05-07 23:09:38 Image size of job updated: 1618704
	893  -  MemoryUsage of job (MB)
	914156  -  ResidentSetSize of job (KB)
...
006 (45924173.009.000) 2026-05-07 23:19:39 Image size of job updated: 1649424
	893  -  MemoryUsage of job (MB)
	914156  -  ResidentSetSize of job (KB)
...
006 (45924173.009.000) 2026-05-07 23:31:15 Image size of job updated: 1651472
	893  -  MemoryUsage of job (MB)
	914156  -  ResidentSetSize of job (KB)
...
005 (45924173.009.000) 2026-05-07 23:31:15 Job terminated.
	(1) Normal termination (return value 0)
		Usr 0 00:29:42, Sys 0 00:02:59  -  Run Remote Usage
		Usr 0 00:00:00, Sys 0 00:00:00  -  Run Local Usage
		Usr 0 00:29:42, Sys 0 00:02:59  -  Total Remote Usage
		Usr 0 00:00:00, Sys 0 00:00:00  -  Total Local Usage
	0  -  Run Bytes Sent By Job
	0  -  Run Bytes Received By Job
	0  -  Total Bytes Sent By Job
	0  -  Total Bytes Received By Job
	Partitionable Resources :    Usage  Request Allocated 
	   Cpus                 :     1.00        6         6 
	   Disk (KB)            :     1           1     12080 
	   Memory (MB)          :   893        2048      2048 

	Job terminated of its own accord at 2026-05-08T03:31:15Z with exit-code 0.
...
