000 (45924173.003.000) 2026-05-07 22:59:04 Job submitted from host: <10.5.0.107:9618?addrs=10.5.0.107-9618&alias=sugwg-login.syr.edu&noUDP&sock=schedd_1361_1c7c>
...
001 (45924173.003.000) 2026-05-07 22:59:27 Job executing on host: <10.5.201.170:9618?addrs=10.5.201.170-9618&alias=OG-NODE-10-5-201-170&noUDP&sock=startd_1498_14f5>
...
006 (45924173.003.000) 2026-05-07 22:59:35 Image size of job updated: 84168
	53  -  MemoryUsage of job (MB)
	53940  -  ResidentSetSize of job (KB)
...
006 (45924173.003.000) 2026-05-07 23:04:35 Image size of job updated: 1674136
	262  -  MemoryUsage of job (MB)
	268200  -  ResidentSetSize of job (KB)
...
006 (45924173.003.000) 2026-05-07 23:09:36 Image size of job updated: 1674136
	305  -  MemoryUsage of job (MB)
	312024  -  ResidentSetSize of job (KB)
...
006 (45924173.003.000) 2026-05-07 23:14:36 Image size of job updated: 1674136
	334  -  MemoryUsage of job (MB)
	341336  -  ResidentSetSize of job (KB)
...
006 (45924173.003.000) 2026-05-07 23:19:36 Image size of job updated: 1674136
	455  -  MemoryUsage of job (MB)
	465888  -  ResidentSetSize of job (KB)
...
005 (45924173.003.000) 2026-05-07 23:31:13 Job terminated.
	(1) Normal termination (return value 0)
		Usr 0 00:29:39, Sys 0 00:03:05  -  Run Remote Usage
		Usr 0 00:00:00, Sys 0 00:00:00  -  Run Local Usage
		Usr 0 00:29:39, Sys 0 00:03:05  -  Total Remote Usage
		Usr 0 00:00:00, Sys 0 00:00:00  -  Total Local Usage
	0  -  Run Bytes Sent By Job
	0  -  Run Bytes Received By Job
	0  -  Total Bytes Sent By Job
	0  -  Total Bytes Received By Job
	Partitionable Resources :    Usage  Request Allocated 
	   Cpus                 :     1.03        6         6 
	   Disk (KB)            :     1           1     12193 
	   Memory (MB)          :   455        2048      2048 

	Job terminated of its own accord at 2026-05-08T03:31:13Z with exit-code 0.
...
