000 (45924531.008.000) 2026-05-07 23:05:35 Job submitted from host: <10.5.0.107:9618?addrs=10.5.0.107-9618&alias=sugwg-login.syr.edu&noUDP&sock=schedd_1361_1c7c>
...
001 (45924531.008.000) 2026-05-07 23:06:03 Job executing on host: <10.5.200.43:9618?addrs=10.5.200.43-9618&alias=OG-NODE-10-5-200-43&noUDP&sock=startd_1239_6dee>
...
006 (45924531.008.000) 2026-05-07 23:06:12 Image size of job updated: 353388
	60  -  MemoryUsage of job (MB)
	60760  -  ResidentSetSize of job (KB)
...
006 (45924531.008.000) 2026-05-07 23:11:13 Image size of job updated: 1616764
	237  -  MemoryUsage of job (MB)
	241672  -  ResidentSetSize of job (KB)
...
006 (45924531.008.000) 2026-05-07 23:16:13 Image size of job updated: 1616764
	254  -  MemoryUsage of job (MB)
	259420  -  ResidentSetSize of job (KB)
...
006 (45924531.008.000) 2026-05-07 23:26:14 Image size of job updated: 1616764
	337  -  MemoryUsage of job (MB)
	345024  -  ResidentSetSize of job (KB)
...
006 (45924531.008.000) 2026-05-07 23:44:36 Image size of job updated: 1618880
	337  -  MemoryUsage of job (MB)
	345024  -  ResidentSetSize of job (KB)
...
005 (45924531.008.000) 2026-05-07 23:44:36 Job terminated.
	(1) Normal termination (return value 0)
		Usr 0 00:36:16, Sys 0 00:03:17  -  Run Remote Usage
		Usr 0 00:00:00, Sys 0 00:00:00  -  Run Local Usage
		Usr 0 00:36:16, Sys 0 00:03:17  -  Total Remote Usage
		Usr 0 00:00:00, Sys 0 00:00:00  -  Total Local Usage
	0  -  Run Bytes Sent By Job
	0  -  Run Bytes Received By Job
	0  -  Total Bytes Sent By Job
	0  -  Total Bytes Received By Job
	Partitionable Resources :    Usage  Request Allocated 
	   Cpus                 :     1.00        6         6 
	   Disk (KB)            :     1           1     14642 
	   Memory (MB)          :   337        2048      2048 

	Job terminated of its own accord at 2026-05-08T03:44:36Z with exit-code 0.
...
