000 (45924531.006.000) 2026-05-07 23:05:35 Job submitted from host: <10.5.0.107:9618?addrs=10.5.0.107-9618&alias=sugwg-login.syr.edu&noUDP&sock=schedd_1361_1c7c>
...
001 (45924531.006.000) 2026-05-07 23:06:03 Job executing on host: <10.5.198.221:9618?addrs=10.5.198.221-9618&alias=OG-NODE-10-5-198-221&noUDP&sock=startd_1286_aae2>
...
006 (45924531.006.000) 2026-05-07 23:06:12 Image size of job updated: 130536
	80  -  MemoryUsage of job (MB)
	80904  -  ResidentSetSize of job (KB)
...
006 (45924531.006.000) 2026-05-07 23:11:13 Image size of job updated: 1579208
	266  -  MemoryUsage of job (MB)
	271576  -  ResidentSetSize of job (KB)
...
006 (45924531.006.000) 2026-05-07 23:16:13 Image size of job updated: 1579208
	367  -  MemoryUsage of job (MB)
	375580  -  ResidentSetSize of job (KB)
...
006 (45924531.006.000) 2026-05-07 23:21:13 Image size of job updated: 1614028
	461  -  MemoryUsage of job (MB)
	471568  -  ResidentSetSize of job (KB)
...
006 (45924531.006.000) 2026-05-07 23:26:14 Image size of job updated: 1614028
	467  -  MemoryUsage of job (MB)
	477712  -  ResidentSetSize of job (KB)
...
005 (45924531.006.000) 2026-05-07 23:45:06 Job terminated.
	(1) Normal termination (return value 0)
		Usr 0 00:36:46, Sys 0 00:03:27  -  Run Remote Usage
		Usr 0 00:00:00, Sys 0 00:00:00  -  Run Local Usage
		Usr 0 00:36:46, Sys 0 00:03:27  -  Total Remote Usage
		Usr 0 00:00:00, Sys 0 00:00:00  -  Total Local Usage
	0  -  Run Bytes Sent By Job
	0  -  Run Bytes Received By Job
	0  -  Total Bytes Sent By Job
	0  -  Total Bytes Received By Job
	Partitionable Resources :    Usage  Request Allocated 
	   Cpus                 :     1.03        6         6 
	   Disk (KB)            :     1           1     18343 
	   Memory (MB)          :   467        2048      2048 

	Job terminated of its own accord at 2026-05-08T03:45:06Z with exit-code 0.
...
