000 (45924531.003.000) 2026-05-07 23:05:35 Job submitted from host: <10.5.0.107:9618?addrs=10.5.0.107-9618&alias=sugwg-login.syr.edu&noUDP&sock=schedd_1361_1c7c>
...
001 (45924531.003.000) 2026-05-07 23:06:03 Job executing on host: <10.5.209.165:9618?addrs=10.5.209.165-9618&alias=OG-NODE-10-5-209-165&noUDP&sock=startd_1248_9a48>
...
006 (45924531.003.000) 2026-05-07 23:06:12 Image size of job updated: 111660
	69  -  MemoryUsage of job (MB)
	70080  -  ResidentSetSize of job (KB)
...
006 (45924531.003.000) 2026-05-07 23:11:13 Image size of job updated: 1685508
	414  -  MemoryUsage of job (MB)
	423648  -  ResidentSetSize of job (KB)
...
006 (45924531.003.000) 2026-05-07 23:26:15 Image size of job updated: 1685508
	615  -  MemoryUsage of job (MB)
	629020  -  ResidentSetSize of job (KB)
...
006 (45924531.003.000) 2026-05-07 23:31:16 Image size of job updated: 1685508
	619  -  MemoryUsage of job (MB)
	633376  -  ResidentSetSize of job (KB)
...
005 (45924531.003.000) 2026-05-07 23:43:26 Job terminated.
	(1) Normal termination (return value 0)
		Usr 0 00:35:08, Sys 0 00:03:16  -  Run Remote Usage
		Usr 0 00:00:00, Sys 0 00:00:00  -  Run Local Usage
		Usr 0 00:35:08, Sys 0 00:03:16  -  Total Remote Usage
		Usr 0 00:00:00, Sys 0 00:00:00  -  Total Local Usage
	0  -  Run Bytes Sent By Job
	0  -  Run Bytes Received By Job
	0  -  Total Bytes Sent By Job
	0  -  Total Bytes Received By Job
	Partitionable Resources :    Usage  Request Allocated 
	   Cpus                 :     1.01        6         6 
	   Disk (KB)            :     1           1     19368 
	   Memory (MB)          :   619        2048      2048 

	Job terminated of its own accord at 2026-05-08T03:43:26Z with exit-code 0.
...
