000 (45924531.007.000) 2026-05-07 23:05:35 Job submitted from host: <10.5.0.107:9618?addrs=10.5.0.107-9618&alias=sugwg-login.syr.edu&noUDP&sock=schedd_1361_1c7c>
...
001 (45924531.007.000) 2026-05-07 23:06:03 Job executing on host: <10.5.214.178:9618?addrs=10.5.214.178-9618&alias=OG-NODE-10-5-214-178&noUDP&sock=startd_1505_e21f>
...
006 (45924531.007.000) 2026-05-07 23:06:12 Image size of job updated: 72532
	42  -  MemoryUsage of job (MB)
	42964  -  ResidentSetSize of job (KB)
...
006 (45924531.007.000) 2026-05-07 23:11:13 Image size of job updated: 1575212
	395  -  MemoryUsage of job (MB)
	404328  -  ResidentSetSize of job (KB)
...
006 (45924531.007.000) 2026-05-07 23:16:13 Image size of job updated: 1617712
	445  -  MemoryUsage of job (MB)
	455048  -  ResidentSetSize of job (KB)
...
006 (45924531.007.000) 2026-05-07 23:21:14 Image size of job updated: 1617712
	445  -  MemoryUsage of job (MB)
	455576  -  ResidentSetSize of job (KB)
...
006 (45924531.007.000) 2026-05-07 23:31:15 Image size of job updated: 1617712
	886  -  MemoryUsage of job (MB)
	907212  -  ResidentSetSize of job (KB)
...
006 (45924531.007.000) 2026-05-08 00:01:19 Image size of job updated: 1630512
	916  -  MemoryUsage of job (MB)
	937920  -  ResidentSetSize of job (KB)
...
005 (45924531.007.000) 2026-05-08 00:30:53 Job terminated.
	(1) Normal termination (return value 0)
		Usr 0 01:18:11, Sys 0 00:08:21  -  Run Remote Usage
		Usr 0 00:00:00, Sys 0 00:00:00  -  Run Local Usage
		Usr 0 01:18:11, Sys 0 00:08:21  -  Total Remote Usage
		Usr 0 00:00:00, Sys 0 00:00:00  -  Total Local Usage
	0  -  Run Bytes Sent By Job
	0  -  Run Bytes Received By Job
	0  -  Total Bytes Sent By Job
	0  -  Total Bytes Received By Job
	Partitionable Resources :    Usage  Request Allocated 
	   Cpus                 :     1.00        6         6 
	   Disk (KB)            :     1           1     16958 
	   Memory (MB)          :   916        2048      2048 

	Job terminated of its own accord at 2026-05-08T04:30:53Z with exit-code 0.
...
