000 (45924531.009.000) 2026-05-07 23:05:35 Job submitted from host: <10.5.0.107:9618?addrs=10.5.0.107-9618&alias=sugwg-login.syr.edu&noUDP&sock=schedd_1361_1c7c>
...
001 (45924531.009.000) 2026-05-07 23:06:03 Job executing on host: <10.5.180.195:9618?addrs=10.5.180.195-9618&alias=OG-NODE-10-5-180-195&noUDP&sock=startd_1498_14f5>
...
006 (45924531.009.000) 2026-05-07 23:06:12 Image size of job updated: 106552
	66  -  MemoryUsage of job (MB)
	67348  -  ResidentSetSize of job (KB)
...
006 (45924531.009.000) 2026-05-07 23:11:13 Image size of job updated: 1611448
	232  -  MemoryUsage of job (MB)
	237468  -  ResidentSetSize of job (KB)
...
006 (45924531.009.000) 2026-05-07 23:16:13 Image size of job updated: 1611448
	332  -  MemoryUsage of job (MB)
	339220  -  ResidentSetSize of job (KB)
...
006 (45924531.009.000) 2026-05-07 23:21:13 Image size of job updated: 1611448
	344  -  MemoryUsage of job (MB)
	351420  -  ResidentSetSize of job (KB)
...
006 (45924531.009.000) 2026-05-07 23:26:14 Image size of job updated: 1611448
	466  -  MemoryUsage of job (MB)
	476752  -  ResidentSetSize of job (KB)
...
005 (45924531.009.000) 2026-05-07 23:39:04 Job terminated.
	(1) Normal termination (return value 0)
		Usr 0 00:31:00, Sys 0 00:02:59  -  Run Remote Usage
		Usr 0 00:00:00, Sys 0 00:00:00  -  Run Local Usage
		Usr 0 00:31:00, Sys 0 00:02:59  -  Total Remote Usage
		Usr 0 00:00:00, Sys 0 00:00:00  -  Total Local Usage
	0  -  Run Bytes Sent By Job
	0  -  Run Bytes Received By Job
	0  -  Total Bytes Sent By Job
	0  -  Total Bytes Received By Job
	Partitionable Resources :    Usage  Request Allocated 
	   Cpus                 :     1.01        6         6 
	   Disk (KB)            :     1           1     22399 
	   Memory (MB)          :   466        2048      2048 

	Job terminated of its own accord at 2026-05-08T03:39:04Z with exit-code 0.
...
