000 (45924531.005.000) 2026-05-07 23:05:35 Job submitted from host: <10.5.0.107:9618?addrs=10.5.0.107-9618&alias=sugwg-login.syr.edu&noUDP&sock=schedd_1361_1c7c>
...
001 (45924531.005.000) 2026-05-07 23:06:03 Job executing on host: <10.5.213.4:9618?addrs=10.5.213.4-9618&alias=OG-NODE-10-5-213-4&noUDP&sock=startd_1249_49e0>
...
006 (45924531.005.000) 2026-05-07 23:06:12 Image size of job updated: 375528
	70  -  MemoryUsage of job (MB)
	70736  -  ResidentSetSize of job (KB)
...
006 (45924531.005.000) 2026-05-07 23:11:13 Image size of job updated: 1552096
	229  -  MemoryUsage of job (MB)
	233656  -  ResidentSetSize of job (KB)
...
006 (45924531.005.000) 2026-05-07 23:16:14 Image size of job updated: 1552096
	295  -  MemoryUsage of job (MB)
	301860  -  ResidentSetSize of job (KB)
...
006 (45924531.005.000) 2026-05-07 23:21:14 Image size of job updated: 1552096
	457  -  MemoryUsage of job (MB)
	467820  -  ResidentSetSize of job (KB)
...
006 (45924531.005.000) 2026-05-07 23:26:14 Image size of job updated: 1615584
	918  -  MemoryUsage of job (MB)
	939356  -  ResidentSetSize of job (KB)
...
005 (45924531.005.000) 2026-05-07 23:44:55 Job terminated.
	(1) Normal termination (return value 0)
		Usr 0 00:36:45, Sys 0 00:03:15  -  Run Remote Usage
		Usr 0 00:00:00, Sys 0 00:00:00  -  Run Local Usage
		Usr 0 00:36:45, Sys 0 00:03:15  -  Total Remote Usage
		Usr 0 00:00:00, Sys 0 00:00:00  -  Total Local Usage
	0  -  Run Bytes Sent By Job
	0  -  Run Bytes Received By Job
	0  -  Total Bytes Sent By Job
	0  -  Total Bytes Received By Job
	Partitionable Resources :    Usage  Request Allocated 
	   Cpus                 :     1.01        6         6 
	   Disk (KB)            :     1           1     15906 
	   Memory (MB)          :   918        2048      2048 

	Job terminated of its own accord at 2026-05-08T03:44:55Z with exit-code 0.
...
