000 (45924531.002.000) 2026-05-07 23:05:35 Job submitted from host: <10.5.0.107:9618?addrs=10.5.0.107-9618&alias=sugwg-login.syr.edu&noUDP&sock=schedd_1361_1c7c>
...
001 (45924531.002.000) 2026-05-07 23:06:03 Job executing on host: <10.5.199.55:9618?addrs=10.5.199.55-9618&alias=OG-NODE-10-5-199-55&noUDP&sock=startd_1918_2abc>
...
006 (45924531.002.000) 2026-05-07 23:06:12 Image size of job updated: 668496
	91  -  MemoryUsage of job (MB)
	92444  -  ResidentSetSize of job (KB)
...
006 (45924531.002.000) 2026-05-07 23:11:14 Image size of job updated: 1642124
	790  -  MemoryUsage of job (MB)
	808276  -  ResidentSetSize of job (KB)
...
005 (45924531.002.000) 2026-05-07 23:34:58 Job terminated.
	(1) Normal termination (return value 0)
		Usr 0 00:27:28, Sys 0 00:03:10  -  Run Remote Usage
		Usr 0 00:00:00, Sys 0 00:00:00  -  Run Local Usage
		Usr 0 00:27:28, Sys 0 00:03:10  -  Total Remote Usage
		Usr 0 00:00:00, Sys 0 00:00:00  -  Total Local Usage
	0  -  Run Bytes Sent By Job
	0  -  Run Bytes Received By Job
	0  -  Total Bytes Sent By Job
	0  -  Total Bytes Received By Job
	Partitionable Resources :    Usage  Request Allocated 
	   Cpus                 :     1.06        6         6 
	   Disk (KB)            :     1           1      9202 
	   Memory (MB)          :   790        2048      2048 

	Job terminated of its own accord at 2026-05-08T03:34:58Z with exit-code 0.
...
