000 (45924531.004.000) 2026-05-07 23:05:35 Job submitted from host: <10.5.0.107:9618?addrs=10.5.0.107-9618&alias=sugwg-login.syr.edu&noUDP&sock=schedd_1361_1c7c>
...
001 (45924531.004.000) 2026-05-07 23:06:03 Job executing on host: <10.5.213.11:9618?addrs=10.5.213.11-9618&alias=OG-NODE-10-5-213-11&noUDP&sock=startd_1245_8b7f>
...
006 (45924531.004.000) 2026-05-07 23:06:12 Image size of job updated: 351896
	82  -  MemoryUsage of job (MB)
	83404  -  ResidentSetSize of job (KB)
...
006 (45924531.004.000) 2026-05-07 23:11:13 Image size of job updated: 1139524
	242  -  MemoryUsage of job (MB)
	247024  -  ResidentSetSize of job (KB)
...
006 (45924531.004.000) 2026-05-07 23:16:14 Image size of job updated: 1606740
	328  -  MemoryUsage of job (MB)
	335156  -  ResidentSetSize of job (KB)
...
006 (45924531.004.000) 2026-05-07 23:21:14 Image size of job updated: 1606740
	404  -  MemoryUsage of job (MB)
	413588  -  ResidentSetSize of job (KB)
...
006 (45924531.004.000) 2026-05-07 23:41:16 Image size of job updated: 1623604
	404  -  MemoryUsage of job (MB)
	413588  -  ResidentSetSize of job (KB)
...
005 (45924531.004.000) 2026-05-07 23:44:57 Job terminated.
	(1) Normal termination (return value 0)
		Usr 0 00:36:51, Sys 0 00:03:15  -  Run Remote Usage
		Usr 0 00:00:00, Sys 0 00:00:00  -  Run Local Usage
		Usr 0 00:36:51, Sys 0 00:03:15  -  Total Remote Usage
		Usr 0 00:00:00, Sys 0 00:00:00  -  Total Local Usage
	0  -  Run Bytes Sent By Job
	0  -  Run Bytes Received By Job
	0  -  Total Bytes Sent By Job
	0  -  Total Bytes Received By Job
	Partitionable Resources :    Usage  Request Allocated 
	   Cpus                 :     1.05        6         6 
	   Disk (KB)            :     1           1     11429 
	   Memory (MB)          :   404        2048      2048 

	Job terminated of its own accord at 2026-05-08T03:44:57Z with exit-code 0.
...
