000 (45924531.000.000) 2026-05-07 23:05:35 Job submitted from host: <10.5.0.107:9618?addrs=10.5.0.107-9618&alias=sugwg-login.syr.edu&noUDP&sock=schedd_1361_1c7c>
...
001 (45924531.000.000) 2026-05-07 23:06:03 Job executing on host: <10.5.211.169:9618?addrs=10.5.211.169-9618&alias=OG-NODE-10-5-211-169&noUDP&sock=startd_1247_eab0>
...
006 (45924531.000.000) 2026-05-07 23:06:12 Image size of job updated: 370496
	65  -  MemoryUsage of job (MB)
	66412  -  ResidentSetSize of job (KB)
...
006 (45924531.000.000) 2026-05-07 23:11:13 Image size of job updated: 1576656
	203  -  MemoryUsage of job (MB)
	206864  -  ResidentSetSize of job (KB)
...
006 (45924531.000.000) 2026-05-07 23:16:14 Image size of job updated: 1576656
	235  -  MemoryUsage of job (MB)
	240164  -  ResidentSetSize of job (KB)
...
006 (45924531.000.000) 2026-05-07 23:21:14 Image size of job updated: 1576656
	426  -  MemoryUsage of job (MB)
	436124  -  ResidentSetSize of job (KB)
...
006 (45924531.000.000) 2026-05-07 23:26:14 Image size of job updated: 1612500
	426  -  MemoryUsage of job (MB)
	436124  -  ResidentSetSize of job (KB)
...
005 (45924531.000.000) 2026-05-07 23:45:30 Job terminated.
	(1) Normal termination (return value 0)
		Usr 0 00:37:14, Sys 0 00:03:23  -  Run Remote Usage
		Usr 0 00:00:00, Sys 0 00:00:00  -  Run Local Usage
		Usr 0 00:37:14, Sys 0 00:03:23  -  Total Remote Usage
		Usr 0 00:00:00, Sys 0 00:00:00  -  Total Local Usage
	0  -  Run Bytes Sent By Job
	0  -  Run Bytes Received By Job
	0  -  Total Bytes Sent By Job
	0  -  Total Bytes Received By Job
	Partitionable Resources :    Usage  Request Allocated 
	   Cpus                 :     1.05        6         6 
	   Disk (KB)            :     1           1      9991 
	   Memory (MB)          :   426        2048      2048 

	Job terminated of its own accord at 2026-05-08T03:45:30Z with exit-code 0.
...
