using all peaks
using numerical
time : 0.011713922998751514
abserror : 5.413413605747562e-08
using all peaks
using numerical
time : 0.010294548999809194
abserror : 4.757197739493016e-09
using all peaks
using numerical
time : 0.011914811002498027
abserror : 2.544970319808151e-07
using all peaks
using numerical
time : 0.009281009999540402
abserror : 1.353399905003913e-07
using all peaks
using numerical
time : 0.009270938000554452
abserror : 5.393224714066884e-07
using all peaks
using numerical
time : 0.00927512599810143
abserror : 7.652507611335243e-08
using all peaks
using numerical
time : 0.009290105001127813
abserror : 577544.9053967297
using all peaks
using numerical
time : 0.014776901000004727
abserror : 7.656736785986987e-10
using all peaks
using numerical
time : 0.014160925999021856
abserror : 0.013044602723880416
using all peaks
using numerical
time : 0.009260254002583679
abserror : 6.685218124370516e-11
using all peaks
using numerical
time : 0.012515433001681231
abserror : 2.0303531599952418e-11
using all peaks
using numerical
time : 0.009247999998478917
abserror : 7.06615556640295e-10
using all peaks
using numerical
time : 0.01093350899827783
abserror : 7.353246251902244e-10
using all peaks
using numerical
time : 0.009331512999779079
abserror : 4.884644321921111e-09
using all peaks
using numerical
time : 0.0012540950010588858
abserror : 1.2802026105873665e-10
using all peaks
using numerical
time : 0.008546289998776047
abserror : 43.13159478065063
using all peaks
using numerical
time : 0.014184863000991754
abserror : 2.6281737568655035e-09
using all peaks
using numerical
time : 0.007727328000328271
abserror : 2.714937726650366e-09
using all peaks
using numerical
time : 0.0077855170020484366
abserror : 3.534742350817799e-05
using all peaks
using numerical
time : 0.011806094997155014
abserror : 1.1616505411671838e-08
using all peaks
using numerical
time : 0.012146080000093207
abserror : 2.6376483050656596e-09
using all peaks
using numerical
time : 0.008518702001310885
abserror : 4.352072573856008e-07
using all peaks
using numerical
time : 0.010110188002727227
abserror : 1.349758593994228e-07
using all peaks
using numerical
time : 0.008672198000567732
abserror : 1.0589110287288934e-05
using all peaks
using numerical
time : 0.008669914001075085
abserror : 4.32643889064499e-06
using all peaks
using numerical
time : 0.008523714997863863
abserror : 9.651165311695288e-09
using all peaks
using numerical
time : 0.017451014999096515
abserror : 1.9376034106577357e-09
using all peaks
using numerical
time : 0.01330354600213468
abserror : 1.2550299052683495e-08
using all peaks
using numerical
time : 0.00949763099924894
abserror : 1.4511910447628784e-08
using all peaks
using numerical
time : 0.015706000998761738
abserror : 1.2105378519938287e-08
using all peaks
using numerical
time : 0.012484025999583537
abserror : 7.3604161106679e-09
using all peaks
using numerical
time : 0.0077496060002886225
abserror : 4.7793564191336846e-08
using all peaks
using numerical
time : 0.0012507059982453939
abserror : 1.2740977907928863e-13
using all peaks
using numerical
time : 0.0084354020000319
abserror : 13.62060614425718
using all peaks
using numerical
time : 0.00775342199995066
abserror : 0.006455634322428228
using all peaks
using numerical
time : 0.009562560000631493
abserror : 6.838276145427742e-10
using all peaks
using numerical
time : 0.007688592999329558
abserror : 293482922.69867706
using all peaks
using numerical
time : 0.010165177001908887
abserror : 1.590632323750406e-08
using all peaks
using numerical
time : 0.007637491999048507
abserror : 8.309803820407986e-08
using all peaks
using numerical
time : 0.008649449999211356
abserror : 2.671912854330092e-06
using all peaks
using numerical
time : 0.008511310999892885
abserror : 2.0842271922923975e-09
using all peaks
using numerical
time : 0.007081499999912921
abserror : 0.011824932003946742
using all peaks
using numerical
time : 0.0076825019968964625
abserror : 8.049784377196206e+31
using all peaks
using numerical
time : 0.006085192999307765
abserror : 0.002923934310609444
using all peaks
using numerical
time : 0.0077922710006532725
abserror : 2.2249676700711318e-07
using all peaks
using numerical
time : 0.011098397997557186
abserror : 6.62344243943358e-10
using all peaks
using numerical
time : 0.008492559001751943
abserror : 3.4574160586397892e-09
using all peaks
using numerical
time : 0.012646687999222195
abserror : 9.129762645001944e-12
using all peaks
using numerical
time : 0.010960799001622945
abserror : 1.7139101073048758e-09
using all peaks
using numerical
time : 0.007857036001951201
abserror : 1108186616.2648315
