using all peaks
using numerical
time : 0.00330258999747457
abserror : 4.78882347097705e-09
using all peaks
using numerical
time : 0.0034618739991856273
abserror : 1.175689753082058e-08
using all peaks
using numerical
time : 0.0032522719993721694
abserror : 1.0792689148782204e-08
using all peaks
using numerical
time : 0.002929164002125617
abserror : 1.674352225908362e-05
using all peaks
using numerical
time : 0.0053658409997296985
abserror : 2.1476869477857425e-10
using all peaks
using numerical
time : 0.0024827769993862603
abserror : 1.2543766215497684e-06
using all peaks
using numerical
time : 0.004821257000003243
abserror : 1.8810555739791852e-08
using all peaks
using numerical
time : 0.003953940999053884
abserror : 1.1073665477553825e-08
using all peaks
using numerical
time : 0.0005597230010607745
abserror : 1.127144554000856e-09
using all peaks
using numerical
time : 0.002143696998246014
abserror : 1.6504631436496098
using all peaks
using numerical
time : 0.002681136000319384
abserror : 1.9305066875729075e-10
using all peaks
using numerical
time : 0.004795738001121208
abserror : 7.814542172998149e-09
using all peaks
using numerical
time : 0.00289543200051412
abserror : 2.0512888950635633e-07
using all peaks
using numerical
time : 0.0031022920011309907
abserror : 9.754960269565255e-10
using all peaks
using numerical
time : 0.002627459998620907
abserror : 1.6833678295658095e-08
using all peaks
using numerical
time : 0.0035055530024692416
abserror : 3.525079575045449e-09
using all peaks
using numerical
time : 0.00261613000111538
abserror : 1.7983834874336202e-06
using all peaks
using numerical
time : 0.003325262998259859
abserror : 5.417563989699578e-06
using all peaks
using numerical
time : 0.00263520499720471
abserror : 7.529984599394246e-09
using all peaks
using numerical
time : 0.0012573919993883464
abserror : 1.7585020847023975e-10
using all peaks
using numerical
time : 0.003831893001915887
abserror : 1.2144663597618751e-10
using all peaks
using numerical
time : 0.0021842559981450904
abserror : 0.00019835900750475588
using all peaks
using numerical
time : 0.003246760999900289
abserror : 1.2605241436286713e-10
using all peaks
using numerical
time : 0.005371146002289606
abserror : 5.64634034005244e-09
using all peaks
using numerical
time : 0.004569346998323454
abserror : 5.164782467388852e-08
using all peaks
using numerical
time : 0.003207148998626508
abserror : 7.982992339805318e-07
using all peaks
using numerical
time : 0.003278012001828756
abserror : 9.400603173629056e-06
using all peaks
using numerical
time : 0.002962013997603208
abserror : 1.845248470697619e-10
using all peaks
using numerical
time : 0.004496793997532222
abserror : 7.048004003020995e-09
using all peaks
using numerical
time : 0.002336173001822317
abserror : 0.0006257915840483523
using all peaks
using numerical
time : 0.005026337999879615
abserror : 8.867091152242514e-06
using all peaks
using numerical
time : 0.0038242470000113826
abserror : 1.8295385246641793e-08
using all peaks
using numerical
time : 0.0037860939992242493
abserror : 2.783626068301005e-10
using all peaks
using numerical
time : 0.0025909939977282193
abserror : 0.00011231778181386431
using all peaks
using numerical
time : 0.0039060749986674637
abserror : 1.407239760310115e-11
using all peaks
using numerical
time : 0.00047173400162137114
abserror : 0.0
using all peaks
using numerical
time : 0.002059316997474525
abserror : 12203974.192260742
using all peaks
using numerical
time : 0.002389219000178855
abserror : 6.592206181880479e+26
using all peaks
using numerical
time : 0.0036594240009435453
abserror : 9.94568153878671e-09
using all peaks
using numerical
time : 0.0037212589995760936
abserror : 1.4609645414353489e-09
using all peaks
using numerical
time : 0.004170668002188904
abserror : 1.314688655874867e-08
using all peaks
using numerical
time : 0.006695639000099618
abserror : 2.8015827307160734e-10
using all peaks
using numerical
time : 0.003073378000408411
abserror : 9.127366737415876e-08
using all peaks
using numerical
time : 0.0037996639985067304
abserror : 4.029341024253336e-08
using all peaks
using numerical
time : 0.004327662001742283
abserror : 3.5115948980073585e-09
using all peaks
using numerical
time : 0.00265040700105601
abserror : 4.162407065727367e+30
using all peaks
using numerical
time : 0.0032065599989437032
abserror : 8.873029116599276e-07
using all peaks
using numerical
time : 0.002443781002511969
abserror : 0.00020940663200849012
using all peaks
using numerical
time : 0.0032554659992456436
abserror : 2.781790384052703e-09
using all peaks
using numerical
time : 0.0032035220028774347
abserror : 1.4588850418479458e-08
