using all peaks
using numerical
time : 0.024867952801287174
abserror : 1.4177817297511615e-08
using all peaks
using numerical
time : 0.016372503712773323
abserror : 2.3687834958119424e+16
using all peaks
using numerical
time : 0.045659422874450684
abserror : 9.121631056470505
using all peaks
using numerical
time : 0.024517850950360298
abserror : 1.880672112547079e-08
using all peaks
using numerical
time : 0.02777603268623352
abserror : 1.2347533508479198e-08
using all peaks
using numerical
time : 0.03275280259549618
abserror : 3.088069548620734e-08
using all peaks
using numerical
time : 0.023872656747698784
abserror : 4.259181423071616e-09
using all peaks
using numerical
time : 0.03151671215891838
abserror : 7.129300796788528e-09
using all peaks
using numerical
time : 0.012309325858950615
abserror : 1.3310183702874643e-08
using all peaks
using numerical
time : 0.03577418718487024
abserror : 6.848344665847326e-09
using all peaks
using numerical
time : 0.030230719596147537
abserror : 1.8093196097677482e-09
using all peaks
using numerical
time : 0.009919741190969944
abserror : 1.5826156267125576e-07
using all peaks
using numerical
time : 0.021434872411191463
abserror : 1.170493921568417e-09
using all peaks
using numerical
time : 0.02536744996905327
abserror : 1.7417150316167973e-06
using all peaks
using numerical
time : 0.011327233165502548
abserror : 1.952468433530862e-05
using all peaks
using numerical
time : 0.0271778404712677
abserror : 1.583200658376513e-08
using all peaks
using numerical
time : 0.015415209345519543
abserror : 2.0702137606582544e-09
using all peaks
using numerical
time : 0.01524101011455059
abserror : 6.98699088701261e-09
using all peaks
using numerical
time : 0.03715188056230545
abserror : 1.6650616513174183e-07
using all peaks
using numerical
time : 0.024589456617832184
abserror : 6.3931213301396925e-09
using all peaks
using numerical
time : 0.04412613995373249
abserror : 1.3189973981398719e-08
using all peaks
using numerical
time : 0.018819688819348812
abserror : 8.161898972330128e-12
using all peaks
using numerical
time : 0.02786183636635542
abserror : 1.3466212241685207e-08
using all peaks
using numerical
time : 0.040570261888206005
abserror : 1.081512479937629e-08
using all peaks
using numerical
time : 0.008906947448849678
abserror : 13.623234551528974
using all peaks
using numerical
time : 0.040593160316348076
abserror : 8.477826680312269e-10
using all peaks
using numerical
time : 0.020874176174402237
abserror : 1.4338925923869502e-08
using all peaks
using numerical
time : 0.012469426728785038
abserror : 0.058106245883592256
using all peaks
using numerical
time : 0.009022846817970276
abserror : 1797662625649.6406
using all peaks
using numerical
time : 0.031144817359745502
abserror : 5.203845674210001e-09
using all peaks
using numerical
time : 0.01445191539824009
abserror : 1.3344397927183441e-11
using all peaks
using numerical
time : 0.020930076949298382
abserror : 1.4663457811242808e-08
using all peaks
using numerical
time : 0.017320498824119568
abserror : 0.00021122565132625226
using all peaks
using numerical
time : 0.01311622466892004
abserror : 1.3368937602255065e-09
using all peaks
using numerical
time : 0.010277439840137959
abserror : 2271463.712369859
using all peaks
using numerical
time : 0.02329916600137949
abserror : 1.3854095468713741e-09
using all peaks
using numerical
time : 0.013493821024894714
abserror : 8.200187132692896e-06
using all peaks
using numerical
time : 0.024021560326218605
abserror : 831040953.7220154
using all peaks
using numerical
time : 0.03439080063253641
abserror : 2.0439379013507277e-08
using all peaks
using numerical
time : 0.00921984575688839
abserror : 1.3763823833051122e+21
using all peaks
using numerical
time : 0.01539481058716774
abserror : 1.5563242877562314e-09
using all peaks
using numerical
time : 0.004846172407269478
abserror : 1.535419384154386e-08
using all peaks
using numerical
time : 0.01578010804951191
abserror : 8.896153264492668e-05
using all peaks
using numerical
time : 0.01873169094324112
abserror : 5.84458323104517e-10
using all peaks
using numerical
time : 0.01716569997370243
abserror : 3.705014207065082e-11
using all peaks
using numerical
time : 0.004989771172404289
abserror : 7.084541400140948e-09
using all peaks
using numerical
time : 0.03020052332431078
abserror : 1.3614115711945405e-11
using all peaks
using numerical
time : 0.02844813372939825
abserror : 1.7358357755756962e-09
using all peaks
using numerical
time : 0.01615670509636402
abserror : 1916.342983847484
using all peaks
using numerical
time : 0.026631143875420094
abserror : 0.000961431014572689
