using all peaks
using numerical
time : 0.0065832119435071945
abserror : 9.650105644074292e-09
using all peaks
using numerical
time : 0.009699316695332527
abserror : 1.1254064852997116e-06
using all peaks
using numerical
time : 0.006980612874031067
abserror : 5.118463564418027e-09
using all peaks
using numerical
time : 0.007105512544512749
abserror : 2.0870251072519663e-06
using all peaks
using numerical
time : 0.008560415357351303
abserror : 5.703579377515879e-10
using all peaks
using numerical
time : 0.009525617584586143
abserror : 2.350625573525911e-10
using all peaks
using numerical
time : 0.006750311702489853
abserror : 1.2871753453590529e-08
using all peaks
using numerical
time : 0.007705014199018478
abserror : 1.492953399008833e-10
using all peaks
using numerical
time : 0.005624709650874138
abserror : 4873.91959214583
using all peaks
using numerical
time : 0.010018417611718178
abserror : 6.2409742129243045e-09
using all peaks
using numerical
time : 0.011431921273469925
abserror : 1.4131569237038495e-05
using all peaks
using numerical
time : 0.004595807753503323
abserror : 1.2771913244623984e-06
using all peaks
using numerical
time : 0.005085209384560585
abserror : 1.1044746445727036e-09
using all peaks
using numerical
time : 0.0008665015920996666
abserror : 1.0321715412483687e-08
using all peaks
using numerical
time : 0.00035410188138484955
abserror : 4.154778848259912e-34
using all peaks
using numerical
time : 0.008663114160299301
abserror : 1.2591265042412864e-11
using all peaks
using numerical
time : 0.0011031022295355797
abserror : 1.0539389596497402e-11
using all peaks
using numerical
time : 0.008408814668655396
abserror : 8.470360053291305e-08
using all peaks
using numerical
time : 0.006247110664844513
abserror : 9.651913232746775e-10
using all peaks
using numerical
time : 0.005129209719598293
abserror : 1.6170761403982967e-09
using all peaks
using numerical
time : 0.005663909949362278
abserror : 7.476591219184547e-08
using all peaks
using numerical
time : 0.007692812941968441
abserror : 1.1751546470873377e-12
using all peaks
using numerical
time : 0.008507314138114452
abserror : 5.955711586663166e-09
using all peaks
using numerical
time : 0.0057329097762703896
abserror : 1.7195202319141243e-09
using all peaks
using numerical
time : 0.005174309015274048
abserror : 59.58120429372423
using all peaks
using numerical
time : 0.004052606411278248
abserror : 1.1677808399706419e-07
using all peaks
using numerical
time : 0.005238809622824192
abserror : 1.4217071544348364e+26
using all peaks
using numerical
time : 0.007258112542331219
abserror : 1.7372685707254333e-07
using all peaks
using numerical
time : 0.007979413494467735
abserror : 5.207191075789867e-09
using all peaks
using numerical
time : 0.005472710356116295
abserror : 1.4872282512012132e-07
using all peaks
using numerical
time : 0.006598110310733318
abserror : 4.590413027645229e-10
using all peaks
using numerical
time : 0.005167408846318722
abserror : 5.010187879621436e-08
using all peaks
using numerical
time : 0.011091619729995728
abserror : 1.7736217399228532e-10
using all peaks
using numerical
time : 0.007406612858176231
abserror : 5.5823426156685445e-09
using all peaks
using numerical
time : 0.007830914109945297
abserror : 2.670705618022211e-09
using all peaks
using numerical
time : 0.004061207175254822
abserror : 3381.0523091650975
using all peaks
using numerical
time : 0.0046466076746582985
abserror : 1.35235099537519e-08
using all peaks
using numerical
time : 0.005245109088718891
abserror : 1.6867984696486034e-10
using all peaks
using numerical
time : 0.007348412647843361
abserror : 7.2780693814332095e-09
using all peaks
using numerical
time : 0.006718211807310581
abserror : 4.093055367911363e-06
using all peaks
using numerical
time : 0.005174309015274048
abserror : 124241.8899230957
using all peaks
using numerical
time : 0.005680710077285767
abserror : 0.0019097416752913432
using all peaks
using numerical
time : 0.00895131565630436
abserror : 2.6893073191103292e-06
using all peaks
using numerical
time : 0.010763818398118019
abserror : 5.980082438222776e-10
using all peaks
using numerical
time : 0.005101807415485382
abserror : 1.2058376343700614e-09
using all peaks
using numerical
time : 0.0062141092494130135
abserror : 1.3120926019101756e-08
using all peaks
using numerical
time : 0.005075408145785332
abserror : 6.1539847710625936e-09
using all peaks
using numerical
time : 0.007741112262010574
abserror : 3.3510679444098595e-11
using all peaks
using numerical
time : 0.006889110431075096
abserror : 3.2374549346597004e-09
using all peaks
using numerical
time : 0.005544809624552727
abserror : 0.00033322378787215
