using all peaks
using numerical
time : 0.003151500000967644
abserror : 2.9121210665063093e-08
using all peaks
using numerical
time : 0.002778982001473196
abserror : 2.915628194877229e-06
using all peaks
using numerical
time : 0.0025501089985482395
abserror : 1.3958689540176372e-08
using all peaks
using numerical
time : 0.003441562002990395
abserror : 4.104379343147906e-09
using all peaks
using numerical
time : 0.003989781998825492
abserror : 8.236716056121781e-12
using all peaks
using numerical
time : 0.002225403000920778
abserror : 0.00013749018799283363
using all peaks
using numerical
time : 0.003480489001958631
abserror : 1041741496.0360718
using all peaks
using numerical
time : 0.003393408998817904
abserror : 6.277510755635254e-12
using all peaks
using numerical
time : 0.00455883899849141
abserror : 5.9992736856323385e-09
using all peaks
using numerical
time : 0.003105405001406325
abserror : 65.94836459623184
using all peaks
using numerical
time : 0.004089537000254495
abserror : 3.894724827315636e-12
using all peaks
using numerical
time : 0.002310173000296345
abserror : 1.6362825042940017e-08
using all peaks
using numerical
time : 0.002542651000112528
abserror : 1.2060795813307737e-08
using all peaks
using numerical
time : 0.004058423000969924
abserror : 1.900646549033329e-08
using all peaks
using numerical
time : 0.003719980999449035
abserror : 1.358875919807941e-07
using all peaks
using numerical
time : 0.003836133997538127
abserror : 5.4224793772446496e-08
using all peaks
using numerical
time : 0.0051600160004454665
abserror : 5.378818734168917e-10
using all peaks
using numerical
time : 0.003759527000511298
abserror : 9.635234869222756e-06
using all peaks
using numerical
time : 0.0031794759997865185
abserror : 1.1977871061946516e-08
using all peaks
using numerical
time : 0.003760326999326935
abserror : 2.7449039957507913e-09
using all peaks
using numerical
time : 0.004614697998476913
abserror : 4.163763699980031e-13
using all peaks
using numerical
time : 0.00457057700259611
abserror : 1.1473479454674508e-08
using all peaks
using numerical
time : 0.0034490639991417993
abserror : 4.586167032524449e-08
using all peaks
using numerical
time : 0.004583646001265151
abserror : 1.179997123541379e-08
using all peaks
using numerical
time : 0.006066255999030545
abserror : 1.464615891022266e-07
using all peaks
using numerical
time : 0.00351428299836698
abserror : 6.275005068643669e-11
using all peaks
using numerical
time : 0.0030988260004960466
abserror : 0.03272075325854701
using all peaks
using numerical
time : 0.004025686001114082
abserror : 9.516870836745808e-09
using all peaks
using numerical
time : 0.0028546120011014864
abserror : 4.8772304207182326e-08
using all peaks
using numerical
time : 0.0051926989981438965
abserror : 3.583540502444552e-12
using all peaks
using numerical
time : 0.004042578999360558
abserror : 1.5961135721581643e-06
using all peaks
using numerical
time : 0.004692440998042002
abserror : 1.1574642933901412e-08
using all peaks
using numerical
time : 0.004997694999474334
abserror : 1.2800233752490564e-08
using all peaks
using numerical
time : 0.004000443001132226
abserror : 1.7092065148098848e-07
using all peaks
using numerical
time : 0.002807614997436758
abserror : 3.854263151577264e-09
using all peaks
using numerical
time : 0.003855686001770664
abserror : 1.1862267322248513e-08
using all peaks
using numerical
time : 0.004126674000872299
abserror : 1.1497169241856935e-12
using all peaks
using numerical
time : 0.004484483000851469
abserror : 2.39664377204297e-08
using all peaks
using numerical
time : 0.006515596000099322
abserror : 4.3671704489867377e-10
using all peaks
using numerical
time : 0.0033670359989628196
abserror : 9.965029437055696e-09
using all peaks
using numerical
time : 0.0037619519971485715
abserror : 1.0125488443754312e-08
using all peaks
using numerical
time : 0.004072424999321811
abserror : 1.4348455381172158e-08
using all peaks
using numerical
time : 0.004609057999914512
abserror : 7.75222569843382e-08
using all peaks
using numerical
time : 0.005770099000073969
abserror : 5.0947263776863984e-11
using all peaks
using numerical
time : 0.0051973459994769655
abserror : 1.2133436227249239e-09
using all peaks
using numerical
time : 0.0045585560001200065
abserror : 1.4252307585207152e-08
using all peaks
using numerical
time : 0.0022265640000114217
abserror : 2.5419876896748406e-06
using all peaks
using numerical
time : 0.0049011110022547655
abserror : 1.526599244273544e-05
using all peaks
using numerical
time : 0.004826519998459844
abserror : 1.8208442532739336e-08
using all peaks
using numerical
time : 0.003789917998801684
abserror : 1.3183468705681356e-08
