using all peaks
using numerical
time : 0.003053014000215626
abserror : 9.507134367229534e-06
using all peaks
using numerical
time : 0.0004454769996300456
abserror : 8.988720757868812e-25
using all peaks
using numerical
time : 0.004405521999615303
abserror : 9.577430575577559e-08
using all peaks
using numerical
time : 0.002682905999790819
abserror : 0.0007080118168423521
using all peaks
using numerical
time : 0.0033277480006290716
abserror : 6.0358680885485194e-09
using all peaks
using numerical
time : 0.0035204519999751938
abserror : 1.1202643003700594e-08
using all peaks
using numerical
time : 0.0010078300001623575
abserror : 1.733761457019473e-10
using all peaks
using numerical
time : 0.0035031880006499705
abserror : 1.2685292389906323e-09
using all peaks
using numerical
time : 0.0040693690007174155
abserror : 5.81730901792114e-08
using all peaks
using numerical
time : 0.004343106999840529
abserror : 3.1539352347301463e-10
using all peaks
using numerical
time : 0.0026886430005106376
abserror : 1.5596025610531807e-08
using all peaks
using numerical
time : 0.0035554729993236833
abserror : 2.6041103332442948e-06
using all peaks
using numerical
time : 0.004069653000442486
abserror : 9.19451416042196e-09
using all peaks
using numerical
time : 0.002395196000179567
abserror : 5.204255156318498e-09
using all peaks
using numerical
time : 0.0021168339999348973
abserror : 0.00040533878283180447
using all peaks
using numerical
time : 0.002800393000143231
abserror : 3.1494310097445572e-09
using all peaks
using numerical
time : 0.004383669999697304
abserror : 4.133658383808687e-11
using all peaks
using numerical
time : 0.0038058580003053066
abserror : 5.007386289557601e-10
using all peaks
using numerical
time : 0.009801364999475481
abserror : 0.33043250946866465
using all peaks
using numerical
time : 0.0037898660002610995
abserror : 4.849950128292091e-06
using all peaks
using numerical
time : 0.003837903999738046
abserror : 2.8617604670833145e-10
using all peaks
using numerical
time : 0.0043223419997957535
abserror : 2.2031138572331128e-09
using all peaks
using numerical
time : 0.0021318770004654652
abserror : 0.0002708166920757371
using all peaks
using numerical
time : 0.002128586000253563
abserror : 34.26402799739594
using all peaks
using numerical
time : 0.0021140400003787363
abserror : 3.826897080077201e-05
using all peaks
using numerical
time : 0.0033051000000341446
abserror : 2.326450037504202e-06
using all peaks
using numerical
time : 0.0035407959994699922
abserror : 1.1184884776486695e-08
using all peaks
using numerical
time : 0.0021613369999613496
abserror : 2.362414752225296e-05
using all peaks
using numerical
time : 0.00245001500024955
abserror : 0.6415729925065534
using all peaks
using numerical
time : 0.0038052440004321397
abserror : 5.169310180611674e-08
using all peaks
using numerical
time : 0.004725609000161057
abserror : 7.56159102035134e-09
using all peaks
using numerical
time : 0.004924408000078984
abserror : 8.718781655274463e-09
using all peaks
using numerical
time : 0.003570660000150383
abserror : 2.478106599727519e-08
using all peaks
using numerical
time : 0.002701035999962187
abserror : 0.019217785036858004
using all peaks
using numerical
time : 0.003555944000254385
abserror : 1.2592075897471458e-06
using all peaks
using numerical
time : 0.0027391069997975137
abserror : 0.03716872431300522
using all peaks
using numerical
time : 0.004977154000698647
abserror : 1.0568027893754978e-11
using all peaks
using numerical
time : 0.0029789079999318346
abserror : 3.781239399350485e-07
using all peaks
using numerical
time : 0.004458719000467681
abserror : 9.664349993818776e-12
using all peaks
using numerical
time : 0.0038195010001800256
abserror : 6.228516768878104e-09
using all peaks
using numerical
time : 0.019132012000227405
abserror : inf
using all peaks
using numerical
time : 0.0026594430000841385
abserror : 2.3412563839968203e-05
using all peaks
using numerical
time : 0.003287255999566696
abserror : 3.6130146680840564e-06
using all peaks
using numerical
time : 0.0032671200006006984
abserror : 1.7020254188197412e-06
using all peaks
using numerical
time : 0.0021552349999183207
abserror : 0.010359696659801187
using all peaks
using numerical
time : 0.00327268399996683
abserror : 4.45694690529697e-09
using all peaks
using numerical
time : 0.005265800000415766
abserror : 3.269634592098875e-09
using all peaks
using numerical
time : 0.0026905899994744686
abserror : 1.3138759092682936e+21
using all peaks
using numerical
time : 0.0032907539998632274
abserror : 1.1944240822310992e-07
using all peaks
using numerical
time : 0.004947842000547098
abserror : 1.1641908038842393e-09
