using all peaks
using numerical
time : 0.00216916899807984
abserror : 7.98889528951241e-05
using all peaks
using numerical
time : 0.002096569001878379
abserror : 1.3602073058811316e-05
using all peaks
using numerical
time : 0.0039289900014409795
abserror : 0.00015563679256308527
using all peaks
using numerical
time : 0.003015764999872772
abserror : 1.7019668036185407e-06
using all peaks
using numerical
time : 0.00495389800198609
abserror : 2.930095771409013e-13
using all peaks
using numerical
time : 0.0032866349974938203
abserror : 0.7004472434587115
using all peaks
using numerical
time : 0.00420390199724352
abserror : 1.3575820201891068e-09
using all peaks
using numerical
time : 0.006084854998334777
abserror : 6.7400165330251e-10
using all peaks
using numerical
time : 0.0026590710003802087
abserror : 1.9968810795667345e-10
using all peaks
using numerical
time : 0.0027169900022272486
abserror : 4.9689205534809236e-08
using all peaks
using numerical
time : 0.0027428800021880306
abserror : 0.5521146876866396
using all peaks
using numerical
time : 0.002468722999765305
abserror : 3.947306445084564e-05
using all peaks
using numerical
time : 0.0038125520004541613
abserror : 0.0005074186279330206
using all peaks
using numerical
time : 0.0038872490003996063
abserror : 1.3219790648684236e-08
using all peaks
using numerical
time : 0.0032490679986949544
abserror : 1.1424247807071183e-09
using all peaks
using numerical
time : 0.005252137998468243
abserror : 7.795612327865723e-09
using all peaks
using numerical
time : 0.0035816689996863715
abserror : 4.544754213071402e-09
using all peaks
using numerical
time : 0.002960126999823842
abserror : 0.00010867505568335943
using all peaks
using numerical
time : 0.003963257000577869
abserror : 3.6653802693368387e-09
using all peaks
using numerical
time : 0.0026630149986885954
abserror : 2.9799095943362864e-07
using all peaks
using numerical
time : 0.004162527999142185
abserror : 2.9908892435460047e-09
using all peaks
using numerical
time : 0.0037910549981461372
abserror : 8.191474762346986e-09
using all peaks
using numerical
time : 0.003293052999651991
abserror : 6.668466187073407e-10
using all peaks
using numerical
time : 0.002714237998588942
abserror : 3.600806713660587e-06
using all peaks
using numerical
time : 0.0032509750017197803
abserror : 2.588445428555133
using all peaks
using numerical
time : 0.002943272000266006
abserror : 5.317641723204258e-05
using all peaks
using numerical
time : 0.00391780599966296
abserror : 1.8269183170428447e-12
using all peaks
using numerical
time : 0.0041566709987819195
abserror : 3.751316459308658e-08
using all peaks
using numerical
time : 0.003534138999384595
abserror : 4.7010323952309616e-08
using all peaks
using numerical
time : 0.0024652940010128077
abserror : 0.16066788723674108
using all peaks
using numerical
time : 0.0035374729995965026
abserror : 1.3649052971176447e-08
using all peaks
using numerical
time : 0.0027050190001318697
abserror : 1.6725021210303493e-08
using all peaks
using numerical
time : 0.002969205001136288
abserror : 1.5496942062433364e+20
using all peaks
using numerical
time : 0.005241053000645479
abserror : 1.7623340382120108e-08
using all peaks
using numerical
time : 0.002966310999909183
abserror : 1.2522499243151384e-08
using all peaks
using numerical
time : 0.002370718000747729
abserror : 5.3682483933982506e-06
using all peaks
using numerical
time : 0.0004957810015184805
abserror : 9.487566377587577e-09
using all peaks
using numerical
time : 0.005222923999099294
abserror : 1.7415008512414755e-08
using all peaks
using numerical
time : 0.004884974998276448
abserror : 7.220024257993556e-08
using all peaks
using numerical
time : 0.0032595410011708736
abserror : 4.664220755970565e-10
using all peaks
using numerical
time : 0.004406500000186497
abserror : 1.1873611432972732e-08
using all peaks
using numerical
time : 0.0037996510000084527
abserror : 6.02868958336257e-06
using all peaks
using numerical
time : 0.0027113619980809744
abserror : 1.8898235013111746e-09
using all peaks
using numerical
time : 0.004034896999655757
abserror : 2.9283668023206876e-09
using all peaks
using numerical
time : 0.003195586999936495
abserror : 1.0472352820472915e-08
using all peaks
using numerical
time : 0.00278191299730679
abserror : 5759914.623998165
using all peaks
using numerical
time : 0.006766700000298442
abserror : 8.165083447952254e-05
using all peaks
using numerical
time : 0.00045928800318506546
abserror : 4.799998568222504e-12
using all peaks
using numerical
time : 0.0026598340009513777
abserror : 5.488117691738624e-05
using all peaks
using numerical
time : 0.008349479001481086
abserror : 3.2718582725389046e-12
