using all peaks
using numerical
time : 0.0040981419988384005
abserror : 1.0976941863173667e-09
using all peaks
using numerical
time : 0.002712065001105657
abserror : 0.020159610057447708
using all peaks
using numerical
time : 0.0021088270004838705
abserror : 0.0005596580880802577
using all peaks
using numerical
time : 0.0015789480003149947
abserror : 1.4388110646489094e-09
using all peaks
using numerical
time : 0.006064893001166638
abserror : 1.4691678668790998e-05
using all peaks
using numerical
time : 0.003762418000405887
abserror : 6.198151189526804e-10
using all peaks
using numerical
time : 0.003818109000349068
abserror : 7.747982817829513e-07
using all peaks
using numerical
time : 0.0038395920000766637
abserror : 6.761184572598186e-09
using all peaks
using numerical
time : 0.002381899001193233
abserror : 121.33754885941744
using all peaks
using numerical
time : 0.0024391009992541512
abserror : 1.1458872528899064
using all peaks
using numerical
time : 0.003607989001466194
abserror : 4.071074656929956e-09
using all peaks
using numerical
time : 0.003540735000569839
abserror : 8.625403425677548e-06
using all peaks
using numerical
time : 0.002984082999319071
abserror : 7.1512153209997465e-09
using all peaks
using numerical
time : 0.0049282600011792965
abserror : 2.4575650722195136e-08
using all peaks
using numerical
time : 0.004342721000284655
abserror : 7.873980635512742e-10
using all peaks
using numerical
time : 0.00451760100077081
abserror : 1.3820123574505202e-09
using all peaks
using numerical
time : 0.004382904999147286
abserror : 4.695445937034886e-10
using all peaks
using numerical
time : 0.003508492000037222
abserror : 9.276951285521352e-09
using all peaks
using numerical
time : 0.0029680249990633456
abserror : 0.3622059130866546
using all peaks
using numerical
time : 0.004130647001147736
abserror : 2.242635098201779e-09
using all peaks
using numerical
time : 0.0049504529997648206
abserror : 1.0419940102752079e-08
using all peaks
using numerical
time : 0.002144879999832483
abserror : 5.6332690827332055e-05
using all peaks
using numerical
time : 0.0032288290003634756
abserror : 5.542392066591092e-07
using all peaks
using numerical
time : 0.003256313999372651
abserror : 1.4543605413833323e-08
using all peaks
using numerical
time : 0.0023671740000281716
abserror : 3.0240190296002326e-05
using all peaks
using numerical
time : 0.003207818001101259
abserror : 3.051187224298055e-08
using all peaks
using numerical
time : 0.0004477699985727668
abserror : 1.883227167411623e-17
using all peaks
using numerical
time : 0.003814960000454448
abserror : 1.480503756174347e-07
using all peaks
using numerical
time : 0.002436537000903627
abserror : 5374.7421366649505
using all peaks
using numerical
time : 0.003231728998798644
abserror : 6.786807360519174e-10
using all peaks
using numerical
time : 0.003776456000196049
abserror : 7.1558407610313925e-09
using all peaks
using numerical
time : 0.0029675069999939296
abserror : 8.153149345095291e-07
using all peaks
using numerical
time : 0.004382372000691248
abserror : 1.4307481019382173e-08
using all peaks
using numerical
time : 0.004064999999172869
abserror : 3.336756521688724e-10
using all peaks
using numerical
time : 0.002690278999580187
abserror : 2.6655365882467885e+30
using all peaks
using numerical
time : 0.0029265880002640188
abserror : 3.3419261719001327e-09
using all peaks
using numerical
time : 0.0033047619999706512
abserror : 1.5636155192650313e-08
using all peaks
using numerical
time : 0.003249041001254227
abserror : 3.282929676321427e-08
using all peaks
using numerical
time : 0.003794532000028994
abserror : 7.783132537825648e-09
using all peaks
using numerical
time : 0.0038316030004352797
abserror : 2.163450493481536e-09
using all peaks
using numerical
time : 0.0027241879997745855
abserror : 1.4191252012060729e-08
using all peaks
using numerical
time : 0.0024477959996147547
abserror : 7.476491302123626e-05
using all peaks
using numerical
time : 0.004343321999840555
abserror : 7.843916198196968e-09
using all peaks
using numerical
time : 0.005464612000650959
abserror : 1.3077868863318536e-12
using all peaks
using numerical
time : 0.002424756999971578
abserror : 3.3499758786692535e-05
using all peaks
using numerical
time : 0.002170020999983535
abserror : 1.083856243400304e-08
using all peaks
using numerical
time : 0.0029531150012189755
abserror : 8.52319556107951e-09
using all peaks
using numerical
time : 0.002716336999583291
abserror : 37538368946944.0
using all peaks
using numerical
time : 0.0004547520002233796
abserror : 1.8390299718378986e-13
using all peaks
using numerical
time : 0.004102138998860028
abserror : 1.2963134422700494e-08
