using all peaks
using numerical
time : 0.00633146520704031
abserror : 2.5421038358886674e-11
using all peaks
using numerical
time : 0.007514377124607563
abserror : 1.3481041362998824e+127
using all peaks
using numerical
time : 0.006062662228941917
abserror : 8.362428774634788e-08
using all peaks
using numerical
time : 0.005218952894210815
abserror : 1.3282962415357186e-10
using all peaks
using numerical
time : 0.008212483488023281
abserror : 1.3315177521287455e-07
using all peaks
using numerical
time : 0.006473366171121597
abserror : 0.01634411086545095
using all peaks
using numerical
time : 0.007818379439413548
abserror : 1.0442535255037773e-10
using all peaks
using numerical
time : 0.006028062663972378
abserror : 0.4725996974728195
using all peaks
using numerical
time : 0.007519376464188099
abserror : 1.126978432269997e-08
using all peaks
using numerical
time : 0.005306154489517212
abserror : 1.873898767420752e-09
using all peaks
using numerical
time : 0.003742838278412819
abserror : 0.002900411179263429
using all peaks
using numerical
time : 0.004655548371374607
abserror : 7.500299886521313e-09
using all peaks
using numerical
time : 0.003596937283873558
abserror : 109026.69067680836
using all peaks
using numerical
time : 0.007446177303791046
abserror : 1.2998520931771237e-07
using all peaks
using numerical
time : 0.011778120882809162
abserror : 3.173707256334135e-09
using all peaks
using numerical
time : 0.0041941432282328606
abserror : 0.043236246419741775
using all peaks
using numerical
time : 0.0057421596720814705
abserror : 1.0802811614444523e-08
using all peaks
using numerical
time : 0.009015301242470741
abserror : 7.646761360900564e-09
using all peaks
using numerical
time : 0.00729468185454607
abserror : 3.821547440928709e-09
using all peaks
using numerical
time : 0.004746053367853165
abserror : 11.447810135285891
using all peaks
using numerical
time : 0.009110000915825367
abserror : 1.8759427294397918e-06
using all peaks
using numerical
time : 0.00632436852902174
abserror : 2.887064884037956e-10
using all peaks
using numerical
time : 0.004784551449120045
abserror : 0.000533352436312029
using all peaks
using numerical
time : 0.004182245582342148
abserror : 0.0002117813555496395
using all peaks
using numerical
time : 0.011800328269600868
abserror : 1.2876331577840044e-06
using all peaks
using numerical
time : 0.010073709301650524
abserror : 1.453885262807749e-07
using all peaks
using numerical
time : 0.006834673695266247
abserror : 9.942498628547632e-09
using all peaks
using numerical
time : 0.00916809868067503
abserror : 7.97481185115068e-08
using all peaks
using numerical
time : 0.008870396763086319
abserror : 6.094704336158976e-07
using all peaks
using numerical
time : 0.0052341558039188385
abserror : 676973991.7783203
using all peaks
using numerical
time : 0.010187309235334396
abserror : 3.4242422668906543e-09
using all peaks
using numerical
time : 0.006738772615790367
abserror : 1.1153571349489732e-08
using all peaks
using numerical
time : 0.007465179078280926
abserror : 4.2709220622059745e-09
using all peaks
using numerical
time : 0.006870772689580917
abserror : 2.2698961526991957e-07
using all peaks
using numerical
time : 0.004767650738358498
abserror : 1.0619908335496788e+22
using all peaks
using numerical
time : 0.008181585930287838
abserror : 6.557784615594537e-09
using all peaks
using numerical
time : 0.008885393850505352
abserror : 1.2208795372716676e-10
using all peaks
using numerical
time : 0.009136497043073177
abserror : 6.036035405898002e-08
using all peaks
using numerical
time : 0.0073506785556674
abserror : 1.6795658667545857e-07
using all peaks
using numerical
time : 0.0071732765063643456
abserror : 1.304694139486513e-08
using all peaks
using numerical
time : 0.0069587742909789085
abserror : 6.121113480221305e-06
using all peaks
using numerical
time : 0.006339866667985916
abserror : 2.468243625678238e-09
using all peaks
using numerical
time : 0.0063120657578110695
abserror : 1.16042638387227e-06
using all peaks
using numerical
time : 0.0047045499086380005
abserror : 30668013.154907227
using all peaks
using numerical
time : 0.004501146264374256
abserror : 0.0004382092331044196
using all peaks
using numerical
time : 0.007499379105865955
abserror : 6.9301226069589175e-09
using all peaks
using numerical
time : 0.008899392560124397
abserror : 1.1661039381994121e-08
using all peaks
using numerical
time : 0.0035780370235443115
abserror : 0.0011847826274049567
using all peaks
using numerical
time : 0.00967670138925314
abserror : 0.049768034762557534
using all peaks
using numerical
time : 0.006326367147266865
abserror : 9.1007578566664e-09
