using all peaks
using numerical
time : 0.01338069699704647
abserror : 9.843783424415026e-08
using all peaks
using numerical
time : 0.005878843367099762
abserror : 1.092089324715762e-05
using all peaks
using numerical
time : 0.006385646760463715
abserror : 1.9982767593407225e-08
using all peaks
using numerical
time : 0.012330291792750359
abserror : 2.8246278454323435e-10
using all peaks
using numerical
time : 0.007858557626605034
abserror : 1.2063222871443012e-08
using all peaks
using numerical
time : 0.00588554423302412
abserror : 8.034111909083208e-05
using all peaks
using numerical
time : 0.0051175374537706375
abserror : 0.004251451959703445
using all peaks
using numerical
time : 0.004189731553196907
abserror : 0.016447827653217617
using all peaks
using numerical
time : 0.004625334404408932
abserror : 0.0010390690086844179
using all peaks
using numerical
time : 0.005848844535648823
abserror : 9.777435361071868e+70
using all peaks
using numerical
time : 0.007486555725336075
abserror : 1.3085451718564925e-09
using all peaks
using numerical
time : 0.006843451410531998
abserror : 4.819649062394119e-08
using all peaks
using numerical
time : 0.009660473093390465
abserror : 7.0227260302633835e-09
using all peaks
using numerical
time : 0.0075830575078725815
abserror : 6.5759403236398934e-09
using all peaks
using numerical
time : 0.006448748521506786
abserror : 9.616293965055556e-11
using all peaks
using numerical
time : 0.004692935384809971
abserror : 5.111892489657364e+34
using all peaks
using numerical
time : 0.008946668356657028
abserror : 1.8791523000306193e-09
using all peaks
using numerical
time : 0.004701434634625912
abserror : 2142.0699028787203
using all peaks
using numerical
time : 0.007528357207775116
abserror : 1.1430940760568577e-09
using all peaks
using numerical
time : 0.004654134623706341
abserror : 1.144905217038646e+20
using all peaks
using numerical
time : 0.008640864863991737
abserror : 1.1538579081979332e-09
using all peaks
using numerical
time : 0.000873207114636898
abserror : 0.0
using all peaks
using numerical
time : 0.008458663709461689
abserror : 7.629971954776058e-09
using all peaks
using numerical
time : 0.006007244810461998
abserror : 1.3356175656426205e-08
using all peaks
using numerical
time : 0.006690051406621933
abserror : 3.000984969906426e-05
using all peaks
using numerical
time : 0.005814644508063793
abserror : 0.006705039426480042
using all peaks
using numerical
time : 0.004185931757092476
abserror : 0.005582524927767452
using all peaks
using numerical
time : 0.004667336121201515
abserror : 0.032853167747390444
using all peaks
using numerical
time : 0.006279747933149338
abserror : 1.060540891705767e-09
using all peaks
using numerical
time : 0.008357563987374306
abserror : 1.1334648415384136e-08
using all peaks
using numerical
time : 0.004695435985922813
abserror : 4.505055037683963e-06
using all peaks
using numerical
time : 0.007909160107374191
abserror : 3.886277358467941e-09
using all peaks
using numerical
time : 0.0009041065350174904
abserror : 2.2435472242980116e-11
using all peaks
using numerical
time : 0.0058084456250071526
abserror : 2.5608593657482174e-07
using all peaks
using numerical
time : 0.007591958157718182
abserror : 1.2475425555714273e-08
using all peaks
using numerical
time : 0.008640165440738201
abserror : 3.8126572584167645e-09
using all peaks
using numerical
time : 0.007393756881356239
abserror : 3.3474158770373756e-09
using all peaks
using numerical
time : 0.003028922714293003
abserror : 7.734384348627655e-09
using all peaks
using numerical
time : 0.004197833128273487
abserror : 2.9505779432499428e-05
using all peaks
using numerical
time : 0.0008954070508480072
abserror : 0.0
using all peaks
using numerical
time : 0.005301441997289658
abserror : 3.845704557914331e-06
using all peaks
using numerical
time : 0.005408743396401405
abserror : 3.972852583974715e+230
using all peaks
using numerical
time : 0.008275165222585201
abserror : 3.1525266827042703e-09
using all peaks
using numerical
time : 0.0057871462777256966
abserror : 3.422505904252168e-09
using all peaks
using numerical
time : 0.00917977187782526
abserror : 9.899958324064366e-09
using all peaks
using numerical
time : 0.004757937043905258
abserror : 3.447763463069037e+17
using all peaks
using numerical
time : 0.007281556725502014
abserror : 2.405314941552482e-09
using all peaks
using numerical
time : 0.006226349622011185
abserror : 1.5041839636880455e-09
using all peaks
using numerical
time : 0.0077414605766534805
abserror : 6.338375883241724e-11
using all peaks
using numerical
time : 0.006126748397946358
abserror : 8.041835943487152e-09
