000 (45739896.009.000) 2026-04-30 16:15:18 Job submitted from host: <10.5.0.107:9618?addrs=10.5.0.107-9618&alias=sugwg-login.syr.edu&noUDP&sock=schedd_1361_1c7c>
...
001 (45739896.009.000) 2026-04-30 16:16:36 Job executing on host: <10.5.235.13:9618?addrs=10.5.235.13-9618&alias=CRUSH-OG-10-5-235-13&noUDP&sock=startd_1536_258f>
...
006 (45739896.009.000) 2026-04-30 16:16:45 Image size of job updated: 275668
	65  -  MemoryUsage of job (MB)
	66336  -  ResidentSetSize of job (KB)
...
006 (45739896.009.000) 2026-04-30 16:21:46 Image size of job updated: 1676720
	411  -  MemoryUsage of job (MB)
	419888  -  ResidentSetSize of job (KB)
...
006 (45739896.009.000) 2026-04-30 16:36:47 Image size of job updated: 1676720
	464  -  MemoryUsage of job (MB)
	474664  -  ResidentSetSize of job (KB)
...
006 (45739896.009.000) 2026-04-30 16:41:48 Image size of job updated: 1676720
	945  -  MemoryUsage of job (MB)
	966968  -  ResidentSetSize of job (KB)
...
005 (45739896.009.000) 2026-04-30 16:49:55 Job terminated.
	(1) Normal termination (return value 0)
		Usr 0 00:31:05, Sys 0 00:03:05  -  Run Remote Usage
		Usr 0 00:00:00, Sys 0 00:00:00  -  Run Local Usage
		Usr 0 00:31:05, Sys 0 00:03:05  -  Total Remote Usage
		Usr 0 00:00:00, Sys 0 00:00:00  -  Total Local Usage
	0  -  Run Bytes Sent By Job
	0  -  Run Bytes Received By Job
	0  -  Total Bytes Sent By Job
	0  -  Total Bytes Received By Job
	Partitionable Resources :    Usage  Request Allocated 
	   Cpus                 :     1.00        6         6 
	   Disk (KB)            :     1           1     27378 
	   Memory (MB)          :   945        2048      2048 

	Job terminated of its own accord at 2026-04-30T20:49:55Z with exit-code 0.
...
