000 (45739896.003.000) 2026-04-30 16:15:18 Job submitted from host: <10.5.0.107:9618?addrs=10.5.0.107-9618&alias=sugwg-login.syr.edu&noUDP&sock=schedd_1361_1c7c>
...
001 (45739896.003.000) 2026-04-30 16:16:31 Job executing on host: <10.5.208.205:9618?addrs=10.5.208.205-9618&alias=CRUSH-OG-10-5-208-205&noUDP&sock=startd_1552_1f13>
...
006 (45739896.003.000) 2026-04-30 16:16:40 Image size of job updated: 338420
	84  -  MemoryUsage of job (MB)
	86008  -  ResidentSetSize of job (KB)
...
006 (45739896.003.000) 2026-04-30 16:21:41 Image size of job updated: 1635368
	375  -  MemoryUsage of job (MB)
	383508  -  ResidentSetSize of job (KB)
...
006 (45739896.003.000) 2026-04-30 16:26:42 Image size of job updated: 1635368
	624  -  MemoryUsage of job (MB)
	638264  -  ResidentSetSize of job (KB)
...
006 (45739896.003.000) 2026-04-30 16:31:42 Image size of job updated: 1635368
	634  -  MemoryUsage of job (MB)
	648504  -  ResidentSetSize of job (KB)
...
006 (45739896.003.000) 2026-04-30 16:51:43 Image size of job updated: 1635368
	916  -  MemoryUsage of job (MB)
	937320  -  ResidentSetSize of job (KB)
...
005 (45739896.003.000) 2026-04-30 16:56:44 Job terminated.
	(1) Normal termination (return value 0)
		Usr 0 00:37:25, Sys 0 00:03:54  -  Run Remote Usage
		Usr 0 00:00:00, Sys 0 00:00:00  -  Run Local Usage
		Usr 0 00:37:25, Sys 0 00:03:54  -  Total Remote Usage
		Usr 0 00:00:00, Sys 0 00:00:00  -  Total Local Usage
	0  -  Run Bytes Sent By Job
	0  -  Run Bytes Received By Job
	0  -  Total Bytes Sent By Job
	0  -  Total Bytes Received By Job
	Partitionable Resources :    Usage  Request Allocated 
	   Cpus                 :     1.05        6         6 
	   Disk (KB)            :     1           1     27894 
	   Memory (MB)          :   916        2048      2048 

	Job terminated of its own accord at 2026-04-30T20:56:44Z with exit-code 0.
...
