000 (45739896.006.000) 2026-04-30 16:15:18 Job submitted from host: <10.5.0.107:9618?addrs=10.5.0.107-9618&alias=sugwg-login.syr.edu&noUDP&sock=schedd_1361_1c7c>
...
001 (45739896.006.000) 2026-04-30 16:16:31 Job executing on host: <10.5.211.21:9618?addrs=10.5.211.21-9618&alias=OG-NODE-10-5-211-21&noUDP&sock=startd_1511_ffb1>
...
006 (45739896.006.000) 2026-04-30 16:16:39 Image size of job updated: 285440
	66  -  MemoryUsage of job (MB)
	66936  -  ResidentSetSize of job (KB)
...
006 (45739896.006.000) 2026-04-30 16:21:39 Image size of job updated: 1513772
	238  -  MemoryUsage of job (MB)
	243492  -  ResidentSetSize of job (KB)
...
006 (45739896.006.000) 2026-04-30 16:26:40 Image size of job updated: 1641948
	379  -  MemoryUsage of job (MB)
	388096  -  ResidentSetSize of job (KB)
...
006 (45739896.006.000) 2026-04-30 16:36:40 Image size of job updated: 1643996
	379  -  MemoryUsage of job (MB)
	388096  -  ResidentSetSize of job (KB)
...
006 (45739896.006.000) 2026-04-30 16:41:41 Image size of job updated: 1643996
	885  -  MemoryUsage of job (MB)
	905392  -  ResidentSetSize of job (KB)
...
006 (45739896.006.000) 2026-04-30 16:46:42 Image size of job updated: 1656668
	885  -  MemoryUsage of job (MB)
	905392  -  ResidentSetSize of job (KB)
...
005 (45739896.006.000) 2026-04-30 16:50:39 Job terminated.
	(1) Normal termination (return value 0)
		Usr 0 00:31:49, Sys 0 00:03:11  -  Run Remote Usage
		Usr 0 00:00:00, Sys 0 00:00:00  -  Run Local Usage
		Usr 0 00:31:49, Sys 0 00:03:11  -  Total Remote Usage
		Usr 0 00:00:00, Sys 0 00:00:00  -  Total Local Usage
	0  -  Run Bytes Sent By Job
	0  -  Run Bytes Received By Job
	0  -  Total Bytes Sent By Job
	0  -  Total Bytes Received By Job
	Partitionable Resources :    Usage  Request Allocated 
	   Cpus                 :     1.00        6         6 
	   Disk (KB)            :     1           1     19164 
	   Memory (MB)          :   885        2048      2048 

	Job terminated of its own accord at 2026-04-30T20:50:39Z with exit-code 0.
...
