000 (45739896.002.000) 2026-04-30 16:15:18 Job submitted from host: <10.5.0.107:9618?addrs=10.5.0.107-9618&alias=sugwg-login.syr.edu&noUDP&sock=schedd_1361_1c7c>
...
001 (45739896.002.000) 2026-04-30 16:16:31 Job executing on host: <10.5.201.237:9618?addrs=10.5.201.237-9618&alias=OG-NODE-10-5-201-237&noUDP&sock=startd_1505_e21f>
...
006 (45739896.002.000) 2026-04-30 16:16:40 Image size of job updated: 360352
	48  -  MemoryUsage of job (MB)
	48784  -  ResidentSetSize of job (KB)
...
006 (45739896.002.000) 2026-04-30 16:21:41 Image size of job updated: 1609708
	203  -  MemoryUsage of job (MB)
	207560  -  ResidentSetSize of job (KB)
...
006 (45739896.002.000) 2026-04-30 16:26:42 Image size of job updated: 1609708
	348  -  MemoryUsage of job (MB)
	356236  -  ResidentSetSize of job (KB)
...
006 (45739896.002.000) 2026-04-30 16:36:42 Image size of job updated: 1609708
	425  -  MemoryUsage of job (MB)
	434784  -  ResidentSetSize of job (KB)
...
006 (45739896.002.000) 2026-04-30 16:41:43 Image size of job updated: 1609708
	794  -  MemoryUsage of job (MB)
	812332  -  ResidentSetSize of job (KB)
...
006 (45739896.002.000) 2026-04-30 16:46:43 Image size of job updated: 1611756
	797  -  MemoryUsage of job (MB)
	816028  -  ResidentSetSize of job (KB)
...
006 (45739896.002.000) 2026-04-30 16:51:43 Image size of job updated: 1613164
	797  -  MemoryUsage of job (MB)
	816028  -  ResidentSetSize of job (KB)
...
005 (45739896.002.000) 2026-04-30 16:55:13 Job terminated.
	(1) Normal termination (return value 0)
		Usr 0 00:36:03, Sys 0 00:03:27  -  Run Remote Usage
		Usr 0 00:00:00, Sys 0 00:00:00  -  Run Local Usage
		Usr 0 00:36:03, Sys 0 00:03:27  -  Total Remote Usage
		Usr 0 00:00:00, Sys 0 00:00:00  -  Total Local Usage
	0  -  Run Bytes Sent By Job
	0  -  Run Bytes Received By Job
	0  -  Total Bytes Sent By Job
	0  -  Total Bytes Received By Job
	Partitionable Resources :    Usage  Request Allocated 
	   Cpus                 :     1.05        6         6 
	   Disk (KB)            :     1           1     18811 
	   Memory (MB)          :   797        2048      2048 

	Job terminated of its own accord at 2026-04-30T20:55:13Z with exit-code 0.
...
