000 (45739896.004.000) 2026-04-30 16:15:18 Job submitted from host: <10.5.0.107:9618?addrs=10.5.0.107-9618&alias=sugwg-login.syr.edu&noUDP&sock=schedd_1361_1c7c>
...
001 (45739896.004.000) 2026-04-30 16:16:31 Job executing on host: <10.5.212.42:9618?addrs=10.5.212.42-9618&alias=OG-NODE-10-5-212-42&noUDP&sock=startd_1507_4150>
...
006 (45739896.004.000) 2026-04-30 16:16:40 Image size of job updated: 360232
	53  -  MemoryUsage of job (MB)
	53936  -  ResidentSetSize of job (KB)
...
006 (45739896.004.000) 2026-04-30 16:21:41 Image size of job updated: 1574660
	234  -  MemoryUsage of job (MB)
	238888  -  ResidentSetSize of job (KB)
...
006 (45739896.004.000) 2026-04-30 16:26:42 Image size of job updated: 1574660
	400  -  MemoryUsage of job (MB)
	408928  -  ResidentSetSize of job (KB)
...
006 (45739896.004.000) 2026-04-30 16:31:42 Image size of job updated: 1606120
	401  -  MemoryUsage of job (MB)
	410248  -  ResidentSetSize of job (KB)
...
006 (45739896.004.000) 2026-04-30 16:36:43 Image size of job updated: 1610664
	505  -  MemoryUsage of job (MB)
	516772  -  ResidentSetSize of job (KB)
...
006 (45739896.004.000) 2026-04-30 16:41:44 Image size of job updated: 1610664
	515  -  MemoryUsage of job (MB)
	527012  -  ResidentSetSize of job (KB)
...
006 (45739896.004.000) 2026-04-30 16:50:05 Image size of job updated: 1650120
	515  -  MemoryUsage of job (MB)
	527012  -  ResidentSetSize of job (KB)
...
005 (45739896.004.000) 2026-04-30 16:50:05 Job terminated.
	(1) Normal termination (return value 0)
		Usr 0 00:31:31, Sys 0 00:02:57  -  Run Remote Usage
		Usr 0 00:00:00, Sys 0 00:00:00  -  Run Local Usage
		Usr 0 00:31:31, Sys 0 00:02:57  -  Total Remote Usage
		Usr 0 00:00:00, Sys 0 00:00:00  -  Total Local Usage
	0  -  Run Bytes Sent By Job
	0  -  Run Bytes Received By Job
	0  -  Total Bytes Sent By Job
	0  -  Total Bytes Received By Job
	Partitionable Resources :    Usage  Request Allocated 
	   Cpus                 :     1.05        6         6 
	   Disk (KB)            :     1           1     19170 
	   Memory (MB)          :   515        2048      2048 

	Job terminated of its own accord at 2026-04-30T20:50:05Z with exit-code 0.
...
