000 (45739896.001.000) 2026-04-30 16:15:18 Job submitted from host: <10.5.0.107:9618?addrs=10.5.0.107-9618&alias=sugwg-login.syr.edu&noUDP&sock=schedd_1361_1c7c>
...
001 (45739896.001.000) 2026-04-30 16:16:31 Job executing on host: <10.5.201.214:9618?addrs=10.5.201.214-9618&alias=OG-NODE-10-5-201-214&noUDP&sock=startd_1495_062d>
...
006 (45739896.001.000) 2026-04-30 16:16:40 Image size of job updated: 361548
	55  -  MemoryUsage of job (MB)
	56288  -  ResidentSetSize of job (KB)
...
006 (45739896.001.000) 2026-04-30 16:21:41 Image size of job updated: 1634528
	414  -  MemoryUsage of job (MB)
	423300  -  ResidentSetSize of job (KB)
...
006 (45739896.001.000) 2026-04-30 16:26:42 Image size of job updated: 1634528
	426  -  MemoryUsage of job (MB)
	435588  -  ResidentSetSize of job (KB)
...
005 (45739896.001.000) 2026-04-30 16:55:00 Job terminated.
	(1) Normal termination (return value 0)
		Usr 0 00:35:51, Sys 0 00:03:33  -  Run Remote Usage
		Usr 0 00:00:00, Sys 0 00:00:00  -  Run Local Usage
		Usr 0 00:35:51, Sys 0 00:03:33  -  Total Remote Usage
		Usr 0 00:00:00, Sys 0 00:00:00  -  Total Local Usage
	0  -  Run Bytes Sent By Job
	0  -  Run Bytes Received By Job
	0  -  Total Bytes Sent By Job
	0  -  Total Bytes Received By Job
	Partitionable Resources :    Usage  Request Allocated 
	   Cpus                 :     1.10        6         6 
	   Disk (KB)            :     1           1     17638 
	   Memory (MB)          :   426        2048      2048 

	Job terminated of its own accord at 2026-04-30T20:55:00Z with exit-code 0.
...
