000 (45739896.008.000) 2026-04-30 16:15:18 Job submitted from host: <10.5.0.107:9618?addrs=10.5.0.107-9618&alias=sugwg-login.syr.edu&noUDP&sock=schedd_1361_1c7c>
...
001 (45739896.008.000) 2026-04-30 16:16:36 Job executing on host: <10.5.148.119:9618?addrs=10.5.148.119-9618&alias=CRUSH-OG-10-5-148-119&noUDP&sock=startd_1245168_4202>
...
006 (45739896.008.000) 2026-04-30 16:16:45 Image size of job updated: 283528
	51  -  MemoryUsage of job (MB)
	51668  -  ResidentSetSize of job (KB)
...
006 (45739896.008.000) 2026-04-30 16:21:46 Image size of job updated: 1677224
	238  -  MemoryUsage of job (MB)
	243552  -  ResidentSetSize of job (KB)
...
006 (45739896.008.000) 2026-04-30 16:26:46 Image size of job updated: 1677224
	281  -  MemoryUsage of job (MB)
	286916  -  ResidentSetSize of job (KB)
...
006 (45739896.008.000) 2026-04-30 16:31:46 Image size of job updated: 1677224
	429  -  MemoryUsage of job (MB)
	438668  -  ResidentSetSize of job (KB)
...
006 (45739896.008.000) 2026-04-30 16:36:47 Image size of job updated: 1677224
	431  -  MemoryUsage of job (MB)
	440912  -  ResidentSetSize of job (KB)
...
006 (45739896.008.000) 2026-04-30 16:41:47 Image size of job updated: 1677224
	465  -  MemoryUsage of job (MB)
	475468  -  ResidentSetSize of job (KB)
...
006 (45739896.008.000) 2026-04-30 16:46:47 Image size of job updated: 1677224
	465  -  MemoryUsage of job (MB)
	475600  -  ResidentSetSize of job (KB)
...
005 (45739896.008.000) 2026-04-30 16:59:00 Job terminated.
	(1) Normal termination (return value 0)
		Usr 0 00:40:04, Sys 0 00:03:30  -  Run Remote Usage
		Usr 0 00:00:00, Sys 0 00:00:00  -  Run Local Usage
		Usr 0 00:40:04, Sys 0 00:03:30  -  Total Remote Usage
		Usr 0 00:00:00, Sys 0 00:00:00  -  Total Local Usage
	0  -  Run Bytes Sent By Job
	0  -  Run Bytes Received By Job
	0  -  Total Bytes Sent By Job
	0  -  Total Bytes Received By Job
	Partitionable Resources :    Usage  Request Allocated 
	   Cpus                 :     1.02        6         6 
	   Disk (KB)            :     1           1     27294 
	   Memory (MB)          :   465        2048      2048 

	Job terminated of its own accord at 2026-04-30T20:58:59Z with exit-code 0.
...
