000 (45739918.005.000) 2026-04-30 16:31:12 Job submitted from host: <10.5.0.107:9618?addrs=10.5.0.107-9618&alias=sugwg-login.syr.edu&noUDP&sock=schedd_1361_1c7c>
...
001 (45739918.005.000) 2026-04-30 16:32:15 Job executing on host: <10.5.159.36:9618?addrs=10.5.159.36-9618&alias=OG-NODE-10-5-159-36&noUDP&sock=startd_1498_14f5>
...
006 (45739918.005.000) 2026-04-30 16:32:24 Image size of job updated: 749084
	128  -  MemoryUsage of job (MB)
	130316  -  ResidentSetSize of job (KB)
...
006 (45739918.005.000) 2026-04-30 16:33:12 Image size of job updated: 1065752
	128  -  MemoryUsage of job (MB)
	130316  -  ResidentSetSize of job (KB)
...
005 (45739918.005.000) 2026-04-30 16:33:13 Job terminated.
	(1) Normal termination (return value 1)
		Usr 0 00:00:48, Sys 0 00:00:05  -  Run Remote Usage
		Usr 0 00:00:00, Sys 0 00:00:00  -  Run Local Usage
		Usr 0 00:00:48, Sys 0 00:00:05  -  Total Remote Usage
		Usr 0 00:00:00, Sys 0 00:00:00  -  Total Local Usage
	0  -  Run Bytes Sent By Job
	0  -  Run Bytes Received By Job
	0  -  Total Bytes Sent By Job
	0  -  Total Bytes Received By Job
	Partitionable Resources :    Usage  Request Allocated 
	   Cpus                 :                 6         6 
	   Disk (KB)            :        1        1     13444 
	   Memory (MB)          :      128     2048      2048 

	Job terminated of its own accord at 2026-04-30T20:33:12Z with exit-code 1.
...
