000 (45739918.003.000) 2026-04-30 16:31:12 Job submitted from host: <10.5.0.107:9618?addrs=10.5.0.107-9618&alias=sugwg-login.syr.edu&noUDP&sock=schedd_1361_1c7c>
...
001 (45739918.003.000) 2026-04-30 16:32:20 Job executing on host: <10.5.199.104:9618?addrs=10.5.199.104-9618&alias=OG-NODE-10-5-199-104&noUDP&sock=startd_1218_0671>
...
006 (45739918.003.000) 2026-04-30 16:32:29 Image size of job updated: 58752
	32  -  MemoryUsage of job (MB)
	32220  -  ResidentSetSize of job (KB)
...
006 (45739918.003.000) 2026-04-30 16:34:05 Image size of job updated: 1505184
	32  -  MemoryUsage of job (MB)
	32352  -  ResidentSetSize of job (KB)
...
005 (45739918.003.000) 2026-04-30 16:34:06 Job terminated.
	(1) Normal termination (return value 1)
		Usr 0 00:01:10, Sys 0 00:00:07  -  Run Remote Usage
		Usr 0 00:00:00, Sys 0 00:00:00  -  Run Local Usage
		Usr 0 00:01:10, Sys 0 00:00:07  -  Total Remote Usage
		Usr 0 00:00:00, Sys 0 00:00:00  -  Total Local Usage
	0  -  Run Bytes Sent By Job
	0  -  Run Bytes Received By Job
	0  -  Total Bytes Sent By Job
	0  -  Total Bytes Received By Job
	Partitionable Resources :    Usage  Request Allocated 
	   Cpus                 :                 6         6 
	   Disk (KB)            :        1        1     18898 
	   Memory (MB)          :       32     2048      2048 

	Job terminated of its own accord at 2026-04-30T20:34:05Z with exit-code 1.
...
