000 (45739918.006.000) 2026-04-30 16:31:12 Job submitted from host: <10.5.0.107:9618?addrs=10.5.0.107-9618&alias=sugwg-login.syr.edu&noUDP&sock=schedd_1361_1c7c>
...
001 (45739918.006.000) 2026-04-30 16:32:26 Job executing on host: <10.5.237.41:9618?addrs=10.5.237.41-9618&alias=CRUSH-OG-10-5-237-41&noUDP&sock=startd_1347062_1110>
...
006 (45739918.006.000) 2026-04-30 16:32:34 Image size of job updated: 332316
	41  -  MemoryUsage of job (MB)
	41060  -  ResidentSetSize of job (KB)
...
006 (45739918.006.000) 2026-04-30 16:34:01 Image size of job updated: 1578292
	41  -  MemoryUsage of job (MB)
	41060  -  ResidentSetSize of job (KB)
...
005 (45739918.006.000) 2026-04-30 16:34:01 Job terminated.
	(1) Normal termination (return value 1)
		Usr 0 00:00:59, Sys 0 00:00:13  -  Run Remote Usage
		Usr 0 00:00:00, Sys 0 00:00:00  -  Run Local Usage
		Usr 0 00:00:59, Sys 0 00:00:13  -  Total Remote Usage
		Usr 0 00:00:00, Sys 0 00:00:00  -  Total Local Usage
	0  -  Run Bytes Sent By Job
	0  -  Run Bytes Received By Job
	0  -  Total Bytes Sent By Job
	0  -  Total Bytes Received By Job
	Partitionable Resources :    Usage  Request Allocated 
	   Cpus                 :     0.29        6         6 
	   Disk (KB)            :     1           1     27436 
	   Memory (MB)          :    41        2048      2048 

	Job terminated of its own accord at 2026-04-30T20:34:01Z with exit-code 1.
...
