000 (45739918.008.000) 2026-04-30 16:31:12 Job submitted from host: <10.5.0.107:9618?addrs=10.5.0.107-9618&alias=sugwg-login.syr.edu&noUDP&sock=schedd_1361_1c7c>
...
001 (45739918.008.000) 2026-04-30 16:32:20 Job executing on host: <10.5.216.202:9618?addrs=10.5.216.202-9618&alias=OG-NODE-10-5-216-202&noUDP&sock=startd_1480_bc41>
...
006 (45739918.008.000) 2026-04-30 16:32:30 Image size of job updated: 381428
	65  -  MemoryUsage of job (MB)
	65844  -  ResidentSetSize of job (KB)
...
006 (45739918.008.000) 2026-04-30 16:33:26 Image size of job updated: 1500464
	65  -  MemoryUsage of job (MB)
	65976  -  ResidentSetSize of job (KB)
...
005 (45739918.008.000) 2026-04-30 16:33:26 Job terminated.
	(1) Normal termination (return value 1)
		Usr 0 00:00:45, Sys 0 00:00:05  -  Run Remote Usage
		Usr 0 00:00:00, Sys 0 00:00:00  -  Run Local Usage
		Usr 0 00:00:45, Sys 0 00:00:05  -  Total Remote Usage
		Usr 0 00:00:00, Sys 0 00:00:00  -  Total Local Usage
	0  -  Run Bytes Sent By Job
	0  -  Run Bytes Received By Job
	0  -  Total Bytes Sent By Job
	0  -  Total Bytes Received By Job
	Partitionable Resources :    Usage  Request Allocated 
	   Cpus                 :                 6         6 
	   Disk (KB)            :        1        1     15637 
	   Memory (MB)          :       65     2048      2048 

	Job terminated of its own accord at 2026-04-30T20:33:26Z with exit-code 1.
...
