000 (45924180.006.000) 2026-05-07 23:03:25 Job submitted from host: <10.5.0.107:9618?addrs=10.5.0.107-9618&alias=sugwg-login.syr.edu&noUDP&sock=schedd_1361_1c7c>
...
001 (45924180.006.000) 2026-05-07 23:03:47 Job executing on host: <10.5.209.68:9618?addrs=10.5.209.68-9618&alias=CRUSH-OG-10-5-209-68&noUDP&sock=startd_1364_2b45>
...
006 (45924180.006.000) 2026-05-07 23:03:56 Image size of job updated: 112036
	68  -  MemoryUsage of job (MB)
	69136  -  ResidentSetSize of job (KB)
...
006 (45924180.006.000) 2026-05-07 23:08:57 Image size of job updated: 1554140
	575  -  MemoryUsage of job (MB)
	588244  -  ResidentSetSize of job (KB)
...
006 (45924180.006.000) 2026-05-07 23:13:57 Image size of job updated: 1554140
	579  -  MemoryUsage of job (MB)
	592732  -  ResidentSetSize of job (KB)
...
006 (45924180.006.000) 2026-05-07 23:18:57 Image size of job updated: 1615584
	579  -  MemoryUsage of job (MB)
	592732  -  ResidentSetSize of job (KB)
...
005 (45924180.006.000) 2026-05-07 23:25:22 Job terminated.
	(1) Normal termination (return value 0)
		Usr 0 00:19:49, Sys 0 00:02:26  -  Run Remote Usage
		Usr 0 00:00:00, Sys 0 00:00:00  -  Run Local Usage
		Usr 0 00:19:49, Sys 0 00:02:26  -  Total Remote Usage
		Usr 0 00:00:00, Sys 0 00:00:00  -  Total Local Usage
	0  -  Run Bytes Sent By Job
	0  -  Run Bytes Received By Job
	0  -  Total Bytes Sent By Job
	0  -  Total Bytes Received By Job
	Partitionable Resources :    Usage  Request Allocated 
	   Cpus                 :     1.02        6         6 
	   Disk (KB)            :     1           1     27730 
	   Memory (MB)          :   579        2048      2048 

	Job terminated of its own accord at 2026-05-08T03:25:22Z with exit-code 0.
...
