000 (45924180.009.000) 2026-05-07 23:03:25 Job submitted from host: <10.5.0.107:9618?addrs=10.5.0.107-9618&alias=sugwg-login.syr.edu&noUDP&sock=schedd_1361_1c7c>
...
001 (45924180.009.000) 2026-05-07 23:03:42 Job executing on host: <10.5.210.150:9618?addrs=10.5.210.150-9618&alias=OG-NODE-10-5-210-150&noUDP&sock=startd_1243_2c4f>
...
006 (45924180.009.000) 2026-05-07 23:03:51 Image size of job updated: 105832
	66  -  MemoryUsage of job (MB)
	67288  -  ResidentSetSize of job (KB)
...
006 (45924180.009.000) 2026-05-07 23:08:52 Image size of job updated: 1640416
	388  -  MemoryUsage of job (MB)
	396416  -  ResidentSetSize of job (KB)
...
006 (45924180.009.000) 2026-05-07 23:13:52 Image size of job updated: 1640416
	407  -  MemoryUsage of job (MB)
	415960  -  ResidentSetSize of job (KB)
...
006 (45924180.009.000) 2026-05-07 23:18:52 Image size of job updated: 1640416
	411  -  MemoryUsage of job (MB)
	420052  -  ResidentSetSize of job (KB)
...
006 (45924180.009.000) 2026-05-07 23:23:53 Image size of job updated: 1648548
	411  -  MemoryUsage of job (MB)
	420052  -  ResidentSetSize of job (KB)
...
006 (45924180.009.000) 2026-05-07 23:38:54 Image size of job updated: 1648548
	852  -  MemoryUsage of job (MB)
	872068  -  ResidentSetSize of job (KB)
...
005 (45924180.009.000) 2026-05-07 23:42:06 Job terminated.
	(1) Normal termination (return value 0)
		Usr 0 00:36:09, Sys 0 00:03:14  -  Run Remote Usage
		Usr 0 00:00:00, Sys 0 00:00:00  -  Run Local Usage
		Usr 0 00:36:09, Sys 0 00:03:14  -  Total Remote Usage
		Usr 0 00:00:00, Sys 0 00:00:00  -  Total Local Usage
	0  -  Run Bytes Sent By Job
	0  -  Run Bytes Received By Job
	0  -  Total Bytes Sent By Job
	0  -  Total Bytes Received By Job
	Partitionable Resources :    Usage  Request Allocated 
	   Cpus                 :     1.03        6         6 
	   Disk (KB)            :     1           1     13071 
	   Memory (MB)          :   852        2048      2048 

	Job terminated of its own accord at 2026-05-08T03:42:06Z with exit-code 0.
...
