000 (45924180.007.000) 2026-05-07 23:03:25 Job submitted from host: <10.5.0.107:9618?addrs=10.5.0.107-9618&alias=sugwg-login.syr.edu&noUDP&sock=schedd_1361_1c7c>
...
001 (45924180.007.000) 2026-05-07 23:03:47 Job executing on host: <10.5.207.48:9618?addrs=10.5.207.48-9618&alias=CRUSH-OG-10-5-207-48&noUDP&sock=startd_1528_a8cd>
...
006 (45924180.007.000) 2026-05-07 23:03:56 Image size of job updated: 158204
	101  -  MemoryUsage of job (MB)
	102500  -  ResidentSetSize of job (KB)
...
006 (45924180.007.000) 2026-05-07 23:08:57 Image size of job updated: 1573684
	237  -  MemoryUsage of job (MB)
	241920  -  ResidentSetSize of job (KB)
...
006 (45924180.007.000) 2026-05-07 23:18:57 Image size of job updated: 1621112
	257  -  MemoryUsage of job (MB)
	262720  -  ResidentSetSize of job (KB)
...
005 (45924180.007.000) 2026-05-07 23:27:37 Job terminated.
	(1) Normal termination (return value 0)
		Usr 0 00:22:13, Sys 0 00:02:36  -  Run Remote Usage
		Usr 0 00:00:00, Sys 0 00:00:00  -  Run Local Usage
		Usr 0 00:22:13, Sys 0 00:02:36  -  Total Remote Usage
		Usr 0 00:00:00, Sys 0 00:00:00  -  Total Local Usage
	0  -  Run Bytes Sent By Job
	0  -  Run Bytes Received By Job
	0  -  Total Bytes Sent By Job
	0  -  Total Bytes Received By Job
	Partitionable Resources :    Usage  Request Allocated 
	   Cpus                 :     1.04        6         6 
	   Disk (KB)            :     1           1     27203 
	   Memory (MB)          :   257        2048      2048 

	Job terminated of its own accord at 2026-05-08T03:27:37Z with exit-code 0.
...
