000 (45924180.008.000) 2026-05-07 23:03:25 Job submitted from host: <10.5.0.107:9618?addrs=10.5.0.107-9618&alias=sugwg-login.syr.edu&noUDP&sock=schedd_1361_1c7c>
...
001 (45924180.008.000) 2026-05-07 23:03:42 Job executing on host: <10.5.158.57:9618?addrs=10.5.158.57-9618&alias=OG-NODE-10-5-158-57&noUDP&sock=startd_1231_f12c>
...
006 (45924180.008.000) 2026-05-07 23:03:51 Image size of job updated: 694396
	73  -  MemoryUsage of job (MB)
	74256  -  ResidentSetSize of job (KB)
...
006 (45924180.008.000) 2026-05-07 23:08:52 Image size of job updated: 1552144
	377  -  MemoryUsage of job (MB)
	385156  -  ResidentSetSize of job (KB)
...
006 (45924180.008.000) 2026-05-07 23:13:52 Image size of job updated: 1615632
	388  -  MemoryUsage of job (MB)
	397168  -  ResidentSetSize of job (KB)
...
006 (45924180.008.000) 2026-05-07 23:18:53 Image size of job updated: 1615632
	389  -  MemoryUsage of job (MB)
	397704  -  ResidentSetSize of job (KB)
...
005 (45924180.008.000) 2026-05-07 23:49:43 Job terminated.
	(1) Normal termination (return value 0)
		Usr 0 00:43:54, Sys 0 00:03:32  -  Run Remote Usage
		Usr 0 00:00:00, Sys 0 00:00:00  -  Run Local Usage
		Usr 0 00:43:54, Sys 0 00:03:32  -  Total Remote Usage
		Usr 0 00:00:00, Sys 0 00:00:00  -  Total Local Usage
	0  -  Run Bytes Sent By Job
	0  -  Run Bytes Received By Job
	0  -  Total Bytes Sent By Job
	0  -  Total Bytes Received By Job
	Partitionable Resources :    Usage  Request Allocated 
	   Cpus                 :     1.05        6         6 
	   Disk (KB)            :     1           1     22255 
	   Memory (MB)          :   389        2048      2048 

	Job terminated of its own accord at 2026-05-08T03:49:43Z with exit-code 0.
...
