000 (45924180.002.000) 2026-05-07 23:03:25 Job submitted from host: <10.5.0.107:9618?addrs=10.5.0.107-9618&alias=sugwg-login.syr.edu&noUDP&sock=schedd_1361_1c7c>
...
001 (45924180.002.000) 2026-05-07 23:03:43 Job executing on host: <10.5.202.32:9618?addrs=10.5.202.32-9618&alias=OG-NODE-10-5-202-32&noUDP&sock=startd_1242_7cb7>
...
006 (45924180.002.000) 2026-05-07 23:03:51 Image size of job updated: 335392
	50  -  MemoryUsage of job (MB)
	50996  -  ResidentSetSize of job (KB)
...
006 (45924180.002.000) 2026-05-07 23:08:51 Image size of job updated: 1545308
	412  -  MemoryUsage of job (MB)
	421764  -  ResidentSetSize of job (KB)
...
006 (45924180.002.000) 2026-05-07 23:13:51 Image size of job updated: 1610336
	816  -  MemoryUsage of job (MB)
	835028  -  ResidentSetSize of job (KB)
...
006 (45924180.002.000) 2026-05-07 23:33:53 Image size of job updated: 1644128
	816  -  MemoryUsage of job (MB)
	835028  -  ResidentSetSize of job (KB)
...
005 (45924180.002.000) 2026-05-08 00:01:28 Job terminated.
	(1) Normal termination (return value 0)
		Usr 0 00:54:56, Sys 0 00:04:14  -  Run Remote Usage
		Usr 0 00:00:00, Sys 0 00:00:00  -  Run Local Usage
		Usr 0 00:54:56, Sys 0 00:04:14  -  Total Remote Usage
		Usr 0 00:00:00, Sys 0 00:00:00  -  Total Local Usage
	0  -  Run Bytes Sent By Job
	0  -  Run Bytes Received By Job
	0  -  Total Bytes Sent By Job
	0  -  Total Bytes Received By Job
	Partitionable Resources :    Usage  Request Allocated 
	   Cpus                 :     1.04        6         6 
	   Disk (KB)            :     1           1     18631 
	   Memory (MB)          :   816        2048      2048 

	Job terminated of its own accord at 2026-05-08T04:01:28Z with exit-code 0.
...
