000 (45924180.003.000) 2026-05-07 23:03:25 Job submitted from host: <10.5.0.107:9618?addrs=10.5.0.107-9618&alias=sugwg-login.syr.edu&noUDP&sock=schedd_1361_1c7c>
...
001 (45924180.003.000) 2026-05-07 23:03:42 Job executing on host: <10.5.199.78:9618?addrs=10.5.199.78-9618&alias=OG-NODE-10-5-199-78&noUDP&sock=startd_1490_9833>
...
006 (45924180.003.000) 2026-05-07 23:03:51 Image size of job updated: 370488
	74  -  MemoryUsage of job (MB)
	74876  -  ResidentSetSize of job (KB)
...
006 (45924180.003.000) 2026-05-07 23:08:52 Image size of job updated: 1569680
	229  -  MemoryUsage of job (MB)
	233776  -  ResidentSetSize of job (KB)
...
006 (45924180.003.000) 2026-05-07 23:13:52 Image size of job updated: 1611584
	229  -  MemoryUsage of job (MB)
	233776  -  ResidentSetSize of job (KB)
...
006 (45924180.003.000) 2026-05-07 23:18:52 Image size of job updated: 1611584
	854  -  MemoryUsage of job (MB)
	873860  -  ResidentSetSize of job (KB)
...
005 (45924180.003.000) 2026-05-07 23:36:43 Job terminated.
	(1) Normal termination (return value 0)
		Usr 0 00:30:59, Sys 0 00:03:04  -  Run Remote Usage
		Usr 0 00:00:00, Sys 0 00:00:00  -  Run Local Usage
		Usr 0 00:30:59, Sys 0 00:03:04  -  Total Remote Usage
		Usr 0 00:00:00, Sys 0 00:00:00  -  Total Local Usage
	0  -  Run Bytes Sent By Job
	0  -  Run Bytes Received By Job
	0  -  Total Bytes Sent By Job
	0  -  Total Bytes Received By Job
	Partitionable Resources :    Usage  Request Allocated 
	   Cpus                 :     1.05        6         6 
	   Disk (KB)            :     1           1     17597 
	   Memory (MB)          :   854        2048      2048 

	Job terminated of its own accord at 2026-05-08T03:36:43Z with exit-code 0.
...
