000 (45924180.005.000) 2026-05-07 23:03:25 Job submitted from host: <10.5.0.107:9618?addrs=10.5.0.107-9618&alias=sugwg-login.syr.edu&noUDP&sock=schedd_1361_1c7c>
...
001 (45924180.005.000) 2026-05-07 23:03:42 Job executing on host: <10.5.204.187:9618?addrs=10.5.204.187-9618&alias=OG-NODE-10-5-204-187&noUDP&sock=startd_1503_82ef>
...
006 (45924180.005.000) 2026-05-07 23:03:52 Image size of job updated: 350128
	37  -  MemoryUsage of job (MB)
	37492  -  ResidentSetSize of job (KB)
...
006 (45924180.005.000) 2026-05-07 23:08:52 Image size of job updated: 1678076
	391  -  MemoryUsage of job (MB)
	399584  -  ResidentSetSize of job (KB)
...
006 (45924180.005.000) 2026-05-07 23:13:52 Image size of job updated: 1678076
	393  -  MemoryUsage of job (MB)
	401628  -  ResidentSetSize of job (KB)
...
006 (45924180.005.000) 2026-05-07 23:28:54 Image size of job updated: 1678076
	478  -  MemoryUsage of job (MB)
	488980  -  ResidentSetSize of job (KB)
...
005 (45924180.005.000) 2026-05-07 23:38:04 Job terminated.
	(1) Normal termination (return value 0)
		Usr 0 00:32:02, Sys 0 00:03:08  -  Run Remote Usage
		Usr 0 00:00:00, Sys 0 00:00:00  -  Run Local Usage
		Usr 0 00:32:02, Sys 0 00:03:08  -  Total Remote Usage
		Usr 0 00:00:00, Sys 0 00:00:00  -  Total Local Usage
	0  -  Run Bytes Sent By Job
	0  -  Run Bytes Received By Job
	0  -  Total Bytes Sent By Job
	0  -  Total Bytes Received By Job
	Partitionable Resources :    Usage  Request Allocated 
	   Cpus                 :     1.01        6         6 
	   Disk (KB)            :     1           1     16415 
	   Memory (MB)          :   478        2048      2048 

	Job terminated of its own accord at 2026-05-08T03:38:04Z with exit-code 0.
...
