000 (45924180.000.000) 2026-05-07 23:03:25 Job submitted from host: <10.5.0.107:9618?addrs=10.5.0.107-9618&alias=sugwg-login.syr.edu&noUDP&sock=schedd_1361_1c7c>
...
001 (45924180.000.000) 2026-05-07 23:03:42 Job executing on host: <10.5.207.230:9618?addrs=10.5.207.230-9618&alias=OG-NODE-10-5-207-230&noUDP&sock=startd_1247_eab0>
...
006 (45924180.000.000) 2026-05-07 23:03:51 Image size of job updated: 356140
	61  -  MemoryUsage of job (MB)
	62208  -  ResidentSetSize of job (KB)
...
006 (45924180.000.000) 2026-05-07 23:08:52 Image size of job updated: 1612944
	787  -  MemoryUsage of job (MB)
	805884  -  ResidentSetSize of job (KB)
...
006 (45924180.000.000) 2026-05-07 23:28:54 Image size of job updated: 1612944
	915  -  MemoryUsage of job (MB)
	936000  -  ResidentSetSize of job (KB)
...
005 (45924180.000.000) 2026-05-07 23:59:03 Job terminated.
	(1) Normal termination (return value 0)
		Usr 0 00:52:48, Sys 0 00:03:52  -  Run Remote Usage
		Usr 0 00:00:00, Sys 0 00:00:00  -  Run Local Usage
		Usr 0 00:52:48, Sys 0 00:03:52  -  Total Remote Usage
		Usr 0 00:00:00, Sys 0 00:00:00  -  Total Local Usage
	0  -  Run Bytes Sent By Job
	0  -  Run Bytes Received By Job
	0  -  Total Bytes Sent By Job
	0  -  Total Bytes Received By Job
	Partitionable Resources :    Usage  Request Allocated 
	   Cpus                 :     1.01        6         6 
	   Disk (KB)            :     1           1     12897 
	   Memory (MB)          :   915        2048      2048 

	Job terminated of its own accord at 2026-05-08T03:59:03Z with exit-code 0.
...
