000 (45924180.004.000) 2026-05-07 23:03:25 Job submitted from host: <10.5.0.107:9618?addrs=10.5.0.107-9618&alias=sugwg-login.syr.edu&noUDP&sock=schedd_1361_1c7c>
...
001 (45924180.004.000) 2026-05-07 23:03:43 Job executing on host: <10.5.205.54:9618?addrs=10.5.205.54-9618&alias=OG-NODE-10-5-205-54&noUDP&sock=startd_1495_062d>
...
006 (45924180.004.000) 2026-05-07 23:03:51 Image size of job updated: 62292
	34  -  MemoryUsage of job (MB)
	34044  -  ResidentSetSize of job (KB)
...
006 (45924180.004.000) 2026-05-07 23:08:51 Image size of job updated: 1573792
	366  -  MemoryUsage of job (MB)
	374264  -  ResidentSetSize of job (KB)
...
006 (45924180.004.000) 2026-05-07 23:13:51 Image size of job updated: 1573792
	413  -  MemoryUsage of job (MB)
	422708  -  ResidentSetSize of job (KB)
...
006 (45924180.004.000) 2026-05-07 23:18:52 Image size of job updated: 1573792
	706  -  MemoryUsage of job (MB)
	722244  -  ResidentSetSize of job (KB)
...
006 (45924180.004.000) 2026-05-07 23:23:53 Image size of job updated: 1605920
	710  -  MemoryUsage of job (MB)
	726072  -  ResidentSetSize of job (KB)
...
006 (45924180.004.000) 2026-05-07 23:37:43 Image size of job updated: 1612832
	710  -  MemoryUsage of job (MB)
	726072  -  ResidentSetSize of job (KB)
...
005 (45924180.004.000) 2026-05-07 23:37:43 Job terminated.
	(1) Normal termination (return value 0)
		Usr 0 00:31:29, Sys 0 00:03:20  -  Run Remote Usage
		Usr 0 00:00:00, Sys 0 00:00:00  -  Run Local Usage
		Usr 0 00:31:29, Sys 0 00:03:20  -  Total Remote Usage
		Usr 0 00:00:00, Sys 0 00:00:00  -  Total Local Usage
	0  -  Run Bytes Sent By Job
	0  -  Run Bytes Received By Job
	0  -  Total Bytes Sent By Job
	0  -  Total Bytes Received By Job
	Partitionable Resources :    Usage  Request Allocated 
	   Cpus                 :     1.06        6         6 
	   Disk (KB)            :     1           1     17446 
	   Memory (MB)          :   710        2048      2048 

	Job terminated of its own accord at 2026-05-08T03:37:43Z with exit-code 0.
...
