000 (45924155.009.000) 2026-05-07 22:50:17 Job submitted from host: <10.5.0.107:9618?addrs=10.5.0.107-9618&alias=sugwg-login.syr.edu&noUDP&sock=schedd_1361_1c7c>
...
001 (45924155.009.000) 2026-05-07 22:50:31 Job executing on host: <10.5.50.2:9618?addrs=10.5.50.2-9618&alias=AS-CSD1209K-S1-its-u20-nfs-20210413&noUDP&sock=startd_890_0b61>
...
006 (45924155.009.000) 2026-05-07 22:50:39 Image size of job updated: 44644
	22  -  MemoryUsage of job (MB)
	22072  -  ResidentSetSize of job (KB)
...
006 (45924155.009.000) 2026-05-07 22:55:39 Image size of job updated: 1484388
	266  -  MemoryUsage of job (MB)
	271436  -  ResidentSetSize of job (KB)
...
006 (45924155.009.000) 2026-05-07 23:00:39 Image size of job updated: 1584744
	789  -  MemoryUsage of job (MB)
	807552  -  ResidentSetSize of job (KB)
...
005 (45924155.009.000) 2026-05-07 23:09:40 Job terminated.
	(1) Normal termination (return value 0)
		Usr 0 00:23:43, Sys 0 00:01:02  -  Run Remote Usage
		Usr 0 00:00:00, Sys 0 00:00:00  -  Run Local Usage
		Usr 0 00:23:43, Sys 0 00:01:02  -  Total Remote Usage
		Usr 0 00:00:00, Sys 0 00:00:00  -  Total Local Usage
	0  -  Run Bytes Sent By Job
	0  -  Run Bytes Received By Job
	0  -  Total Bytes Sent By Job
	0  -  Total Bytes Received By Job
	Partitionable Resources :    Usage  Request Allocated 
	   Cpus                 :     1.27        6         6 
	   Disk (KB)            :     1           1     31084 
	   Memory (MB)          :   789        2048      2048 

	Job terminated of its own accord at 2026-05-08T03:09:40Z with exit-code 0.
...
