000 (45924155.007.000) 2026-05-07 22:50:17 Job submitted from host: <10.5.0.107:9618?addrs=10.5.0.107-9618&alias=sugwg-login.syr.edu&noUDP&sock=schedd_1361_1c7c>
...
001 (45924155.007.000) 2026-05-07 22:50:31 Job executing on host: <10.5.49.3:9618?addrs=10.5.49.3-9618&alias=LIB-SCRCDESK-S1-its-u20-nfs-20210413&noUDP&sock=startd_891_baf9>
...
006 (45924155.007.000) 2026-05-07 22:50:39 Image size of job updated: 48536
	24  -  MemoryUsage of job (MB)
	23588  -  ResidentSetSize of job (KB)
...
006 (45924155.007.000) 2026-05-07 22:55:39 Image size of job updated: 1482540
	557  -  MemoryUsage of job (MB)
	569424  -  ResidentSetSize of job (KB)
...
006 (45924155.007.000) 2026-05-07 23:00:39 Image size of job updated: 1482540
	914  -  MemoryUsage of job (MB)
	935884  -  ResidentSetSize of job (KB)
...
006 (45924155.007.000) 2026-05-07 23:05:40 Image size of job updated: 1613596
	914  -  MemoryUsage of job (MB)
	935884  -  ResidentSetSize of job (KB)
...
005 (45924155.007.000) 2026-05-07 23:09:59 Job terminated.
	(1) Normal termination (return value 0)
		Usr 0 00:23:56, Sys 0 00:00:59  -  Run Remote Usage
		Usr 0 00:00:00, Sys 0 00:00:00  -  Run Local Usage
		Usr 0 00:23:56, Sys 0 00:00:59  -  Total Remote Usage
		Usr 0 00:00:00, Sys 0 00:00:00  -  Total Local Usage
	0  -  Run Bytes Sent By Job
	0  -  Run Bytes Received By Job
	0  -  Total Bytes Sent By Job
	0  -  Total Bytes Received By Job
	Partitionable Resources :    Usage  Request Allocated 
	   Cpus                 :     1.36        6         6 
	   Disk (KB)            :     1           1     31084 
	   Memory (MB)          :   914        2048      2048 

	Job terminated of its own accord at 2026-05-08T03:09:59Z with exit-code 0.
...
