000 (45924155.005.000) 2026-05-07 22:50:17 Job submitted from host: <10.5.0.107:9618?addrs=10.5.0.107-9618&alias=sugwg-login.syr.edu&noUDP&sock=schedd_1361_1c7c>
...
001 (45924155.005.000) 2026-05-07 22:50:36 Job executing on host: <10.5.206.4:9618?addrs=10.5.206.4-9618&alias=OG-NODE-10-5-206-4&noUDP&sock=startd_1242_7cb7>
...
006 (45924155.005.000) 2026-05-07 22:50:44 Image size of job updated: 277780
	49  -  MemoryUsage of job (MB)
	49376  -  ResidentSetSize of job (KB)
...
006 (45924155.005.000) 2026-05-07 22:55:44 Image size of job updated: 1113892
	245  -  MemoryUsage of job (MB)
	250436  -  ResidentSetSize of job (KB)
...
006 (45924155.005.000) 2026-05-07 23:00:45 Image size of job updated: 1615652
	443  -  MemoryUsage of job (MB)
	452792  -  ResidentSetSize of job (KB)
...
006 (45924155.005.000) 2026-05-07 23:05:46 Image size of job updated: 1615652
	451  -  MemoryUsage of job (MB)
	460984  -  ResidentSetSize of job (KB)
...
006 (45924155.005.000) 2026-05-07 23:10:46 Image size of job updated: 1615652
	789  -  MemoryUsage of job (MB)
	807316  -  ResidentSetSize of job (KB)
...
006 (45924155.005.000) 2026-05-07 23:15:46 Image size of job updated: 1615652
	799  -  MemoryUsage of job (MB)
	817556  -  ResidentSetSize of job (KB)
...
006 (45924155.005.000) 2026-05-07 23:30:48 Image size of job updated: 1615652
	844  -  MemoryUsage of job (MB)
	863812  -  ResidentSetSize of job (KB)
...
005 (45924155.005.000) 2026-05-07 23:46:54 Job terminated.
	(1) Normal termination (return value 0)
		Usr 0 00:53:55, Sys 0 00:04:06  -  Run Remote Usage
		Usr 0 00:00:00, Sys 0 00:00:00  -  Run Local Usage
		Usr 0 00:53:55, Sys 0 00:04:06  -  Total Remote Usage
		Usr 0 00:00:00, Sys 0 00:00:00  -  Total Local Usage
	0  -  Run Bytes Sent By Job
	0  -  Run Bytes Received By Job
	0  -  Total Bytes Sent By Job
	0  -  Total Bytes Received By Job
	Partitionable Resources :    Usage  Request Allocated 
	   Cpus                 :     1.00        6         6 
	   Disk (KB)            :     1           1     14229 
	   Memory (MB)          :   844        2048      2048 

	Job terminated of its own accord at 2026-05-08T03:46:54Z with exit-code 0.
...
