000 (45924155.000.000) 2026-05-07 22:50:17 Job submitted from host: <10.5.0.107:9618?addrs=10.5.0.107-9618&alias=sugwg-login.syr.edu&noUDP&sock=schedd_1361_1c7c>
...
001 (45924155.000.000) 2026-05-07 22:50:36 Job executing on host: <10.5.207.160:9618?addrs=10.5.207.160-9618&alias=OG-NODE-10-5-207-160&noUDP&sock=startd_1223_746a>
...
006 (45924155.000.000) 2026-05-07 22:50:44 Image size of job updated: 275872
	42  -  MemoryUsage of job (MB)
	42076  -  ResidentSetSize of job (KB)
...
006 (45924155.000.000) 2026-05-07 22:55:44 Image size of job updated: 1679668
	450  -  MemoryUsage of job (MB)
	460316  -  ResidentSetSize of job (KB)
...
006 (45924155.000.000) 2026-05-07 23:05:45 Image size of job updated: 1679668
	476  -  MemoryUsage of job (MB)
	487200  -  ResidentSetSize of job (KB)
...
006 (45924155.000.000) 2026-05-07 23:10:45 Image size of job updated: 1679668
	846  -  MemoryUsage of job (MB)
	866004  -  ResidentSetSize of job (KB)
...
006 (45924155.000.000) 2026-05-07 23:20:46 Image size of job updated: 1679668
	888  -  MemoryUsage of job (MB)
	908388  -  ResidentSetSize of job (KB)
...
005 (45924155.000.000) 2026-05-07 23:35:52 Job terminated.
	(1) Normal termination (return value 0)
		Usr 0 00:43:01, Sys 0 00:03:35  -  Run Remote Usage
		Usr 0 00:00:00, Sys 0 00:00:00  -  Run Local Usage
		Usr 0 00:43:01, Sys 0 00:03:35  -  Total Remote Usage
		Usr 0 00:00:00, Sys 0 00:00:00  -  Total Local Usage
	0  -  Run Bytes Sent By Job
	0  -  Run Bytes Received By Job
	0  -  Total Bytes Sent By Job
	0  -  Total Bytes Received By Job
	Partitionable Resources :    Usage  Request Allocated 
	   Cpus                 :     1.06        6         6 
	   Disk (KB)            :     1           1     17621 
	   Memory (MB)          :   888        2048      2048 

	Job terminated of its own accord at 2026-05-08T03:35:52Z with exit-code 0.
...
