000 (45924155.003.000) 2026-05-07 22:50:17 Job submitted from host: <10.5.0.107:9618?addrs=10.5.0.107-9618&alias=sugwg-login.syr.edu&noUDP&sock=schedd_1361_1c7c>
...
001 (45924155.003.000) 2026-05-07 22:50:41 Job executing on host: <10.5.212.93:9618?addrs=10.5.212.93-9618&alias=CRUSH-OG-10-5-212-93&noUDP&sock=startd_3781113_98d4>
...
006 (45924155.003.000) 2026-05-07 22:50:50 Image size of job updated: 63452
	34  -  MemoryUsage of job (MB)
	33884  -  ResidentSetSize of job (KB)
...
006 (45924155.003.000) 2026-05-07 22:55:51 Image size of job updated: 1575920
	396  -  MemoryUsage of job (MB)
	405008  -  ResidentSetSize of job (KB)
...
006 (45924155.003.000) 2026-05-07 23:00:52 Image size of job updated: 1642292
	396  -  MemoryUsage of job (MB)
	405008  -  ResidentSetSize of job (KB)
...
006 (45924155.003.000) 2026-05-07 23:05:52 Image size of job updated: 1642292
	749  -  MemoryUsage of job (MB)
	766484  -  ResidentSetSize of job (KB)
...
006 (45924155.003.000) 2026-05-07 23:35:55 Image size of job updated: 1642292
	849  -  MemoryUsage of job (MB)
	868368  -  ResidentSetSize of job (KB)
...
005 (45924155.003.000) 2026-05-07 23:59:29 Job terminated.
	(1) Normal termination (return value 0)
		Usr 0 01:05:03, Sys 0 00:04:49  -  Run Remote Usage
		Usr 0 00:00:00, Sys 0 00:00:00  -  Run Local Usage
		Usr 0 01:05:03, Sys 0 00:04:49  -  Total Remote Usage
		Usr 0 00:00:00, Sys 0 00:00:00  -  Total Local Usage
	0  -  Run Bytes Sent By Job
	0  -  Run Bytes Received By Job
	0  -  Total Bytes Sent By Job
	0  -  Total Bytes Received By Job
	Partitionable Resources :    Usage  Request Allocated 
	   Cpus                 :     1.00        6         6 
	   Disk (KB)            :     1           1     27403 
	   Memory (MB)          :   849        2048      2048 

	Job terminated of its own accord at 2026-05-08T03:59:29Z with exit-code 0.
...
