000 (45926353.009.000) 2026-05-07 23:30:45 Job submitted from host: <10.5.0.107:9618?addrs=10.5.0.107-9618&alias=sugwg-login.syr.edu&noUDP&sock=schedd_1361_1c7c>
...
001 (45926353.009.000) 2026-05-07 23:31:06 Job executing on host: <10.5.172.76:9618?addrs=10.5.172.76-9618&alias=OG-NODE-10-5-172-76&noUDP&sock=startd_1900_d208>
...
006 (45926353.009.000) 2026-05-07 23:31:15 Image size of job updated: 361572
	79  -  MemoryUsage of job (MB)
	80084  -  ResidentSetSize of job (KB)
...
006 (45926353.009.000) 2026-05-07 23:36:16 Image size of job updated: 1615148
	284  -  MemoryUsage of job (MB)
	290504  -  ResidentSetSize of job (KB)
...
006 (45926353.009.000) 2026-05-07 23:41:17 Image size of job updated: 1615148
	346  -  MemoryUsage of job (MB)
	354048  -  ResidentSetSize of job (KB)
...
006 (45926353.009.000) 2026-05-07 23:51:18 Image size of job updated: 1615148
	349  -  MemoryUsage of job (MB)
	357180  -  ResidentSetSize of job (KB)
...
006 (45926353.009.000) 2026-05-07 23:56:19 Image size of job updated: 1615148
	362  -  MemoryUsage of job (MB)
	369668  -  ResidentSetSize of job (KB)
...
005 (45926353.009.000) 2026-05-08 00:01:02 Job terminated.
	(1) Normal termination (return value 0)
		Usr 0 00:26:05, Sys 0 00:04:38  -  Run Remote Usage
		Usr 0 00:00:00, Sys 0 00:00:00  -  Run Local Usage
		Usr 0 00:26:05, Sys 0 00:04:38  -  Total Remote Usage
		Usr 0 00:00:00, Sys 0 00:00:00  -  Total Local Usage
	0  -  Run Bytes Sent By Job
	0  -  Run Bytes Received By Job
	0  -  Total Bytes Sent By Job
	0  -  Total Bytes Received By Job
	Partitionable Resources :    Usage  Request Allocated 
	   Cpus                 :     1.03        6         6 
	   Disk (KB)            :     1           1     23543 
	   Memory (MB)          :   362        2048      2048 

	Job terminated of its own accord at 2026-05-08T04:01:02Z with exit-code 0.
...
