000 (45926353.005.000) 2026-05-07 23:30:45 Job submitted from host: <10.5.0.107:9618?addrs=10.5.0.107-9618&alias=sugwg-login.syr.edu&noUDP&sock=schedd_1361_1c7c>
...
001 (45926353.005.000) 2026-05-07 23:31:06 Job executing on host: <10.5.199.129:9618?addrs=10.5.199.129-9618&alias=OG-NODE-10-5-199-129&noUDP&sock=startd_1489_e89b>
...
006 (45926353.005.000) 2026-05-07 23:31:14 Image size of job updated: 376108
	56  -  MemoryUsage of job (MB)
	56344  -  ResidentSetSize of job (KB)
...
006 (45926353.005.000) 2026-05-07 23:36:15 Image size of job updated: 1187568
	266  -  MemoryUsage of job (MB)
	272052  -  ResidentSetSize of job (KB)
...
006 (45926353.005.000) 2026-05-07 23:41:16 Image size of job updated: 1552236
	266  -  MemoryUsage of job (MB)
	272052  -  ResidentSetSize of job (KB)
...
006 (45926353.005.000) 2026-05-07 23:46:16 Image size of job updated: 1552236
	753  -  MemoryUsage of job (MB)
	770332  -  ResidentSetSize of job (KB)
...
006 (45926353.005.000) 2026-05-07 23:51:16 Image size of job updated: 1613680
	753  -  MemoryUsage of job (MB)
	770332  -  ResidentSetSize of job (KB)
...
005 (45926353.005.000) 2026-05-08 00:09:34 Job terminated.
	(1) Normal termination (return value 0)
		Usr 0 00:35:34, Sys 0 00:03:40  -  Run Remote Usage
		Usr 0 00:00:00, Sys 0 00:00:00  -  Run Local Usage
		Usr 0 00:35:34, Sys 0 00:03:40  -  Total Remote Usage
		Usr 0 00:00:00, Sys 0 00:00:00  -  Total Local Usage
	0  -  Run Bytes Sent By Job
	0  -  Run Bytes Received By Job
	0  -  Total Bytes Sent By Job
	0  -  Total Bytes Received By Job
	Partitionable Resources :    Usage  Request Allocated 
	   Cpus                 :     1.04        6         6 
	   Disk (KB)            :     1           1     12789 
	   Memory (MB)          :   753        2048      2048 

	Job terminated of its own accord at 2026-05-08T04:09:34Z with exit-code 0.
...
