000 (45926353.008.000) 2026-05-07 23:30:45 Job submitted from host: <10.5.0.107:9618?addrs=10.5.0.107-9618&alias=sugwg-login.syr.edu&noUDP&sock=schedd_1361_1c7c>
...
001 (45926353.008.000) 2026-05-07 23:31:06 Job executing on host: <10.5.200.197:9618?addrs=10.5.200.197-9618&alias=OG-NODE-10-5-200-197&noUDP&sock=startd_1498_14f5>
...
006 (45926353.008.000) 2026-05-07 23:31:15 Image size of job updated: 74356
	44  -  MemoryUsage of job (MB)
	44656  -  ResidentSetSize of job (KB)
...
006 (45926353.008.000) 2026-05-07 23:36:16 Image size of job updated: 1648096
	357  -  MemoryUsage of job (MB)
	364708  -  ResidentSetSize of job (KB)
...
006 (45926353.008.000) 2026-05-07 23:41:17 Image size of job updated: 1648096
	421  -  MemoryUsage of job (MB)
	430792  -  ResidentSetSize of job (KB)
...
005 (45926353.008.000) 2026-05-08 00:04:57 Job terminated.
	(1) Normal termination (return value 0)
		Usr 0 00:31:39, Sys 0 00:03:03  -  Run Remote Usage
		Usr 0 00:00:00, Sys 0 00:00:00  -  Run Local Usage
		Usr 0 00:31:39, Sys 0 00:03:03  -  Total Remote Usage
		Usr 0 00:00:00, Sys 0 00:00:00  -  Total Local Usage
	0  -  Run Bytes Sent By Job
	0  -  Run Bytes Received By Job
	0  -  Total Bytes Sent By Job
	0  -  Total Bytes Received By Job
	Partitionable Resources :    Usage  Request Allocated 
	   Cpus                 :     1.05        6         6 
	   Disk (KB)            :     1           1     17816 
	   Memory (MB)          :   421        2048      2048 

	Job terminated of its own accord at 2026-05-08T04:04:57Z with exit-code 0.
...
