000 (45926353.001.000) 2026-05-07 23:30:45 Job submitted from host: <10.5.0.107:9618?addrs=10.5.0.107-9618&alias=sugwg-login.syr.edu&noUDP&sock=schedd_1361_1c7c>
...
001 (45926353.001.000) 2026-05-07 23:31:06 Job executing on host: <10.5.207.204:9618?addrs=10.5.207.204-9618&alias=CRUSH-OG-10-5-207-204&noUDP&sock=startd_1523_3ad4>
...
006 (45926353.001.000) 2026-05-07 23:31:14 Image size of job updated: 710616
	94  -  MemoryUsage of job (MB)
	95988  -  ResidentSetSize of job (KB)
...
006 (45926353.001.000) 2026-05-07 23:36:14 Image size of job updated: 1621396
	232  -  MemoryUsage of job (MB)
	237276  -  ResidentSetSize of job (KB)
...
006 (45926353.001.000) 2026-05-07 23:41:15 Image size of job updated: 1621396
	318  -  MemoryUsage of job (MB)
	325336  -  ResidentSetSize of job (KB)
...
006 (45926353.001.000) 2026-05-07 23:46:16 Image size of job updated: 1621396
	359  -  MemoryUsage of job (MB)
	366896  -  ResidentSetSize of job (KB)
...
006 (45926353.001.000) 2026-05-07 23:51:16 Image size of job updated: 1621396
	476  -  MemoryUsage of job (MB)
	486872  -  ResidentSetSize of job (KB)
...
005 (45926353.001.000) 2026-05-08 00:05:21 Job terminated.
	(1) Normal termination (return value 0)
		Usr 0 00:32:15, Sys 0 00:03:10  -  Run Remote Usage
		Usr 0 00:00:00, Sys 0 00:00:00  -  Run Local Usage
		Usr 0 00:32:15, Sys 0 00:03:10  -  Total Remote Usage
		Usr 0 00:00:00, Sys 0 00:00:00  -  Total Local Usage
	0  -  Run Bytes Sent By Job
	0  -  Run Bytes Received By Job
	0  -  Total Bytes Sent By Job
	0  -  Total Bytes Received By Job
	Partitionable Resources :    Usage  Request Allocated 
	   Cpus                 :     1.03        6         6 
	   Disk (KB)            :     1           1     27452 
	   Memory (MB)          :   476        2048      2048 

	Job terminated of its own accord at 2026-05-08T04:05:21Z with exit-code 0.
...
