000 (45926353.000.000) 2026-05-07 23:30:45 Job submitted from host: <10.5.0.107:9618?addrs=10.5.0.107-9618&alias=sugwg-login.syr.edu&noUDP&sock=schedd_1361_1c7c>
...
001 (45926353.000.000) 2026-05-07 23:31:06 Job executing on host: <10.5.153.41:9618?addrs=10.5.153.41-9618&alias=CRUSH-OG-10-5-153-41&noUDP&sock=startd_3260531_a527>
...
006 (45926353.000.000) 2026-05-07 23:31:14 Image size of job updated: 182772
	118  -  MemoryUsage of job (MB)
	120204  -  ResidentSetSize of job (KB)
...
006 (45926353.000.000) 2026-05-07 23:36:14 Image size of job updated: 1576832
	337  -  MemoryUsage of job (MB)
	344400  -  ResidentSetSize of job (KB)
...
006 (45926353.000.000) 2026-05-07 23:41:14 Image size of job updated: 1615236
	436  -  MemoryUsage of job (MB)
	446316  -  ResidentSetSize of job (KB)
...
006 (45926353.000.000) 2026-05-07 23:46:15 Image size of job updated: 1615236
	917  -  MemoryUsage of job (MB)
	938568  -  ResidentSetSize of job (KB)
...
005 (45926353.000.000) 2026-05-08 00:04:12 Job terminated.
	(1) Normal termination (return value 0)
		Usr 0 00:31:02, Sys 0 00:03:13  -  Run Remote Usage
		Usr 0 00:00:00, Sys 0 00:00:00  -  Run Local Usage
		Usr 0 00:31:02, Sys 0 00:03:13  -  Total Remote Usage
		Usr 0 00:00:00, Sys 0 00:00:00  -  Total Local Usage
	0  -  Run Bytes Sent By Job
	0  -  Run Bytes Received By Job
	0  -  Total Bytes Sent By Job
	0  -  Total Bytes Received By Job
	Partitionable Resources :    Usage  Request Allocated 
	   Cpus                 :     1.05        6         6 
	   Disk (KB)            :     1           1     27402 
	   Memory (MB)          :   917        2048      2048 

	Job terminated of its own accord at 2026-05-08T04:04:12Z with exit-code 0.
...
