000 (45926353.007.000) 2026-05-07 23:30:45 Job submitted from host: <10.5.0.107:9618?addrs=10.5.0.107-9618&alias=sugwg-login.syr.edu&noUDP&sock=schedd_1361_1c7c>
...
001 (45926353.007.000) 2026-05-07 23:31:06 Job executing on host: <10.5.196.195:9618?addrs=10.5.196.195-9618&alias=OG-NODE-10-5-196-195&noUDP&sock=startd_1475_4e48>
...
006 (45926353.007.000) 2026-05-07 23:31:15 Image size of job updated: 98700
	63  -  MemoryUsage of job (MB)
	64248  -  ResidentSetSize of job (KB)
...
006 (45926353.007.000) 2026-05-07 23:36:16 Image size of job updated: 1615292
	388  -  MemoryUsage of job (MB)
	396980  -  ResidentSetSize of job (KB)
...
006 (45926353.007.000) 2026-05-07 23:41:17 Image size of job updated: 1615292
	389  -  MemoryUsage of job (MB)
	397620  -  ResidentSetSize of job (KB)
...
006 (45926353.007.000) 2026-05-08 00:01:19 Image size of job updated: 1615292
	402  -  MemoryUsage of job (MB)
	411352  -  ResidentSetSize of job (KB)
...
005 (45926353.007.000) 2026-05-08 00:03:49 Job terminated.
	(1) Normal termination (return value 0)
		Usr 0 00:30:30, Sys 0 00:03:06  -  Run Remote Usage
		Usr 0 00:00:00, Sys 0 00:00:00  -  Run Local Usage
		Usr 0 00:30:30, Sys 0 00:03:06  -  Total Remote Usage
		Usr 0 00:00:00, Sys 0 00:00:00  -  Total Local Usage
	0  -  Run Bytes Sent By Job
	0  -  Run Bytes Received By Job
	0  -  Total Bytes Sent By Job
	0  -  Total Bytes Received By Job
	Partitionable Resources :    Usage  Request Allocated 
	   Cpus                 :     1.05        6         6 
	   Disk (KB)            :     1           1     23020 
	   Memory (MB)          :   402        2048      2048 

	Job terminated of its own accord at 2026-05-08T04:03:49Z with exit-code 0.
...
