000 (45926353.006.000) 2026-05-07 23:30:45 Job submitted from host: <10.5.0.107:9618?addrs=10.5.0.107-9618&alias=sugwg-login.syr.edu&noUDP&sock=schedd_1361_1c7c>
...
001 (45926353.006.000) 2026-05-07 23:31:06 Job executing on host: <10.5.202.86:9618?addrs=10.5.202.86-9618&alias=OG-NODE-10-5-202-86&noUDP&sock=startd_1493_a6fc>
...
006 (45926353.006.000) 2026-05-07 23:31:15 Image size of job updated: 674912
	83  -  MemoryUsage of job (MB)
	84340  -  ResidentSetSize of job (KB)
...
006 (45926353.006.000) 2026-05-07 23:36:16 Image size of job updated: 1621308
	307  -  MemoryUsage of job (MB)
	313804  -  ResidentSetSize of job (KB)
...
006 (45926353.006.000) 2026-05-07 23:46:17 Image size of job updated: 1621308
	411  -  MemoryUsage of job (MB)
	420812  -  ResidentSetSize of job (KB)
...
006 (45926353.006.000) 2026-05-07 23:51:17 Image size of job updated: 1621308
	447  -  MemoryUsage of job (MB)
	456964  -  ResidentSetSize of job (KB)
...
006 (45926353.006.000) 2026-05-07 23:56:18 Image size of job updated: 1621308
	447  -  MemoryUsage of job (MB)
	457360  -  ResidentSetSize of job (KB)
...
006 (45926353.006.000) 2026-05-08 00:01:19 Image size of job updated: 1621308
	548  -  MemoryUsage of job (MB)
	560668  -  ResidentSetSize of job (KB)
...
006 (45926353.006.000) 2026-05-08 00:06:19 Image size of job updated: 1621308
	862  -  MemoryUsage of job (MB)
	882572  -  ResidentSetSize of job (KB)
...
005 (45926353.006.000) 2026-05-08 00:10:26 Job terminated.
	(1) Normal termination (return value 0)
		Usr 0 00:36:07, Sys 0 00:04:06  -  Run Remote Usage
		Usr 0 00:00:00, Sys 0 00:00:00  -  Run Local Usage
		Usr 0 00:36:07, Sys 0 00:04:06  -  Total Remote Usage
		Usr 0 00:00:00, Sys 0 00:00:00  -  Total Local Usage
	0  -  Run Bytes Sent By Job
	0  -  Run Bytes Received By Job
	0  -  Total Bytes Sent By Job
	0  -  Total Bytes Received By Job
	Partitionable Resources :    Usage  Request Allocated 
	   Cpus                 :     1.00        6         6 
	   Disk (KB)            :     1           1     16839 
	   Memory (MB)          :   862        2048      2048 

	Job terminated of its own accord at 2026-05-08T04:10:26Z with exit-code 0.
...
