000 (45926353.003.000) 2026-05-07 23:30:45 Job submitted from host: <10.5.0.107:9618?addrs=10.5.0.107-9618&alias=sugwg-login.syr.edu&noUDP&sock=schedd_1361_1c7c>
...
001 (45926353.003.000) 2026-05-07 23:31:06 Job executing on host: <10.5.199.37:9618?addrs=10.5.199.37-9618&alias=OG-NODE-10-5-199-37&noUDP&sock=startd_1519_7c73>
...
006 (45926353.003.000) 2026-05-07 23:31:15 Image size of job updated: 323732
	39  -  MemoryUsage of job (MB)
	39744  -  ResidentSetSize of job (KB)
...
006 (45926353.003.000) 2026-05-07 23:36:16 Image size of job updated: 1676700
	309  -  MemoryUsage of job (MB)
	316044  -  ResidentSetSize of job (KB)
...
006 (45926353.003.000) 2026-05-07 23:41:17 Image size of job updated: 1676700
	362  -  MemoryUsage of job (MB)
	370552  -  ResidentSetSize of job (KB)
...
006 (45926353.003.000) 2026-05-07 23:51:18 Image size of job updated: 1676700
	451  -  MemoryUsage of job (MB)
	460956  -  ResidentSetSize of job (KB)
...
005 (45926353.003.000) 2026-05-08 00:20:40 Job terminated.
	(1) Normal termination (return value 0)
		Usr 0 00:46:15, Sys 0 00:03:59  -  Run Remote Usage
		Usr 0 00:00:00, Sys 0 00:00:00  -  Run Local Usage
		Usr 0 00:46:15, Sys 0 00:03:59  -  Total Remote Usage
		Usr 0 00:00:00, Sys 0 00:00:00  -  Total Local Usage
	0  -  Run Bytes Sent By Job
	0  -  Run Bytes Received By Job
	0  -  Total Bytes Sent By Job
	0  -  Total Bytes Received By Job
	Partitionable Resources :    Usage  Request Allocated 
	   Cpus                 :     1.03        6         6 
	   Disk (KB)            :     1           1     11856 
	   Memory (MB)          :   451        2048      2048 

	Job terminated of its own accord at 2026-05-08T04:20:40Z with exit-code 0.
...
