000 (45739888.004.000) 2026-04-30 16:13:43 Job submitted from host: <10.5.0.107:9618?addrs=10.5.0.107-9618&alias=sugwg-login.syr.edu&noUDP&sock=schedd_1361_1c7c>
...
001 (45739888.004.000) 2026-04-30 16:14:17 Job executing on host: <10.5.189.216:9618?addrs=10.5.189.216-9618&alias=OG-NODE-10-5-189-216&noUDP&sock=startd_1505_e21f>
...
006 (45739888.004.000) 2026-04-30 16:14:25 Image size of job updated: 67484
	38  -  MemoryUsage of job (MB)
	38576  -  ResidentSetSize of job (KB)
...
006 (45739888.004.000) 2026-04-30 16:19:25 Image size of job updated: 1574352
	877  -  MemoryUsage of job (MB)
	897108  -  ResidentSetSize of job (KB)
...
006 (45739888.004.000) 2026-04-30 16:24:26 Image size of job updated: 1576688
	877  -  MemoryUsage of job (MB)
	897108  -  ResidentSetSize of job (KB)
...
006 (45739888.004.000) 2026-04-30 16:29:27 Image size of job updated: 1608596
	877  -  MemoryUsage of job (MB)
	897108  -  ResidentSetSize of job (KB)
...
005 (45739888.004.000) 2026-04-30 17:02:35 Job terminated.
	(1) Normal termination (return value 0)
		Usr 0 00:45:07, Sys 0 00:04:05  -  Run Remote Usage
		Usr 0 00:00:00, Sys 0 00:00:00  -  Run Local Usage
		Usr 0 00:45:07, Sys 0 00:04:05  -  Total Remote Usage
		Usr 0 00:00:00, Sys 0 00:00:00  -  Total Local Usage
	0  -  Run Bytes Sent By Job
	0  -  Run Bytes Received By Job
	0  -  Total Bytes Sent By Job
	0  -  Total Bytes Received By Job
	Partitionable Resources :    Usage  Request Allocated 
	   Cpus                 :     1.01        6         6 
	   Disk (KB)            :     1           1     22869 
	   Memory (MB)          :   877        2048      2048 

	Job terminated of its own accord at 2026-04-30T21:02:35Z with exit-code 0.
...
