000 (45739888.009.000) 2026-04-30 16:13:43 Job submitted from host: <10.5.0.107:9618?addrs=10.5.0.107-9618&alias=sugwg-login.syr.edu&noUDP&sock=schedd_1361_1c7c>
...
001 (45739888.009.000) 2026-04-30 16:14:22 Job executing on host: <10.5.138.4:9618?addrs=10.5.138.4-9618&alias=CRUSH-OG-10-5-138-4&noUDP&sock=startd_1716770_00f0>
...
006 (45739888.009.000) 2026-04-30 16:14:31 Image size of job updated: 290728
	30  -  MemoryUsage of job (MB)
	30072  -  ResidentSetSize of job (KB)
...
006 (45739888.009.000) 2026-04-30 16:19:32 Image size of job updated: 1641232
	408  -  MemoryUsage of job (MB)
	416908  -  ResidentSetSize of job (KB)
...
006 (45739888.009.000) 2026-04-30 16:24:33 Image size of job updated: 1641232
	744  -  MemoryUsage of job (MB)
	761252  -  ResidentSetSize of job (KB)
...
005 (45739888.009.000) 2026-04-30 17:02:07 Job terminated.
	(1) Normal termination (return value 0)
		Usr 0 00:44:20, Sys 0 00:04:20  -  Run Remote Usage
		Usr 0 00:00:00, Sys 0 00:00:00  -  Run Local Usage
		Usr 0 00:44:20, Sys 0 00:04:20  -  Total Remote Usage
		Usr 0 00:00:00, Sys 0 00:00:00  -  Total Local Usage
	0  -  Run Bytes Sent By Job
	0  -  Run Bytes Received By Job
	0  -  Total Bytes Sent By Job
	0  -  Total Bytes Received By Job
	Partitionable Resources :    Usage  Request Allocated 
	   Cpus                 :     1.06        6         6 
	   Disk (KB)            :     1           1     26947 
	   Memory (MB)          :   744        2048      2048 

	Job terminated of its own accord at 2026-04-30T21:02:07Z with exit-code 0.
...
