000 (45739888.002.000) 2026-04-30 16:13:43 Job submitted from host: <10.5.0.107:9618?addrs=10.5.0.107-9618&alias=sugwg-login.syr.edu&noUDP&sock=schedd_1361_1c7c>
...
001 (45739888.002.000) 2026-04-30 16:14:17 Job executing on host: <10.5.198.202:9618?addrs=10.5.198.202-9618&alias=OG-NODE-10-5-198-202&noUDP&sock=startd_1237_0ebe>
...
006 (45739888.002.000) 2026-04-30 16:14:25 Image size of job updated: 276004
	19  -  MemoryUsage of job (MB)
	18928  -  ResidentSetSize of job (KB)
...
006 (45739888.002.000) 2026-04-30 16:19:25 Image size of job updated: 1606808
	382  -  MemoryUsage of job (MB)
	390420  -  ResidentSetSize of job (KB)
...
006 (45739888.002.000) 2026-04-30 16:24:26 Image size of job updated: 1606808
	385  -  MemoryUsage of job (MB)
	393720  -  ResidentSetSize of job (KB)
...
006 (45739888.002.000) 2026-04-30 16:34:27 Image size of job updated: 1609756
	385  -  MemoryUsage of job (MB)
	393720  -  ResidentSetSize of job (KB)
...
006 (45739888.002.000) 2026-04-30 16:39:28 Image size of job updated: 1611868
	617  -  MemoryUsage of job (MB)
	630924  -  ResidentSetSize of job (KB)
...
006 (45739888.002.000) 2026-04-30 16:44:29 Image size of job updated: 1611868
	621  -  MemoryUsage of job (MB)
	635020  -  ResidentSetSize of job (KB)
...
006 (45739888.002.000) 2026-04-30 16:49:29 Image size of job updated: 1611868
	623  -  MemoryUsage of job (MB)
	637032  -  ResidentSetSize of job (KB)
...
006 (45739888.002.000) 2026-04-30 16:54:29 Image size of job updated: 1611868
	627  -  MemoryUsage of job (MB)
	641784  -  ResidentSetSize of job (KB)
...
006 (45739888.002.000) 2026-04-30 17:04:30 Image size of job updated: 1613980
	627  -  MemoryUsage of job (MB)
	641784  -  ResidentSetSize of job (KB)
...
006 (45739888.002.000) 2026-04-30 17:13:59 Image size of job updated: 1618076
	627  -  MemoryUsage of job (MB)
	641784  -  ResidentSetSize of job (KB)
...
005 (45739888.002.000) 2026-04-30 17:13:59 Job terminated.
	(1) Normal termination (return value 0)
		Usr 0 00:55:34, Sys 0 00:04:59  -  Run Remote Usage
		Usr 0 00:00:00, Sys 0 00:00:00  -  Run Local Usage
		Usr 0 00:55:34, Sys 0 00:04:59  -  Total Remote Usage
		Usr 0 00:00:00, Sys 0 00:00:00  -  Total Local Usage
	0  -  Run Bytes Sent By Job
	0  -  Run Bytes Received By Job
	0  -  Total Bytes Sent By Job
	0  -  Total Bytes Received By Job
	Partitionable Resources :    Usage  Request Allocated 
	   Cpus                 :     1.01        6         6 
	   Disk (KB)            :     1           1     17376 
	   Memory (MB)          :   627        2048      2048 

	Job terminated of its own accord at 2026-04-30T21:13:59Z with exit-code 0.
...
