000 (45739888.007.000) 2026-04-30 16:13:43 Job submitted from host: <10.5.0.107:9618?addrs=10.5.0.107-9618&alias=sugwg-login.syr.edu&noUDP&sock=schedd_1361_1c7c>
...
001 (45739888.007.000) 2026-04-30 16:14:16 Job executing on host: <10.5.216.204:9618?addrs=10.5.216.204-9618&alias=OG-NODE-10-5-216-204&noUDP&sock=startd_1908_4eca>
...
006 (45739888.007.000) 2026-04-30 16:14:25 Image size of job updated: 785480
	144  -  MemoryUsage of job (MB)
	146480  -  ResidentSetSize of job (KB)
...
006 (45739888.007.000) 2026-04-30 16:19:26 Image size of job updated: 1643952
	231  -  MemoryUsage of job (MB)
	235608  -  ResidentSetSize of job (KB)
...
006 (45739888.007.000) 2026-04-30 16:24:26 Image size of job updated: 1643952
	240  -  MemoryUsage of job (MB)
	245328  -  ResidentSetSize of job (KB)
...
006 (45739888.007.000) 2026-04-30 16:29:27 Image size of job updated: 1643952
	422  -  MemoryUsage of job (MB)
	431700  -  ResidentSetSize of job (KB)
...
006 (45739888.007.000) 2026-04-30 16:34:28 Image size of job updated: 1643952
	427  -  MemoryUsage of job (MB)
	436648  -  ResidentSetSize of job (KB)
...
005 (45739888.007.000) 2026-04-30 16:36:41 Job terminated.
	(1) Normal termination (return value 0)
		Usr 0 00:20:38, Sys 0 00:02:33  -  Run Remote Usage
		Usr 0 00:00:00, Sys 0 00:00:00  -  Run Local Usage
		Usr 0 00:20:38, Sys 0 00:02:33  -  Total Remote Usage
		Usr 0 00:00:00, Sys 0 00:00:00  -  Total Local Usage
	0  -  Run Bytes Sent By Job
	0  -  Run Bytes Received By Job
	0  -  Total Bytes Sent By Job
	0  -  Total Bytes Received By Job
	Partitionable Resources :    Usage  Request Allocated 
	   Cpus                 :     1.00        6         6 
	   Disk (KB)            :     1           1     11393 
	   Memory (MB)          :   427        2048      2048 

	Job terminated of its own accord at 2026-04-30T20:36:41Z with exit-code 0.
...
