000 (45739888.000.000) 2026-04-30 16:13:43 Job submitted from host: <10.5.0.107:9618?addrs=10.5.0.107-9618&alias=sugwg-login.syr.edu&noUDP&sock=schedd_1361_1c7c>
...
001 (45739888.000.000) 2026-04-30 16:14:16 Job executing on host: <10.5.212.57:9618?addrs=10.5.212.57-9618&alias=OG-NODE-10-5-212-57&noUDP&sock=startd_1488_3903>
...
006 (45739888.000.000) 2026-04-30 16:14:25 Image size of job updated: 81288
	52  -  MemoryUsage of job (MB)
	52380  -  ResidentSetSize of job (KB)
...
006 (45739888.000.000) 2026-04-30 16:19:25 Image size of job updated: 1608208
	202  -  MemoryUsage of job (MB)
	206592  -  ResidentSetSize of job (KB)
...
006 (45739888.000.000) 2026-04-30 16:24:25 Image size of job updated: 1608208
	909  -  MemoryUsage of job (MB)
	930200  -  ResidentSetSize of job (KB)
...
006 (45739888.000.000) 2026-04-30 16:34:27 Image size of job updated: 1609840
	909  -  MemoryUsage of job (MB)
	930200  -  ResidentSetSize of job (KB)
...
006 (45739888.000.000) 2026-04-30 16:49:28 Image size of job updated: 1613936
	909  -  MemoryUsage of job (MB)
	930200  -  ResidentSetSize of job (KB)
...
005 (45739888.000.000) 2026-04-30 16:50:47 Job terminated.
	(1) Normal termination (return value 0)
		Usr 0 00:33:53, Sys 0 00:03:29  -  Run Remote Usage
		Usr 0 00:00:00, Sys 0 00:00:00  -  Run Local Usage
		Usr 0 00:33:53, Sys 0 00:03:29  -  Total Remote Usage
		Usr 0 00:00:00, Sys 0 00:00:00  -  Total Local Usage
	0  -  Run Bytes Sent By Job
	0  -  Run Bytes Received By Job
	0  -  Total Bytes Sent By Job
	0  -  Total Bytes Received By Job
	Partitionable Resources :    Usage  Request Allocated 
	   Cpus                 :     1.00        6         6 
	   Disk (KB)            :     1           1     19578 
	   Memory (MB)          :   909        2048      2048 

	Job terminated of its own accord at 2026-04-30T20:50:47Z with exit-code 0.
...
