000 (45739888.003.000) 2026-04-30 16:13:43 Job submitted from host: <10.5.0.107:9618?addrs=10.5.0.107-9618&alias=sugwg-login.syr.edu&noUDP&sock=schedd_1361_1c7c>
...
001 (45739888.003.000) 2026-04-30 16:14:17 Job executing on host: <10.5.165.114:9618?addrs=10.5.165.114-9618&alias=OG-NODE-10-5-165-114&noUDP&sock=startd_1231_f12c>
...
006 (45739888.003.000) 2026-04-30 16:14:25 Image size of job updated: 349428
	35  -  MemoryUsage of job (MB)
	35184  -  ResidentSetSize of job (KB)
...
006 (45739888.003.000) 2026-04-30 16:19:25 Image size of job updated: 1569580
	684  -  MemoryUsage of job (MB)
	700364  -  ResidentSetSize of job (KB)
...
006 (45739888.003.000) 2026-04-30 16:24:26 Image size of job updated: 1607984
	684  -  MemoryUsage of job (MB)
	700364  -  ResidentSetSize of job (KB)
...
006 (45739888.003.000) 2026-04-30 16:39:27 Image size of job updated: 1610096
	684  -  MemoryUsage of job (MB)
	700364  -  ResidentSetSize of job (KB)
...
006 (45739888.003.000) 2026-04-30 17:09:14 Image size of job updated: 1611440
	684  -  MemoryUsage of job (MB)
	700364  -  ResidentSetSize of job (KB)
...
005 (45739888.003.000) 2026-04-30 17:09:14 Job terminated.
	(1) Normal termination (return value 0)
		Usr 0 00:51:16, Sys 0 00:04:48  -  Run Remote Usage
		Usr 0 00:00:00, Sys 0 00:00:00  -  Run Local Usage
		Usr 0 00:51:16, Sys 0 00:04:48  -  Total Remote Usage
		Usr 0 00:00:00, Sys 0 00:00:00  -  Total Local Usage
	0  -  Run Bytes Sent By Job
	0  -  Run Bytes Received By Job
	0  -  Total Bytes Sent By Job
	0  -  Total Bytes Received By Job
	Partitionable Resources :    Usage  Request Allocated 
	   Cpus                 :     1.00        6         6 
	   Disk (KB)            :     1           1     22594 
	   Memory (MB)          :   684        2048      2048 

	Job terminated of its own accord at 2026-04-30T21:09:14Z with exit-code 0.
...
