000 (45739888.001.000) 2026-04-30 16:13:43 Job submitted from host: <10.5.0.107:9618?addrs=10.5.0.107-9618&alias=sugwg-login.syr.edu&noUDP&sock=schedd_1361_1c7c>
...
001 (45739888.001.000) 2026-04-30 16:14:16 Job executing on host: <10.5.200.34:9618?addrs=10.5.200.34-9618&alias=OG-NODE-10-5-200-34&noUDP&sock=startd_1524_ea6c>
...
006 (45739888.001.000) 2026-04-30 16:14:25 Image size of job updated: 68900
	39  -  MemoryUsage of job (MB)
	39860  -  ResidentSetSize of job (KB)
...
006 (45739888.001.000) 2026-04-30 16:19:25 Image size of job updated: 1616732
	476  -  MemoryUsage of job (MB)
	486444  -  ResidentSetSize of job (KB)
...
006 (45739888.001.000) 2026-04-30 16:29:26 Image size of job updated: 1617344
	476  -  MemoryUsage of job (MB)
	486444  -  ResidentSetSize of job (KB)
...
006 (45739888.001.000) 2026-04-30 16:34:27 Image size of job updated: 1617344
	497  -  MemoryUsage of job (MB)
	508256  -  ResidentSetSize of job (KB)
...
006 (45739888.001.000) 2026-04-30 16:39:27 Image size of job updated: 1617344
	500  -  MemoryUsage of job (MB)
	511556  -  ResidentSetSize of job (KB)
...
006 (45739888.001.000) 2026-04-30 16:49:28 Image size of job updated: 1617344
	845  -  MemoryUsage of job (MB)
	865136  -  ResidentSetSize of job (KB)
...
006 (45739888.001.000) 2026-04-30 16:51:54 Image size of job updated: 1620892
	845  -  MemoryUsage of job (MB)
	865136  -  ResidentSetSize of job (KB)
...
005 (45739888.001.000) 2026-04-30 16:51:54 Job terminated.
	(1) Normal termination (return value 0)
		Usr 0 00:35:09, Sys 0 00:03:19  -  Run Remote Usage
		Usr 0 00:00:00, Sys 0 00:00:00  -  Run Local Usage
		Usr 0 00:35:09, Sys 0 00:03:19  -  Total Remote Usage
		Usr 0 00:00:00, Sys 0 00:00:00  -  Total Local Usage
	0  -  Run Bytes Sent By Job
	0  -  Run Bytes Received By Job
	0  -  Total Bytes Sent By Job
	0  -  Total Bytes Received By Job
	Partitionable Resources :    Usage  Request Allocated 
	   Cpus                 :     1.07        6         6 
	   Disk (KB)            :     1           1     16131 
	   Memory (MB)          :   845        2048      2048 

	Job terminated of its own accord at 2026-04-30T20:51:54Z with exit-code 0.
...
