using all peaks
using numerical
time : 0.004491361789405346
abserror : 8.111738780478064e-09
using all peaks
using numerical
time : 0.004575163125991821
abserror : 2.0056710437229334e-08
using all peaks
using numerical
time : 0.00514657236635685
abserror : 2.341355525794165e-07
using all peaks
using numerical
time : 0.003237745724618435
abserror : 3.422452199056125e-05
using all peaks
using numerical
time : 0.004540364257991314
abserror : 7.271249900155791e-07
using all peaks
using numerical
time : 0.0037449514493346214
abserror : 118831402.15405273
using all peaks
using numerical
time : 0.0029158415272831917
abserror : 1.8977788985499115e-11
using all peaks
using numerical
time : 0.0044960640370845795
abserror : 2.7827798628792643e-10
using all peaks
using numerical
time : 0.004065057262778282
abserror : 2.8888452410792563e-07
using all peaks
using numerical
time : 0.0057787811383605
abserror : 6.159037531819374e-11
using all peaks
using numerical
time : 0.003223544918000698
abserror : 0.20188239228400562
using all peaks
using numerical
time : 0.003268945962190628
abserror : 1.779310101688129e-08
using all peaks
using numerical
time : 0.003233044408261776
abserror : 4.843394495662517e-09
using all peaks
using numerical
time : 0.002920340746641159
abserror : 1.5789755855900867e-05
using all peaks
using numerical
time : 0.0035633500665426254
abserror : 1.2719526544151116e-09
using all peaks
using numerical
time : 0.009405632503330708
abserror : 2.4540258407831204e-06
using all peaks
using numerical
time : 0.004147757776081562
abserror : 3.898012290658409e-08
using all peaks
using numerical
time : 0.0033973464742302895
abserror : 5.146867234538774e-06
using all peaks
using numerical
time : 0.004191058687865734
abserror : 1.2075262762105438e-08
using all peaks
using numerical
time : 0.00546677689999342
abserror : 6.801549458648583e+32
using all peaks
using numerical
time : 0.0036460505798459053
abserror : 5.5204436761378344e-09
using all peaks
using numerical
time : 0.004540462978184223
abserror : 2.3735303395120102e-09
using all peaks
using numerical
time : 0.003756953403353691
abserror : 0.0002019640527919364
using all peaks
using numerical
time : 0.003230445086956024
abserror : 0.0008400681647337373
using all peaks
using numerical
time : 0.00407375767827034
abserror : 7.280569139095361e-07
using all peaks
using numerical
time : 0.00443666148930788
abserror : 5.279799233902601e-06
using all peaks
using numerical
time : 0.0036255503073334694
abserror : 1.2053989028027623e-07
using all peaks
using numerical
time : 0.0032379450276494026
abserror : 0.048161913044168614
using all peaks
using numerical
time : 0.001584922894835472
abserror : 1.3057837732121256e-09
using all peaks
using numerical
time : 0.0038282526656985283
abserror : 0.4330614499471688
using all peaks
using numerical
time : 0.00456826388835907
abserror : 3.759607606677883e-08
using all peaks
using numerical
time : 0.004811866208910942
abserror : 7.391375033473181e-09
using all peaks
using numerical
time : 0.004032256081700325
abserror : 91709152828944.0
using all peaks
using numerical
time : 0.004575864411890507
abserror : 2.7374301269278336e-08
using all peaks
using numerical
time : 0.0051098717376589775
abserror : 5.277139852531937e-07
using all peaks
using numerical
time : 0.0041482578963041306
abserror : 8.616476173997431e+29
using all peaks
using numerical
time : 0.002893339842557907
abserror : 3.0451285105481674e-05
using all peaks
using numerical
time : 0.0030069416388869286
abserror : 0.02727823404042906
using all peaks
using numerical
time : 0.004132557660341263
abserror : 1.499698043232934e-08
using all peaks
using numerical
time : 0.0032548457384109497
abserror : 7352514.697735816
using all peaks
using numerical
time : 0.004144357517361641
abserror : 5.489514731671363e-09
using all peaks
using numerical
time : 0.004398461431264877
abserror : 0.0004824170472033096
using all peaks
using numerical
time : 0.0032855449244379997
abserror : 3.958904482050141e-08
using all peaks
using numerical
time : 0.0031837448477745056
abserror : 0.0009781133806091944
using all peaks
using numerical
time : 0.004132757894694805
abserror : 0.003761997317310417
using all peaks
using numerical
time : 0.004503962583839893
abserror : 8.424736289616014e-07
using all peaks
using numerical
time : 0.002470533363521099
abserror : 5.703824839742647e-10
using all peaks
using numerical
time : 0.003418947570025921
abserror : 0.01609746818036964
using all peaks
using numerical
time : 0.004507862962782383
abserror : 0.0013230966140000966
using all peaks
using numerical
time : 0.0037901531904935837
abserror : 1.637875430449667e-08
