using all peaks
using numerical
time : 0.0036893626675009727
abserror : 1.850635522109294e-05
using all peaks
using numerical
time : 0.003335556946694851
abserror : 6846.354789495468
using all peaks
using numerical
time : 0.0032658567652106285
abserror : 0.012993494833447694
using all peaks
using numerical
time : 0.004277972504496574
abserror : 1.5352055588071904e-07
using all peaks
using numerical
time : 0.003899865783751011
abserror : 3.6641982431891417e-07
using all peaks
using numerical
time : 0.0028614485636353493
abserror : 2.4928296027820762e-06
using all peaks
using numerical
time : 0.0038206642493605614
abserror : 8.366576530396009e-07
using all peaks
using numerical
time : 0.005447993054986
abserror : 1.160293209621825e-08
using all peaks
using numerical
time : 0.004566079005599022
abserror : 221060159105.375
using all peaks
using numerical
time : 0.0028855493292212486
abserror : 2.337526302753324e-08
using all peaks
using numerical
time : 0.003689163364470005
abserror : 7.810976551222808e-05
using all peaks
using numerical
time : 0.003748064860701561
abserror : 741031917.234375
using all peaks
using numerical
time : 0.0029192501679062843
abserror : 0.00020863176256114002
using all peaks
using numerical
time : 0.004215572960674763
abserror : 4.8894525900566865e-06
using all peaks
using numerical
time : 0.005427093245089054
abserror : 2.5649051307196423e-08
using all peaks
using numerical
time : 0.003371858038008213
abserror : 0.0013086278783436822
using all peaks
using numerical
time : 0.004115070216357708
abserror : 3.747272227694765e-05
using all peaks
using numerical
time : 0.003812064416706562
abserror : 2.384937115623622e-07
using all peaks
using numerical
time : 0.004690681584179401
abserror : 1.3387169716367994e-07
using all peaks
using numerical
time : 0.0037631643936038017
abserror : 1.696611300041565e-05
using all peaks
using numerical
time : 0.004915484227240086
abserror : 7.993070951454232e-08
using all peaks
using numerical
time : 0.004183271899819374
abserror : 1.301849231765545e-05
using all peaks
using numerical
time : 0.004628178663551807
abserror : 2772534369452032.0
using all peaks
using numerical
time : 0.0037702638655900955
abserror : 3.0306195788326867e-09
using all peaks
using numerical
time : 0.004141070879995823
abserror : 7.620266460936064e-07
using all peaks
using numerical
time : 0.004062970168888569
abserror : 7.932778113741223e-11
using all peaks
using numerical
time : 0.0038056662306189537
abserror : 2.5846252920698866e-09
using all peaks
using numerical
time : 0.0036863628774881363
abserror : 0.33390562340121843
using all peaks
using numerical
time : 0.004237573593854904
abserror : 1.3599292039055884e-08
using all peaks
using numerical
time : 0.004598578438162804
abserror : 4.2348913637596725e-08
using all peaks
using numerical
time : 0.004227072931826115
abserror : 5.286254531564408e-05
using all peaks
using numerical
time : 0.005099487490952015
abserror : 4.319999895235224e-08
using all peaks
using numerical
time : 0.004232272505760193
abserror : 1.4403669327117674e-06
using all peaks
using numerical
time : 0.004173171706497669
abserror : 1.9420211380350405e-06
using all peaks
using numerical
time : 0.003719564527273178
abserror : 2.7906756891711917e-06
using all peaks
using numerical
time : 0.004235472530126572
abserror : 4.405035539729566e-09
using all peaks
using numerical
time : 0.004040572792291641
abserror : 524930.3630008698
using all peaks
using numerical
time : 0.004617283120751381
abserror : 9.890662521380818e-07
using all peaks
using numerical
time : 0.004072973504662514
abserror : 1.0464291558630626e-07
using all peaks
using numerical
time : 0.004154074937105179
abserror : 3.901009945343237e-08
using all peaks
using numerical
time : 0.004716585390269756
abserror : 1.3759583251684742e-06
using all peaks
using numerical
time : 0.0028564510866999626
abserror : 2.9370384663440774e-05
using all peaks
using numerical
time : 0.0038187680765986443
abserror : 5.459905532134712e-05
using all peaks
using numerical
time : 0.004736484959721565
abserror : 1.1320618003029033e-10
using all peaks
using numerical
time : 0.004363676533102989
abserror : 1.0732365963807711e-05
using all peaks
using numerical
time : 0.0033000586554408073
abserror : 2.058752336821625e-09
using all peaks
using numerical
time : 0.003297058865427971
abserror : 1.0166844334677516e-05
using all peaks
using numerical
time : 0.0032603582367300987
abserror : 0.5653921219608264
using all peaks
using numerical
time : 0.00415637344121933
abserror : 7.854377177003887e-07
using all peaks
using numerical
time : 0.005365993827581406
abserror : 1.371690161798653e-10
