using all peaks
using numerical
time : 0.008098695427179337
abserror : 0.009537433884060004
using all peaks
using numerical
time : 0.004140549339354038
abserror : 67.97708952007815
using all peaks
using numerical
time : 0.004451652988791466
abserror : 1.0536062621548123e+93
using all peaks
using numerical
time : 0.004521354101598263
abserror : 1.0426038142585022e-08
using all peaks
using numerical
time : 0.00389084592461586
abserror : 8.564792629454226e-06
using all peaks
using numerical
time : 0.005659027956426144
abserror : 5.79346225195441e-08
using all peaks
using numerical
time : 0.004533226601779461
abserror : 1.4287689083862547e-08
using all peaks
using numerical
time : 0.004127827472984791
abserror : 0.028452854515037096
using all peaks
using numerical
time : 0.004762136377394199
abserror : 0.006435979273208048
using all peaks
using numerical
time : 0.003309827297925949
abserror : 2.096670840949361e-10
using all peaks
using numerical
time : 0.003605831414461136
abserror : 3.3596664628755685e-08
using all peaks
using numerical
time : 0.003556031733751297
abserror : 51.88358437671195
using all peaks
using numerical
time : 0.003981937654316425
abserror : 0.0008074148354708655
using all peaks
using numerical
time : 0.0037432368844747543
abserror : 3.455892874031682e-06
using all peaks
using numerical
time : 0.003922239877283573
abserror : 1.5473995404900052
using all peaks
using numerical
time : 0.003214731812477112
abserror : 9.917385940333423e-06
using all peaks
using numerical
time : 0.005129252560436726
abserror : 1.3295311515034285e-09
using all peaks
using numerical
time : 0.003497636877000332
abserror : 7.302049162799455e-09
using all peaks
using numerical
time : 0.005314555950462818
abserror : 1.699739572320082e-07
using all peaks
using numerical
time : 0.00449224840849638
abserror : 2.0320127387236768e-05
using all peaks
using numerical
time : 0.004062144085764885
abserror : 55431580.99021721
using all peaks
using numerical
time : 0.0034972382709383965
abserror : 0.00011167949810442224
using all peaks
using numerical
time : 0.0108333183452487
abserror : 1.2056050661263251e-08
using all peaks
using numerical
time : 0.0037819407880306244
abserror : 1.1216727670270918e-05
using all peaks
using numerical
time : 0.0026880288496613503
abserror : 2.6004646759499464e-10
using all peaks
using numerical
time : 0.005429859273135662
abserror : 3.270783696719703e-08
using all peaks
using numerical
time : 0.0046506598591804504
abserror : 0.0013708096576985351
using all peaks
using numerical
time : 0.004184753634035587
abserror : 3.385145183839498e-06
using all peaks
using numerical
time : 0.004584756679832935
abserror : 4.136915748153193e-07
using all peaks
using numerical
time : 0.005532766692340374
abserror : 1.7441043940026948e-09
using all peaks
using numerical
time : 0.00407874770462513
abserror : 3.0519631737689e-07
using all peaks
using numerical
time : 0.004439353011548519
abserror : 8.879209214691086e-07
using all peaks
using numerical
time : 0.005885669030249119
abserror : 3.113987725568745e-07
using all peaks
using numerical
time : 0.0046704551205039024
abserror : 0.004485779787614774
using all peaks
using numerical
time : 0.004535152576863766
abserror : 2.2495109539147492e+77
using all peaks
using numerical
time : 0.003687242977321148
abserror : 5.332713941908423e-09
using all peaks
using numerical
time : 0.0036577414721250534
abserror : 103.47180656838464
using all peaks
using numerical
time : 0.004776153713464737
abserror : 1.8515767475626652e-07
using all peaks
using numerical
time : 0.004566552117466927
abserror : 1.1259155683808491e-05
using all peaks
using numerical
time : 0.006094069220125675
abserror : 1.82271039159008e-08
using all peaks
using numerical
time : 0.0033547375351190567
abserror : 5.5837700024671246e-05
using all peaks
using numerical
time : 0.003934045322239399
abserror : 0.01958131003065644
using all peaks
using numerical
time : 0.0030400343239307404
abserror : 10.82904780150784
using all peaks
using numerical
time : 0.0060394685715436935
abserror : 2.3324194006722814e-10
using all peaks
using numerical
time : 0.004191547632217407
abserror : 4.077504985738889e-08
using all peaks
using numerical
time : 0.003976744599640369
abserror : 4.400142798978649e-09
using all peaks
using numerical
time : 0.004978658631443977
abserror : 0.003279739013375929
using all peaks
using numerical
time : 0.005498463287949562
abserror : 4.886137218984826e-07
using all peaks
using numerical
time : 0.003177235834300518
abserror : 0.06033266565964368
using all peaks
using numerical
time : 0.004594753496348858
abserror : 8.060182426486082e-08
