using all peaks
using numerical
time : 0.004320771899074316
abserror : 0.001273462991323665
using all peaks
using numerical
time : 0.0039757657796144485
abserror : 2041411.6563720703
using all peaks
using numerical
time : 0.004194068722426891
abserror : 55.13477188011166
using all peaks
using numerical
time : 0.0032282532192766666
abserror : 0.00010785891059583719
using all peaks
using numerical
time : 0.003761761821806431
abserror : 1.4893931580409117
using all peaks
using numerical
time : 0.004274570848792791
abserror : 0.05598306251266649
using all peaks
using numerical
time : 0.004781479015946388
abserror : 3.959277611046883e-09
using all peaks
using numerical
time : 0.0039138649590313435
abserror : 2.8336010947237997e-05
using all peaks
using numerical
time : 0.0042370702140033245
abserror : 2.835288050032081e-05
using all peaks
using numerical
time : 0.0032451539300382137
abserror : 1.284576101127442e-08
using all peaks
using numerical
time : 0.004850076977163553
abserror : 2.6009282753701188e-08
using all peaks
using numerical
time : 0.0046701752580702305
abserror : 3.075202395757468e-09
using all peaks
using numerical
time : 0.005419986788183451
abserror : 1.4154211207112379e-06
using all peaks
using numerical
time : 0.0048449779860675335
abserror : 1.7768206901889484e-07
using all peaks
using numerical
time : 0.004913280252367258
abserror : 1.1350325327298557e-08
using all peaks
using numerical
time : 0.003714160993695259
abserror : 8.851777945472622e-06
using all peaks
using numerical
time : 0.00519488425925374
abserror : 1.4762577795140571e-08
using all peaks
using numerical
time : 0.004889280069619417
abserror : 1.849844360764935e-05
using all peaks
using numerical
time : 0.005652992054820061
abserror : 4.116686131343811e-07
using all peaks
using numerical
time : 0.004854878876358271
abserror : 7.693749146341067e-09
using all peaks
using numerical
time : 0.004337671212852001
abserror : 6.389749497411346e+25
using all peaks
using numerical
time : 0.006493006832897663
abserror : 2.0715305968889865e-11
using all peaks
using numerical
time : 0.004632975906133652
abserror : 0.1437073182041786
using all peaks
using numerical
time : 0.0033285552635788918
abserror : 5.311209020303252e-10
using all peaks
using numerical
time : 0.005566792096942663
abserror : 3.579773608139436e-06
using all peaks
using numerical
time : 0.004276070278137922
abserror : 1.7132768909758507e-05
using all peaks
using numerical
time : 0.00521468510851264
abserror : 5.753137322781344e-06
using all peaks
using numerical
time : 0.0041440678760409355
abserror : 992.8950069621205
using all peaks
using numerical
time : 0.004157868679612875
abserror : 408.9647366597228
using all peaks
using numerical
time : 0.005320386961102486
abserror : 4.830397571327361e-06
using all peaks
using numerical
time : 0.004883879795670509
abserror : 7.759862639840629e-09
using all peaks
using numerical
time : 0.005581291858106852
abserror : 3.372113629710973e-12
using all peaks
using numerical
time : 0.004745278041809797
abserror : 9.373787416360908e-09
using all peaks
using numerical
time : 0.0036949608474969864
abserror : 0.050436592935511726
using all peaks
using numerical
time : 0.005526491906493902
abserror : 0.0008760699508157943
using all peaks
using numerical
time : 0.0038435631431639194
abserror : 2.3852859032775887e-09
using all peaks
using numerical
time : 0.0039510661736130714
abserror : 0.009561943237149095
using all peaks
using numerical
time : 0.005112683866173029
abserror : 6.188719418802577e-08
using all peaks
using numerical
time : 0.0039041638374328613
abserror : 4.8361310062828125
using all peaks
using numerical
time : 0.004671876784414053
abserror : 52300990934.69336
using all peaks
using numerical
time : 0.004170767962932587
abserror : 8.544560662326873e-07
using all peaks
using numerical
time : 0.004819178022444248
abserror : 1.0634301473242993e-08
using all peaks
using numerical
time : 0.004647674970328808
abserror : 7.66150318163867e-08
using all peaks
using numerical
time : 0.004213368054479361
abserror : 4.773436846487173e-09
using all peaks
using numerical
time : 0.004784778226166964
abserror : 7.68660555732349e-09
using all peaks
using numerical
time : 0.005498289596289396
abserror : 5.639643862251483e-07
using all peaks
using numerical
time : 0.0056710923090577126
abserror : 2.0281398696444005e-09
using all peaks
using numerical
time : 0.00571819394826889
abserror : 2.121934358008657e-08
using all peaks
using numerical
time : 0.005081282928586006
abserror : 2.8822304861827697e-09
using all peaks
using numerical
time : 0.004365372005850077
abserror : 6.455807679614718e-10
