using all peaks
using numerical
time : 0.00395866297185421
abserror : 0.002371244094410918
using all peaks
using numerical
time : 0.0040704645216465
abserror : 8.198969431590074e-10
using all peaks
using numerical
time : 0.004758074879646301
abserror : 2.46904570544553e-08
using all peaks
using numerical
time : 0.002960345707833767
abserror : 3.823103848729869e-11
using all peaks
using numerical
time : 0.004129265435039997
abserror : 1.888916445286449e-09
using all peaks
using numerical
time : 0.003344952128827572
abserror : 7.497073107047081e-06
using all peaks
using numerical
time : 0.0037670591846108437
abserror : 2.4104180630138124e-10
using all peaks
using numerical
time : 0.004566071555018425
abserror : 1.937489980257189e-07
using all peaks
using numerical
time : 0.0037473589181900024
abserror : 1.5373197028698963e-07
using all peaks
using numerical
time : 0.005042878910899162
abserror : 7.061332151128703e-11
using all peaks
using numerical
time : 0.0032834522426128387
abserror : 1.7906700624462785e-08
using all peaks
using numerical
time : 0.004191066138446331
abserror : 1.1597694801475198e-08
using all peaks
using numerical
time : 0.0028828484937548637
abserror : 5.218569472158916e-09
using all peaks
using numerical
time : 0.004597174935042858
abserror : 1.5215512237199498e-06
using all peaks
using numerical
time : 0.0036856597289443016
abserror : 9.63790970011171e-06
using all peaks
using numerical
time : 0.004180068150162697
abserror : 1.6789987639803834e-05
using all peaks
using numerical
time : 0.004598175175487995
abserror : 4.915021062377133e-06
using all peaks
using numerical
time : 0.0032726535573601723
abserror : 1.2680244661197112e-08
using all peaks
using numerical
time : 0.0027788449078798294
abserror : 3.41225562182836e-05
using all peaks
using numerical
time : 0.00377736147493124
abserror : 9.847724379458654e-06
using all peaks
using numerical
time : 0.003475257195532322
abserror : 6.001891931974729e-07
using all peaks
using numerical
time : 0.003251953050494194
abserror : 5.857226928539065e-08
using all peaks
using numerical
time : 0.004896479658782482
abserror : 1.1684589141120786e-07
using all peaks
using numerical
time : 0.003219151869416237
abserror : 1.4378546103308194e-05
using all peaks
using numerical
time : 0.003656459040939808
abserror : 0.0029276474390874663
using all peaks
using numerical
time : 0.0036995597183704376
abserror : 6.45732931106105e-07
using all peaks
using numerical
time : 0.004220868460834026
abserror : 1.7616742304616892e-06
using all peaks
using numerical
time : 0.004363870248198509
abserror : 1.1850252565988987e-07
using all peaks
using numerical
time : 0.004021063446998596
abserror : 0.006876765400646634
using all peaks
using numerical
time : 0.004596473649144173
abserror : 1.197228370267557e-07
using all peaks
using numerical
time : 0.003294253721833229
abserror : 9.330139499509113e-10
using all peaks
using numerical
time : 0.0028525460511446
abserror : 17.135563313523562
using all peaks
using numerical
time : 0.003803061321377754
abserror : 1405393.893044211
using all peaks
using numerical
time : 0.0037422599270939827
abserror : 7.020790479634383e-06
using all peaks
using numerical
time : 0.003985163755714893
abserror : 2.2854166873602713e-07
using all peaks
using numerical
time : 0.004595372825860977
abserror : 3.285086123182591e-08
using all peaks
using numerical
time : 0.005074980668723583
abserror : 5.132406629329415e-08
using all peaks
using numerical
time : 0.003697059117257595
abserror : 4.095262715307761e-07
using all peaks
using numerical
time : 0.0029081469401717186
abserror : 4.1653305898361156e-08
using all peaks
using numerical
time : 0.003300652839243412
abserror : 2.8985970276451667e-05
using all peaks
using numerical
time : 0.0028700465336441994
abserror : 0.0002746169669816112
using all peaks
using numerical
time : 0.003856261260807514
abserror : 1.0567947079323107e-07
using all peaks
using numerical
time : 0.0038031600415706635
abserror : 1.1744286075666551e-07
using all peaks
using numerical
time : 0.00453887227922678
abserror : 9.878871078704394e-08
using all peaks
using numerical
time : 0.003786960616707802
abserror : 5.083303429169166e-08
using all peaks
using numerical
time : 0.0036941589787602425
abserror : 9.90028781326554e-09
using all peaks
using numerical
time : 0.0028298450633883476
abserror : 0.00011894750290153411
using all peaks
using numerical
time : 0.004078464582562447
abserror : 1.5419637667988362e-09
using all peaks
using numerical
time : 0.0028331447392702103
abserror : 128181.15670955181
using all peaks
using numerical
time : 0.003718058578670025
abserror : 7815556513550.8125
