using all peaks
using numerical
time : 0.004275331273674965
abserror : 1.2993721076339355
using all peaks
using numerical
time : 0.00391352828592062
abserror : 4.27565735003979e-08
using all peaks
using numerical
time : 0.005283137783408165
abserror : 2.3702001518901444e-07
using all peaks
using numerical
time : 0.003905228339135647
abserror : 4.07885385859446e-11
using all peaks
using numerical
time : 0.005647340789437294
abserror : 1.467552259959242e-07
using all peaks
using numerical
time : 0.004730033688247204
abserror : 9.995938458555106e-08
using all peaks
using numerical
time : 0.004765533842146397
abserror : 1.170193067989238e-05
using all peaks
using numerical
time : 0.00486113503575325
abserror : 7.455890174122496e-07
using all peaks
using numerical
time : 0.004802235402166843
abserror : 1.911864833176316e-09
using all peaks
using numerical
time : 0.003407723270356655
abserror : 0.7286712178044557
using all peaks
using numerical
time : 0.004312130622565746
abserror : 2.9591872079893686e-08
using all peaks
using numerical
time : 0.0049105361104011536
abserror : 1.365394005432568e+21
using all peaks
using numerical
time : 0.0031967228278517723
abserror : 1.961031815571595e-05
using all peaks
using numerical
time : 0.004985335282981396
abserror : 3.621755301981671e-08
using all peaks
using numerical
time : 0.005247637629508972
abserror : 1.2182834765570034e-08
using all peaks
using numerical
time : 0.003824327141046524
abserror : 1.0805183058817146e-08
using all peaks
using numerical
time : 0.003914627246558666
abserror : 4.181348494564957e-09
using all peaks
using numerical
time : 0.004320330917835236
abserror : 8.466622803456753e-08
using all peaks
using numerical
time : 0.004732734523713589
abserror : 7.040700568492068e-07
using all peaks
using numerical
time : 0.004255631007254124
abserror : 4.561094661373608e-08
using all peaks
using numerical
time : 0.003443724475800991
abserror : 50.20819000278425
using all peaks
using numerical
time : 0.004258031025528908
abserror : 3.6913545353733923e-06
using all peaks
using numerical
time : 0.0034997249022126198
abserror : 0.45240977383919656
using all peaks
using numerical
time : 0.004657234065234661
abserror : 4.3421593195957826e-09
using all peaks
using numerical
time : 0.004318231716752052
abserror : 4.804739584677196e-06
using all peaks
using numerical
time : 0.003789626993238926
abserror : 0.3196634245346246
using all peaks
using numerical
time : 0.005189836956560612
abserror : 1.4467984693881333e-10
using all peaks
using numerical
time : 0.002961020916700363
abserror : 0.10073179700339097
using all peaks
using numerical
time : 0.004352930933237076
abserror : 1.4124667199230462e-07
using all peaks
using numerical
time : 0.0033964235335588455
abserror : 3.054138746515377e-06
using all peaks
using numerical
time : 0.002999221906065941
abserror : 1.582000216701629e-06
using all peaks
using numerical
time : 0.003885827958583832
abserror : 0.0010503698279479903
using all peaks
using numerical
time : 0.005133036524057388
abserror : 1.918641971552806e-09
using all peaks
using numerical
time : 0.0038834279403090477
abserror : 6.541637004434109e-06
using all peaks
using numerical
time : 0.0020701149478554726
abserror : 6.379182840536422e-09
using all peaks
using numerical
time : 0.0039582280442118645
abserror : 1.9637539219297118e-05
using all peaks
using numerical
time : 0.004327732138335705
abserror : 1.4122791744073662e-07
using all peaks
using numerical
time : 0.0042379312217235565
abserror : 1.6110185220086833e-09
using all peaks
using numerical
time : 0.003971228376030922
abserror : 31545007675670.83
using all peaks
using numerical
time : 0.0021288152784109116
abserror : 3.118572463709741e-09
using all peaks
using numerical
time : 0.002971622161567211
abserror : 0.00030166067401893315
using all peaks
using numerical
time : 0.0038726283237338066
abserror : 2.4052299295139338e-06
using all peaks
using numerical
time : 0.0038280263543128967
abserror : 2490426.6408309937
using all peaks
using numerical
time : 0.004298331215977669
abserror : 7.225656860258107e-11
using all peaks
using numerical
time : 0.004836834967136383
abserror : 0.0020930542248178974
using all peaks
using numerical
time : 0.005279337987303734
abserror : 6.748067537477778e-07
using all peaks
using numerical
time : 0.0029710223898291588
abserror : 0.00012839095726957517
using all peaks
using numerical
time : 0.00431373156607151
abserror : 1.2512790985865836e-10
using all peaks
using numerical
time : 0.003369024023413658
abserror : 9.050734698714203e-09
using all peaks
using numerical
time : 0.004387430846691132
abserror : 7.403666190183127e-09
