using all peaks
using numerical
time : 0.003833625465631485
abserror : 3944.2074562311172
using all peaks
using numerical
time : 0.0025013163685798645
abserror : 1.2496757065504633e-08
using all peaks
using numerical
time : 0.003310520201921463
abserror : 24766551834624.0
using all peaks
using numerical
time : 0.01448789332062006
abserror : 2.5785973872569517e+79
using all peaks
using numerical
time : 0.005380935035645962
abserror : 5.198655456177493e-10
using all peaks
using numerical
time : 0.004087626934051514
abserror : 2.5479333397462908e-09
using all peaks
using numerical
time : 0.004655730910599232
abserror : 1.2042731254794269e-06
using all peaks
using numerical
time : 0.004918431863188744
abserror : 3.0075928694519227e-10
using all peaks
using numerical
time : 0.0037275245413184166
abserror : 9.235610490375807e-10
using all peaks
using numerical
time : 0.005411634221673012
abserror : 2.128664226469922e-08
using all peaks
using numerical
time : 0.0035884222015738487
abserror : 1.4542650410565017e-06
using all peaks
using numerical
time : 0.0037353243678808212
abserror : 5604838.864532471
using all peaks
using numerical
time : 0.004960130900144577
abserror : 1.0869640149333872e-06
using all peaks
using numerical
time : 0.0032820207998156548
abserror : 5.947630182800978e-08
using all peaks
using numerical
time : 0.002873217687010765
abserror : 0.0008691138548518329
using all peaks
using numerical
time : 0.004937430843710899
abserror : 9.063569877700887e-08
using all peaks
using numerical
time : 0.003263319842517376
abserror : 1.254039731625467e-05
using all peaks
using numerical
time : 0.004608828574419022
abserror : 4.392763979853238e-09
using all peaks
using numerical
time : 0.003774424083530903
abserror : 0.00044020462456373366
using all peaks
using numerical
time : 0.004617028869688511
abserror : 0.47177181051956296
using all peaks
using numerical
time : 0.003335321322083473
abserror : 1.7543914939908358e+20
using all peaks
using numerical
time : 0.004135326482355595
abserror : 0.00026623832907534
using all peaks
using numerical
time : 0.004567229188978672
abserror : 5.013217674814013e-09
using all peaks
using numerical
time : 0.0033439211547374725
abserror : 0.0034584692110826154
using all peaks
using numerical
time : 0.0037704240530729294
abserror : 8.111488206088538e-09
using all peaks
using numerical
time : 0.00469123013317585
abserror : 5.40903663416711e-07
using all peaks
using numerical
time : 0.004159127362072468
abserror : 1.8601705074586822e-09
using all peaks
using numerical
time : 0.003855825401842594
abserror : 2.0304986828854586e-09
using all peaks
using numerical
time : 0.0016055107116699219
abserror : 2.5981623341473904e-08
using all peaks
using numerical
time : 0.005143532529473305
abserror : 1.2108971668895797e-07
using all peaks
using numerical
time : 0.004962331615388393
abserror : 9.752165323385987e-08
using all peaks
using numerical
time : 0.003659023903310299
abserror : 1.5524960062729656e-05
using all peaks
using numerical
time : 0.002495615743100643
abserror : 9.83361512058823e-09
using all peaks
using numerical
time : 0.004667529836297035
abserror : 1.1472265024868246e-07
using all peaks
using numerical
time : 0.003244120627641678
abserror : 0.0015473051141405847
using all peaks
using numerical
time : 0.004161125980317593
abserror : 6.717080788372395e+60
using all peaks
using numerical
time : 0.0028476184234023094
abserror : 5.919969288648019e-05
using all peaks
using numerical
time : 0.003647224046289921
abserror : 0.5907036311681679
using all peaks
using numerical
time : 0.003764423541724682
abserror : 4.1098082291187846e-08
using all peaks
using numerical
time : 0.004626029171049595
abserror : 2.0860290822488636e-07
using all peaks
using numerical
time : 0.004124625585973263
abserror : 1.5334363275734864e-08
using all peaks
using numerical
time : 0.003245721571147442
abserror : 0.0004185855121932036
using all peaks
using numerical
time : 0.0042105261236429214
abserror : 8.049296690385371e-07
using all peaks
using numerical
time : 0.004252428188920021
abserror : 1.2717557203698743e-05
using all peaks
using numerical
time : 0.00286001805216074
abserror : 2.6735980525993686e-05
using all peaks
using numerical
time : 0.00420092698186636
abserror : 1.1355367705129087e-06
using all peaks
using numerical
time : 0.0028373179957270622
abserror : 1.2110335168818986e-05
using all peaks
using numerical
time : 0.004055625759065151
abserror : 1.5486437119311458e-05
using all peaks
using numerical
time : 0.004236927255988121
abserror : 8.498611415747336e-09
using all peaks
using numerical
time : 0.0029361192137002945
abserror : 5.840645991810031e-10
