using all peaks
using numerical
time : 0.004498344846069813
abserror : 1.5237459302077082e-08
using all peaks
using numerical
time : 0.0043876441195607185
abserror : 2.754217884926892e-07
using all peaks
using numerical
time : 0.004216142930090427
abserror : 3.107702960014613e-05
using all peaks
using numerical
time : 0.0036693373695015907
abserror : 4834.332177874632
using all peaks
using numerical
time : 0.0069975703954696655
abserror : 1.9418305078109133e-10
using all peaks
using numerical
time : 0.0034567350521683693
abserror : 2.507456852769707e-06
using all peaks
using numerical
time : 0.004407843574881554
abserror : 25.647106415948656
using all peaks
using numerical
time : 0.003549935296177864
abserror : 35727.312954336405
using all peaks
using numerical
time : 0.003070930950343609
abserror : 1.0550915404139438e-06
using all peaks
using numerical
time : 0.004066941328346729
abserror : 5.2532492016586435e-09
using all peaks
using numerical
time : 0.004351443611085415
abserror : 1.4394285455745592e-08
using all peaks
using numerical
time : 0.0036990391090512276
abserror : 27987475.23779297
using all peaks
using numerical
time : 0.004872350953519344
abserror : 1.475635397975468e-07
using all peaks
using numerical
time : 0.004469746723771095
abserror : 8.832284829979331e-06
using all peaks
using numerical
time : 0.004125242121517658
abserror : 116.70170484148548
using all peaks
using numerical
time : 0.0033927354961633682
abserror : 1.965091894546916e-06
using all peaks
using numerical
time : 0.003446236252784729
abserror : 1.2933705095106842e-08
using all peaks
using numerical
time : 0.0044997455552220345
abserror : 3.8791444485733635e-06
using all peaks
using numerical
time : 0.004439645446836948
abserror : 7.234128137570576e-10
using all peaks
using numerical
time : 0.00479934923350811
abserror : 2.1129223297403133e-10
using all peaks
using numerical
time : 0.003333534114062786
abserror : 2.075874757177451e-05
using all peaks
using numerical
time : 0.0036316365003585815
abserror : 1.424330790202707e-10
using all peaks
using numerical
time : 0.004298144020140171
abserror : 1.6442124235393806e-07
using all peaks
using numerical
time : 0.006439466029405594
abserror : 4.149065740460629e-09
using all peaks
using numerical
time : 0.00441894493997097
abserror : 2.0716188411183515e-07
using all peaks
using numerical
time : 0.004281144589185715
abserror : 0.00010118934395253465
using all peaks
using numerical
time : 0.004543646238744259
abserror : 3.656789880105911e-10
using all peaks
using numerical
time : 0.005419354885816574
abserror : 4.438978438472168e-09
using all peaks
using numerical
time : 0.0060231611132621765
abserror : 2.5039095842714473e-08
using all peaks
using numerical
time : 0.004211442545056343
abserror : 2.2524217861527873e+63
using all peaks
using numerical
time : 0.004759947769343853
abserror : 1.064627117527008e+28
using all peaks
using numerical
time : 0.00529975350946188
abserror : 2.1436282967505875e-07
using all peaks
using numerical
time : 0.005743757821619511
abserror : 4.268482730990906e-09
using all peaks
using numerical
time : 0.005111651495099068
abserror : 16869.202390354127
using all peaks
using numerical
time : 0.004131842404603958
abserror : 0.32867881296375323
using all peaks
using numerical
time : 0.0044549452140927315
abserror : 4.5070464925983414e-08
using all peaks
using numerical
time : 0.00463284645229578
abserror : 1.2307453104137233e-06
using all peaks
using numerical
time : 0.004861249588429928
abserror : 2.9180838090836492e-05
using all peaks
using numerical
time : 0.003046930767595768
abserror : 0.00018221322475397983
using all peaks
using numerical
time : 0.004214243032038212
abserror : 3.8030379186593393e-07
using all peaks
using numerical
time : 0.003491434268653393
abserror : 4.0928490133040896e-05
using all peaks
using numerical
time : 0.005094151943922043
abserror : 1.6583019981971458e-07
using all peaks
using numerical
time : 0.004543345421552658
abserror : 1.2621405239432888e-07
using all peaks
using numerical
time : 0.004568146541714668
abserror : 3.30350648053906e-07
using all peaks
using numerical
time : 0.005045050755143166
abserror : 2.5916265839722153e-09
using all peaks
using numerical
time : 0.00412934273481369
abserror : 0.06584033602871386
using all peaks
using numerical
time : 0.0045316461473703384
abserror : 2.186848245632584e-08
using all peaks
using numerical
time : 0.005043950863182545
abserror : 2.563469639249496e-07
using all peaks
using numerical
time : 0.004439644515514374
abserror : 8.792785867507645e-09
using all peaks
using numerical
time : 0.00479354802519083
abserror : 6.977798826379352e-09
