using all peaks
using numerical
time : 0.003558322787284851
abserror : 0.017711422634874907
using all peaks
using numerical
time : 0.004552629776299
abserror : 3.090997650298483e-07
using all peaks
using numerical
time : 0.003062119707465172
abserror : 0.009393245947734566
using all peaks
using numerical
time : 0.004578930325806141
abserror : 85.76625478619826
using all peaks
using numerical
time : 0.004539131186902523
abserror : 2.2994785123329337e-10
using all peaks
using numerical
time : 0.004750431515276432
abserror : 7.447258801520414e-06
using all peaks
using numerical
time : 0.0041143279522657394
abserror : 3.5798581765203854e+22
using all peaks
using numerical
time : 0.005351635627448559
abserror : 3.9897687317998887e-10
using all peaks
using numerical
time : 0.003540724515914917
abserror : 59.78521363667096
using all peaks
using numerical
time : 0.004550529643893242
abserror : 172013.82810194697
using all peaks
using numerical
time : 0.005049333907663822
abserror : 2.2742025508196254e-09
using all peaks
using numerical
time : 0.004477529786527157
abserror : 1.2108578963703951e-08
using all peaks
using numerical
time : 0.003924225457012653
abserror : 0.03922156482640915
using all peaks
using numerical
time : 0.004466830752789974
abserror : 1.2551487007683445e-06
using all peaks
using numerical
time : 0.00398192647844553
abserror : 1.2119148857744379e-09
using all peaks
using numerical
time : 0.004345828667283058
abserror : 39738.15427968092
using all peaks
using numerical
time : 0.004160827957093716
abserror : 1.4448886742364142e-08
using all peaks
using numerical
time : 0.003568323329091072
abserror : 524993.3662109375
using all peaks
using numerical
time : 0.0052111344411969185
abserror : 0.0008338636852197878
using all peaks
using numerical
time : 0.003072621300816536
abserror : 1.7277974231899584e-05
using all peaks
using numerical
time : 0.0025936169549822807
abserror : 1.8996646423794665e-08
using all peaks
using numerical
time : 0.00485343299806118
abserror : 1.6719712099443065e-08
using all peaks
using numerical
time : 0.005394436419010162
abserror : 2.9455679871129807e-08
using all peaks
using numerical
time : 0.004640631377696991
abserror : 18.04531942128051
using all peaks
using numerical
time : 0.004378729499876499
abserror : 9.565257464310556e-05
using all peaks
using numerical
time : 0.004512331448495388
abserror : 4.0384548933029753e-07
using all peaks
using numerical
time : 0.003964727744460106
abserror : 38646694012640.0
using all peaks
using numerical
time : 0.005013134330511093
abserror : 2.274675649005303
using all peaks
using numerical
time : 0.005337935872375965
abserror : 2.641183696310825e-08
using all peaks
using numerical
time : 0.0050035323947668076
abserror : 430595940.64915466
using all peaks
using numerical
time : 0.0030820202082395554
abserror : 6.776110915065306e-10
using all peaks
using numerical
time : 0.0038848258554935455
abserror : 0.12265303819549445
using all peaks
using numerical
time : 0.004263028502464294
abserror : 5.968696939661533e-09
using all peaks
using numerical
time : 0.004494430497288704
abserror : 19429.942271761596
using all peaks
using numerical
time : 0.004019327461719513
abserror : 3.754713125496152e+37
using all peaks
using numerical
time : 0.003544923849403858
abserror : 8.205913202238563
using all peaks
using numerical
time : 0.004181628115475178
abserror : 2446808974541.625
using all peaks
using numerical
time : 0.0035782232880592346
abserror : 5.337062395000848e-09
using all peaks
using numerical
time : 0.004354430362582207
abserror : 1.2081099214238452e+43
using all peaks
using numerical
time : 0.0038504255935549736
abserror : 8.509738260709506e-09
using all peaks
using numerical
time : 0.003514423966407776
abserror : 4.940984613385221e-10
using all peaks
using numerical
time : 0.003448023460805416
abserror : 2.499391005343274e-05
using all peaks
using numerical
time : 0.003978126682341099
abserror : 3.459483351975105e-06
using all peaks
using numerical
time : 0.003505924716591835
abserror : 0.0032534079026769053
using all peaks
using numerical
time : 0.0045550307258963585
abserror : 8.460147291706674e-09
using all peaks
using numerical
time : 0.0031196214258670807
abserror : 3.278281965343548e-08
using all peaks
using numerical
time : 0.0039045261219143867
abserror : 6.391583342509077e-06
using all peaks
using numerical
time : 0.003071221522986889
abserror : 3.1336334483711425e-05
using all peaks
using numerical
time : 0.004972932860255241
abserror : 5.988204097515104e-07
using all peaks
using numerical
time : 0.00393332727253437
abserror : 1.4110984077680142e-05
