using all peaks
using numerical
time : 0.003236415795981884
abserror : 1.7699509686039394e-05
using all peaks
using numerical
time : 0.003705517388880253
abserror : 3.429400842643038e-08
using all peaks
using numerical
time : 0.005082724615931511
abserror : 3.688510839579425e-11
using all peaks
using numerical
time : 0.0032671159133315086
abserror : 4.326420136192138e-06
using all peaks
using numerical
time : 0.0037437183782458305
abserror : 6.745192500740368e-11
using all peaks
using numerical
time : 0.004557821899652481
abserror : 9.29613734242106e-06
using all peaks
using numerical
time : 0.0036930181086063385
abserror : 3.6186849976389714e-09
using all peaks
using numerical
time : 0.0033973166719079018
abserror : 0.041901593160214246
using all peaks
using numerical
time : 0.0044827209785580635
abserror : 2.3828728253526822e-07
using all peaks
using numerical
time : 0.004099119454622269
abserror : 0.00014043340234369713
using all peaks
using numerical
time : 0.0057014282792806625
abserror : 2.674519887030851e-08
using all peaks
using numerical
time : 0.004521822556853294
abserror : 3.6199155503060675e-09
using all peaks
using numerical
time : 0.004107018932700157
abserror : 7.376894738833422e-10
using all peaks
using numerical
time : 0.0032800165936350822
abserror : 2.8456397129200672e-05
using all peaks
using numerical
time : 0.0024314112961292267
abserror : 1.2866922159899055e-08
using all peaks
using numerical
time : 0.005096424371004105
abserror : 4.882495110022661e-07
using all peaks
using numerical
time : 0.002865513786673546
abserror : 0.00022415316738033653
using all peaks
using numerical
time : 0.0041908202692866325
abserror : 2.612081085294764e-07
using all peaks
using numerical
time : 0.004128219559788704
abserror : 2.2049650312867147e-09
using all peaks
using numerical
time : 0.002855912782251835
abserror : 0.08006565973313151
using all peaks
using numerical
time : 0.003780517727136612
abserror : 0.010055922899043779
using all peaks
using numerical
time : 0.003626418299973011
abserror : 0.05878607879481024
using all peaks
using numerical
time : 0.0028455136343836784
abserror : 0.0003984150095789306
using all peaks
using numerical
time : 0.0033415164798498154
abserror : 2.7869709440242474e-07
using all peaks
using numerical
time : 0.004186220467090607
abserror : 3.4665928854254463e-09
using all peaks
using numerical
time : 0.0037073176354169846
abserror : 1.2734666066327449e-05
using all peaks
using numerical
time : 0.0032476158812642097
abserror : 1.0183374192385282e-08
using all peaks
using numerical
time : 0.003399415872991085
abserror : 7.289155819798907
using all peaks
using numerical
time : 0.004135820083320141
abserror : 9.864468371574936e-09
using all peaks
using numerical
time : 0.0037487195804715157
abserror : 0.005965576034213882
using all peaks
using numerical
time : 0.00279881339520216
abserror : 4.1813817902816424e-10
using all peaks
using numerical
time : 0.0024304119870066643
abserror : 9.989462998999664e-09
using all peaks
using numerical
time : 0.003328215330839157
abserror : 1.5364335391664877e-05
using all peaks
using numerical
time : 0.0032074162736535072
abserror : 5.481587951747507e-06
using all peaks
using numerical
time : 0.0036724181845784187
abserror : 1.1166573409389477e-05
using all peaks
using numerical
time : 0.003642217256128788
abserror : 1.6572417283309923e-07
using all peaks
using numerical
time : 0.004476121626794338
abserror : 9.895036485511128e-10
using all peaks
using numerical
time : 0.004257021471858025
abserror : 8.725311084429316e-09
using all peaks
using numerical
time : 0.0040019191801548
abserror : 1.73599438367999e-07
using all peaks
using numerical
time : 0.004580821841955185
abserror : 6.271739086520353e-08
using all peaks
using numerical
time : 0.00413702055811882
abserror : 4.0329471852730905e-06
using all peaks
using numerical
time : 0.004461722448468208
abserror : 2.585053432389596e-06
using all peaks
using numerical
time : 0.005844728089869022
abserror : 8.481233565387654e+91
using all peaks
using numerical
time : 0.0037618177011609077
abserror : 1.6677897603199765e-06
using all peaks
using numerical
time : 0.0032421154901385307
abserror : 2.4014451844595205e-05
using all peaks
using numerical
time : 0.004193819127976894
abserror : 1.7060140003742245e-08
using all peaks
using numerical
time : 0.0049742236733436584
abserror : 2.3921772836834877e-08
using all peaks
using numerical
time : 0.005058623850345612
abserror : 1.0744136235031338e-07
using all peaks
using numerical
time : 0.004143520258367062
abserror : 2.7529539740972497e-05
using all peaks
using numerical
time : 0.003927718847990036
abserror : 4.091010967405022e-08
