using all peaks
using numerical
time : 0.003985106013715267
abserror : 0.013902291406932221
using all peaks
using numerical
time : 0.004087005741894245
abserror : 150469403.70058727
using all peaks
using numerical
time : 0.0038779042661190033
abserror : 4568.476900885114
using all peaks
using numerical
time : 0.0033730044960975647
abserror : 0.0006842628290820441
using all peaks
using numerical
time : 0.003463105298578739
abserror : 29.442600835609483
using all peaks
using numerical
time : 0.003612806089222431
abserror : 1016.012027890014
using all peaks
using numerical
time : 0.004703306593000889
abserror : 2.3549473332322435e-08
using all peaks
using numerical
time : 0.0038152066990733147
abserror : 1.8955098998173222e-05
using all peaks
using numerical
time : 0.004042305983603001
abserror : 6.22125920483052e-05
using all peaks
using numerical
time : 0.003005904145538807
abserror : 5.546086784860945e-08
using all peaks
using numerical
time : 0.004635007120668888
abserror : 1.950389780495281e-08
using all peaks
using numerical
time : 0.004099306650459766
abserror : 1.226687387546275e-08
using all peaks
using numerical
time : 0.004065506160259247
abserror : 9.595624641519013e-07
using all peaks
using numerical
time : 0.004213905893266201
abserror : 4.087685053594248e-05
using all peaks
using numerical
time : 0.0046589067205786705
abserror : 1.3757324126441714e-08
using all peaks
using numerical
time : 0.0035914061591029167
abserror : 4.1982025886125145e-06
using all peaks
using numerical
time : 0.004450906999409199
abserror : 1.1033470177074833e-09
using all peaks
using numerical
time : 0.003924606367945671
abserror : 0.0001674576199961475
using all peaks
using numerical
time : 0.004556606523692608
abserror : 5.065657474894304e-06
using all peaks
using numerical
time : 0.004486107267439365
abserror : 3.2222011191815265e-08
using all peaks
using numerical
time : 0.004023405723273754
abserror : 1.1850433960388362e+31
using all peaks
using numerical
time : 0.005857309326529503
abserror : 6.906656157256111e-07
using all peaks
using numerical
time : 0.004571206867694855
abserror : 31.00202642317163
using all peaks
using numerical
time : 0.003519805148243904
abserror : 4.898221156554826e-10
using all peaks
using numerical
time : 0.004754707217216492
abserror : 0.00020050312035135853
using all peaks
using numerical
time : 0.0041995057836174965
abserror : 2.6130688348057667e-05
using all peaks
using numerical
time : 0.004490606486797333
abserror : 2.710830774001194e-06
using all peaks
using numerical
time : 0.004198307171463966
abserror : 274055.3514759615
using all peaks
using numerical
time : 0.0037116054445505142
abserror : 600.6368044815608
using all peaks
using numerical
time : 0.00435610581189394
abserror : 8.020061874114415e-06
using all peaks
using numerical
time : 0.004526006989181042
abserror : 1.0555299951098525e-09
using all peaks
using numerical
time : 0.005105806514620781
abserror : 8.028642352210378e-09
using all peaks
using numerical
time : 0.004480207338929176
abserror : 5.106280015798094e-09
using all peaks
using numerical
time : 0.0031569041311740875
abserror : 0.6223478748215712
using all peaks
using numerical
time : 0.005188207142055035
abserror : 0.006146209844150041
using all peaks
using numerical
time : 0.003686206415295601
abserror : 1.993654387345573e-09
using all peaks
using numerical
time : 0.0031790053471922874
abserror : 0.23793720896355808
using all peaks
using numerical
time : 0.0048868078738451
abserror : 3.9892238283526066e-07
using all peaks
using numerical
time : 0.0035919053480029106
abserror : 9.326073969499703
using all peaks
using numerical
time : 0.004734206944704056
abserror : 16734718915980.0
using all peaks
using numerical
time : 0.004446807317435741
abserror : 1.2798587826561117e-06
using all peaks
using numerical
time : 0.004620307125151157
abserror : 1.1713833820336048e-08
using all peaks
using numerical
time : 0.005019208416342735
abserror : 1.247791696645128e-10
using all peaks
using numerical
time : 0.003937405534088612
abserror : 1.329522096064441e-08
using all peaks
using numerical
time : 0.004532507620751858
abserror : 1.2644745458329203e-08
using all peaks
using numerical
time : 0.004612007178366184
abserror : 2.652496548039354e-07
using all peaks
using numerical
time : 0.0049389079213142395
abserror : 5.103871501901722e-09
using all peaks
using numerical
time : 0.005559808574616909
abserror : 1.7352426039315418e-06
using all peaks
using numerical
time : 0.00420970655977726
abserror : 2.355872103484704e-08
using all peaks
using numerical
time : 0.004025406204164028
abserror : 7.192335519042891e-09
