using all peaks
using numerical
time : 0.005618204362690449
abserror : 6.9098309909622604e-09
using all peaks
using numerical
time : 0.005912206135690212
abserror : 1.4335704418807008e-06
using all peaks
using numerical
time : 0.004939205013215542
abserror : 0.0036674120875161975
using all peaks
using numerical
time : 0.0048128049820661545
abserror : 3907658.5768470764
using all peaks
using numerical
time : 0.008064208552241325
abserror : 1.2218078069140972e-08
using all peaks
using numerical
time : 0.004827704280614853
abserror : 2.614395283435933e-06
using all peaks
using numerical
time : 0.00484770443290472
abserror : 30.642087906649977
using all peaks
using numerical
time : 0.004607204347848892
abserror : 163363.3926744461
using all peaks
using numerical
time : 0.004251005128026009
abserror : 3.9679077911691785e-06
using all peaks
using numerical
time : 0.005035604350268841
abserror : 3.586566723807575e-09
using all peaks
using numerical
time : 0.007258208468556404
abserror : 1.8449366223968256e-09
using all peaks
using numerical
time : 0.0049310047179460526
abserror : 19007794374.75
using all peaks
using numerical
time : 0.005539005622267723
abserror : 6.169764806412958e-07
using all peaks
using numerical
time : 0.005873706191778183
abserror : 1.2920673576610753e-05
using all peaks
using numerical
time : 0.004440103657543659
abserror : 284362.6810195595
using all peaks
using numerical
time : 0.005623205564916134
abserror : 1.1843084655112356e-07
using all peaks
using numerical
time : 0.004346803762018681
abserror : 1.3780178363597454e-08
using all peaks
using numerical
time : 0.006132606416940689
abserror : 4.34567320432139e-06
using all peaks
using numerical
time : 0.005543305538594723
abserror : 5.6355672872415275e-09
using all peaks
using numerical
time : 0.006779806688427925
abserror : 4.896988341646534e-10
using all peaks
using numerical
time : 0.004389704205095768
abserror : 0.0001222491705552553
using all peaks
using numerical
time : 0.0043992046266794205
abserror : 6.446782187464202e-09
using all peaks
using numerical
time : 0.006059807725250721
abserror : 6.23677540495505e-06
using all peaks
using numerical
time : 0.008168008178472519
abserror : 1.169255357388665e-08
using all peaks
using numerical
time : 0.005765005946159363
abserror : 6.603549779180559e-07
using all peaks
using numerical
time : 0.005640305578708649
abserror : 0.0003197448709406636
using all peaks
using numerical
time : 0.00562970619648695
abserror : 1.5496829702128147e-10
using all peaks
using numerical
time : 0.00682020653039217
abserror : 4.003826095627047e-09
using all peaks
using numerical
time : 0.00861720833927393
abserror : 8.686086744780556e-11
using all peaks
using numerical
time : 0.005377805791795254
abserror : 8.884181850176438e+75
using all peaks
using numerical
time : 0.0058548059314489365
abserror : 1.6941198548275287e+34
using all peaks
using numerical
time : 0.006841206923127174
abserror : 2.949923951370628e-07
using all peaks
using numerical
time : 0.00675530731678009
abserror : 1.3852898341192295e-08
using all peaks
using numerical
time : 0.00678290706127882
abserror : 383255.84433823824
using all peaks
using numerical
time : 0.0056475065648555756
abserror : 0.32074538439735534
using all peaks
using numerical
time : 0.0066810064017772675
abserror : 4.102981784589859e-08
using all peaks
using numerical
time : 0.005569806322455406
abserror : 7.786835954550343e-07
using all peaks
using numerical
time : 0.005744106136262417
abserror : 0.000734179116097744
using all peaks
using numerical
time : 0.00448200386017561
abserror : 0.100914937372238
using all peaks
using numerical
time : 0.00620630569756031
abserror : 7.089021346589565e-09
using all peaks
using numerical
time : 0.004427803680300713
abserror : 5.119684189525131e-05
using all peaks
using numerical
time : 0.007207607850432396
abserror : 6.93852571591211e-07
using all peaks
using numerical
time : 0.005915706045925617
abserror : 2.0901478541882675e-07
using all peaks
using numerical
time : 0.005700605921447277
abserror : 2.6459768904414096e-07
using all peaks
using numerical
time : 0.005643106065690517
abserror : 1.0967558130830414e-08
using all peaks
using numerical
time : 0.004943804815411568
abserror : 8.245057398584322
using all peaks
using numerical
time : 0.005630305036902428
abserror : 4.143316275415489e-08
using all peaks
using numerical
time : 0.007202906534075737
abserror : 2.504505649986307e-06
using all peaks
using numerical
time : 0.005673105828464031
abserror : 1.1186156830039946e-08
using all peaks
using numerical
time : 0.006210205145180225
abserror : 2.749640123581029e-08
