using all peaks
using numerical
time : 0.003770762123167515
abserror : 1.1443183742418004
using all peaks
using numerical
time : 0.004562675021588802
abserror : 7816.990296125412
using all peaks
using numerical
time : 0.005189484916627407
abserror : 1.330813510919728e+107
using all peaks
using numerical
time : 0.005986298434436321
abserror : 4.097932335154926e-09
using all peaks
using numerical
time : 0.003519957885146141
abserror : 4.6031422151648904e-05
using all peaks
using numerical
time : 0.006080799736082554
abserror : 3.544030577517967e-09
using all peaks
using numerical
time : 0.005631694570183754
abserror : 2.3593769322311894e-10
using all peaks
using numerical
time : 0.004075868055224419
abserror : 0.8083142026469545
using all peaks
using numerical
time : 0.005087884142994881
abserror : 0.0810233133121443
using all peaks
using numerical
time : 0.0029834499582648277
abserror : 2.2637335291571627e-09
using all peaks
using numerical
time : 0.004956183023750782
abserror : 1.892720013428112e-09
using all peaks
using numerical
time : 0.004180570133030415
abserror : 700378.8978309482
using all peaks
using numerical
time : 0.004566377028822899
abserror : 0.0983576701887614
using all peaks
using numerical
time : 0.004775580018758774
abserror : 1.3812327108287488e-05
using all peaks
using numerical
time : 0.004575476981699467
abserror : 1443.409041583538
using all peaks
using numerical
time : 0.0039285654202103615
abserror : 0.00037492265704996974
using all peaks
using numerical
time : 0.0046125780791044235
abserror : 3.978785366176574e-07
using all peaks
using numerical
time : 0.004093868657946587
abserror : 1.4877514699122697e-10
using all peaks
using numerical
time : 0.006260305643081665
abserror : 3.7728298322525186e-11
using all peaks
using numerical
time : 0.004580776207149029
abserror : 0.00011491193222816498
using all peaks
using numerical
time : 0.004266871139407158
abserror : 72714996464.0
using all peaks
using numerical
time : 0.004151069559156895
abserror : 2.1704211333281598e-05
using all peaks
using numerical
time : 0.003966466523706913
abserror : 7.645966878311025e-09
using all peaks
using numerical
time : 0.0041036708280444145
abserror : 0.006059053605362408
using all peaks
using numerical
time : 0.002490042708814144
abserror : 1.0942669348011809e-08
using all peaks
using numerical
time : 0.005756096914410591
abserror : 2.0282710089247757e-07
using all peaks
using numerical
time : 0.005471192300319672
abserror : 0.5308178856774886
using all peaks
using numerical
time : 0.004661278799176216
abserror : 4.046498743663029e-06
using all peaks
using numerical
time : 0.005898499861359596
abserror : 3.6676470739530986e-07
using all peaks
using numerical
time : 0.006440509110689163
abserror : 1.1959463004987403e-08
using all peaks
using numerical
time : 0.004608278162777424
abserror : 4.347624278833195e-06
using all peaks
using numerical
time : 0.005371789447963238
abserror : 1.5180422318333408e-08
using all peaks
using numerical
time : 0.005127185955643654
abserror : 5.182716432301299e-07
using all peaks
using numerical
time : 0.005217688158154488
abserror : 0.04299580631777644
using all peaks
using numerical
time : 0.005750697106122971
abserror : 7.271491930408715e+89
using all peaks
using numerical
time : 0.004225070588290691
abserror : 3.09540936100539e-08
using all peaks
using numerical
time : 0.004082368686795235
abserror : 692.222830849234
using all peaks
using numerical
time : 0.004786080680787563
abserror : 2.330915441182968e-06
using all peaks
using numerical
time : 0.00511578656733036
abserror : 3.7850733402769584e-06
using all peaks
using numerical
time : 0.006750114262104034
abserror : 1.720205637119214e-08
using all peaks
using numerical
time : 0.0036295615136623383
abserror : 0.005835434299278769
using all peaks
using numerical
time : 0.004013272933661938
abserror : 0.5000001614943361
using all peaks
using numerical
time : 0.004111774265766144
abserror : 5.483134546976544
using all peaks
using numerical
time : 0.006638118997216225
abserror : 1.7623577012867304e-08
using all peaks
using numerical
time : 0.004565780982375145
abserror : 5.7351359789709067e-08
using all peaks
using numerical
time : 0.0050299884751439095
abserror : 1.5101333096631952e-07
using all peaks
using numerical
time : 0.005746202543377876
abserror : 0.0052403833808919165
using all peaks
using numerical
time : 0.006279711611568928
abserror : 3.2504754554913817e-06
using all peaks
using numerical
time : 0.004050872288644314
abserror : 0.139433207861275
using all peaks
using numerical
time : 0.005288093350827694
abserror : 6.50402080433661e-07
