using all peaks
using numerical
time : 0.00922623835504055
abserror : 0.44913415625705966
using all peaks
using numerical
time : 0.005968489684164524
abserror : 4.329886895030434e-07
using all peaks
using numerical
time : 0.005111075937747955
abserror : 0.027895117994592766
using all peaks
using numerical
time : 0.005989289842545986
abserror : 732.0985229341313
using all peaks
using numerical
time : 0.005335581488907337
abserror : 1.0173637392425772e-05
using all peaks
using numerical
time : 0.0059510888531804085
abserror : 1.6735459081401727e-05
using all peaks
using numerical
time : 0.005372880958020687
abserror : 1.7089171311669343e+27
using all peaks
using numerical
time : 0.013592705130577087
abserror : 5.342039584942678e-08
using all peaks
using numerical
time : 0.004949973896145821
abserror : 21117.29389810562
using all peaks
using numerical
time : 0.005370381288230419
abserror : 42607082.822986126
using all peaks
using numerical
time : 0.007307309657335281
abserror : 2.4864628760564203e-09
using all peaks
using numerical
time : 0.005470982752740383
abserror : 7.287474926949662e-10
using all peaks
using numerical
time : 0.004428166896104813
abserror : 0.6464613778919386
using all peaks
using numerical
time : 0.005963991396129131
abserror : 2.0772218208174454e-06
using all peaks
using numerical
time : 0.006016192026436329
abserror : 4.9294376539057305e-11
using all peaks
using numerical
time : 0.0061002932488918304
abserror : 2560315.4753017426
using all peaks
using numerical
time : 0.004735071212053299
abserror : 4.4401733295109866e-08
using all peaks
using numerical
time : 0.004716971889138222
abserror : 1714594141.265625
using all peaks
using numerical
time : 0.006345296278595924
abserror : 0.09246866211145566
using all peaks
using numerical
time : 0.004356265999376774
abserror : 1.9751556055991326e-05
using all peaks
using numerical
time : 0.0034707514569163322
abserror : 3.8531339748398305e-09
using all peaks
using numerical
time : 0.006581699475646019
abserror : 1.690108065902871e-07
using all peaks
using numerical
time : 0.008418328128755093
abserror : 2.2849916919081724e-08
using all peaks
using numerical
time : 0.006597200408577919
abserror : 0.9402081613461633
using all peaks
using numerical
time : 0.005333480425179005
abserror : 0.0013079019470814135
using all peaks
using numerical
time : 0.006624900735914707
abserror : 2.1041853363832734e-07
using all peaks
using numerical
time : 0.005547185428440571
abserror : 6.042075145892659e+16
using all peaks
using numerical
time : 0.006608800962567329
abserror : 29.697362504979537
using all peaks
using numerical
time : 0.006631201133131981
abserror : 4.0865574652436865e-07
using all peaks
using numerical
time : 0.00662080105394125
abserror : 21516176971381.0
using all peaks
using numerical
time : 0.004116661846637726
abserror : 2.4153245623023285e-09
using all peaks
using numerical
time : 0.004752772860229015
abserror : 919.7230612153353
using all peaks
using numerical
time : 0.005427182652056217
abserror : 5.018194185926314e-09
using all peaks
using numerical
time : 0.005962890572845936
abserror : 2900754.3043956757
using all peaks
using numerical
time : 0.005335881374776363
abserror : 1.2522550916635688e+45
using all peaks
using numerical
time : 0.005673185922205448
abserror : 0.02243025536085952
using all peaks
using numerical
time : 0.004732972010970116
abserror : 462011036706816.0
using all peaks
using numerical
time : 0.005121477879583836
abserror : 6.01236140570019e-08
using all peaks
using numerical
time : 0.005743888206779957
abserror : 2.3748919783670162e+48
using all peaks
using numerical
time : 0.004845073446631432
abserror : 8.661505524108614e-08
using all peaks
using numerical
time : 0.005118877626955509
abserror : 1.658428728829319e-09
using all peaks
using numerical
time : 0.004167464561760426
abserror : 3.389608724265142e-05
using all peaks
using numerical
time : 0.006062392145395279
abserror : 1.9854069125091576e-06
using all peaks
using numerical
time : 0.004209564067423344
abserror : 0.0051516004934683
using all peaks
using numerical
time : 0.0059661902487277985
abserror : 4.1711888518398445e-09
using all peaks
using numerical
time : 0.004786272533237934
abserror : 1.7254949934803962e-08
using all peaks
using numerical
time : 0.0047232722863554955
abserror : 7.659040538185447e-05
using all peaks
using numerical
time : 0.004478367976844311
abserror : 3.718792377149782e-05
using all peaks
using numerical
time : 0.00660990085452795
abserror : 4.5140127367671035e-06
using all peaks
using numerical
time : 0.004095662385225296
abserror : 0.0009558411858840085
