using all peaks
using numerical
time : 0.007872147485613823
abserror : 3.7700212045632675e-05
using all peaks
using numerical
time : 0.010064076632261276
abserror : 4.2214733855900345e-09
using all peaks
using numerical
time : 0.011332336813211441
abserror : 2.635835558558468e-10
using all peaks
using numerical
time : 0.007436961866915226
abserror : 0.00014177823024567882
using all peaks
using numerical
time : 0.0088192168623209
abserror : 1.7226344173327798e-09
using all peaks
using numerical
time : 0.01075525488704443
abserror : 2.4691999972807735e-05
using all peaks
using numerical
time : 0.009437798522412777
abserror : 1.398008492213686e-07
using all peaks
using numerical
time : 0.008106839843094349
abserror : 0.22495162076558017
using all peaks
using numerical
time : 0.00998367927968502
abserror : 2.803100187337044e-07
using all peaks
using numerical
time : 0.009272903203964233
abserror : 0.0005034355681494463
using all peaks
using numerical
time : 0.01297578401863575
abserror : 2.740456970136689e-09
using all peaks
using numerical
time : 0.009436397813260555
abserror : 8.051620629276829e-08
using all peaks
using numerical
time : 0.009741788730025291
abserror : 4.862404428650278e-10
using all peaks
using numerical
time : 0.007212868891656399
abserror : 5.3340369488397155e-05
using all peaks
using numerical
time : 0.0064798928797245026
abserror : 1.1936770682317354e-08
using all peaks
using numerical
time : 0.010266471654176712
abserror : 4.048346913698708e-06
using all peaks
using numerical
time : 0.006342096254229546
abserror : 0.0007914616106745598
using all peaks
using numerical
time : 0.009370207786560059
abserror : 2.5864447102044137e-06
using all peaks
using numerical
time : 0.009247111156582832
abserror : 7.320885524717081e-09
using all peaks
using numerical
time : 0.007631860673427582
abserror : 0.002791978882153323
using all peaks
using numerical
time : 0.00896981917321682
abserror : 2.7807496509230987
using all peaks
using numerical
time : 0.009016016498208046
abserror : 7.262148199020885
using all peaks
using numerical
time : 0.007117376662790775
abserror : 0.01303064003758081
using all peaks
using numerical
time : 0.008345936425030231
abserror : 8.478279175133969e-07
using all peaks
using numerical
time : 0.010218777693808079
abserror : 1.7793199172130078e-08
using all peaks
using numerical
time : 0.00849073100835085
abserror : 0.014865549037125447
using all peaks
using numerical
time : 0.010598864406347275
abserror : 1.919528275370062e-09
using all peaks
using numerical
time : 0.008129242807626724
abserror : 85.41650928230956
using all peaks
using numerical
time : 0.0116569297388196
abserror : 8.43609566607808e-08
using all peaks
using numerical
time : 0.009515197947621346
abserror : 0.009577517288562376
using all peaks
using numerical
time : 0.007515361532568932
abserror : 2.529656155265354e-10
using all peaks
using numerical
time : 0.00647109467536211
abserror : 1.0678909310955549e-08
using all peaks
using numerical
time : 0.007915347814559937
abserror : 0.0003433380681230058
using all peaks
using numerical
time : 0.009755389764904976
abserror : 2.3378599246171028e-05
using all peaks
using numerical
time : 0.00748286210000515
abserror : 2.4425676806863263e-05
using all peaks
using numerical
time : 0.008427531458437443
abserror : 1.5168044293764655e-07
using all peaks
using numerical
time : 0.00934540294110775
abserror : 1.1376760132054415e-08
using all peaks
using numerical
time : 0.009290504269301891
abserror : 1.3767216133568053e-08
using all peaks
using numerical
time : 0.008098741993308067
abserror : 1.917393673057895e-07
using all peaks
using numerical
time : 0.011528732255101204
abserror : 2.147066902356964e-07
using all peaks
using numerical
time : 0.010845554061233997
abserror : 4.1200349995274e-05
using all peaks
using numerical
time : 0.010028080083429813
abserror : 2.4047496465761265e-05
using all peaks
using numerical
time : 0.008233037777245045
abserror : 1.5379269156561286e+111
using all peaks
using numerical
time : 0.007417663000524044
abserror : 4.154703921699365e-05
using all peaks
using numerical
time : 0.008126240223646164
abserror : 0.00013447983322472057
using all peaks
using numerical
time : 0.009720888920128345
abserror : 1.9151135582582535e-08
using all peaks
using numerical
time : 0.013871757313609123
abserror : 1.5796883702905492e-10
using all peaks
using numerical
time : 0.012579399161040783
abserror : 4.1562488828262055e-07
using all peaks
using numerical
time : 0.009093409404158592
abserror : 0.0013373833710303984
using all peaks
using numerical
time : 0.009234906174242496
abserror : 2.6656573369101394e-08
