using all peaks
using numerical
time : 0.005430850200355053
abserror : 22.085361387484227
using all peaks
using numerical
time : 0.004785043187439442
abserror : 4.2952025934734935e-08
using all peaks
using numerical
time : 0.00654905941337347
abserror : 7.410783827788495e-07
using all peaks
using numerical
time : 0.004823843948543072
abserror : 8.91328652409899e-11
using all peaks
using numerical
time : 0.007533167488873005
abserror : 2.0686711467221086e-10
using all peaks
using numerical
time : 0.006739160977303982
abserror : 8.468821294993075e-08
using all peaks
using numerical
time : 0.005367848090827465
abserror : 9.300532908040633e-05
using all peaks
using numerical
time : 0.006017955020070076
abserror : 3.708619546729185e-07
using all peaks
using numerical
time : 0.005952353589236736
abserror : 6.937760967781367e-09
using all peaks
using numerical
time : 0.004258938133716583
abserror : 0.5317933620726283
using all peaks
using numerical
time : 0.005960652604699135
abserror : 3.808596456308043e-06
using all peaks
using numerical
time : 0.0060119545087218285
abserror : 3.3249607950343337e+24
using all peaks
using numerical
time : 0.003641231916844845
abserror : 1.908459608322699e-05
using all peaks
using numerical
time : 0.0048627424985170364
abserror : 3.594111584225887e-08
using all peaks
using numerical
time : 0.006416657008230686
abserror : 8.254927445480107e-09
using all peaks
using numerical
time : 0.004209738224744797
abserror : 9.0062143410855e-09
using all peaks
using numerical
time : 0.004769043065607548
abserror : 5.595304961913176e-09
using all peaks
using numerical
time : 0.0056853508576750755
abserror : 9.154838335979562e-09
using all peaks
using numerical
time : 0.00649165827780962
abserror : 2.7727177501837773e-08
using all peaks
using numerical
time : 0.005698450841009617
abserror : 3.3637269104938626e-07
using all peaks
using numerical
time : 0.0050434451550245285
abserror : 823.4965264694765
using all peaks
using numerical
time : 0.005322247743606567
abserror : 6.8887554665053585e-06
using all peaks
using numerical
time : 0.004856743849813938
abserror : 0.5204728703429282
using all peaks
using numerical
time : 0.007467468269169331
abserror : 1.8839695123917354e-09
using all peaks
using numerical
time : 0.00597965344786644
abserror : 8.655459758854798e-06
using all peaks
using numerical
time : 0.004786442965269089
abserror : 0.4524775607399505
using all peaks
using numerical
time : 0.006424157880246639
abserror : 5.169263594002354e-09
using all peaks
using numerical
time : 0.003684333525598049
abserror : 0.06840975329942012
using all peaks
using numerical
time : 0.005367247387766838
abserror : 1.568967804625125e-07
using all peaks
using numerical
time : 0.0048017436638474464
abserror : 3.039322936689606e-05
using all peaks
using numerical
time : 0.0037083327770233154
abserror : 1.902464050740349e-06
using all peaks
using numerical
time : 0.004767242819070816
abserror : 0.013179005303923574
using all peaks
using numerical
time : 0.005865752696990967
abserror : 1.4778198009461694e-09
using all peaks
using numerical
time : 0.004891844466328621
abserror : 1.7143156690574424e-05
using all peaks
using numerical
time : 0.0034329313784837723
abserror : 6.096135438743681e-09
using all peaks
using numerical
time : 0.004746543243527412
abserror : 0.0005277081335748335
using all peaks
using numerical
time : 0.005573749542236328
abserror : 1.6615804750844728e-06
using all peaks
using numerical
time : 0.0057988520711660385
abserror : 8.832032218327579e-10
using all peaks
using numerical
time : 0.004772042855620384
abserror : 3.635568464595898e+16
using all peaks
using numerical
time : 0.0020047174766659737
abserror : 2.4046927763648248e-08
using all peaks
using numerical
time : 0.003672633320093155
abserror : 0.00012984628122447717
using all peaks
using numerical
time : 0.005165547132492065
abserror : 2.5925968933105713e-05
using all peaks
using numerical
time : 0.004729141481220722
abserror : 32034562381.125
using all peaks
using numerical
time : 0.005379749462008476
abserror : 3.477168244038053e-09
using all peaks
using numerical
time : 0.005691652186214924
abserror : 0.3161474032345235
using all peaks
using numerical
time : 0.005949653685092926
abserror : 1.369196524009502e-06
using all peaks
using numerical
time : 0.0045518409460783005
abserror : 0.0001883702205915938
using all peaks
using numerical
time : 0.006196554750204086
abserror : 3.7262187403160733e-10
using all peaks
using numerical
time : 0.004069536924362183
abserror : 1.1729569044287261e-09
using all peaks
using numerical
time : 0.004715542308986187
abserror : 2.948412704695613e-08
