using all peaks
using numerical
time : 0.008246297016739845
abserror : 0.35455925856896897
using all peaks
using numerical
time : 0.010778066702187061
abserror : 4.553689353769894e-10
using all peaks
using numerical
time : 0.00926828384399414
abserror : 1.0991395279460805e-08
using all peaks
using numerical
time : 0.006235822103917599
abserror : 2.4075720584451807e-10
using all peaks
using numerical
time : 0.009862877428531647
abserror : 2.6291690133416367e-09
using all peaks
using numerical
time : 0.007308009080588818
abserror : 1.8966723525589194e-05
using all peaks
using numerical
time : 0.008847189135849476
abserror : 4.1887846651341795e-09
using all peaks
using numerical
time : 0.011296859011054039
abserror : 1.3462579129970272e-07
using all peaks
using numerical
time : 0.008413094095885754
abserror : 2.269584979400323e-07
using all peaks
using numerical
time : 0.012294446118175983
abserror : 8.647433429107097e-10
using all peaks
using numerical
time : 0.007450907491147518
abserror : 1.0583081708426473e-08
using all peaks
using numerical
time : 0.010058874264359474
abserror : 7.2645845291272734e-09
using all peaks
using numerical
time : 0.007005012594163418
abserror : 2.393347379432831e-10
using all peaks
using numerical
time : 0.009442582726478577
abserror : 5.813456026829627e-06
using all peaks
using numerical
time : 0.00842659454792738
abserror : 6.320590185729044e-06
using all peaks
using numerical
time : 0.009949875995516777
abserror : 0.005316815955484666
using all peaks
using numerical
time : 0.00943038146942854
abserror : 0.0003919160427017232
using all peaks
using numerical
time : 0.007463506422936916
abserror : 1.6022692570307368e-08
using all peaks
using numerical
time : 0.007063012570142746
abserror : 0.0001080812737821455
using all peaks
using numerical
time : 0.008882788941264153
abserror : 6.609579755727235e-06
using all peaks
using numerical
time : 0.007040811702609062
abserror : 1.0786827452584358e-05
using all peaks
using numerical
time : 0.008074202574789524
abserror : 2.308331021163082e-08
using all peaks
using numerical
time : 0.010572073049843311
abserror : 4.7254764996309814e-07
using all peaks
using numerical
time : 0.006737818941473961
abserror : 0.0005226652344983683
using all peaks
using numerical
time : 0.008637595921754837
abserror : 0.026825809906628084
using all peaks
using numerical
time : 0.009908478707075119
abserror : 6.468810254981416e-07
using all peaks
using numerical
time : 0.009326785802841187
abserror : 3.726021582606265e-06
using all peaks
using numerical
time : 0.01065927091985941
abserror : 1.1304804226412903e-07
using all peaks
using numerical
time : 0.007799005135893822
abserror : 0.2051228261516682
using all peaks
using numerical
time : 0.011613357812166214
abserror : 2.140116148884215e-07
using all peaks
using numerical
time : 0.007367008365690708
abserror : 9.574425557016082e-09
using all peaks
using numerical
time : 0.0079666031524539
abserror : 4.0478852144124176
using all peaks
using numerical
time : 0.008302498608827591
abserror : 121880193.47680378
using all peaks
using numerical
time : 0.007468708790838718
abserror : 0.005376275316848478
using all peaks
using numerical
time : 0.009420284070074558
abserror : 1.1127169415622688e-07
using all peaks
using numerical
time : 0.008566095493733883
abserror : 1.383941433531509e-07
using all peaks
using numerical
time : 0.012043751776218414
abserror : 4.423989986034781e-08
using all peaks
using numerical
time : 0.009946577250957489
abserror : 9.090663258449908e-08
using all peaks
using numerical
time : 0.006442621350288391
abserror : 6.48662734060478e-09
using all peaks
using numerical
time : 0.007491606287658215
abserror : 0.0005401713052854973
using all peaks
using numerical
time : 0.0072024110704660416
abserror : 0.006974826020154978
using all peaks
using numerical
time : 0.009772079065442085
abserror : 6.97797707691498e-09
using all peaks
using numerical
time : 0.008491295389831066
abserror : 2.0095446945660091e-07
using all peaks
using numerical
time : 0.00933588482439518
abserror : 1.1021086786304425e-07
using all peaks
using numerical
time : 0.009170685894787312
abserror : 2.8814022987985443e-06
using all peaks
using numerical
time : 0.009087587706744671
abserror : 1.2394457058821556e-08
using all peaks
using numerical
time : 0.00655541755259037
abserror : 0.0007224747657517128
using all peaks
using numerical
time : 0.009211186319589615
abserror : 2.1130210023244277e-09
using all peaks
using numerical
time : 0.007458606734871864
abserror : 589661.3422832489
using all peaks
using numerical
time : 0.008404495194554329
abserror : 202466345154204.0
