using all peaks
using numerical
time : 0.007763256086036563
abserror : 5.470842719564505e-05
using all peaks
using numerical
time : 0.0078117570374161005
abserror : 90395.04134368896
using all peaks
using numerical
time : 0.008119655074551702
abserror : 0.054656184279070485
using all peaks
using numerical
time : 0.00857775192707777
abserror : 2.669458477698038e-07
using all peaks
using numerical
time : 0.009122548857703805
abserror : 3.624117477282274e-06
using all peaks
using numerical
time : 0.0067392620258033276
abserror : 5.474571905139669e-06
using all peaks
using numerical
time : 0.009706346085295081
abserror : 6.654773457418807e-07
using all peaks
using numerical
time : 0.012538630049675703
abserror : 7.47452037921737e-07
using all peaks
using numerical
time : 0.011178838089108467
abserror : 2907782496686080.0
using all peaks
using numerical
time : 0.008701051119714975
abserror : 9.969301829202303e-09
using all peaks
using numerical
time : 0.007518758997321129
abserror : 0.001105883947872588
using all peaks
using numerical
time : 0.008691650815308094
abserror : 7237766093568.0
using all peaks
using numerical
time : 0.006528564030304551
abserror : 0.057150379912343396
using all peaks
using numerical
time : 0.010194642934948206
abserror : 6.020998245165332e-05
using all peaks
using numerical
time : 0.012191632064059377
abserror : 4.66206185302225e-08
using all peaks
using numerical
time : 0.007590857800096273
abserror : 0.0028456259552317315
using all peaks
using numerical
time : 0.00818255404010415
abserror : 0.008615196303588396
using all peaks
using numerical
time : 0.011259637074545026
abserror : 1.1131201054488724e-07
using all peaks
using numerical
time : 0.008813550928607583
abserror : 2.1932291737699295e-08
using all peaks
using numerical
time : 0.01037244196049869
abserror : 2.2782073760656274e-07
using all peaks
using numerical
time : 0.011613236041739583
abserror : 4.5015423192120184e-08
using all peaks
using numerical
time : 0.008615451864898205
abserror : 0.00020942836893711458
using all peaks
using numerical
time : 0.011722035007551312
abserror : 9.267106966289126e+16
using all peaks
using numerical
time : 0.010403041960671544
abserror : 4.70357951297937e-08
using all peaks
using numerical
time : 0.009623947087675333
abserror : 2.7117969186959045e-07
using all peaks
using numerical
time : 0.008752350928261876
abserror : 1.7599044093278992e-08
using all peaks
using numerical
time : 0.008058455074205995
abserror : 1.9274656554559098e-07
using all peaks
using numerical
time : 0.008865151088684797
abserror : 0.5469612589796027
using all peaks
using numerical
time : 0.009231648873537779
abserror : 2.821102261092475e-08
using all peaks
using numerical
time : 0.011115737957879901
abserror : 4.7743048396881385e-08
using all peaks
using numerical
time : 0.009575247066095471
abserror : 0.0005446658127916063
using all peaks
using numerical
time : 0.010694240918383002
abserror : 1.2591014446949877e-05
using all peaks
using numerical
time : 0.010279142996296287
abserror : 9.957750054079284e-06
using all peaks
using numerical
time : 0.01126233791001141
abserror : 5.549904743945002e-07
using all peaks
using numerical
time : 0.0093053481541574
abserror : 1.8046052049570244e-05
using all peaks
using numerical
time : 0.00968154612928629
abserror : 1.7483690925784314e-08
using all peaks
using numerical
time : 0.008642351953312755
abserror : 23350459770.375
using all peaks
using numerical
time : 0.010343842906877398
abserror : 3.4224989686200183e-06
using all peaks
using numerical
time : 0.010173742892220616
abserror : 5.89625684671079e-07
using all peaks
using numerical
time : 0.009798245970159769
abserror : 2.7727483184677687e-06
using all peaks
using numerical
time : 0.008210853906348348
abserror : 2.8022144591549614e-07
using all peaks
using numerical
time : 0.006602464010939002
abserror : 0.00016043242243846123
using all peaks
using numerical
time : 0.008855750784277916
abserror : 8.21899944778437e-05
using all peaks
using numerical
time : 0.010692741023376584
abserror : 4.887157527589979e-10
using all peaks
using numerical
time : 0.011350838001817465
abserror : 6.284321187860011e-05
using all peaks
using numerical
time : 0.007669457932934165
abserror : 1.1180547247668037e-08
using all peaks
using numerical
time : 0.007782256929203868
abserror : 0.0008564704883253782
using all peaks
using numerical
time : 0.007652956992387772
abserror : 1.835195800567817
using all peaks
using numerical
time : 0.009638546034693718
abserror : 8.532853689682665e-07
using all peaks
using numerical
time : 0.01233033207245171
abserror : 3.800695980607873e-11
