using all peaks
using numerical
time : 0.004449265077710152
abserror : 1673777.814453125
using all peaks
using numerical
time : 0.0031036464497447014
abserror : 1.5702996878401096e-08
using all peaks
using numerical
time : 0.005040173418819904
abserror : 2.6385916496444656e+16
using all peaks
using numerical
time : 0.011854073964059353
abserror : 9.433000285009966e+90
using all peaks
using numerical
time : 0.006494794972240925
abserror : 2.134379048393781e-09
using all peaks
using numerical
time : 0.0045828670263290405
abserror : 8.900286964234367e-09
using all peaks
using numerical
time : 0.005058573558926582
abserror : 5.471882533381663e-06
using all peaks
using numerical
time : 0.006174989975988865
abserror : 1.352866480154221e-10
using all peaks
using numerical
time : 0.004646568559110165
abserror : 2.8388914668972046e-09
using all peaks
using numerical
time : 0.0072764065116643906
abserror : 4.774926080496847e-10
using all peaks
using numerical
time : 0.004622368142008781
abserror : 3.975647709394169e-06
using all peaks
using numerical
time : 0.0045644668862223625
abserror : 487795024.9658203
using all peaks
using numerical
time : 0.006198190152645111
abserror : 1.9471934879805586e-05
using all peaks
using numerical
time : 0.004384564235806465
abserror : 1.598139491668992e-07
using all peaks
using numerical
time : 0.0035791518166661263
abserror : 0.002768504236883018
using all peaks
using numerical
time : 0.004588167183101177
abserror : 2.98359158366882e-08
using all peaks
using numerical
time : 0.0034957509487867355
abserror : 0.00015026924200017833
using all peaks
using numerical
time : 0.005100074224174023
abserror : 2.6132140710166066e-07
using all peaks
using numerical
time : 0.004537167027592659
abserror : 0.00018585601887366465
using all peaks
using numerical
time : 0.0045524658635258675
abserror : 85.65659239145498
using all peaks
using numerical
time : 0.004589967429637909
abserror : 8.491332116457179e+21
using all peaks
using numerical
time : 0.0050056735053658485
abserror : 0.0013219553142732356
using all peaks
using numerical
time : 0.005667283199727535
abserror : 1.6306890396407647e-08
using all peaks
using numerical
time : 0.0040809595957398415
abserror : 0.009466361547431981
using all peaks
using numerical
time : 0.00455196388065815
abserror : 6.834702956767785e-09
using all peaks
using numerical
time : 0.0057596806436777115
abserror : 8.248311195835356e-06
using all peaks
using numerical
time : 0.005634278990328312
abserror : 1.569707061990559e-09
using all peaks
using numerical
time : 0.004609165713191032
abserror : 2.086230165546419e-09
using all peaks
using numerical
time : 0.002489635720849037
abserror : 1.2749190972179555e-10
using all peaks
using numerical
time : 0.006379891186952591
abserror : 4.6198047566267664e-07
using all peaks
using numerical
time : 0.005053272470831871
abserror : 3.037569990113273e-08
using all peaks
using numerical
time : 0.004112557508051395
abserror : 0.00013314654229732166
using all peaks
using numerical
time : 0.0024663349613547325
abserror : 1.5335751668565933e-08
using all peaks
using numerical
time : 0.005057471804320812
abserror : 6.292644349038312e-08
using all peaks
using numerical
time : 0.004081759601831436
abserror : 0.01521447207008464
using all peaks
using numerical
time : 0.005195573903620243
abserror : 1.5835009047168665e+72
using all peaks
using numerical
time : 0.0034820493310689926
abserror : 0.00027904642757548004
using all peaks
using numerical
time : 0.004556265659630299
abserror : 37.16944763477113
using all peaks
using numerical
time : 0.005260874517261982
abserror : 7.34324780844742e-08
using all peaks
using numerical
time : 0.006238889880478382
abserror : 7.484700608397179e-07
using all peaks
using numerical
time : 0.005557579919695854
abserror : 2.6109625138003825e-10
using all peaks
using numerical
time : 0.0041312603279948235
abserror : 0.002622533225803636
using all peaks
using numerical
time : 0.0054557789117097855
abserror : 1.2781111884816704e-06
using all peaks
using numerical
time : 0.005223575048148632
abserror : 8.175719360892231e-05
using all peaks
using numerical
time : 0.003574652597308159
abserror : 4.546439419317316e-05
using all peaks
using numerical
time : 0.0052260747179389
abserror : 2.6978500181283668e-06
using all peaks
using numerical
time : 0.0035443510860204697
abserror : 4.8321811939144865e-05
using all peaks
using numerical
time : 0.004634367302060127
abserror : 5.1034784089365416e-05
using all peaks
using numerical
time : 0.005019973032176495
abserror : 9.492828992136152e-09
using all peaks
using numerical
time : 0.002953742630779743
abserror : 4.5549778803479965e-09
