using all peaks
using numerical
time : 0.010104458779096603
abserror : 8.08772572093295e-09
using all peaks
using numerical
time : 0.011987333185970783
abserror : 2.751186738614142e-11
using all peaks
using numerical
time : 0.013651108369231224
abserror : 1.4067970835956317e-05
using all peaks
using numerical
time : 0.007695693522691727
abserror : 0.00024368131440621887
using all peaks
using numerical
time : 0.01079464890062809
abserror : 2.179843560854572e-06
using all peaks
using numerical
time : 0.008775376714766026
abserror : 26155165054.71875
using all peaks
using numerical
time : 0.0067131053656339645
abserror : 1.5390882837588163e-11
using all peaks
using numerical
time : 0.010344155132770538
abserror : 1.5256915805687017e-08
using all peaks
using numerical
time : 0.011403639800846577
abserror : 7.326941316507154e-06
using all peaks
using numerical
time : 0.013868206180632114
abserror : 1.4667737357797948e-10
using all peaks
using numerical
time : 0.008011388592422009
abserror : 9.698759161308772
using all peaks
using numerical
time : 0.009270169772207737
abserror : 3.264928382772001e-08
using all peaks
using numerical
time : 0.008719377219676971
abserror : 1.2729620525535855e-09
using all peaks
using numerical
time : 0.0073012979701161385
abserror : 0.00011504392763292404
using all peaks
using numerical
time : 0.00764069240540266
abserror : 2.1674155853412813e-07
using all peaks
using numerical
time : 0.010725650005042553
abserror : 4.471117171097801e-07
using all peaks
using numerical
time : 0.009786362759768963
abserror : 1.1231784141036247e-07
using all peaks
using numerical
time : 0.007768791168928146
abserror : 1.847550771010031e-05
using all peaks
using numerical
time : 0.011561337858438492
abserror : 3.105526091526677e-09
using all peaks
using numerical
time : 0.013746707700192928
abserror : 1.0947616916243758e+38
using all peaks
using numerical
time : 0.008908075280487537
abserror : 7.042047112230598e-09
using all peaks
using numerical
time : 0.010691449977457523
abserror : 6.339212439956764e-09
using all peaks
using numerical
time : 0.00891867559403181
abserror : 0.0016989060869150308
using all peaks
using numerical
time : 0.00779649056494236
abserror : 0.19517040372186467
using all peaks
using numerical
time : 0.009943559765815735
abserror : 2.7280588834166508e-05
using all peaks
using numerical
time : 0.01121574267745018
abserror : 1.0943255650985861e-05
using all peaks
using numerical
time : 0.010263255797326565
abserror : 5.091261818643193e-07
using all peaks
using numerical
time : 0.008476480841636658
abserror : 0.04901575681287795
using all peaks
using numerical
time : 0.004880730994045734
abserror : 6.832930923712434e-10
using all peaks
using numerical
time : 0.009188470430672169
abserror : 1.889793941129284
using all peaks
using numerical
time : 0.01143023744225502
abserror : 2.372816349010096e-08
using all peaks
using numerical
time : 0.013032215647399426
abserror : 2.5101488316786383e-08
using all peaks
using numerical
time : 0.01085564587265253
abserror : 1.0615804815262679e+18
using all peaks
using numerical
time : 0.010807146318256855
abserror : 3.8779502782635495e-08
using all peaks
using numerical
time : 0.0134537098929286
abserror : 4.205576529382033e-07
using all peaks
using numerical
time : 0.009841960854828358
abserror : 2.3033477281424543e+34
using all peaks
using numerical
time : 0.007671092636883259
abserror : 0.00032902627417419057
using all peaks
using numerical
time : 0.00770949199795723
abserror : 0.022403623939551764
using all peaks
using numerical
time : 0.00990315992385149
abserror : 7.101816065666023e-08
using all peaks
using numerical
time : 0.0077815912663936615
abserror : 31588576.64691925
using all peaks
using numerical
time : 0.009737562388181686
abserror : 3.0102220934555106e-09
using all peaks
using numerical
time : 0.00986276101320982
abserror : 2.686049937747555
using all peaks
using numerical
time : 0.008429480716586113
abserror : 5.350967514373815e-08
using all peaks
using numerical
time : 0.008518380112946033
abserror : 0.006092146175497262
using all peaks
using numerical
time : 0.010419253259897232
abserror : 0.005377287936296771
using all peaks
using numerical
time : 0.011577936820685863
abserror : 6.843462291669655e-06
using all peaks
using numerical
time : 0.0057823192328214645
abserror : 1.3382603414997278e-09
using all peaks
using numerical
time : 0.008444581180810928
abserror : 0.16520958097463279
using all peaks
using numerical
time : 0.011746933683753014
abserror : 0.009040326507321339
using all peaks
using numerical
time : 0.009638764895498753
abserror : 5.13127888352069e-07
