000 (45924309.000.000) 2026-05-07 23:04:45 Job submitted from host: <10.5.0.107:9618?addrs=10.5.0.107-9618&alias=sugwg-login.syr.edu&noUDP&sock=schedd_1361_1c7c>
...
001 (45924309.000.000) 2026-05-07 23:05:13 Job executing on host: <10.5.215.207:9618?addrs=10.5.215.207-9618&alias=OG-NODE-10-5-215-207&noUDP&sock=startd_1226_8333>
...
006 (45924309.000.000) 2026-05-07 23:05:22 Image size of job updated: 84740
	54  -  MemoryUsage of job (MB)
	54380  -  ResidentSetSize of job (KB)
...
006 (45924309.000.000) 2026-05-07 23:10:23 Image size of job updated: 1116448
	228  -  MemoryUsage of job (MB)
	233096  -  ResidentSetSize of job (KB)
...
006 (45924309.000.000) 2026-05-07 23:15:24 Image size of job updated: 1546400
	854  -  MemoryUsage of job (MB)
	873968  -  ResidentSetSize of job (KB)
...
006 (45924309.000.000) 2026-05-07 23:20:24 Image size of job updated: 1611428
	854  -  MemoryUsage of job (MB)
	873968  -  ResidentSetSize of job (KB)
...
005 (45924309.000.000) 2026-05-07 23:43:46 Job terminated.
	(1) Normal termination (return value 0)
		Usr 0 00:36:02, Sys 0 00:03:30  -  Run Remote Usage
		Usr 0 00:00:00, Sys 0 00:00:00  -  Run Local Usage
		Usr 0 00:36:02, Sys 0 00:03:30  -  Total Remote Usage
		Usr 0 00:00:00, Sys 0 00:00:00  -  Total Local Usage
	0  -  Run Bytes Sent By Job
	0  -  Run Bytes Received By Job
	0  -  Total Bytes Sent By Job
	0  -  Total Bytes Received By Job
	Partitionable Resources :    Usage  Request Allocated 
	   Cpus                 :     1.05        6         6 
	   Disk (KB)            :     1           1     13949 
	   Memory (MB)          :   854        2048      2048 

	Job terminated of its own accord at 2026-05-08T03:43:46Z with exit-code 0.
...
