000 (45924309.005.000) 2026-05-07 23:04:45 Job submitted from host: <10.5.0.107:9618?addrs=10.5.0.107-9618&alias=sugwg-login.syr.edu&noUDP&sock=schedd_1361_1c7c>
...
001 (45924309.005.000) 2026-05-07 23:05:13 Job executing on host: <10.5.236.118:9618?addrs=10.5.236.118-9618&alias=OG-NODE-10-5-236-118&noUDP&sock=startd_1235_af8d>
...
006 (45924309.005.000) 2026-05-07 23:05:22 Image size of job updated: 341128
	60  -  MemoryUsage of job (MB)
	60716  -  ResidentSetSize of job (KB)
...
006 (45924309.005.000) 2026-05-07 23:10:23 Image size of job updated: 1554104
	266  -  MemoryUsage of job (MB)
	271744  -  ResidentSetSize of job (KB)
...
006 (45924309.005.000) 2026-05-07 23:15:24 Image size of job updated: 1554104
	618  -  MemoryUsage of job (MB)
	632728  -  ResidentSetSize of job (KB)
...
006 (45924309.005.000) 2026-05-07 23:20:24 Image size of job updated: 1554104
	793  -  MemoryUsage of job (MB)
	811180  -  ResidentSetSize of job (KB)
...
006 (45924309.005.000) 2026-05-07 23:40:25 Image size of job updated: 1619644
	793  -  MemoryUsage of job (MB)
	811180  -  ResidentSetSize of job (KB)
...
005 (45924309.005.000) 2026-05-07 23:43:32 Job terminated.
	(1) Normal termination (return value 0)
		Usr 0 00:36:11, Sys 0 00:03:12  -  Run Remote Usage
		Usr 0 00:00:00, Sys 0 00:00:00  -  Run Local Usage
		Usr 0 00:36:11, Sys 0 00:03:12  -  Total Remote Usage
		Usr 0 00:00:00, Sys 0 00:00:00  -  Total Local Usage
	0  -  Run Bytes Sent By Job
	0  -  Run Bytes Received By Job
	0  -  Total Bytes Sent By Job
	0  -  Total Bytes Received By Job
	Partitionable Resources :    Usage  Request Allocated 
	   Cpus                 :     1.05        6         6 
	   Disk (KB)            :     1           1     13888 
	   Memory (MB)          :   793        2048      2048 

	Job terminated of its own accord at 2026-05-08T03:43:32Z with exit-code 0.
...
