000 (45924309.004.000) 2026-05-07 23:04:45 Job submitted from host: <10.5.0.107:9618?addrs=10.5.0.107-9618&alias=sugwg-login.syr.edu&noUDP&sock=schedd_1361_1c7c>
...
001 (45924309.004.000) 2026-05-07 23:05:12 Job executing on host: <10.5.206.85:9618?addrs=10.5.206.85-9618&alias=OG-NODE-10-5-206-85&noUDP&sock=startd_1241_cd1e>
...
006 (45924309.004.000) 2026-05-07 23:05:20 Image size of job updated: 83964
	53  -  MemoryUsage of job (MB)
	54132  -  ResidentSetSize of job (KB)
...
006 (45924309.004.000) 2026-05-07 23:10:20 Image size of job updated: 1482540
	312  -  MemoryUsage of job (MB)
	318724  -  ResidentSetSize of job (KB)
...
006 (45924309.004.000) 2026-05-07 23:15:21 Image size of job updated: 1612532
	312  -  MemoryUsage of job (MB)
	318724  -  ResidentSetSize of job (KB)
...
006 (45924309.004.000) 2026-05-07 23:25:23 Image size of job updated: 1612532
	789  -  MemoryUsage of job (MB)
	807128  -  ResidentSetSize of job (KB)
...
005 (45924309.004.000) 2026-05-07 23:44:24 Job terminated.
	(1) Normal termination (return value 0)
		Usr 0 00:36:53, Sys 0 00:03:17  -  Run Remote Usage
		Usr 0 00:00:00, Sys 0 00:00:00  -  Run Local Usage
		Usr 0 00:36:53, Sys 0 00:03:17  -  Total Remote Usage
		Usr 0 00:00:00, Sys 0 00:00:00  -  Total Local Usage
	0  -  Run Bytes Sent By Job
	0  -  Run Bytes Received By Job
	0  -  Total Bytes Sent By Job
	0  -  Total Bytes Received By Job
	Partitionable Resources :    Usage  Request Allocated 
	   Cpus                 :     1.05        6         6 
	   Disk (KB)            :     1           1     14308 
	   Memory (MB)          :   789        2048      2048 

	Job terminated of its own accord at 2026-05-08T03:44:24Z with exit-code 0.
...
