000 (45924309.006.000) 2026-05-07 23:04:45 Job submitted from host: <10.5.0.107:9618?addrs=10.5.0.107-9618&alias=sugwg-login.syr.edu&noUDP&sock=schedd_1361_1c7c>
...
001 (45924309.006.000) 2026-05-07 23:05:12 Job executing on host: <10.5.199.133:9618?addrs=10.5.199.133-9618&alias=OG-NODE-10-5-199-133&noUDP&sock=startd_1237_0ebe>
...
006 (45924309.006.000) 2026-05-07 23:05:20 Image size of job updated: 277596
	48  -  MemoryUsage of job (MB)
	48376  -  ResidentSetSize of job (KB)
...
006 (45924309.006.000) 2026-05-07 23:10:20 Image size of job updated: 1482544
	239  -  MemoryUsage of job (MB)
	244540  -  ResidentSetSize of job (KB)
...
006 (45924309.006.000) 2026-05-07 23:15:21 Image size of job updated: 1482544
	266  -  MemoryUsage of job (MB)
	272172  -  ResidentSetSize of job (KB)
...
006 (45924309.006.000) 2026-05-07 23:20:21 Image size of job updated: 1482544
	357  -  MemoryUsage of job (MB)
	364972  -  ResidentSetSize of job (KB)
...
005 (45924309.006.000) 2026-05-07 23:43:17 Job terminated.
	(1) Normal termination (return value 0)
		Usr 0 00:35:41, Sys 0 00:03:24  -  Run Remote Usage
		Usr 0 00:00:00, Sys 0 00:00:00  -  Run Local Usage
		Usr 0 00:35:41, Sys 0 00:03:24  -  Total Remote Usage
		Usr 0 00:00:00, Sys 0 00:00:00  -  Total Local Usage
	0  -  Run Bytes Sent By Job
	0  -  Run Bytes Received By Job
	0  -  Total Bytes Sent By Job
	0  -  Total Bytes Received By Job
	Partitionable Resources :    Usage  Request Allocated 
	   Cpus                 :     1.06        6         6 
	   Disk (KB)            :     1           1     15067 
	   Memory (MB)          :   357        2048      2048 

	Job terminated of its own accord at 2026-05-08T03:43:17Z with exit-code 0.
...
