000 (45924309.003.000) 2026-05-07 23:04:45 Job submitted from host: <10.5.0.107:9618?addrs=10.5.0.107-9618&alias=sugwg-login.syr.edu&noUDP&sock=schedd_1361_1c7c>
...
001 (45924309.003.000) 2026-05-07 23:05:12 Job executing on host: <10.5.199.236:9618?addrs=10.5.199.236-9618&alias=OG-NODE-10-5-199-236&noUDP&sock=startd_1229_91fc>
...
006 (45924309.003.000) 2026-05-07 23:05:20 Image size of job updated: 329308
	45  -  MemoryUsage of job (MB)
	45100  -  ResidentSetSize of job (KB)
...
006 (45924309.003.000) 2026-05-07 23:10:20 Image size of job updated: 1460688
	504  -  MemoryUsage of job (MB)
	515784  -  ResidentSetSize of job (KB)
...
006 (45924309.003.000) 2026-05-07 23:15:21 Image size of job updated: 1460688
	505  -  MemoryUsage of job (MB)
	516444  -  ResidentSetSize of job (KB)
...
006 (45924309.003.000) 2026-05-07 23:35:23 Image size of job updated: 1460688
	840  -  MemoryUsage of job (MB)
	860108  -  ResidentSetSize of job (KB)
...
005 (45924309.003.000) 2026-05-07 23:43:20 Job terminated.
	(1) Normal termination (return value 0)
		Usr 0 00:35:48, Sys 0 00:03:14  -  Run Remote Usage
		Usr 0 00:00:00, Sys 0 00:00:00  -  Run Local Usage
		Usr 0 00:35:48, Sys 0 00:03:14  -  Total Remote Usage
		Usr 0 00:00:00, Sys 0 00:00:00  -  Total Local Usage
	0  -  Run Bytes Sent By Job
	0  -  Run Bytes Received By Job
	0  -  Total Bytes Sent By Job
	0  -  Total Bytes Received By Job
	Partitionable Resources :    Usage  Request Allocated 
	   Cpus                 :     1.01        6         6 
	   Disk (KB)            :     1           1     14373 
	   Memory (MB)          :   840        2048      2048 

	Job terminated of its own accord at 2026-05-08T03:43:20Z with exit-code 0.
...
