000 (45924309.007.000) 2026-05-07 23:04:45 Job submitted from host: <10.5.0.107:9618?addrs=10.5.0.107-9618&alias=sugwg-login.syr.edu&noUDP&sock=schedd_1361_1c7c>
...
001 (45924309.007.000) 2026-05-07 23:05:13 Job executing on host: <10.5.226.204:9618?addrs=10.5.226.204-9618&alias=OG-NODE-10-5-226-204&noUDP&sock=startd_1261_8503>
...
006 (45924309.007.000) 2026-05-07 23:05:22 Image size of job updated: 363272
	62  -  MemoryUsage of job (MB)
	63132  -  ResidentSetSize of job (KB)
...
006 (45924309.007.000) 2026-05-07 23:10:23 Image size of job updated: 1546536
	230  -  MemoryUsage of job (MB)
	235272  -  ResidentSetSize of job (KB)
...
006 (45924309.007.000) 2026-05-07 23:15:23 Image size of job updated: 1550120
	756  -  MemoryUsage of job (MB)
	773428  -  ResidentSetSize of job (KB)
...
006 (45924309.007.000) 2026-05-07 23:43:37 Image size of job updated: 1552680
	756  -  MemoryUsage of job (MB)
	773428  -  ResidentSetSize of job (KB)
...
005 (45924309.007.000) 2026-05-07 23:43:37 Job terminated.
	(1) Normal termination (return value 0)
		Usr 0 00:35:57, Sys 0 00:03:25  -  Run Remote Usage
		Usr 0 00:00:00, Sys 0 00:00:00  -  Run Local Usage
		Usr 0 00:35:57, Sys 0 00:03:25  -  Total Remote Usage
		Usr 0 00:00:00, Sys 0 00:00:00  -  Total Local Usage
	0  -  Run Bytes Sent By Job
	0  -  Run Bytes Received By Job
	0  -  Total Bytes Sent By Job
	0  -  Total Bytes Received By Job
	Partitionable Resources :    Usage  Request Allocated 
	   Cpus                 :     1.05        6         6 
	   Disk (KB)            :     1           1     23543 
	   Memory (MB)          :   756        2048      2048 

	Job terminated of its own accord at 2026-05-08T03:43:37Z with exit-code 0.
...
