000 (45924309.002.000) 2026-05-07 23:04:45 Job submitted from host: <10.5.0.107:9618?addrs=10.5.0.107-9618&alias=sugwg-login.syr.edu&noUDP&sock=schedd_1361_1c7c>
...
001 (45924309.002.000) 2026-05-07 23:05:13 Job executing on host: <10.5.213.31:9618?addrs=10.5.213.31-9618&alias=OG-NODE-10-5-213-31&noUDP&sock=startd_1225_d39b>
...
006 (45924309.002.000) 2026-05-07 23:05:22 Image size of job updated: 72156
	42  -  MemoryUsage of job (MB)
	42192  -  ResidentSetSize of job (KB)
...
006 (45924309.002.000) 2026-05-07 23:10:23 Image size of job updated: 1615700
	339  -  MemoryUsage of job (MB)
	346332  -  ResidentSetSize of job (KB)
...
006 (45924309.002.000) 2026-05-07 23:20:24 Image size of job updated: 1615700
	359  -  MemoryUsage of job (MB)
	367084  -  ResidentSetSize of job (KB)
...
006 (45924309.002.000) 2026-05-07 23:25:24 Image size of job updated: 1615700
	653  -  MemoryUsage of job (MB)
	667916  -  ResidentSetSize of job (KB)
...
006 (45924309.002.000) 2026-05-07 23:30:25 Image size of job updated: 1615700
	657  -  MemoryUsage of job (MB)
	672668  -  ResidentSetSize of job (KB)
...
006 (45924309.002.000) 2026-05-07 23:35:25 Image size of job updated: 1615700
	918  -  MemoryUsage of job (MB)
	939644  -  ResidentSetSize of job (KB)
...
005 (45924309.002.000) 2026-05-07 23:47:05 Job terminated.
	(1) Normal termination (return value 0)
		Usr 0 00:39:05, Sys 0 00:03:43  -  Run Remote Usage
		Usr 0 00:00:00, Sys 0 00:00:00  -  Run Local Usage
		Usr 0 00:39:05, Sys 0 00:03:43  -  Total Remote Usage
		Usr 0 00:00:00, Sys 0 00:00:00  -  Total Local Usage
	0  -  Run Bytes Sent By Job
	0  -  Run Bytes Received By Job
	0  -  Total Bytes Sent By Job
	0  -  Total Bytes Received By Job
	Partitionable Resources :    Usage  Request Allocated 
	   Cpus                 :     1.05        6         6 
	   Disk (KB)            :     1           1      9488 
	   Memory (MB)          :   918        2048      2048 

	Job terminated of its own accord at 2026-05-08T03:47:05Z with exit-code 0.
...
