000 (45739882.003.000) 2026-04-30 16:12:17 Job submitted from host: <10.5.0.107:9618?addrs=10.5.0.107-9618&alias=sugwg-login.syr.edu&noUDP&sock=schedd_1361_1c7c>
...
001 (45739882.003.000) 2026-04-30 16:13:30 Job executing on host: <10.5.203.158:9618?addrs=10.5.203.158-9618&alias=OG-NODE-10-5-203-158&noUDP&sock=startd_1501_23be>
...
006 (45739882.003.000) 2026-04-30 16:13:38 Image size of job updated: 353680
	52  -  MemoryUsage of job (MB)
	52336  -  ResidentSetSize of job (KB)
...
006 (45739882.003.000) 2026-04-30 16:18:38 Image size of job updated: 1651160
	408  -  MemoryUsage of job (MB)
	417544  -  ResidentSetSize of job (KB)
...
006 (45739882.003.000) 2026-04-30 16:23:38 Image size of job updated: 1651160
	416  -  MemoryUsage of job (MB)
	425972  -  ResidentSetSize of job (KB)
...
006 (45739882.003.000) 2026-04-30 16:43:40 Image size of job updated: 1651160
	511  -  MemoryUsage of job (MB)
	523032  -  ResidentSetSize of job (KB)
...
005 (45739882.003.000) 2026-04-30 16:47:34 Job terminated.
	(1) Normal termination (return value 0)
		Usr 0 00:31:22, Sys 0 00:03:32  -  Run Remote Usage
		Usr 0 00:00:00, Sys 0 00:00:00  -  Run Local Usage
		Usr 0 00:31:22, Sys 0 00:03:32  -  Total Remote Usage
		Usr 0 00:00:00, Sys 0 00:00:00  -  Total Local Usage
	0  -  Run Bytes Sent By Job
	0  -  Run Bytes Received By Job
	0  -  Total Bytes Sent By Job
	0  -  Total Bytes Received By Job
	Partitionable Resources :    Usage  Request Allocated 
	   Cpus                 :     1.14        6         6 
	   Disk (KB)            :     1           1     10483 
	   Memory (MB)          :   511        2048      2048 

	Job terminated of its own accord at 2026-04-30T20:47:34Z with exit-code 0.
...
