000 (45739882.002.000) 2026-04-30 16:12:17 Job submitted from host: <10.5.0.107:9618?addrs=10.5.0.107-9618&alias=sugwg-login.syr.edu&noUDP&sock=schedd_1361_1c7c>
...
001 (45739882.002.000) 2026-04-30 16:13:30 Job executing on host: <10.5.199.18:9618?addrs=10.5.199.18-9618&alias=OG-NODE-10-5-199-18&noUDP&sock=startd_1237_0ebe>
...
006 (45739882.002.000) 2026-04-30 16:13:38 Image size of job updated: 283528
	42  -  MemoryUsage of job (MB)
	42120  -  ResidentSetSize of job (KB)
...
006 (45739882.002.000) 2026-04-30 16:18:38 Image size of job updated: 1548472
	251  -  MemoryUsage of job (MB)
	256504  -  ResidentSetSize of job (KB)
...
006 (45739882.002.000) 2026-04-30 16:23:38 Image size of job updated: 1609916
	333  -  MemoryUsage of job (MB)
	340628  -  ResidentSetSize of job (KB)
...
006 (45739882.002.000) 2026-04-30 16:28:39 Image size of job updated: 1609916
	405  -  MemoryUsage of job (MB)
	414712  -  ResidentSetSize of job (KB)
...
006 (45739882.002.000) 2026-04-30 16:33:39 Image size of job updated: 1609916
	555  -  MemoryUsage of job (MB)
	568052  -  ResidentSetSize of job (KB)
...
006 (45739882.002.000) 2026-04-30 16:38:39 Image size of job updated: 1609916
	561  -  MemoryUsage of job (MB)
	573596  -  ResidentSetSize of job (KB)
...
006 (45739882.002.000) 2026-04-30 16:43:40 Image size of job updated: 1609916
	913  -  MemoryUsage of job (MB)
	934288  -  ResidentSetSize of job (KB)
...
006 (45739882.002.000) 2026-04-30 16:53:41 Image size of job updated: 1611964
	913  -  MemoryUsage of job (MB)
	934288  -  ResidentSetSize of job (KB)
...
006 (45739882.002.000) 2026-04-30 16:58:41 Image size of job updated: 1616060
	913  -  MemoryUsage of job (MB)
	934288  -  ResidentSetSize of job (KB)
...
005 (45739882.002.000) 2026-04-30 17:02:10 Job terminated.
	(1) Normal termination (return value 0)
		Usr 0 00:45:54, Sys 0 00:03:50  -  Run Remote Usage
		Usr 0 00:00:00, Sys 0 00:00:00  -  Run Local Usage
		Usr 0 00:45:54, Sys 0 00:03:50  -  Total Remote Usage
		Usr 0 00:00:00, Sys 0 00:00:00  -  Total Local Usage
	0  -  Run Bytes Sent By Job
	0  -  Run Bytes Received By Job
	0  -  Total Bytes Sent By Job
	0  -  Total Bytes Received By Job
	Partitionable Resources :    Usage  Request Allocated 
	   Cpus                 :     1.05        6         6 
	   Disk (KB)            :     1           1     18100 
	   Memory (MB)          :   913        2048      2048 

	Job terminated of its own accord at 2026-04-30T21:02:10Z with exit-code 0.
...
