000 (45739882.007.000) 2026-04-30 16:12:17 Job submitted from host: <10.5.0.107:9618?addrs=10.5.0.107-9618&alias=sugwg-login.syr.edu&noUDP&sock=schedd_1361_1c7c>
...
001 (45739882.007.000) 2026-04-30 16:13:30 Job executing on host: <10.5.194.21:9618?addrs=10.5.194.21-9618&alias=OG-NODE-10-5-194-21&noUDP&sock=startd_1609_37f9>
...
006 (45739882.007.000) 2026-04-30 16:13:38 Image size of job updated: 117884
	71  -  MemoryUsage of job (MB)
	72608  -  ResidentSetSize of job (KB)
...
006 (45739882.007.000) 2026-04-30 16:18:38 Image size of job updated: 1707584
	329  -  MemoryUsage of job (MB)
	336352  -  ResidentSetSize of job (KB)
...
006 (45739882.007.000) 2026-04-30 16:23:39 Image size of job updated: 1707584
	333  -  MemoryUsage of job (MB)
	340448  -  ResidentSetSize of job (KB)
...
006 (45739882.007.000) 2026-04-30 16:28:40 Image size of job updated: 1707584
	622  -  MemoryUsage of job (MB)
	636904  -  ResidentSetSize of job (KB)
...
006 (45739882.007.000) 2026-04-30 16:33:40 Image size of job updated: 1707584
	625  -  MemoryUsage of job (MB)
	639940  -  ResidentSetSize of job (KB)
...
005 (45739882.007.000) 2026-04-30 16:42:41 Job terminated.
	(1) Normal termination (return value 0)
		Usr 0 00:26:47, Sys 0 00:03:17  -  Run Remote Usage
		Usr 0 00:00:00, Sys 0 00:00:00  -  Run Local Usage
		Usr 0 00:26:47, Sys 0 00:03:17  -  Total Remote Usage
		Usr 0 00:00:00, Sys 0 00:00:00  -  Total Local Usage
	0  -  Run Bytes Sent By Job
	0  -  Run Bytes Received By Job
	0  -  Total Bytes Sent By Job
	0  -  Total Bytes Received By Job
	Partitionable Resources :    Usage  Request Allocated 
	   Cpus                 :     1.02        6         6 
	   Disk (KB)            :     1           1     23543 
	   Memory (MB)          :   625        2048      2048 

	Job terminated of its own accord at 2026-04-30T20:42:41Z with exit-code 0.
...
