000 (45739882.001.000) 2026-04-30 16:12:17 Job submitted from host: <10.5.0.107:9618?addrs=10.5.0.107-9618&alias=sugwg-login.syr.edu&noUDP&sock=schedd_1361_1c7c>
...
001 (45739882.001.000) 2026-04-30 16:13:30 Job executing on host: <10.5.212.227:9618?addrs=10.5.212.227-9618&alias=OG-NODE-10-5-212-227&noUDP&sock=startd_1498_14f5>
...
006 (45739882.001.000) 2026-04-30 16:13:38 Image size of job updated: 60628
	32  -  MemoryUsage of job (MB)
	32644  -  ResidentSetSize of job (KB)
...
006 (45739882.001.000) 2026-04-30 16:18:38 Image size of job updated: 1614060
	853  -  MemoryUsage of job (MB)
	872988  -  ResidentSetSize of job (KB)
...
006 (45739882.001.000) 2026-04-30 16:43:42 Image size of job updated: 1616012
	853  -  MemoryUsage of job (MB)
	872988  -  ResidentSetSize of job (KB)
...
006 (45739882.001.000) 2026-04-30 16:48:41 Image size of job updated: 1616012
	854  -  MemoryUsage of job (MB)
	873600  -  ResidentSetSize of job (KB)
...
005 (45739882.001.000) 2026-04-30 17:18:42 Job terminated.
	(1) Normal termination (return value 0)
		Usr 0 01:00:06, Sys 0 00:05:49  -  Run Remote Usage
		Usr 0 00:00:00, Sys 0 00:00:00  -  Run Local Usage
		Usr 0 01:00:06, Sys 0 00:05:49  -  Total Remote Usage
		Usr 0 00:00:00, Sys 0 00:00:00  -  Total Local Usage
	0  -  Run Bytes Sent By Job
	0  -  Run Bytes Received By Job
	0  -  Total Bytes Sent By Job
	0  -  Total Bytes Received By Job
	Partitionable Resources :    Usage  Request Allocated 
	   Cpus                 :     1.06        6         6 
	   Disk (KB)            :     1           1     13281 
	   Memory (MB)          :   854        2048      2048 

	Job terminated of its own accord at 2026-04-30T21:18:42Z with exit-code 0.
...
