000 (45739882.008.000) 2026-04-30 16:12:17 Job submitted from host: <10.5.0.107:9618?addrs=10.5.0.107-9618&alias=sugwg-login.syr.edu&noUDP&sock=schedd_1361_1c7c>
...
001 (45739882.008.000) 2026-04-30 16:13:35 Job executing on host: <10.5.208.205:9618?addrs=10.5.208.205-9618&alias=CRUSH-OG-10-5-208-205&noUDP&sock=startd_1552_1f13>
...
006 (45739882.008.000) 2026-04-30 16:13:43 Image size of job updated: 63620
	35  -  MemoryUsage of job (MB)
	35768  -  ResidentSetSize of job (KB)
...
006 (45739882.008.000) 2026-04-30 16:18:43 Image size of job updated: 1640592
	292  -  MemoryUsage of job (MB)
	298156  -  ResidentSetSize of job (KB)
...
006 (45739882.008.000) 2026-04-30 16:23:44 Image size of job updated: 1640592
	300  -  MemoryUsage of job (MB)
	306180  -  ResidentSetSize of job (KB)
...
006 (45739882.008.000) 2026-04-30 16:28:45 Image size of job updated: 1640592
	753  -  MemoryUsage of job (MB)
	770568  -  ResidentSetSize of job (KB)
...
006 (45739882.008.000) 2026-04-30 16:53:46 Image size of job updated: 1640592
	853  -  MemoryUsage of job (MB)
	872804  -  ResidentSetSize of job (KB)
...
005 (45739882.008.000) 2026-04-30 17:08:19 Job terminated.
	(1) Normal termination (return value 0)
		Usr 0 00:51:32, Sys 0 00:03:57  -  Run Remote Usage
		Usr 0 00:00:00, Sys 0 00:00:00  -  Run Local Usage
		Usr 0 00:51:32, Sys 0 00:03:57  -  Total Remote Usage
		Usr 0 00:00:00, Sys 0 00:00:00  -  Total Local Usage
	0  -  Run Bytes Sent By Job
	0  -  Run Bytes Received By Job
	0  -  Total Bytes Sent By Job
	0  -  Total Bytes Received By Job
	Partitionable Resources :    Usage  Request Allocated 
	   Cpus                 :     1.03        6         6 
	   Disk (KB)            :     1           1     27894 
	   Memory (MB)          :   853        2048      2048 

	Job terminated of its own accord at 2026-04-30T21:08:19Z with exit-code 0.
...
