000 (45739882.004.000) 2026-04-30 16:12:17 Job submitted from host: <10.5.0.107:9618?addrs=10.5.0.107-9618&alias=sugwg-login.syr.edu&noUDP&sock=schedd_1361_1c7c>
...
001 (45739882.004.000) 2026-04-30 16:13:30 Job executing on host: <10.5.141.102:9618?addrs=10.5.141.102-9618&alias=CRUSH-OG-10-5-141-102&noUDP&sock=startd_2797540_543e>
...
006 (45739882.004.000) 2026-04-30 16:13:38 Image size of job updated: 291684
	93  -  MemoryUsage of job (MB)
	95000  -  ResidentSetSize of job (KB)
...
006 (45739882.004.000) 2026-04-30 16:18:38 Image size of job updated: 1620264
	231  -  MemoryUsage of job (MB)
	235880  -  ResidentSetSize of job (KB)
...
006 (45739882.004.000) 2026-04-30 16:23:38 Image size of job updated: 1620264
	339  -  MemoryUsage of job (MB)
	346300  -  ResidentSetSize of job (KB)
...
006 (45739882.004.000) 2026-04-30 16:58:41 Image size of job updated: 1632368
	355  -  MemoryUsage of job (MB)
	363264  -  ResidentSetSize of job (KB)
...
005 (45739882.004.000) 2026-04-30 16:58:45 Job terminated.
	(1) Normal termination (return value 0)
		Usr 0 00:42:25, Sys 0 00:03:59  -  Run Remote Usage
		Usr 0 00:00:00, Sys 0 00:00:00  -  Run Local Usage
		Usr 0 00:42:25, Sys 0 00:03:59  -  Total Remote Usage
		Usr 0 00:00:00, Sys 0 00:00:00  -  Total Local Usage
	0  -  Run Bytes Sent By Job
	0  -  Run Bytes Received By Job
	0  -  Total Bytes Sent By Job
	0  -  Total Bytes Received By Job
	Partitionable Resources :    Usage  Request Allocated 
	   Cpus                 :     1.04        6         6 
	   Disk (KB)            :     1           1     28039 
	   Memory (MB)          :   355        2048      2048 

	Job terminated of its own accord at 2026-04-30T20:58:45Z with exit-code 0.
...
