000 (45926346.004.000) 2026-05-07 23:26:59 Job submitted from host: <10.5.0.107:9618?addrs=10.5.0.107-9618&alias=sugwg-login.syr.edu&noUDP&sock=schedd_1361_1c7c>
...
001 (45926346.004.000) 2026-05-07 23:27:25 Job executing on host: <10.5.152.62:9618?addrs=10.5.152.62-9618&alias=CRUSH-OG-10-5-152-62&noUDP&sock=startd_1538_84bf>
...
006 (45926346.004.000) 2026-05-07 23:27:34 Image size of job updated: 298896
	45  -  MemoryUsage of job (MB)
	45808  -  ResidentSetSize of job (KB)
...
006 (45926346.004.000) 2026-05-07 23:32:34 Image size of job updated: 1562436
	233  -  MemoryUsage of job (MB)
	238388  -  ResidentSetSize of job (KB)
...
006 (45926346.004.000) 2026-05-07 23:37:34 Image size of job updated: 1569380
	858  -  MemoryUsage of job (MB)
	878204  -  ResidentSetSize of job (KB)
...
006 (45926346.004.000) 2026-05-07 23:47:36 Image size of job updated: 1610536
	858  -  MemoryUsage of job (MB)
	878204  -  ResidentSetSize of job (KB)
...
006 (45926346.004.000) 2026-05-07 23:57:36 Image size of job updated: 1629032
	858  -  MemoryUsage of job (MB)
	878204  -  ResidentSetSize of job (KB)
...
005 (45926346.004.000) 2026-05-08 00:00:56 Job terminated.
	(1) Normal termination (return value 0)
		Usr 0 00:31:23, Sys 0 00:03:06  -  Run Remote Usage
		Usr 0 00:00:00, Sys 0 00:00:00  -  Run Local Usage
		Usr 0 00:31:23, Sys 0 00:03:06  -  Total Remote Usage
		Usr 0 00:00:00, Sys 0 00:00:00  -  Total Local Usage
	0  -  Run Bytes Sent By Job
	0  -  Run Bytes Received By Job
	0  -  Total Bytes Sent By Job
	0  -  Total Bytes Received By Job
	Partitionable Resources :    Usage  Request Allocated 
	   Cpus                 :     1.05        6         6 
	   Disk (KB)            :     1           1     27441 
	   Memory (MB)          :   858        2048      2048 

	Job terminated of its own accord at 2026-05-08T04:00:56Z with exit-code 0.
...
