000 (45926346.009.000) 2026-05-07 23:26:59 Job submitted from host: <10.5.0.107:9618?addrs=10.5.0.107-9618&alias=sugwg-login.syr.edu&noUDP&sock=schedd_1361_1c7c>
...
001 (45926346.009.000) 2026-05-07 23:27:20 Job executing on host: <10.5.204.31:9618?addrs=10.5.204.31-9618&alias=OG-NODE-10-5-204-31&noUDP&sock=startd_1502_d356>
...
006 (45926346.009.000) 2026-05-07 23:27:29 Image size of job updated: 72240
	42  -  MemoryUsage of job (MB)
	42408  -  ResidentSetSize of job (KB)
...
006 (45926346.009.000) 2026-05-07 23:32:29 Image size of job updated: 1615368
	232  -  MemoryUsage of job (MB)
	237164  -  ResidentSetSize of job (KB)
...
006 (45926346.009.000) 2026-05-07 23:37:29 Image size of job updated: 1615368
	917  -  MemoryUsage of job (MB)
	938928  -  ResidentSetSize of job (KB)
...
005 (45926346.009.000) 2026-05-08 00:01:13 Job terminated.
	(1) Normal termination (return value 0)
		Usr 0 00:31:03, Sys 0 00:03:34  -  Run Remote Usage
		Usr 0 00:00:00, Sys 0 00:00:00  -  Run Local Usage
		Usr 0 00:31:03, Sys 0 00:03:34  -  Total Remote Usage
		Usr 0 00:00:00, Sys 0 00:00:00  -  Total Local Usage
	0  -  Run Bytes Sent By Job
	0  -  Run Bytes Received By Job
	0  -  Total Bytes Sent By Job
	0  -  Total Bytes Received By Job
	Partitionable Resources :    Usage  Request Allocated 
	   Cpus                 :     0.99        6         6 
	   Disk (KB)            :     1           1     11258 
	   Memory (MB)          :   917        2048      2048 

	Job terminated of its own accord at 2026-05-08T04:01:13Z with exit-code 0.
...
