000 (45926346.001.000) 2026-05-07 23:26:59 Job submitted from host: <10.5.0.107:9618?addrs=10.5.0.107-9618&alias=sugwg-login.syr.edu&noUDP&sock=schedd_1361_1c7c>
...
001 (45926346.001.000) 2026-05-07 23:27:20 Job executing on host: <10.5.209.68:9618?addrs=10.5.209.68-9618&alias=CRUSH-OG-10-5-209-68&noUDP&sock=startd_1364_2b45>
...
006 (45926346.001.000) 2026-05-07 23:27:29 Image size of job updated: 334072
	193  -  MemoryUsage of job (MB)
	197176  -  ResidentSetSize of job (KB)
...
006 (45926346.001.000) 2026-05-07 23:32:30 Image size of job updated: 1545128
	331  -  MemoryUsage of job (MB)
	338184  -  ResidentSetSize of job (KB)
...
006 (45926346.001.000) 2026-05-07 23:37:31 Image size of job updated: 1610156
	360  -  MemoryUsage of job (MB)
	368228  -  ResidentSetSize of job (KB)
...
006 (45926346.001.000) 2026-05-07 23:42:31 Image size of job updated: 1610156
	440  -  MemoryUsage of job (MB)
	449564  -  ResidentSetSize of job (KB)
...
005 (45926346.001.000) 2026-05-07 23:48:43 Job terminated.
	(1) Normal termination (return value 0)
		Usr 0 00:19:47, Sys 0 00:02:26  -  Run Remote Usage
		Usr 0 00:00:00, Sys 0 00:00:00  -  Run Local Usage
		Usr 0 00:19:47, Sys 0 00:02:26  -  Total Remote Usage
		Usr 0 00:00:00, Sys 0 00:00:00  -  Total Local Usage
	0  -  Run Bytes Sent By Job
	0  -  Run Bytes Received By Job
	0  -  Total Bytes Sent By Job
	0  -  Total Bytes Received By Job
	Partitionable Resources :    Usage  Request Allocated 
	   Cpus                 :     1.04        6         6 
	   Disk (KB)            :     1           1     27730 
	   Memory (MB)          :   440        2048      2048 

	Job terminated of its own accord at 2026-05-08T03:48:43Z with exit-code 0.
...
