000 (45926346.005.000) 2026-05-07 23:26:59 Job submitted from host: <10.5.0.107:9618?addrs=10.5.0.107-9618&alias=sugwg-login.syr.edu&noUDP&sock=schedd_1361_1c7c>
...
001 (45926346.005.000) 2026-05-07 23:27:25 Job executing on host: <10.5.229.40:9618?addrs=10.5.229.40-9618&alias=CRUSH-OG-10-5-229-40&noUDP&sock=startd_1282_ec81>
...
006 (45926346.005.000) 2026-05-07 23:27:34 Image size of job updated: 338200
	37  -  MemoryUsage of job (MB)
	37236  -  ResidentSetSize of job (KB)
...
006 (45926346.005.000) 2026-05-07 23:32:34 Image size of job updated: 1651520
	277  -  MemoryUsage of job (MB)
	283228  -  ResidentSetSize of job (KB)
...
006 (45926346.005.000) 2026-05-07 23:37:34 Image size of job updated: 1656640
	391  -  MemoryUsage of job (MB)
	399724  -  ResidentSetSize of job (KB)
...
006 (45926346.005.000) 2026-05-07 23:42:35 Image size of job updated: 1656640
	482  -  MemoryUsage of job (MB)
	492696  -  ResidentSetSize of job (KB)
...
006 (45926346.005.000) 2026-05-07 23:57:36 Image size of job updated: 1656640
	794  -  MemoryUsage of job (MB)
	812692  -  ResidentSetSize of job (KB)
...
006 (45926346.005.000) 2026-05-08 00:07:38 Image size of job updated: 1656640
	885  -  MemoryUsage of job (MB)
	905980  -  ResidentSetSize of job (KB)
...
006 (45926346.005.000) 2026-05-08 00:09:27 Image size of job updated: 1656640
	892  -  MemoryUsage of job (MB)
	912580  -  ResidentSetSize of job (KB)
...
005 (45926346.005.000) 2026-05-08 00:09:27 Job terminated.
	(1) Normal termination (return value 0)
		Usr 0 00:39:55, Sys 0 00:03:15  -  Run Remote Usage
		Usr 0 00:00:00, Sys 0 00:00:00  -  Run Local Usage
		Usr 0 00:39:55, Sys 0 00:03:15  -  Total Remote Usage
		Usr 0 00:00:00, Sys 0 00:00:00  -  Total Local Usage
	0  -  Run Bytes Sent By Job
	0  -  Run Bytes Received By Job
	0  -  Total Bytes Sent By Job
	0  -  Total Bytes Received By Job
	Partitionable Resources :    Usage  Request Allocated 
	   Cpus                 :     1.06        6         6 
	   Disk (KB)            :     1           1     27230 
	   Memory (MB)          :   892        2048      2048 

	Job terminated of its own accord at 2026-05-08T04:09:27Z with exit-code 0.
...
