000 (45926346.002.000) 2026-05-07 23:26:59 Job submitted from host: <10.5.0.107:9618?addrs=10.5.0.107-9618&alias=sugwg-login.syr.edu&noUDP&sock=schedd_1361_1c7c>
...
001 (45926346.002.000) 2026-05-07 23:27:25 Job executing on host: <10.5.206.21:9618?addrs=10.5.206.21-9618&alias=CRUSH-OG-10-5-206-21&noUDP&sock=startd_1541_9388>
...
006 (45926346.002.000) 2026-05-07 23:27:34 Image size of job updated: 430492
	63  -  MemoryUsage of job (MB)
	64488  -  ResidentSetSize of job (KB)
...
006 (45926346.002.000) 2026-05-07 23:32:35 Image size of job updated: 1559916
	368  -  MemoryUsage of job (MB)
	376452  -  ResidentSetSize of job (KB)
...
006 (45926346.002.000) 2026-05-07 23:37:35 Image size of job updated: 1621360
	368  -  MemoryUsage of job (MB)
	376452  -  ResidentSetSize of job (KB)
...
006 (45926346.002.000) 2026-05-07 23:47:36 Image size of job updated: 1621360
	382  -  MemoryUsage of job (MB)
	390224  -  ResidentSetSize of job (KB)
...
005 (45926346.002.000) 2026-05-08 00:03:21 Job terminated.
	(1) Normal termination (return value 0)
		Usr 0 00:35:32, Sys 0 00:03:14  -  Run Remote Usage
		Usr 0 00:00:00, Sys 0 00:00:00  -  Run Local Usage
		Usr 0 00:35:32, Sys 0 00:03:14  -  Total Remote Usage
		Usr 0 00:00:00, Sys 0 00:00:00  -  Total Local Usage
	0  -  Run Bytes Sent By Job
	0  -  Run Bytes Received By Job
	0  -  Total Bytes Sent By Job
	0  -  Total Bytes Received By Job
	Partitionable Resources :    Usage  Request Allocated 
	   Cpus                 :     1.01        6         6 
	   Disk (KB)            :     1           1     27394 
	   Memory (MB)          :   382        2048      2048 

	Job terminated of its own accord at 2026-05-08T04:03:21Z with exit-code 0.
...
