000 (45926346.006.000) 2026-05-07 23:26:59 Job submitted from host: <10.5.0.107:9618?addrs=10.5.0.107-9618&alias=sugwg-login.syr.edu&noUDP&sock=schedd_1361_1c7c>
...
001 (45926346.006.000) 2026-05-07 23:27:25 Job executing on host: <10.5.148.231:9618?addrs=10.5.148.231-9618&alias=CRUSH-OG-10-5-148-231&noUDP&sock=startd_1552_1f13>
...
006 (45926346.006.000) 2026-05-07 23:27:34 Image size of job updated: 365288
	62  -  MemoryUsage of job (MB)
	63312  -  ResidentSetSize of job (KB)
...
006 (45926346.006.000) 2026-05-07 23:32:34 Image size of job updated: 1680948
	266  -  MemoryUsage of job (MB)
	272308  -  ResidentSetSize of job (KB)
...
006 (45926346.006.000) 2026-05-07 23:37:34 Image size of job updated: 1680948
	829  -  MemoryUsage of job (MB)
	848692  -  ResidentSetSize of job (KB)
...
006 (45926346.006.000) 2026-05-07 23:42:35 Image size of job updated: 1680948
	838  -  MemoryUsage of job (MB)
	857140  -  ResidentSetSize of job (KB)
...
005 (45926346.006.000) 2026-05-08 00:02:13 Job terminated.
	(1) Normal termination (return value 0)
		Usr 0 00:31:59, Sys 0 00:03:48  -  Run Remote Usage
		Usr 0 00:00:00, Sys 0 00:00:00  -  Run Local Usage
		Usr 0 00:31:59, Sys 0 00:03:48  -  Total Remote Usage
		Usr 0 00:00:00, Sys 0 00:00:00  -  Total Local Usage
	0  -  Run Bytes Sent By Job
	0  -  Run Bytes Received By Job
	0  -  Total Bytes Sent By Job
	0  -  Total Bytes Received By Job
	Partitionable Resources :    Usage  Request Allocated 
	   Cpus                 :     1.04        6         6 
	   Disk (KB)            :     1           1     27240 
	   Memory (MB)          :   838        2048      2048 

	Job terminated of its own accord at 2026-05-08T04:02:13Z with exit-code 0.
...
