000 (45926346.007.000) 2026-05-07 23:26:59 Job submitted from host: <10.5.0.107:9618?addrs=10.5.0.107-9618&alias=sugwg-login.syr.edu&noUDP&sock=schedd_1361_1c7c>
...
001 (45926346.007.000) 2026-05-07 23:27:20 Job executing on host: <10.5.245.151:9618?addrs=10.5.245.151-9618&alias=OG-NODE-10-5-245-151&noUDP&sock=startd_1244_dbe7>
...
006 (45926346.007.000) 2026-05-07 23:27:29 Image size of job updated: 116260
	71  -  MemoryUsage of job (MB)
	71908  -  ResidentSetSize of job (KB)
...
006 (45926346.007.000) 2026-05-07 23:32:29 Image size of job updated: 1574880
	362  -  MemoryUsage of job (MB)
	370000  -  ResidentSetSize of job (KB)
...
006 (45926346.007.000) 2026-05-07 23:37:29 Image size of job updated: 1574880
	417  -  MemoryUsage of job (MB)
	426404  -  ResidentSetSize of job (KB)
...
006 (45926346.007.000) 2026-05-07 23:47:31 Image size of job updated: 1597412
	417  -  MemoryUsage of job (MB)
	426404  -  ResidentSetSize of job (KB)
...
006 (45926346.007.000) 2026-05-07 23:52:31 Image size of job updated: 1610212
	417  -  MemoryUsage of job (MB)
	426404  -  ResidentSetSize of job (KB)
...
006 (45926346.007.000) 2026-05-07 23:57:32 Image size of job updated: 1610212
	420  -  MemoryUsage of job (MB)
	430072  -  ResidentSetSize of job (KB)
...
006 (45926346.007.000) 2026-05-08 00:02:33 Image size of job updated: 1614308
	420  -  MemoryUsage of job (MB)
	430072  -  ResidentSetSize of job (KB)
...
006 (45926346.007.000) 2026-05-08 00:07:33 Image size of job updated: 1621320
	460  -  MemoryUsage of job (MB)
	470600  -  ResidentSetSize of job (KB)
...
005 (45926346.007.000) 2026-05-08 00:11:01 Job terminated.
	(1) Normal termination (return value 0)
		Usr 0 00:40:38, Sys 0 00:04:13  -  Run Remote Usage
		Usr 0 00:00:00, Sys 0 00:00:00  -  Run Local Usage
		Usr 0 00:40:38, Sys 0 00:04:13  -  Total Remote Usage
		Usr 0 00:00:00, Sys 0 00:00:00  -  Total Local Usage
	0  -  Run Bytes Sent By Job
	0  -  Run Bytes Received By Job
	0  -  Total Bytes Sent By Job
	0  -  Total Bytes Received By Job
	Partitionable Resources :    Usage  Request Allocated 
	   Cpus                 :     1.01        6         6 
	   Disk (KB)            :     1           1     14300 
	   Memory (MB)          :   460        2048      2048 

	Job terminated of its own accord at 2026-05-08T04:11:01Z with exit-code 0.
...
