000 (45926346.003.000) 2026-05-07 23:26:59 Job submitted from host: <10.5.0.107:9618?addrs=10.5.0.107-9618&alias=sugwg-login.syr.edu&noUDP&sock=schedd_1361_1c7c>
...
001 (45926346.003.000) 2026-05-07 23:27:25 Job executing on host: <10.5.213.246:9618?addrs=10.5.213.246-9618&alias=CRUSH-OG-10-5-213-246&noUDP&sock=startd_1272_108e>
...
006 (45926346.003.000) 2026-05-07 23:27:34 Image size of job updated: 323632
	65  -  MemoryUsage of job (MB)
	66004  -  ResidentSetSize of job (KB)
...
006 (45926346.003.000) 2026-05-07 23:32:35 Image size of job updated: 1183744
	403  -  MemoryUsage of job (MB)
	412524  -  ResidentSetSize of job (KB)
...
006 (45926346.003.000) 2026-05-07 23:42:36 Image size of job updated: 1610560
	403  -  MemoryUsage of job (MB)
	412524  -  ResidentSetSize of job (KB)
...
006 (45926346.003.000) 2026-05-07 23:52:37 Image size of job updated: 1610560
	434  -  MemoryUsage of job (MB)
	444208  -  ResidentSetSize of job (KB)
...
006 (45926346.003.000) 2026-05-07 23:57:37 Image size of job updated: 1612576
	442  -  MemoryUsage of job (MB)
	452400  -  ResidentSetSize of job (KB)
...
005 (45926346.003.000) 2026-05-08 00:04:47 Job terminated.
	(1) Normal termination (return value 0)
		Usr 0 00:35:18, Sys 0 00:03:13  -  Run Remote Usage
		Usr 0 00:00:00, Sys 0 00:00:00  -  Run Local Usage
		Usr 0 00:35:18, Sys 0 00:03:13  -  Total Remote Usage
		Usr 0 00:00:00, Sys 0 00:00:00  -  Total Local Usage
	0  -  Run Bytes Sent By Job
	0  -  Run Bytes Received By Job
	0  -  Total Bytes Sent By Job
	0  -  Total Bytes Received By Job
	Partitionable Resources :    Usage  Request Allocated 
	   Cpus                 :     1.06        6         6 
	   Disk (KB)            :     1           1     27398 
	   Memory (MB)          :   442        2048      2048 

	Job terminated of its own accord at 2026-05-08T04:04:47Z with exit-code 0.
...
