000 (45926342.004.000) 2026-05-07 23:24:38 Job submitted from host: <10.5.0.107:9618?addrs=10.5.0.107-9618&alias=sugwg-login.syr.edu&noUDP&sock=schedd_1361_1c7c>
...
001 (45926342.004.000) 2026-05-07 23:25:05 Job executing on host: <10.5.43.4:9618?addrs=10.5.43.4-9618&alias=AS-CSD1209D-S1-its-u20-nfs-20210413&noUDP&sock=startd_894_c9c2>
...
006 (45926342.004.000) 2026-05-07 23:25:13 Image size of job updated: 102720
	101  -  MemoryUsage of job (MB)
	102720  -  ResidentSetSize of job (KB)
...
006 (45926342.004.000) 2026-05-07 23:30:13 Image size of job updated: 1582840
	392  -  MemoryUsage of job (MB)
	401192  -  ResidentSetSize of job (KB)
...
006 (45926342.004.000) 2026-05-07 23:35:13 Image size of job updated: 1582840
	393  -  MemoryUsage of job (MB)
	401720  -  ResidentSetSize of job (KB)
...
005 (45926342.004.000) 2026-05-07 23:44:13 Job terminated.
	(1) Normal termination (return value 0)
		Usr 0 00:24:10, Sys 0 00:01:03  -  Run Remote Usage
		Usr 0 00:00:00, Sys 0 00:00:00  -  Run Local Usage
		Usr 0 00:24:10, Sys 0 00:01:03  -  Total Remote Usage
		Usr 0 00:00:00, Sys 0 00:00:00  -  Total Local Usage
	0  -  Run Bytes Sent By Job
	0  -  Run Bytes Received By Job
	0  -  Total Bytes Sent By Job
	0  -  Total Bytes Received By Job
	Partitionable Resources :    Usage  Request Allocated 
	   Cpus                 :     1.28        6         6 
	   Disk (KB)            :     1           1     31084 
	   Memory (MB)          :   393        2048      2048 

	Job terminated of its own accord at 2026-05-08T03:44:13Z with exit-code 0.
...
