000 (45926342.007.000) 2026-05-07 23:24:38 Job submitted from host: <10.5.0.107:9618?addrs=10.5.0.107-9618&alias=sugwg-login.syr.edu&noUDP&sock=schedd_1361_1c7c>
...
001 (45926342.007.000) 2026-05-07 23:25:15 Job executing on host: <10.5.224.138:9618?addrs=10.5.224.138-9618&alias=CRUSH-OG-10-5-224-138&noUDP&sock=startd_1274_6fbf>
...
006 (45926342.007.000) 2026-05-07 23:25:23 Image size of job updated: 79328
	49  -  MemoryUsage of job (MB)
	49628  -  ResidentSetSize of job (KB)
...
006 (45926342.007.000) 2026-05-07 23:30:23 Image size of job updated: 1553684
	344  -  MemoryUsage of job (MB)
	351396  -  ResidentSetSize of job (KB)
...
006 (45926342.007.000) 2026-05-07 23:35:24 Image size of job updated: 1553684
	497  -  MemoryUsage of job (MB)
	508256  -  ResidentSetSize of job (KB)
...
006 (45926342.007.000) 2026-05-07 23:40:25 Image size of job updated: 1615128
	507  -  MemoryUsage of job (MB)
	518536  -  ResidentSetSize of job (KB)
...
005 (45926342.007.000) 2026-05-08 00:16:29 Job terminated.
	(1) Normal termination (return value 0)
		Usr 0 00:49:13, Sys 0 00:03:44  -  Run Remote Usage
		Usr 0 00:00:00, Sys 0 00:00:00  -  Run Local Usage
		Usr 0 00:49:13, Sys 0 00:03:44  -  Total Remote Usage
		Usr 0 00:00:00, Sys 0 00:00:00  -  Total Local Usage
	0  -  Run Bytes Sent By Job
	0  -  Run Bytes Received By Job
	0  -  Total Bytes Sent By Job
	0  -  Total Bytes Received By Job
	Partitionable Resources :    Usage  Request Allocated 
	   Cpus                 :     1.06        6         6 
	   Disk (KB)            :     1           1     27595 
	   Memory (MB)          :   507        2048      2048 

	Job terminated of its own accord at 2026-05-08T04:16:29Z with exit-code 0.
...
