000 (45926342.003.000) 2026-05-07 23:24:38 Job submitted from host: <10.5.0.107:9618?addrs=10.5.0.107-9618&alias=sugwg-login.syr.edu&noUDP&sock=schedd_1361_1c7c>
...
001 (45926342.003.000) 2026-05-07 23:25:05 Job executing on host: <10.5.50.2:9618?addrs=10.5.50.2-9618&alias=AS-CSD1209K-S1-its-u20-nfs-20210413&noUDP&sock=startd_890_0b61>
...
006 (45926342.003.000) 2026-05-07 23:25:13 Image size of job updated: 128408
	126  -  MemoryUsage of job (MB)
	128408  -  ResidentSetSize of job (KB)
...
006 (45926342.003.000) 2026-05-07 23:30:13 Image size of job updated: 1552800
	696  -  MemoryUsage of job (MB)
	712028  -  ResidentSetSize of job (KB)
...
006 (45926342.003.000) 2026-05-07 23:40:14 Image size of job updated: 1616288
	696  -  MemoryUsage of job (MB)
	712028  -  ResidentSetSize of job (KB)
...
005 (45926342.003.000) 2026-05-07 23:43:41 Job terminated.
	(1) Normal termination (return value 0)
		Usr 0 00:23:37, Sys 0 00:01:04  -  Run Remote Usage
		Usr 0 00:00:00, Sys 0 00:00:00  -  Run Local Usage
		Usr 0 00:23:37, Sys 0 00:01:04  -  Total Remote Usage
		Usr 0 00:00:00, Sys 0 00:00:00  -  Total Local Usage
	0  -  Run Bytes Sent By Job
	0  -  Run Bytes Received By Job
	0  -  Total Bytes Sent By Job
	0  -  Total Bytes Received By Job
	Partitionable Resources :    Usage  Request Allocated 
	   Cpus                 :     1.27        6         6 
	   Disk (KB)            :     1           1     31084 
	   Memory (MB)          :   696        2048      2048 

	Job terminated of its own accord at 2026-05-08T03:43:41Z with exit-code 0.
...
