000 (45926342.009.000) 2026-05-07 23:24:38 Job submitted from host: <10.5.0.107:9618?addrs=10.5.0.107-9618&alias=sugwg-login.syr.edu&noUDP&sock=schedd_1361_1c7c>
...
001 (45926342.009.000) 2026-05-07 23:25:15 Job executing on host: <10.5.246.166:9618?addrs=10.5.246.166-9618&alias=CRUSH-OG-10-5-246-166&noUDP&sock=startd_1542827_92d9>
...
006 (45926342.009.000) 2026-05-07 23:25:23 Image size of job updated: 361592
	48  -  MemoryUsage of job (MB)
	48704  -  ResidentSetSize of job (KB)
...
006 (45926342.009.000) 2026-05-07 23:30:23 Image size of job updated: 1674516
	396  -  MemoryUsage of job (MB)
	404808  -  ResidentSetSize of job (KB)
...
006 (45926342.009.000) 2026-05-07 23:40:24 Image size of job updated: 1674516
	880  -  MemoryUsage of job (MB)
	900492  -  ResidentSetSize of job (KB)
...
006 (45926342.009.000) 2026-05-07 23:45:24 Image size of job updated: 1674516
	881  -  MemoryUsage of job (MB)
	902076  -  ResidentSetSize of job (KB)
...
005 (45926342.009.000) 2026-05-07 23:59:15 Job terminated.
	(1) Normal termination (return value 0)
		Usr 0 00:32:34, Sys 0 00:03:04  -  Run Remote Usage
		Usr 0 00:00:00, Sys 0 00:00:00  -  Run Local Usage
		Usr 0 00:32:34, Sys 0 00:03:04  -  Total Remote Usage
		Usr 0 00:00:00, Sys 0 00:00:00  -  Total Local Usage
	0  -  Run Bytes Sent By Job
	0  -  Run Bytes Received By Job
	0  -  Total Bytes Sent By Job
	0  -  Total Bytes Received By Job
	Partitionable Resources :    Usage  Request Allocated 
	   Cpus                 :     1.06        6         6 
	   Disk (KB)            :     1           1     26420 
	   Memory (MB)          :   881        2048      2048 

	Job terminated of its own accord at 2026-05-08T03:59:14Z with exit-code 0.
...
