000 (45926342.002.000) 2026-05-07 23:24:38 Job submitted from host: <10.5.0.107:9618?addrs=10.5.0.107-9618&alias=sugwg-login.syr.edu&noUDP&sock=schedd_1361_1c7c>
...
001 (45926342.002.000) 2026-05-07 23:25:05 Job executing on host: <10.5.68.2:9618?addrs=10.5.68.2-9618&alias=AS-CSD1209F-S1-its-u20-nfs-20210413&noUDP&sock=startd_873_6244>
...
006 (45926342.002.000) 2026-05-07 23:25:13 Image size of job updated: 106492
	104  -  MemoryUsage of job (MB)
	106492  -  ResidentSetSize of job (KB)
...
006 (45926342.002.000) 2026-05-07 23:30:13 Image size of job updated: 1614336
	358  -  MemoryUsage of job (MB)
	366204  -  ResidentSetSize of job (KB)
...
006 (45926342.002.000) 2026-05-07 23:35:13 Image size of job updated: 1614336
	418  -  MemoryUsage of job (MB)
	427316  -  ResidentSetSize of job (KB)
...
006 (45926342.002.000) 2026-05-07 23:40:14 Image size of job updated: 1620676
	424  -  MemoryUsage of job (MB)
	433256  -  ResidentSetSize of job (KB)
...
005 (45926342.002.000) 2026-05-07 23:44:23 Job terminated.
	(1) Normal termination (return value 0)
		Usr 0 00:24:17, Sys 0 00:01:06  -  Run Remote Usage
		Usr 0 00:00:00, Sys 0 00:00:00  -  Run Local Usage
		Usr 0 00:24:17, Sys 0 00:01:06  -  Total Remote Usage
		Usr 0 00:00:00, Sys 0 00:00:00  -  Total Local Usage
	0  -  Run Bytes Sent By Job
	0  -  Run Bytes Received By Job
	0  -  Total Bytes Sent By Job
	0  -  Total Bytes Received By Job
	Partitionable Resources :    Usage  Request Allocated 
	   Cpus                 :     1.26        6         6 
	   Disk (KB)            :     1           1     31084 
	   Memory (MB)          :   424        2048      2048 

	Job terminated of its own accord at 2026-05-08T03:44:23Z with exit-code 0.
...
