000 (45926342.006.000) 2026-05-07 23:24:38 Job submitted from host: <10.5.0.107:9618?addrs=10.5.0.107-9618&alias=sugwg-login.syr.edu&noUDP&sock=schedd_1361_1c7c>
...
001 (45926342.006.000) 2026-05-07 23:25:05 Job executing on host: <10.5.24.3:9618?addrs=10.5.24.3-9618&alias=AS-TOLLEY-304-S1-its-u20-nfs-20210413&noUDP&sock=startd_870_537c>
...
006 (45926342.006.000) 2026-05-07 23:25:13 Image size of job updated: 45168
	44  -  MemoryUsage of job (MB)
	45036  -  ResidentSetSize of job (KB)
...
006 (45926342.006.000) 2026-05-07 23:30:13 Image size of job updated: 1145292
	402  -  MemoryUsage of job (MB)
	411104  -  ResidentSetSize of job (KB)
...
006 (45926342.006.000) 2026-05-07 23:35:14 Image size of job updated: 1548760
	402  -  MemoryUsage of job (MB)
	411632  -  ResidentSetSize of job (KB)
...
006 (45926342.006.000) 2026-05-07 23:40:15 Image size of job updated: 1552344
	856  -  MemoryUsage of job (MB)
	876036  -  ResidentSetSize of job (KB)
...
005 (45926342.006.000) 2026-05-07 23:54:12 Job terminated.
	(1) Normal termination (return value 0)
		Usr 0 00:34:04, Sys 0 00:01:04  -  Run Remote Usage
		Usr 0 00:00:00, Sys 0 00:00:00  -  Run Local Usage
		Usr 0 00:34:04, Sys 0 00:01:04  -  Total Remote Usage
		Usr 0 00:00:00, Sys 0 00:00:00  -  Total Local Usage
	0  -  Run Bytes Sent By Job
	0  -  Run Bytes Received By Job
	0  -  Total Bytes Sent By Job
	0  -  Total Bytes Received By Job
	Partitionable Resources :    Usage  Request Allocated 
	   Cpus                 :     1.26        6         6 
	   Disk (KB)            :     1           1     31084 
	   Memory (MB)          :   856        2048      2048 

	Job terminated of its own accord at 2026-05-08T03:54:12Z with exit-code 0.
...
