000 (45926342.001.000) 2026-05-07 23:24:38 Job submitted from host: <10.5.0.107:9618?addrs=10.5.0.107-9618&alias=sugwg-login.syr.edu&noUDP&sock=schedd_1361_1c7c>
...
001 (45926342.001.000) 2026-05-07 23:25:05 Job executing on host: <10.5.49.3:9618?addrs=10.5.49.3-9618&alias=LIB-SCRCDESK-S1-its-u20-nfs-20210413&noUDP&sock=startd_891_baf9>
...
006 (45926342.001.000) 2026-05-07 23:25:13 Image size of job updated: 145028
	142  -  MemoryUsage of job (MB)
	145028  -  ResidentSetSize of job (KB)
...
006 (45926342.001.000) 2026-05-07 23:30:13 Image size of job updated: 1557924
	267  -  MemoryUsage of job (MB)
	272408  -  ResidentSetSize of job (KB)
...
006 (45926342.001.000) 2026-05-07 23:35:13 Image size of job updated: 1557924
	341  -  MemoryUsage of job (MB)
	348476  -  ResidentSetSize of job (KB)
...
006 (45926342.001.000) 2026-05-07 23:40:14 Image size of job updated: 1605168
	797  -  MemoryUsage of job (MB)
	815480  -  ResidentSetSize of job (KB)
...
006 (45926342.001.000) 2026-05-07 23:43:45 Image size of job updated: 1621412
	797  -  MemoryUsage of job (MB)
	815480  -  ResidentSetSize of job (KB)
...
005 (45926342.001.000) 2026-05-07 23:43:45 Job terminated.
	(1) Normal termination (return value 0)
		Usr 0 00:23:48, Sys 0 00:01:01  -  Run Remote Usage
		Usr 0 00:00:00, Sys 0 00:00:00  -  Run Local Usage
		Usr 0 00:23:48, Sys 0 00:01:01  -  Total Remote Usage
		Usr 0 00:00:00, Sys 0 00:00:00  -  Total Local Usage
	0  -  Run Bytes Sent By Job
	0  -  Run Bytes Received By Job
	0  -  Total Bytes Sent By Job
	0  -  Total Bytes Received By Job
	Partitionable Resources :    Usage  Request Allocated 
	   Cpus                 :     1.31        6         6 
	   Disk (KB)            :     1           1     31084 
	   Memory (MB)          :   797        2048      2048 

	Job terminated of its own accord at 2026-05-08T03:43:45Z with exit-code 0.
...
