000 (45926355.009.000) 2026-05-07 23:32:01 Job submitted from host: <10.5.0.107:9618?addrs=10.5.0.107-9618&alias=sugwg-login.syr.edu&noUDP&sock=schedd_1361_1c7c>
...
001 (45926355.009.000) 2026-05-07 23:32:24 Job executing on host: <10.5.210.156:9618?addrs=10.5.210.156-9618&alias=OG-NODE-10-5-210-156&noUDP&sock=startd_1230_4194>
...
006 (45926355.009.000) 2026-05-07 23:32:33 Image size of job updated: 127692
	77  -  MemoryUsage of job (MB)
	78588  -  ResidentSetSize of job (KB)
...
006 (45926355.009.000) 2026-05-07 23:37:34 Image size of job updated: 1611660
	455  -  MemoryUsage of job (MB)
	465312  -  ResidentSetSize of job (KB)
...
006 (45926355.009.000) 2026-05-07 23:42:35 Image size of job updated: 1641872
	455  -  MemoryUsage of job (MB)
	465312  -  ResidentSetSize of job (KB)
...
006 (45926355.009.000) 2026-05-07 23:52:35 Image size of job updated: 1643984
	456  -  MemoryUsage of job (MB)
	466900  -  ResidentSetSize of job (KB)
...
006 (45926355.009.000) 2026-05-07 23:57:37 Image size of job updated: 1643984
	946  -  MemoryUsage of job (MB)
	968360  -  ResidentSetSize of job (KB)
...
006 (45926355.009.000) 2026-05-08 00:07:37 Image size of job updated: 1650192
	946  -  MemoryUsage of job (MB)
	968360  -  ResidentSetSize of job (KB)
...
005 (45926355.009.000) 2026-05-08 00:14:24 Job terminated.
	(1) Normal termination (return value 0)
		Usr 0 00:39:35, Sys 0 00:03:52  -  Run Remote Usage
		Usr 0 00:00:00, Sys 0 00:00:00  -  Run Local Usage
		Usr 0 00:39:35, Sys 0 00:03:52  -  Total Remote Usage
		Usr 0 00:00:00, Sys 0 00:00:00  -  Total Local Usage
	0  -  Run Bytes Sent By Job
	0  -  Run Bytes Received By Job
	0  -  Total Bytes Sent By Job
	0  -  Total Bytes Received By Job
	Partitionable Resources :    Usage  Request Allocated 
	   Cpus                 :     1.05        6         6 
	   Disk (KB)            :     1           1     14084 
	   Memory (MB)          :   946        2048      2048 

	Job terminated of its own accord at 2026-05-08T04:14:24Z with exit-code 0.
...
