000 (45926355.000.000) 2026-05-07 23:32:01 Job submitted from host: <10.5.0.107:9618?addrs=10.5.0.107-9618&alias=sugwg-login.syr.edu&noUDP&sock=schedd_1361_1c7c>
...
001 (45926355.000.000) 2026-05-07 23:32:19 Job executing on host: <10.5.213.89:9618?addrs=10.5.213.89-9618&alias=OG-NODE-10-5-213-89&noUDP&sock=startd_1506_91b7>
...
006 (45926355.000.000) 2026-05-07 23:32:27 Image size of job updated: 158412
	155  -  MemoryUsage of job (MB)
	158412  -  ResidentSetSize of job (KB)
...
006 (45926355.000.000) 2026-05-07 23:37:27 Image size of job updated: 1577584
	346  -  MemoryUsage of job (MB)
	353660  -  ResidentSetSize of job (KB)
...
006 (45926355.000.000) 2026-05-07 23:47:28 Image size of job updated: 1610356
	346  -  MemoryUsage of job (MB)
	353660  -  ResidentSetSize of job (KB)
...
006 (45926355.000.000) 2026-05-07 23:52:29 Image size of job updated: 1610356
	426  -  MemoryUsage of job (MB)
	435952  -  ResidentSetSize of job (KB)
...
006 (45926355.000.000) 2026-05-07 23:57:29 Image size of job updated: 1618676
	841  -  MemoryUsage of job (MB)
	860752  -  ResidentSetSize of job (KB)
...
005 (45926355.000.000) 2026-05-08 00:04:10 Job terminated.
	(1) Normal termination (return value 0)
		Usr 0 00:29:56, Sys 0 00:02:56  -  Run Remote Usage
		Usr 0 00:00:00, Sys 0 00:00:00  -  Run Local Usage
		Usr 0 00:29:56, Sys 0 00:02:56  -  Total Remote Usage
		Usr 0 00:00:00, Sys 0 00:00:00  -  Total Local Usage
	0  -  Run Bytes Sent By Job
	0  -  Run Bytes Received By Job
	0  -  Total Bytes Sent By Job
	0  -  Total Bytes Received By Job
	Partitionable Resources :    Usage  Request Allocated 
	   Cpus                 :     1.07        6         6 
	   Disk (KB)            :     1           1     19178 
	   Memory (MB)          :   841        2048      2048 

	Job terminated of its own accord at 2026-05-08T04:04:10Z with exit-code 0.
...
