000 (45926355.008.000) 2026-05-07 23:32:01 Job submitted from host: <10.5.0.107:9618?addrs=10.5.0.107-9618&alias=sugwg-login.syr.edu&noUDP&sock=schedd_1361_1c7c>
...
001 (45926355.008.000) 2026-05-07 23:32:24 Job executing on host: <10.5.231.144:9618?addrs=10.5.231.144-9618&alias=OG-NODE-10-5-231-144&noUDP&sock=startd_1229_91fc>
...
006 (45926355.008.000) 2026-05-07 23:32:32 Image size of job updated: 358380
	39  -  MemoryUsage of job (MB)
	39772  -  ResidentSetSize of job (KB)
...
006 (45926355.008.000) 2026-05-07 23:37:32 Image size of job updated: 1551184
	394  -  MemoryUsage of job (MB)
	402768  -  ResidentSetSize of job (KB)
...
006 (45926355.008.000) 2026-05-07 23:42:33 Image size of job updated: 1618256
	446  -  MemoryUsage of job (MB)
	456308  -  ResidentSetSize of job (KB)
...
006 (45926355.008.000) 2026-05-07 23:47:33 Image size of job updated: 1647956
	448  -  MemoryUsage of job (MB)
	458156  -  ResidentSetSize of job (KB)
...
006 (45926355.008.000) 2026-05-08 00:12:36 Image size of job updated: 1647956
	545  -  MemoryUsage of job (MB)
	557608  -  ResidentSetSize of job (KB)
...
006 (45926355.008.000) 2026-05-08 00:17:37 Image size of job updated: 1647956
	551  -  MemoryUsage of job (MB)
	563680  -  ResidentSetSize of job (KB)
...
005 (45926355.008.000) 2026-05-08 00:30:59 Job terminated.
	(1) Normal termination (return value 0)
		Usr 0 00:54:30, Sys 0 00:05:12  -  Run Remote Usage
		Usr 0 00:00:00, Sys 0 00:00:00  -  Run Local Usage
		Usr 0 00:54:30, Sys 0 00:05:12  -  Total Remote Usage
		Usr 0 00:00:00, Sys 0 00:00:00  -  Total Local Usage
	0  -  Run Bytes Sent By Job
	0  -  Run Bytes Received By Job
	0  -  Total Bytes Sent By Job
	0  -  Total Bytes Received By Job
	Partitionable Resources :    Usage  Request Allocated 
	   Cpus                 :     1.04        6         6 
	   Disk (KB)            :     1           1     13982 
	   Memory (MB)          :   551        2048      2048 

	Job terminated of its own accord at 2026-05-08T04:30:59Z with exit-code 0.
...
