000 (45926355.005.000) 2026-05-07 23:32:01 Job submitted from host: <10.5.0.107:9618?addrs=10.5.0.107-9618&alias=sugwg-login.syr.edu&noUDP&sock=schedd_1361_1c7c>
...
001 (45926355.005.000) 2026-05-07 23:32:24 Job executing on host: <10.5.200.178:9618?addrs=10.5.200.178-9618&alias=OG-NODE-10-5-200-178&noUDP&sock=startd_1243_2c4f>
...
006 (45926355.005.000) 2026-05-07 23:32:32 Image size of job updated: 340340
	53  -  MemoryUsage of job (MB)
	53576  -  ResidentSetSize of job (KB)
...
006 (45926355.005.000) 2026-05-07 23:37:32 Image size of job updated: 1520976
	242  -  MemoryUsage of job (MB)
	247104  -  ResidentSetSize of job (KB)
...
006 (45926355.005.000) 2026-05-07 23:42:33 Image size of job updated: 1559888
	242  -  MemoryUsage of job (MB)
	247104  -  ResidentSetSize of job (KB)
...
006 (45926355.005.000) 2026-05-07 23:47:34 Image size of job updated: 1559888
	325  -  MemoryUsage of job (MB)
	332144  -  ResidentSetSize of job (KB)
...
006 (45926355.005.000) 2026-05-07 23:52:34 Image size of job updated: 1559888
	761  -  MemoryUsage of job (MB)
	779124  -  ResidentSetSize of job (KB)
...
006 (45926355.005.000) 2026-05-07 23:57:35 Image size of job updated: 1621332
	761  -  MemoryUsage of job (MB)
	779124  -  ResidentSetSize of job (KB)
...
006 (45926355.005.000) 2026-05-08 00:07:36 Image size of job updated: 1621332
	863  -  MemoryUsage of job (MB)
	883148  -  ResidentSetSize of job (KB)
...
005 (45926355.005.000) 2026-05-08 00:24:30 Job terminated.
	(1) Normal termination (return value 0)
		Usr 0 00:49:30, Sys 0 00:03:47  -  Run Remote Usage
		Usr 0 00:00:00, Sys 0 00:00:00  -  Run Local Usage
		Usr 0 00:49:30, Sys 0 00:03:47  -  Total Remote Usage
		Usr 0 00:00:00, Sys 0 00:00:00  -  Total Local Usage
	0  -  Run Bytes Sent By Job
	0  -  Run Bytes Received By Job
	0  -  Total Bytes Sent By Job
	0  -  Total Bytes Received By Job
	Partitionable Resources :    Usage  Request Allocated 
	   Cpus                 :     1.04        6         6 
	   Disk (KB)            :     1           1     14360 
	   Memory (MB)          :   863        2048      2048 

	Job terminated of its own accord at 2026-05-08T04:24:30Z with exit-code 0.
...
