000 (45926355.003.000) 2026-05-07 23:32:01 Job submitted from host: <10.5.0.107:9618?addrs=10.5.0.107-9618&alias=sugwg-login.syr.edu&noUDP&sock=schedd_1361_1c7c>
...
001 (45926355.003.000) 2026-05-07 23:32:24 Job executing on host: <10.5.199.126:9618?addrs=10.5.199.126-9618&alias=OG-NODE-10-5-199-126&noUDP&sock=startd_1505_e21f>
...
006 (45926355.003.000) 2026-05-07 23:32:32 Image size of job updated: 355884
	37  -  MemoryUsage of job (MB)
	37316  -  ResidentSetSize of job (KB)
...
006 (45926355.003.000) 2026-05-07 23:37:32 Image size of job updated: 1639292
	262  -  MemoryUsage of job (MB)
	268124  -  ResidentSetSize of job (KB)
...
006 (45926355.003.000) 2026-05-07 23:47:33 Image size of job updated: 1639292
	384  -  MemoryUsage of job (MB)
	392480  -  ResidentSetSize of job (KB)
...
006 (45926355.003.000) 2026-05-08 00:02:35 Image size of job updated: 1639292
	689  -  MemoryUsage of job (MB)
	705364  -  ResidentSetSize of job (KB)
...
005 (45926355.003.000) 2026-05-08 00:10:25 Job terminated.
	(1) Normal termination (return value 0)
		Usr 0 00:35:25, Sys 0 00:03:26  -  Run Remote Usage
		Usr 0 00:00:00, Sys 0 00:00:00  -  Run Local Usage
		Usr 0 00:35:25, Sys 0 00:03:26  -  Total Remote Usage
		Usr 0 00:00:00, Sys 0 00:00:00  -  Total Local Usage
	0  -  Run Bytes Sent By Job
	0  -  Run Bytes Received By Job
	0  -  Total Bytes Sent By Job
	0  -  Total Bytes Received By Job
	Partitionable Resources :    Usage  Request Allocated 
	   Cpus                 :     1.04        6         6 
	   Disk (KB)            :     1           1     17517 
	   Memory (MB)          :   689        2048      2048 

	Job terminated of its own accord at 2026-05-08T04:10:25Z with exit-code 0.
...
