000 (45926355.004.000) 2026-05-07 23:32:01 Job submitted from host: <10.5.0.107:9618?addrs=10.5.0.107-9618&alias=sugwg-login.syr.edu&noUDP&sock=schedd_1361_1c7c>
...
001 (45926355.004.000) 2026-05-07 23:32:24 Job executing on host: <10.5.165.114:9618?addrs=10.5.165.114-9618&alias=OG-NODE-10-5-165-114&noUDP&sock=startd_1231_f12c>
...
006 (45926355.004.000) 2026-05-07 23:32:32 Image size of job updated: 78876
	49  -  MemoryUsage of job (MB)
	49308  -  ResidentSetSize of job (KB)
...
006 (45926355.004.000) 2026-05-07 23:37:32 Image size of job updated: 1659760
	440  -  MemoryUsage of job (MB)
	449656  -  ResidentSetSize of job (KB)
...
006 (45926355.004.000) 2026-05-07 23:42:33 Image size of job updated: 1659760
	491  -  MemoryUsage of job (MB)
	502740  -  ResidentSetSize of job (KB)
...
006 (45926355.004.000) 2026-05-07 23:57:34 Image size of job updated: 1659760
	934  -  MemoryUsage of job (MB)
	956064  -  ResidentSetSize of job (KB)
...
006 (45926355.004.000) 2026-05-08 00:02:35 Image size of job updated: 1659760
	937  -  MemoryUsage of job (MB)
	958704  -  ResidentSetSize of job (KB)
...
005 (45926355.004.000) 2026-05-08 00:26:08 Job terminated.
	(1) Normal termination (return value 0)
		Usr 0 00:50:49, Sys 0 00:04:09  -  Run Remote Usage
		Usr 0 00:00:00, Sys 0 00:00:00  -  Run Local Usage
		Usr 0 00:50:49, Sys 0 00:04:09  -  Total Remote Usage
		Usr 0 00:00:00, Sys 0 00:00:00  -  Total Local Usage
	0  -  Run Bytes Sent By Job
	0  -  Run Bytes Received By Job
	0  -  Total Bytes Sent By Job
	0  -  Total Bytes Received By Job
	Partitionable Resources :    Usage  Request Allocated 
	   Cpus                 :     1.06        6         6 
	   Disk (KB)            :     1           1     22594 
	   Memory (MB)          :   937        2048      2048 

	Job terminated of its own accord at 2026-05-08T04:26:08Z with exit-code 0.
...
