000 (45926355.002.000) 2026-05-07 23:32:01 Job submitted from host: <10.5.0.107:9618?addrs=10.5.0.107-9618&alias=sugwg-login.syr.edu&noUDP&sock=schedd_1361_1c7c>
...
001 (45926355.002.000) 2026-05-07 23:32:29 Job executing on host: <10.5.227.231:9618?addrs=10.5.227.231-9618&alias=CRUSH-OG-10-5-227-231&noUDP&sock=startd_1520_2c0b>
...
006 (45926355.002.000) 2026-05-07 23:32:38 Image size of job updated: 93776
	62  -  MemoryUsage of job (MB)
	62624  -  ResidentSetSize of job (KB)
...
006 (45926355.002.000) 2026-05-07 23:37:39 Image size of job updated: 1557968
	232  -  MemoryUsage of job (MB)
	236568  -  ResidentSetSize of job (KB)
...
006 (45926355.002.000) 2026-05-07 23:42:40 Image size of job updated: 1621456
	257  -  MemoryUsage of job (MB)
	263164  -  ResidentSetSize of job (KB)
...
006 (45926355.002.000) 2026-05-07 23:47:40 Image size of job updated: 1621456
	405  -  MemoryUsage of job (MB)
	413780  -  ResidentSetSize of job (KB)
...
006 (45926355.002.000) 2026-05-07 23:52:40 Image size of job updated: 1621456
	406  -  MemoryUsage of job (MB)
	415364  -  ResidentSetSize of job (KB)
...
006 (45926355.002.000) 2026-05-08 00:02:42 Image size of job updated: 1621456
	477  -  MemoryUsage of job (MB)
	488396  -  ResidentSetSize of job (KB)
...
005 (45926355.002.000) 2026-05-08 00:05:55 Job terminated.
	(1) Normal termination (return value 0)
		Usr 0 00:31:24, Sys 0 00:03:01  -  Run Remote Usage
		Usr 0 00:00:00, Sys 0 00:00:00  -  Run Local Usage
		Usr 0 00:31:24, Sys 0 00:03:01  -  Total Remote Usage
		Usr 0 00:00:00, Sys 0 00:00:00  -  Total Local Usage
	0  -  Run Bytes Sent By Job
	0  -  Run Bytes Received By Job
	0  -  Total Bytes Sent By Job
	0  -  Total Bytes Received By Job
	Partitionable Resources :    Usage  Request Allocated 
	   Cpus                 :     1.05        6         6 
	   Disk (KB)            :     1           1     27298 
	   Memory (MB)          :   477        2048      2048 

	Job terminated of its own accord at 2026-05-08T04:05:55Z with exit-code 0.
...
