using all peaks
using numerical
time : 0.014735252596437931
abserror : 5.99368146302818e-09
using all peaks
using numerical
time : 0.02268407680094242
abserror : 0.0
using all peaks
using numerical
time : 0.007632424123585224
abserror : 8.25070275196503e-12
using all peaks
using numerical
time : 0.006326518952846527
abserror : 7.099509194906222e-11
using all peaks
using numerical
time : 0.011951534077525139
abserror : 3.1280081732098278e-09
using all peaks
using numerical
time : 0.00777342077344656
abserror : 8.820103012752503e-09
using all peaks
using numerical
time : 0.007202919572591782
abserror : 6.8788031998491306e-09
using all peaks
using numerical
time : 0.009766625240445137
abserror : 1.9352478390212793e-10
using all peaks
using numerical
time : 0.008760822005569935
abserror : 9.681451502848157e-09
using all peaks
using numerical
time : 0.006254714913666248
abserror : 8.028565667021302e-10
using all peaks
using numerical
time : 0.0077161164954304695
abserror : 2.5973146541021163e-09
using all peaks
using numerical
time : 0.006056814454495907
abserror : 1.4652164048000831e-08
using all peaks
using numerical
time : 0.008107217028737068
abserror : 1.3100490659955868e-08
using all peaks
using numerical
time : 0.008161317557096481
abserror : 1.234983387540161e-08
using all peaks
using numerical
time : 0.01482763048261404
abserror : 2.8413982984086815e-09
using all peaks
using numerical
time : 0.008004316128790379
abserror : 3.83764149196725e-09
using all peaks
using numerical
time : 0.008477016352117062
abserror : 1.9321093428443596e-11
using all peaks
using numerical
time : 0.012343724258244038
abserror : 1.5501610997247878e-09
using all peaks
using numerical
time : 0.013920227065682411
abserror : 1.645290979703591e-09
using all peaks
using numerical
time : 0.008488315157592297
abserror : 2.2471716005470661e-10
using all peaks
using numerical
time : 0.012020021677017212
abserror : 1.1013827610409055e-09
using all peaks
using numerical
time : 0.010372218675911427
abserror : 1.466355890325134e-08
using all peaks
using numerical
time : 0.0010764021426439285
abserror : 1.6570251036096897e-10
using all peaks
using numerical
time : 0.008346814662218094
abserror : 1.4308299985479368e-08
using all peaks
using numerical
time : 0.015424927696585655
abserror : 6.160783211904752e-13
using all peaks
using numerical
time : 0.010983618907630444
abserror : 5.5132202118398515e-09
using all peaks
using numerical
time : 0.009903016500175
abserror : 4.831474778536461e-11
using all peaks
using numerical
time : 0.011875220574438572
abserror : 1.0580090230646928e-08
using all peaks
using numerical
time : 0.01133641880005598
abserror : 1.0051115180567329e-10
using all peaks
using numerical
time : 0.010290717706084251
abserror : 4.068126214139287e-09
using all peaks
using numerical
time : 0.012081019580364227
abserror : 1.1664473361692328e-08
using all peaks
using numerical
time : 0.008990115486085415
abserror : 4.2249296621380497e-11
using all peaks
using numerical
time : 0.009456215426325798
abserror : 3.2448962211872424e-11
using all peaks
using numerical
time : 0.009337704628705978
abserror : 4.38595510412523e-10
using all peaks
using numerical
time : 0.008713504299521446
abserror : 5.605065858999459e-09
using all peaks
using numerical
time : 0.0191666129976511
abserror : 4.207393305494796e-10
using all peaks
using numerical
time : 0.010534207336604595
abserror : 1.768286290187636e-11
using all peaks
using numerical
time : 0.00968080759048462
abserror : 1.1244621548125549e-10
using all peaks
using numerical
time : 0.007857207208871841
abserror : 9.997711900724314e-09
using all peaks
using numerical
time : 0.008187907747924328
abserror : 2.9392614817163336e-09
using all peaks
using numerical
time : 0.011601611971855164
abserror : 6.108796638932695e-11
using all peaks
using numerical
time : 0.007737407460808754
abserror : 2.79200858620394e-10
using all peaks
using numerical
time : 0.008288809098303318
abserror : 4.388726511980051e-09
using all peaks
using numerical
time : 0.007280508987605572
abserror : 1.0816036415464692e-08
using all peaks
using numerical
time : 0.008702410385012627
abserror : 1.6214464923643687e-09
using all peaks
using numerical
time : 0.01042571198195219
abserror : 4.497390857193507e-13
using all peaks
using numerical
time : 0.010104912333190441
abserror : 8.171564999702862e-11
using all peaks
using numerical
time : 0.007965410128235817
abserror : 1.9911462128348236e-09
using all peaks
using numerical
time : 0.010331313125789165
abserror : 6.371218396148807e-11
using all peaks
using numerical
time : 0.008593810722231865
abserror : 1.0282873701063618e-08
