using all peaks
using numerical
time : 0.0038079507648944855
abserror : 1.6053107484995166e-09
using all peaks
using numerical
time : 0.004711662419140339
abserror : 1.9625377725829835e-09
using all peaks
using numerical
time : 0.00847421120852232
abserror : 1.1275346492304374e-08
using all peaks
using numerical
time : 0.00449575949460268
abserror : 1.4470881525669669e-09
using all peaks
using numerical
time : 0.006988891400396824
abserror : 1.904680564434771e-10
using all peaks
using numerical
time : 0.008732114918529987
abserror : 8.725204558570761e-09
using all peaks
using numerical
time : 0.00477216299623251
abserror : 1.1186795393987559e-08
using all peaks
using numerical
time : 0.010452037677168846
abserror : 5.512206521393178e-09
using all peaks
using numerical
time : 0.0012301160022616386
abserror : 6.6717164652255536e-15
using all peaks
using numerical
time : 0.0037422487512230873
abserror : 1.0537132556757045e-08
using all peaks
using numerical
time : 0.003102140501141548
abserror : 1.3045923279457724e-11
using all peaks
using numerical
time : 0.005828477442264557
abserror : 9.635453704526955e-09
using all peaks
using numerical
time : 0.005691775120794773
abserror : 8.972818876212821e-10
using all peaks
using numerical
time : 0.010127333924174309
abserror : 7.072747496058634e-13
using all peaks
using numerical
time : 0.003822050988674164
abserror : 7.333816853488528e-11
using all peaks
using numerical
time : 0.004501258954405785
abserror : 2.646576603535176e-09
using all peaks
using numerical
time : 0.0036241477355360985
abserror : 9.012465080800073e-09
using all peaks
using numerical
time : 0.00880331639200449
abserror : 9.67234312309531e-10
using all peaks
using numerical
time : 0.0032306434586644173
abserror : 4.98115186597925e-09
using all peaks
using numerical
time : 0.0012068161740899086
abserror : 5.93121453793216e-10
using all peaks
using numerical
time : 0.004458959214389324
abserror : 2.2207119794880695e-10
using all peaks
using numerical
time : 0.004471259191632271
abserror : 1.2440844918532337e-10
using all peaks
using numerical
time : 0.008190908469259739
abserror : 5.172428142247225e-11
using all peaks
using numerical
time : 0.0058417776599526405
abserror : 3.9257324959427e-09
using all peaks
using numerical
time : 0.005119067616760731
abserror : 7.3857484779414075e-09
using all peaks
using numerical
time : 0.0044636595994234085
abserror : 1.2712179764833192e-08
using all peaks
using numerical
time : 0.004632260650396347
abserror : 6.506968766117726e-09
using all peaks
using numerical
time : 0.003232942894101143
abserror : 7.075204360085301e-10
using all peaks
using numerical
time : 0.004315156489610672
abserror : 1.1300286522775487e-08
using all peaks
using numerical
time : 0.004903565160930157
abserror : 6.058808414185883e-10
using all peaks
using numerical
time : 0.007757903076708317
abserror : 2.50950830512234e-09
using all peaks
using numerical
time : 0.00443645566701889
abserror : 1.112174057050607e-08
using all peaks
using numerical
time : 0.004702857695519924
abserror : 6.056405361630842e-11
using all peaks
using numerical
time : 0.006323280744254589
abserror : 1.13339518756972e-12
using all peaks
using numerical
time : 0.0045813582837581635
abserror : 1.4135944136092304e-11
using all peaks
using numerical
time : 0.000668007880449295
abserror : 0.0
using all peaks
using numerical
time : 0.004429256543517113
abserror : 7.992999061661756e-11
using all peaks
using numerical
time : 0.005220665596425533
abserror : 1.403779561163506e-09
using all peaks
using numerical
time : 0.004529858008027077
abserror : 6.649081158144709e-10
using all peaks
using numerical
time : 0.004243853501975536
abserror : 3.7861556773845677e-10
using all peaks
using numerical
time : 0.005409670062363148
abserror : 3.402518712692588e-12
using all peaks
using numerical
time : 0.01531169656664133
abserror : 2.684335524001286e-10
using all peaks
using numerical
time : 0.004396956413984299
abserror : 8.276227738100107e-14
using all peaks
using numerical
time : 0.005695773288607597
abserror : 1.2534419938480412e-08
using all peaks
using numerical
time : 0.0057833753526210785
abserror : 9.581749613914712e-10
using all peaks
using numerical
time : 0.00522976741194725
abserror : 1.4853256799791282e-09
using all peaks
using numerical
time : 0.00435915682464838
abserror : 2.1975562700914718e-10
using all peaks
using numerical
time : 0.0051331669092178345
abserror : 1.1223698333169363e-08
using all peaks
using numerical
time : 0.003127041272819042
abserror : 1.0230351760339134e-08
using all peaks
using numerical
time : 0.004713862203061581
abserror : 1.094367990022595e-10
