using all peaks
using numerical
time : 0.005842816084623337
abserror : 1.3026859586772803e-09
using all peaks
using numerical
time : 0.004985098727047443
abserror : 7.856391815500296e-09
using all peaks
using numerical
time : 0.0047337934374809265
abserror : 1.230202897519456e-12
using all peaks
using numerical
time : 0.003725173883140087
abserror : 8.738531423749844e-09
using all peaks
using numerical
time : 0.00627642497420311
abserror : 2.397332622866662e-09
using all peaks
using numerical
time : 0.006713232956826687
abserror : 1.0004662475664144e-11
using all peaks
using numerical
time : 0.005497208796441555
abserror : 4.996099490366738e-09
using all peaks
using numerical
time : 0.004437588155269623
abserror : 3.565721850163489e-09
using all peaks
using numerical
time : 0.0044700875878334045
abserror : 7.863400532777587e-09
using all peaks
using numerical
time : 0.0013046255335211754
abserror : 1.3326012987318822e-10
using all peaks
using numerical
time : 0.0055018095299601555
abserror : 8.259190342190269e-11
using all peaks
using numerical
time : 0.004120882600545883
abserror : 1.2461905007506997e-08
using all peaks
using numerical
time : 0.0005794120952486992
abserror : 1.3565607193923868e-09
using all peaks
using numerical
time : 0.004612091928720474
abserror : 3.7163919487663362e-09
using all peaks
using numerical
time : 0.004046780057251453
abserror : 2.780234260213899e-10
using all peaks
using numerical
time : 0.0053820060566067696
abserror : 1.4830610306983504e-10
using all peaks
using numerical
time : 0.0055163102224469185
abserror : 6.006612513691049e-10
using all peaks
using numerical
time : 0.003945677541196346
abserror : 5.376230531522752e-09
using all peaks
using numerical
time : 0.004776695743203163
abserror : 7.534926889729116e-10
using all peaks
using numerical
time : 0.00463769119232893
abserror : 9.51843335267928e-09
using all peaks
using numerical
time : 0.0055501097813248634
abserror : 1.266978008811426e-09
using all peaks
using numerical
time : 0.0006912136450409889
abserror : 0.0
using all peaks
using numerical
time : 0.005443999543786049
abserror : 7.811008542054697e-09
using all peaks
using numerical
time : 0.00437048077583313
abserror : 7.875500314978547e-09
using all peaks
using numerical
time : 0.005476502701640129
abserror : 1.2106677696379492e-08
using all peaks
using numerical
time : 0.006123614497482777
abserror : 1.0622928575094084e-09
using all peaks
using numerical
time : 0.004696289077401161
abserror : 2.6717221566597062e-11
using all peaks
using numerical
time : 0.0054597025737166405
abserror : 3.735997554395546e-09
using all peaks
using numerical
time : 0.004158679395914078
abserror : 3.622308722233108e-10
using all peaks
using numerical
time : 0.004444784484803677
abserror : 9.025152933079099e-09
using all peaks
using numerical
time : 0.005446704104542732
abserror : 2.461628824296796e-14
using all peaks
using numerical
time : 0.005797510035336018
abserror : 3.6847889791995428e-09
using all peaks
using numerical
time : 0.0006887130439281464
abserror : 2.7498110956517555e-11
using all peaks
using numerical
time : 0.004579287022352219
abserror : 5.714312371375707e-09
using all peaks
using numerical
time : 0.0051022982224822044
abserror : 1.3925321847953538e-08
using all peaks
using numerical
time : 0.006014415994286537
abserror : 4.812095045298347e-11
using all peaks
using numerical
time : 0.005447604693472385
abserror : 3.279564250721561e-11
using all peaks
using numerical
time : 0.002048339694738388
abserror : 3.0589369717696997e-09
using all peaks
using numerical
time : 0.004063578322529793
abserror : 1.2040448320798738e-09
using all peaks
using numerical
time : 0.0009094178676605225
abserror : 0.0
using all peaks
using numerical
time : 0.004046378657221794
abserror : 2.4790578939172005e-09
using all peaks
using numerical
time : 0.008113058283925056
abserror : 1.6568060083343118e-10
using all peaks
using numerical
time : 0.006340622901916504
abserror : 1.0056851072513628e-10
using all peaks
using numerical
time : 0.003462366759777069
abserror : 7.406160393297334e-09
using all peaks
using numerical
time : 0.005393804982304573
abserror : 8.705710923790198e-09
using all peaks
using numerical
time : 0.004148680716753006
abserror : 6.437299330305096e-09
using all peaks
using numerical
time : 0.004804293625056744
abserror : 1.890886102527525e-11
using all peaks
using numerical
time : 0.0040524788200855255
abserror : 1.2480202472173707e-09
using all peaks
using numerical
time : 0.005390104837715626
abserror : 2.231036940741142e-12
using all peaks
using numerical
time : 0.003484168089926243
abserror : 3.2800709045375403e-09
