000 (45926354.005.000) 2026-05-07 23:31:21 Job submitted from host: <10.5.0.107:9618?addrs=10.5.0.107-9618&alias=sugwg-login.syr.edu&noUDP&sock=schedd_1361_1c7c>
...
001 (45926354.005.000) 2026-05-07 23:31:43 Job executing on host: <10.5.200.38:9618?addrs=10.5.200.38-9618&alias=OG-NODE-10-5-200-38&noUDP&sock=startd_1499_c48e>
...
006 (45926354.005.000) 2026-05-07 23:31:51 Image size of job updated: 353408
	49  -  MemoryUsage of job (MB)
	49832  -  ResidentSetSize of job (KB)
...
006 (45926354.005.000) 2026-05-07 23:36:51 Image size of job updated: 1644432
	397  -  MemoryUsage of job (MB)
	406332  -  ResidentSetSize of job (KB)
...
006 (45926354.005.000) 2026-05-07 23:41:52 Image size of job updated: 1644432
	690  -  MemoryUsage of job (MB)
	706420  -  ResidentSetSize of job (KB)
...
005 (45926354.005.000) 2026-05-08 00:05:23 Job terminated.
	(1) Normal termination (return value 0)
		Usr 0 00:31:35, Sys 0 00:03:09  -  Run Remote Usage
		Usr 0 00:00:00, Sys 0 00:00:00  -  Run Local Usage
		Usr 0 00:31:35, Sys 0 00:03:09  -  Total Remote Usage
		Usr 0 00:00:00, Sys 0 00:00:00  -  Total Local Usage
	0  -  Run Bytes Sent By Job
	0  -  Run Bytes Received By Job
	0  -  Total Bytes Sent By Job
	0  -  Total Bytes Received By Job
	Partitionable Resources :    Usage  Request Allocated 
	   Cpus                 :     1.05        6         6 
	   Disk (KB)            :     1           1     16062 
	   Memory (MB)          :   690        2048      2048 

	Job terminated of its own accord at 2026-05-08T04:05:23Z with exit-code 0.
...
