000 (45926354.008.000) 2026-05-07 23:31:21 Job submitted from host: <10.5.0.107:9618?addrs=10.5.0.107-9618&alias=sugwg-login.syr.edu&noUDP&sock=schedd_1361_1c7c>
...
001 (45926354.008.000) 2026-05-07 23:31:48 Job executing on host: <10.5.185.243:9618?addrs=10.5.185.243-9618&alias=CRUSH-OG-10-5-185-243&noUDP&sock=startd_1496601_61ee>
...
006 (45926354.008.000) 2026-05-07 23:31:56 Image size of job updated: 344236
	64  -  MemoryUsage of job (MB)
	64716  -  ResidentSetSize of job (KB)
...
006 (45926354.008.000) 2026-05-07 23:36:56 Image size of job updated: 1619164
	362  -  MemoryUsage of job (MB)
	370676  -  ResidentSetSize of job (KB)
...
006 (45926354.008.000) 2026-05-07 23:41:57 Image size of job updated: 1619164
	480  -  MemoryUsage of job (MB)
	491352  -  ResidentSetSize of job (KB)
...
006 (45926354.008.000) 2026-05-07 23:56:58 Image size of job updated: 1647840
	480  -  MemoryUsage of job (MB)
	491352  -  ResidentSetSize of job (KB)
...
005 (45926354.008.000) 2026-05-08 00:05:40 Job terminated.
	(1) Normal termination (return value 0)
		Usr 0 00:31:51, Sys 0 00:03:05  -  Run Remote Usage
		Usr 0 00:00:00, Sys 0 00:00:00  -  Run Local Usage
		Usr 0 00:31:51, Sys 0 00:03:05  -  Total Remote Usage
		Usr 0 00:00:00, Sys 0 00:00:00  -  Total Local Usage
	0  -  Run Bytes Sent By Job
	0  -  Run Bytes Received By Job
	0  -  Total Bytes Sent By Job
	0  -  Total Bytes Received By Job
	Partitionable Resources :    Usage  Request Allocated 
	   Cpus                 :     1.01        6         6 
	   Disk (KB)            :     1           1     27336 
	   Memory (MB)          :   480        2048      2048 

	Job terminated of its own accord at 2026-05-08T04:05:40Z with exit-code 0.
...
