000 (45926354.009.000) 2026-05-07 23:31:21 Job submitted from host: <10.5.0.107:9618?addrs=10.5.0.107-9618&alias=sugwg-login.syr.edu&noUDP&sock=schedd_1361_1c7c>
...
001 (45926354.009.000) 2026-05-07 23:31:48 Job executing on host: <10.5.206.196:9618?addrs=10.5.206.196-9618&alias=CRUSH-OG-10-5-206-196&noUDP&sock=startd_1233_505d>
...
006 (45926354.009.000) 2026-05-07 23:31:56 Image size of job updated: 229708
	158  -  MemoryUsage of job (MB)
	161596  -  ResidentSetSize of job (KB)
...
006 (45926354.009.000) 2026-05-07 23:36:56 Image size of job updated: 1608072
	757  -  MemoryUsage of job (MB)
	774924  -  ResidentSetSize of job (KB)
...
006 (45926354.009.000) 2026-05-07 23:41:57 Image size of job updated: 1612296
	763  -  MemoryUsage of job (MB)
	780336  -  ResidentSetSize of job (KB)
...
006 (45926354.009.000) 2026-05-07 23:55:42 Image size of job updated: 1616392
	763  -  MemoryUsage of job (MB)
	780336  -  ResidentSetSize of job (KB)
...
005 (45926354.009.000) 2026-05-07 23:55:42 Job terminated.
	(1) Normal termination (return value 0)
		Usr 0 00:21:51, Sys 0 00:03:03  -  Run Remote Usage
		Usr 0 00:00:00, Sys 0 00:00:00  -  Run Local Usage
		Usr 0 00:21:51, Sys 0 00:03:03  -  Total Remote Usage
		Usr 0 00:00:00, Sys 0 00:00:00  -  Total Local Usage
	0  -  Run Bytes Sent By Job
	0  -  Run Bytes Received By Job
	0  -  Total Bytes Sent By Job
	0  -  Total Bytes Received By Job
	Partitionable Resources :    Usage  Request Allocated 
	   Cpus                 :     1.05        6         6 
	   Disk (KB)            :     1           1     28418 
	   Memory (MB)          :   763        2048      2048 

	Job terminated of its own accord at 2026-05-08T03:55:42Z with exit-code 0.
...
