000 (45926354.007.000) 2026-05-07 23:31:21 Job submitted from host: <10.5.0.107:9618?addrs=10.5.0.107-9618&alias=sugwg-login.syr.edu&noUDP&sock=schedd_1361_1c7c>
...
001 (45926354.007.000) 2026-05-07 23:31:48 Job executing on host: <10.5.196.224:9618?addrs=10.5.196.224-9618&alias=CRUSH-OG-10-5-196-224&noUDP&sock=startd_3267697_ecd3>
...
006 (45926354.007.000) 2026-05-07 23:31:56 Image size of job updated: 124296
	77  -  MemoryUsage of job (MB)
	78228  -  ResidentSetSize of job (KB)
...
006 (45926354.007.000) 2026-05-07 23:36:56 Image size of job updated: 1582840
	350  -  MemoryUsage of job (MB)
	358276  -  ResidentSetSize of job (KB)
...
006 (45926354.007.000) 2026-05-07 23:41:57 Image size of job updated: 1582840
	520  -  MemoryUsage of job (MB)
	531868  -  ResidentSetSize of job (KB)
...
006 (45926354.007.000) 2026-05-07 23:46:57 Image size of job updated: 1607356
	553  -  MemoryUsage of job (MB)
	565892  -  ResidentSetSize of job (KB)
...
005 (45926354.007.000) 2026-05-08 00:05:49 Job terminated.
	(1) Normal termination (return value 0)
		Usr 0 00:32:05, Sys 0 00:03:05  -  Run Remote Usage
		Usr 0 00:00:00, Sys 0 00:00:00  -  Run Local Usage
		Usr 0 00:32:05, Sys 0 00:03:05  -  Total Remote Usage
		Usr 0 00:00:00, Sys 0 00:00:00  -  Total Local Usage
	0  -  Run Bytes Sent By Job
	0  -  Run Bytes Received By Job
	0  -  Total Bytes Sent By Job
	0  -  Total Bytes Received By Job
	Partitionable Resources :    Usage  Request Allocated 
	   Cpus                 :     1.05        6         6 
	   Disk (KB)            :     1           1     27254 
	   Memory (MB)          :   553        2048      2048 

	Job terminated of its own accord at 2026-05-08T04:05:49Z with exit-code 0.
...
