000 (45926354.004.000) 2026-05-07 23:31:21 Job submitted from host: <10.5.0.107:9618?addrs=10.5.0.107-9618&alias=sugwg-login.syr.edu&noUDP&sock=schedd_1361_1c7c>
...
001 (45926354.004.000) 2026-05-07 23:31:43 Job executing on host: <10.5.199.16:9618?addrs=10.5.199.16-9618&alias=OG-NODE-10-5-199-16&noUDP&sock=startd_1497_655d>
...
006 (45926354.004.000) 2026-05-07 23:31:51 Image size of job updated: 281364
	63  -  MemoryUsage of job (MB)
	63832  -  ResidentSetSize of job (KB)
...
006 (45926354.004.000) 2026-05-07 23:36:51 Image size of job updated: 1551276
	203  -  MemoryUsage of job (MB)
	207444  -  ResidentSetSize of job (KB)
...
006 (45926354.004.000) 2026-05-07 23:41:52 Image size of job updated: 1554860
	253  -  MemoryUsage of job (MB)
	258292  -  ResidentSetSize of job (KB)
...
006 (45926354.004.000) 2026-05-07 23:46:53 Image size of job updated: 1554860
	694  -  MemoryUsage of job (MB)
	710016  -  ResidentSetSize of job (KB)
...
006 (45926354.004.000) 2026-05-07 23:51:53 Image size of job updated: 1616304
	694  -  MemoryUsage of job (MB)
	710016  -  ResidentSetSize of job (KB)
...
005 (45926354.004.000) 2026-05-08 00:04:32 Job terminated.
	(1) Normal termination (return value 0)
		Usr 0 00:30:25, Sys 0 00:03:19  -  Run Remote Usage
		Usr 0 00:00:00, Sys 0 00:00:00  -  Run Local Usage
		Usr 0 00:30:25, Sys 0 00:03:19  -  Total Remote Usage
		Usr 0 00:00:00, Sys 0 00:00:00  -  Total Local Usage
	0  -  Run Bytes Sent By Job
	0  -  Run Bytes Received By Job
	0  -  Total Bytes Sent By Job
	0  -  Total Bytes Received By Job
	Partitionable Resources :    Usage  Request Allocated 
	   Cpus                 :     1.03        6         6 
	   Disk (KB)            :     1           1     11465 
	   Memory (MB)          :   694        2048      2048 

	Job terminated of its own accord at 2026-05-08T04:04:32Z with exit-code 0.
...
