000 (45924169.005.000) 2026-05-07 22:57:19 Job submitted from host: <10.5.0.107:9618?addrs=10.5.0.107-9618&alias=sugwg-login.syr.edu&noUDP&sock=schedd_1361_1c7c>
...
001 (45924169.005.000) 2026-05-07 22:57:29 Job executing on host: <10.5.216.160:9618?addrs=10.5.216.160-9618&alias=OG-NODE-10-5-216-160&noUDP&sock=startd_1497_655d>
...
006 (45924169.005.000) 2026-05-07 22:57:38 Image size of job updated: 146896
	93  -  MemoryUsage of job (MB)
	95152  -  ResidentSetSize of job (KB)
...
006 (45924169.005.000) 2026-05-07 23:02:39 Image size of job updated: 1588016
	260  -  MemoryUsage of job (MB)
	265948  -  ResidentSetSize of job (KB)
...
006 (45924169.005.000) 2026-05-07 23:17:40 Image size of job updated: 1592948
	417  -  MemoryUsage of job (MB)
	426564  -  ResidentSetSize of job (KB)
...
006 (45924169.005.000) 2026-05-07 23:22:40 Image size of job updated: 1646388
	417  -  MemoryUsage of job (MB)
	426564  -  ResidentSetSize of job (KB)
...
005 (45924169.005.000) 2026-05-07 23:25:53 Job terminated.
	(1) Normal termination (return value 0)
		Usr 0 00:27:09, Sys 0 00:02:54  -  Run Remote Usage
		Usr 0 00:00:00, Sys 0 00:00:00  -  Run Local Usage
		Usr 0 00:27:09, Sys 0 00:02:54  -  Total Remote Usage
		Usr 0 00:00:00, Sys 0 00:00:00  -  Total Local Usage
	0  -  Run Bytes Sent By Job
	0  -  Run Bytes Received By Job
	0  -  Total Bytes Sent By Job
	0  -  Total Bytes Received By Job
	Partitionable Resources :    Usage  Request Allocated 
	   Cpus                 :     1.10        6         6 
	   Disk (KB)            :     1           1     15613 
	   Memory (MB)          :   417        2048      2048 

	Job terminated of its own accord at 2026-05-08T03:25:53Z with exit-code 0.
...
