000 (45924169.009.000) 2026-05-07 22:57:19 Job submitted from host: <10.5.0.107:9618?addrs=10.5.0.107-9618&alias=sugwg-login.syr.edu&noUDP&sock=schedd_1361_1c7c>
...
001 (45924169.009.000) 2026-05-07 22:57:34 Job executing on host: <10.5.208.251:9618?addrs=10.5.208.251-9618&alias=CRUSH-OG-10-5-208-251&noUDP&sock=startd_1259_25d3>
...
006 (45924169.009.000) 2026-05-07 22:57:43 Image size of job updated: 89456
	57  -  MemoryUsage of job (MB)
	58304  -  ResidentSetSize of job (KB)
...
006 (45924169.009.000) 2026-05-07 23:02:43 Image size of job updated: 1513268
	386  -  MemoryUsage of job (MB)
	394976  -  ResidentSetSize of job (KB)
...
006 (45924169.009.000) 2026-05-07 23:07:43 Image size of job updated: 1604912
	386  -  MemoryUsage of job (MB)
	394976  -  ResidentSetSize of job (KB)
...
006 (45924169.009.000) 2026-05-07 23:17:45 Image size of job updated: 1604912
	442  -  MemoryUsage of job (MB)
	452204  -  ResidentSetSize of job (KB)
...
006 (45924169.009.000) 2026-05-07 23:22:45 Image size of job updated: 1604912
	699  -  MemoryUsage of job (MB)
	714776  -  ResidentSetSize of job (KB)
...
006 (45924169.009.000) 2026-05-07 23:27:45 Image size of job updated: 1604912
	712  -  MemoryUsage of job (MB)
	728240  -  ResidentSetSize of job (KB)
...
006 (45924169.009.000) 2026-05-07 23:32:46 Image size of job updated: 1610352
	712  -  MemoryUsage of job (MB)
	728240  -  ResidentSetSize of job (KB)
...
006 (45924169.009.000) 2026-05-07 23:42:46 Image size of job updated: 1610416
	712  -  MemoryUsage of job (MB)
	728240  -  ResidentSetSize of job (KB)
...
005 (45924169.009.000) 2026-05-07 23:48:14 Job terminated.
	(1) Normal termination (return value 0)
		Usr 0 00:48:16, Sys 0 00:03:51  -  Run Remote Usage
		Usr 0 00:00:00, Sys 0 00:00:00  -  Run Local Usage
		Usr 0 00:48:16, Sys 0 00:03:51  -  Total Remote Usage
		Usr 0 00:00:00, Sys 0 00:00:00  -  Total Local Usage
	0  -  Run Bytes Sent By Job
	0  -  Run Bytes Received By Job
	0  -  Total Bytes Sent By Job
	0  -  Total Bytes Received By Job
	Partitionable Resources :    Usage  Request Allocated 
	   Cpus                 :     1.05        6         6 
	   Disk (KB)            :     1           1     27242 
	   Memory (MB)          :   712        2048      2048 

	Job terminated of its own accord at 2026-05-08T03:48:14Z with exit-code 0.
...
