000 (45924169.006.000) 2026-05-07 22:57:19 Job submitted from host: <10.5.0.107:9618?addrs=10.5.0.107-9618&alias=sugwg-login.syr.edu&noUDP&sock=schedd_1361_1c7c>
...
001 (45924169.006.000) 2026-05-07 22:57:34 Job executing on host: <10.5.206.242:9618?addrs=10.5.206.242-9618&alias=CRUSH-OG-10-5-206-242&noUDP&sock=startd_1260_d56b>
...
006 (45924169.006.000) 2026-05-07 22:57:44 Image size of job updated: 668856
	72  -  MemoryUsage of job (MB)
	73560  -  ResidentSetSize of job (KB)
...
006 (45924169.006.000) 2026-05-07 23:02:44 Image size of job updated: 1615124
	753  -  MemoryUsage of job (MB)
	770368  -  ResidentSetSize of job (KB)
...
006 (45924169.006.000) 2026-05-07 23:07:44 Image size of job updated: 1677976
	753  -  MemoryUsage of job (MB)
	770368  -  ResidentSetSize of job (KB)
...
005 (45924169.006.000) 2026-05-07 23:34:51 Job terminated.
	(1) Normal termination (return value 0)
		Usr 0 00:35:13, Sys 0 00:03:11  -  Run Remote Usage
		Usr 0 00:00:00, Sys 0 00:00:00  -  Run Local Usage
		Usr 0 00:35:13, Sys 0 00:03:11  -  Total Remote Usage
		Usr 0 00:00:00, Sys 0 00:00:00  -  Total Local Usage
	0  -  Run Bytes Sent By Job
	0  -  Run Bytes Received By Job
	0  -  Total Bytes Sent By Job
	0  -  Total Bytes Received By Job
	Partitionable Resources :    Usage  Request Allocated 
	   Cpus                 :     1.05        6         6 
	   Disk (KB)            :     1           1     27936 
	   Memory (MB)          :   753        2048      2048 

	Job terminated of its own accord at 2026-05-08T03:34:51Z with exit-code 0.
...
