000 (45924169.001.000) 2026-05-07 22:57:19 Job submitted from host: <10.5.0.107:9618?addrs=10.5.0.107-9618&alias=sugwg-login.syr.edu&noUDP&sock=schedd_1361_1c7c>
...
001 (45924169.001.000) 2026-05-07 22:57:35 Job executing on host: <10.5.250.229:9618?addrs=10.5.250.229-9618&alias=CRUSH-OG-10-5-250-229&noUDP&sock=startd_3819413_3619>
...
006 (45924169.001.000) 2026-05-07 22:57:43 Image size of job updated: 69444
	40  -  MemoryUsage of job (MB)
	40272  -  ResidentSetSize of job (KB)
...
006 (45924169.001.000) 2026-05-07 23:02:43 Image size of job updated: 1578520
	686  -  MemoryUsage of job (MB)
	702200  -  ResidentSetSize of job (KB)
...
006 (45924169.001.000) 2026-05-07 23:07:43 Image size of job updated: 1578520
	694  -  MemoryUsage of job (MB)
	710392  -  ResidentSetSize of job (KB)
...
006 (45924169.001.000) 2026-05-07 23:22:44 Image size of job updated: 1615384
	694  -  MemoryUsage of job (MB)
	710392  -  ResidentSetSize of job (KB)
...
006 (45924169.001.000) 2026-05-07 23:27:45 Image size of job updated: 1615384
	852  -  MemoryUsage of job (MB)
	871780  -  ResidentSetSize of job (KB)
...
006 (45924169.001.000) 2026-05-07 23:42:46 Image size of job updated: 1615384
	914  -  MemoryUsage of job (MB)
	935676  -  ResidentSetSize of job (KB)
...
006 (45924169.001.000) 2026-05-07 23:52:47 Image size of job updated: 1615384
	915  -  MemoryUsage of job (MB)
	936096  -  ResidentSetSize of job (KB)
...
005 (45924169.001.000) 2026-05-07 23:56:48 Job terminated.
	(1) Normal termination (return value 0)
		Usr 0 00:55:28, Sys 0 00:05:18  -  Run Remote Usage
		Usr 0 00:00:00, Sys 0 00:00:00  -  Run Local Usage
		Usr 0 00:55:28, Sys 0 00:05:18  -  Total Remote Usage
		Usr 0 00:00:00, Sys 0 00:00:00  -  Total Local Usage
	0  -  Run Bytes Sent By Job
	0  -  Run Bytes Received By Job
	0  -  Total Bytes Sent By Job
	0  -  Total Bytes Received By Job
	Partitionable Resources :    Usage  Request Allocated 
	   Cpus                 :     1.01        6         6 
	   Disk (KB)            :     1           1     20782 
	   Memory (MB)          :   915        2048      2048 

	Job terminated of its own accord at 2026-05-08T03:56:48Z with exit-code 0.
...
