000 (45924169.004.000) 2026-05-07 22:57:19 Job submitted from host: <10.5.0.107:9618?addrs=10.5.0.107-9618&alias=sugwg-login.syr.edu&noUDP&sock=schedd_1361_1c7c>
...
001 (45924169.004.000) 2026-05-07 22:57:35 Job executing on host: <10.5.196.234:9618?addrs=10.5.196.234-9618&alias=CRUSH-OG-10-5-196-234&noUDP&sock=startd_1745771_4708>
...
006 (45924169.004.000) 2026-05-07 22:57:43 Image size of job updated: 350140
	33  -  MemoryUsage of job (MB)
	33792  -  ResidentSetSize of job (KB)
...
006 (45924169.004.000) 2026-05-07 23:02:43 Image size of job updated: 1573060
	367  -  MemoryUsage of job (MB)
	375484  -  ResidentSetSize of job (KB)
...
006 (45924169.004.000) 2026-05-07 23:07:43 Image size of job updated: 1612488
	492  -  MemoryUsage of job (MB)
	503680  -  ResidentSetSize of job (KB)
...
006 (45924169.004.000) 2026-05-07 23:17:45 Image size of job updated: 1612488
	787  -  MemoryUsage of job (MB)
	805132  -  ResidentSetSize of job (KB)
...
006 (45924169.004.000) 2026-05-07 23:22:45 Image size of job updated: 1612488
	854  -  MemoryUsage of job (MB)
	874372  -  ResidentSetSize of job (KB)
...
005 (45924169.004.000) 2026-05-08 00:11:43 Job terminated.
	(1) Normal termination (return value 0)
		Usr 0 01:09:19, Sys 0 00:06:38  -  Run Remote Usage
		Usr 0 00:00:00, Sys 0 00:00:00  -  Run Local Usage
		Usr 0 01:09:19, Sys 0 00:06:38  -  Total Remote Usage
		Usr 0 00:00:00, Sys 0 00:00:00  -  Total Local Usage
	0  -  Run Bytes Sent By Job
	0  -  Run Bytes Received By Job
	0  -  Total Bytes Sent By Job
	0  -  Total Bytes Received By Job
	Partitionable Resources :    Usage  Request Allocated 
	   Cpus                 :     1.01        6         6 
	   Disk (KB)            :     1           1     27311 
	   Memory (MB)          :   854        2048      2048 

	Job terminated of its own accord at 2026-05-08T04:11:43Z with exit-code 0.
...
