000 (45924169.008.000) 2026-05-07 22:57:19 Job submitted from host: <10.5.0.107:9618?addrs=10.5.0.107-9618&alias=sugwg-login.syr.edu&noUDP&sock=schedd_1361_1c7c>
...
001 (45924169.008.000) 2026-05-07 22:57:29 Job executing on host: <10.5.198.243:9618?addrs=10.5.198.243-9618&alias=OG-NODE-10-5-198-243&noUDP&sock=startd_1504_3287>
...
006 (45924169.008.000) 2026-05-07 22:57:38 Image size of job updated: 108460
	67  -  MemoryUsage of job (MB)
	67936  -  ResidentSetSize of job (KB)
...
006 (45924169.008.000) 2026-05-07 23:02:39 Image size of job updated: 1548068
	353  -  MemoryUsage of job (MB)
	360792  -  ResidentSetSize of job (KB)
...
006 (45924169.008.000) 2026-05-07 23:07:39 Image size of job updated: 1611556
	353  -  MemoryUsage of job (MB)
	360792  -  ResidentSetSize of job (KB)
...
006 (45924169.008.000) 2026-05-07 23:12:39 Image size of job updated: 1611556
	851  -  MemoryUsage of job (MB)
	870976  -  ResidentSetSize of job (KB)
...
006 (45924169.008.000) 2026-05-07 23:22:41 Image size of job updated: 1617892
	851  -  MemoryUsage of job (MB)
	870976  -  ResidentSetSize of job (KB)
...
005 (45924169.008.000) 2026-05-07 23:28:14 Job terminated.
	(1) Normal termination (return value 0)
		Usr 0 00:28:35, Sys 0 00:03:00  -  Run Remote Usage
		Usr 0 00:00:00, Sys 0 00:00:00  -  Run Local Usage
		Usr 0 00:28:35, Sys 0 00:03:00  -  Total Remote Usage
		Usr 0 00:00:00, Sys 0 00:00:00  -  Total Local Usage
	0  -  Run Bytes Sent By Job
	0  -  Run Bytes Received By Job
	0  -  Total Bytes Sent By Job
	0  -  Total Bytes Received By Job
	Partitionable Resources :    Usage  Request Allocated 
	   Cpus                 :     1.04        6         6 
	   Disk (KB)            :     1           1     13560 
	   Memory (MB)          :   851        2048      2048 

	Job terminated of its own accord at 2026-05-08T03:28:14Z with exit-code 0.
...
