000 (45924169.000.000) 2026-05-07 22:57:19 Job submitted from host: <10.5.0.107:9618?addrs=10.5.0.107-9618&alias=sugwg-login.syr.edu&noUDP&sock=schedd_1361_1c7c>
...
001 (45924169.000.000) 2026-05-07 22:57:30 Job executing on host: <10.5.144.38:9618?addrs=10.5.144.38-9618&alias=OG-NODE-10-5-144-38&noUDP&sock=startd_1495_062d>
...
006 (45924169.000.000) 2026-05-07 22:57:38 Image size of job updated: 51964
	28  -  MemoryUsage of job (MB)
	28336  -  ResidentSetSize of job (KB)
...
006 (45924169.000.000) 2026-05-07 23:02:38 Image size of job updated: 1550808
	228  -  MemoryUsage of job (MB)
	233108  -  ResidentSetSize of job (KB)
...
006 (45924169.000.000) 2026-05-07 23:07:38 Image size of job updated: 1611384
	228  -  MemoryUsage of job (MB)
	233108  -  ResidentSetSize of job (KB)
...
006 (45924169.000.000) 2026-05-07 23:12:39 Image size of job updated: 1611384
	454  -  MemoryUsage of job (MB)
	464508  -  ResidentSetSize of job (KB)
...
006 (45924169.000.000) 2026-05-07 23:17:39 Image size of job updated: 1611384
	786  -  MemoryUsage of job (MB)
	804212  -  ResidentSetSize of job (KB)
...
006 (45924169.000.000) 2026-05-08 00:05:38 Image size of job updated: 1615608
	786  -  MemoryUsage of job (MB)
	804212  -  ResidentSetSize of job (KB)
...
005 (45924169.000.000) 2026-05-08 00:05:38 Job terminated.
	(1) Normal termination (return value 0)
		Usr 0 01:04:07, Sys 0 00:06:24  -  Run Remote Usage
		Usr 0 00:00:00, Sys 0 00:00:00  -  Run Local Usage
		Usr 0 01:04:07, Sys 0 00:06:24  -  Total Remote Usage
		Usr 0 00:00:00, Sys 0 00:00:00  -  Total Local Usage
	0  -  Run Bytes Sent By Job
	0  -  Run Bytes Received By Job
	0  -  Total Bytes Sent By Job
	0  -  Total Bytes Received By Job
	Partitionable Resources :    Usage  Request Allocated 
	   Cpus                 :     1.01        6         6 
	   Disk (KB)            :     1           1     22714 
	   Memory (MB)          :   786        2048      2048 

	Job terminated of its own accord at 2026-05-08T04:05:38Z with exit-code 0.
...
